******************************************************************************
                  TI ARM Linker PC v15.12.3                    
******************************************************************************
>> Linked Sat Dec 17 11:01:20 2016

OUTPUT FILE NAME:   <CDIO_CC3200.out>
ENTRY POINT SYMBOL: "_c_int00"  address: 200104e5


MEMORY CONFIGURATION

         name            origin    length      used     unused   attr    fill
----------------------  --------  ---------  --------  --------  ----  --------
  SRAM                  20004000   0003c000  0001bf63  0002009d  RW X


SEGMENT ALLOCATION MAP

run origin  load origin   length   init length attrs members
----------  ----------- ---------- ----------- ----- -------
20004000    20004000    0000f2ba   0000f2ba    r-x
  20004000    20004000    0000030c   0000030c    r-- .resetVecs
  20004310    20004310    0000efaa   0000efaa    r-x .text
20013400    20013400    000099f1   00000000    rw-
  20013400    20013400    000099f1   00000000    rw- .bss
2001cdf4    2001cdf4    00002785   00002785    r--
  2001cdf4    2001cdf4    00002785   00002785    r-- .const
2001f57c    2001f57c    000007d4   00000000    rw-
  2001f57c    2001f57c    000004d3   00000000    rw- .data
  2001fa50    2001fa50    00000300   00000000    rw- .stack
2001fd50    2001fd50    00000364   00000364    r--
  2001fd50    2001fd50    00000364   00000364    r-- .cinit


SECTION ALLOCATION MAP

 output                                  attributes/
section   page    origin      length       input sections
--------  ----  ----------  ----------   ----------------
.text      0    20004310    0000efaa     
                  20004310    000010fc     rtsv7M4_T_le_eabi.lib : _printfi.obj (.text)
                  2000540c    00000fc4     webclient.a : httpcli.obj (.text)
                  200063d0    00000430     sysbios.aem4 : BIOS.obj (.text:ti_sysbios_family_arm_m3_Hwi_excDumpRegs__I)
                  20006800    000003b0     simplelink_func.obj (.text:ConfigureSimpleLinkToDefaultState)
                  20006bb0    0000039a     cc3x00_host_driver.aem4 : driver.oem4 (.text:_SlDrvMsgRead)
                  20006f4a    00000002     drivers_cc32xxware.aem4 : SPICC3200DMA.oem4 (.text:SPICC3200DMA_serviceISR)
                  20006f4c    00000350     simplelink_func.obj (.text:fetchAndParseData)
                  2000729c    0000034c     ti.targets.arm.rtsarm.aem4 : System.oem4 (.text:xdc_runtime_System_doPrint__I)
                  200075e8    00000324     rtsv7M4_T_le_eabi.lib : trgdrv.obj (.text)
                  2000790c    000002ea     webclient.a : ssock.obj (.text)
                  20007bf6    00000002     drivers_cc32xxware.aem4 : SPICC3200DMA.oem4 (.text:SPICC3200DMA_transferCancel)
                  20007bf8    000002c0     sysbios.aem4 : BIOS.obj (.text:ti_sysbios_knl_Semaphore_pend__E)
                  20007eb8    00000254                  : BIOS.obj (.text:ti_sysbios_heaps_HeapMem_free__E)
                  2000810c    00000004     tirtosport.aem4 : ClockP_tirtos.oem4 (.text:ClockP_getCpuFreq)
                  20008110    00000248     sysbios.aem4 : BIOS.obj (.text:ti_sysbios_heaps_HeapMem_alloc__E)
                  20008358    0000022c                  : BIOS.obj (.text:ti_sysbios_knl_Task_Instance_finalize__E)
                  20008584    00000208     drivers_cc32xxware.aem4 : UARTCC3200.oem4 (.text:UARTCC3200_open)
                  2000878c    00000004     tirtosport.aem4 : HwiP_tirtos.oem4 (.text:HwiP_clearInterrupt)
                  20008790    000001fc     sysbios.aem4 : BIOS.obj (.text:ti_sysbios_family_arm_m3_Hwi_excHandlerMax__I)
                  2000898c    000001f4     rtsv7M4_T_le_eabi.lib : ull_div_t2.obj (.text)
                  20008b80    000001e0     sysbios.aem4 : BIOS.obj (.text:ti_sysbios_knl_Task_sleep__E)
                  20008d60    000001d4     simplelink_func.obj (.text:SimpleLinkWlanEventHandler)
                  20008f34    00000004     tirtosport.aem4 : HwiP_tirtos.oem4 (.text:HwiP_disable)
                  20008f38    000001c8     sysbios.aem4 : BIOS.obj (.text:ti_sysbios_knl_Task_Instance_init__E)
                  20009100    000001b6     rtsv7M4_T_le_eabi.lib : fd_add_t2.obj (.text)
                  200092b6    00000002                           : i_div0.obj (.text)
                  200092b8    000001a8     cc3x00_host_driver.aem4 : wlan.oem4 (.text:sl_WlanConnect)
                  20009460    00000188     power_cc3200_tirtos.aem4 : PowerCC3200_tirtos.oem4 (.text:PowerCC3200_sleepPolicy)
                  200095e8    00000184     CDIO_CC3200.obj (.text:move)
                  2000976c    0000017c     drivers_cc32xxware.aem4 : GPIOCC3200.oem4 (.text:GPIO_setConfig)
                  200098e8    00000174     sysbios.aem4 : BIOS.obj (.text:ti_sysbios_family_arm_m3_Hwi_excBusFault__I)
                  20009a5c    00000004     drivers_cc32xxware.aem4 : List.oem4 (.text:List_head)
                  20009a60    00000164     sysbios.aem4 : BIOS.obj (.text:ti_sysbios_family_arm_m3_Hwi_excUsageFault__I)
                  20009bc4    00000004     drivers_cc32xxware.aem4 : List.oem4 (.text:List_next)
                  20009bc8    00000158     sysbios.aem4 : BIOS.obj (.text:ti_sysbios_knl_Mailbox_Instance_init__E)
                  20009d20    00000154     drivers_cc32xxware.aem4 : SPICC3200DMA.oem4 (.text:SPICC3200DMA_transfer)
                  20009e74    00000150     cc3x00_host_driver.aem4 : driver.oem4 (.text:_SlDrvRxHdrRead)
                  20009fc4    00000004     drivers_wifi_cc32xxware.aem4 : osi_tirtos.oem4 (.text:mem_Malloc)
                  20009fc8    00000148     sysbios.aem4 : BIOS.obj (.text:ti_sysbios_family_arm_m3_Hwi_excMemFault__I)
                  2000a110    00000144     CDIO_CC3200.obj (.text:main)
                  2000a254    00000004     CDIO_CC3200_pem4.oem4 (.text:ti_sysbios_BIOS_RtsGateProxy_enter__E)
                  2000a258    0000013c     sysbios.aem4 : BIOS.obj (.text:ti_sysbios_heaps_HeapMem_Instance_init__E)
                  2000a394    00000136     rtsv7M4_T_le_eabi.lib : fd_div_t2.obj (.text)
                  2000a4ca    00000002     CDIO_CC3200_pem4.oem4 (.text:ti_sysbios_BIOS_nullFunc__I)
                  2000a4cc    00000134     driverlib.a : prcm.obj (.text:PRCMCC3200MCUInit)
                  2000a600    0000012c     CDIO_CC3200.obj (.text:moveTask)
                  2000a72c    00000124     drivers_cc32xxware.aem4 : SPICC3200DMA.oem4 (.text:SPICC3200DMA_open)
                  2000a850    00000120     simplelink_func.obj (.text:flushHTTPResponse)
                  2000a970    0000011c     sysbios.aem4 : BIOS.obj (.text:ti_sysbios_knl_Clock_Instance_init__E)
                  2000aa8c    00000118     cc3x00_host_driver.aem4 : driver.oem4 (.text:_SlDrvMsgWrite)
                  2000aba4    00000118     ti.targets.arm.rtsarm.aem4 : Error.oem4 (.text:xdc_runtime_Error_policyDefault__E)
                  2000acbc    00000114     rtsv7M4_T_le_eabi.lib : strtoul.obj (.text)
                  2000add0    0000010c     simplelink_func.obj (.text:SimpleLinkNetAppEventHandler)
                  2000aedc    00000102     rom_pin_mux_config.obj (.text:PinMuxConfig)
                  2000afde    00000002     CDIO_CC3200_pem4.oem4 (.text:xdc_runtime_Startup_reset__I)
                  2000afe0    00000100     ti.targets.arm.rtsarm.aem4 : Core-mem.oem4 (.text:xdc_runtime_Core_createObject__I)
                  2000b0e0    000000fd     simplelink_func.obj (.text:SimpleLinkSockEventHandler)
                  2000b1dd    00000001     --HOLE-- [fill = 0]
                  2000b1de    000000fc     rtsv7M4_T_le_eabi.lib : fd_mul_t2.obj (.text)
                  2000b2da    00000002     --HOLE-- [fill = 0]
                  2000b2dc    000000f8     ti.targets.arm.rtsarm.aem4 : Startup.oem4 (.text:xdc_runtime_Startup_startMods__I)
                  2000b3d4    000000f8     CDIO_CC3200_pem4.oem4 (.text:xdc_runtime_System_printfExtend__I)
                  2000b4cc    000000f0     driverlib.a : udma.obj (.text:uDMAChannelTransferSet)
                  2000b5bc    000000ec     cc3x00_host_driver.aem4 : driver.oem4 (.text:_SlDrvDriverCBInit)
                  2000b6a8    000000ec     sysbios.aem4 : BIOS.obj (.text:ti_sysbios_knl_Semaphore_post__E)
                  2000b794    000000e0     drivers_cc32xxware.aem4 : PWMTimerCC3200.oem4 (.text:PWMTimerCC3200_open)
                  2000b874    000000e0     cc3x00_host_driver.aem4 : driver.oem4 (.text:_SlDrvDataReadOp)
                  2000b954    000000d8     drivers_cc32xxware.aem4 : SPICC3200DMA.oem4 (.text:configDMA)
                  2000ba2c    000000d0     cc3x00_host_driver.aem4 : driver.oem4 (.text:_SlDrvWaitForPoolObj)
                  2000bafc    000000d0     drivers_cc32xxware.aem4 : GPIOCC3200.oem4 (.text:powerNotifyFxn)
                  2000bbcc    000000d0     rtsv7M4_T_le_eabi.lib : s_scalbn.obj (.text)
                  2000bc9c    000000d0     sysbios.aem4 : m3_Hwi_asm.obj (.text:ti_sysbios_family_arm_m3_Hwi_dispatch__I)
                  2000bd6c    000000cc     ti.targets.arm.rtsarm.aem4 : Core-smem.oem4 (.text:xdc_runtime_Core_constructObject__I)
                  2000be38    000000c8     cc3x00_host_driver.aem4 : driver.oem4 (.text:_SlDrvReleasePoolObj)
                  2000bf00    000000bc     sysbios.aem4 : BIOS.obj (.text:ti_sysbios_family_arm_m3_Hwi_excDebugMon__I)
                  2000bfbc    00000004     CDIO_CC3200_pem4.oem4 (.text:ti_sysbios_BIOS_RtsGateProxy_leave__E)
                  2000bfc0    000000bc     sysbios.aem4 : BIOS.obj (.text:ti_sysbios_family_arm_m3_Hwi_excHardFault__I)
                  2000c07c    000000b8     drivers_cc32xxware.aem4 : PWMTimerCC3200.oem4 (.text:PWMTimerCC3200_setDuty)
                  2000c134    000000b8     cc3x00_host_driver.aem4 : netapp.oem4 (.text:sl_NetAppDnsGetHostByName)
                  2000c1ec    000000b8     simplelink_func.obj (.text:wlanConnect)
                  2000c2a4    000000b4     cc3x00_host_driver.aem4 : netapp.oem4 (.text:_SlDrvNetAppEventHandler)
                  2000c358    000000b4     sysbios.aem4 : BIOS.obj (.text:ti_sysbios_gates_GateMutex_enter__E)
                  2000c40c    00000004     CDIO_CC3200_pem4.oem4 (.text:ti_sysbios_family_arm_m3_Hwi_destruct)
                  2000c410    000000b4     sysbios.aem4 : BIOS.obj (.text:ti_sysbios_knl_Task_checkStacks__E)
                  2000c4c4    000000b0     cc3x00_host_driver.aem4 : socket.oem4 (.text:sl_Connect)
                  2000c574    000000ac                             : driver.oem4 (.text:_SlDrvDataWriteOp)
                  2000c620    000000aa     uart_if.obj (.text:Report)
                  2000c6ca    000000a8     simplelink_func.obj (.text:charToInt)
                  2000c772    00000006     drivers_cc32xxware.aem4 : PWMTimerCC3200.oem4 (.text:PWMTimerCC3200_getPeriodMicroSecs)
                  2000c778    000000a8     sysbios.aem4 : BIOS.obj (.text:ti_sysbios_knl_Task_postInit__I)
                  2000c820    000000a4     cc3x00_host_driver.aem4 : socket.oem4 (.text:sl_Send)
                  2000c8c4    00000004     CDIO_CC3200_pem4.oem4 (.text:ti_sysbios_family_arm_m3_TaskSupport_Module__startupDone__S)
                  2000c8c8    000000a4     sysbios.aem4 : BIOS.obj (.text:ti_sysbios_knl_Clock_Instance_finalize__E)
                  2000c96c    000000a2     drivers_cc32xxware.aem4 : UARTCC3200.oem4 (.text:UARTCC3200_write)
                  2000ca0e    00000002     --HOLE-- [fill = 0]
                  2000ca10    000000a0     driverlib.a : spi.obj (.text:SPIConfigSetExpClk)
                  2000cab0    000000a0     auto_init.aem4 : auto_init.oem4 (.text)
                  2000cb50    000000a0     ti.targets.arm.rtsarm.aem4 : Text.oem4 (.text:xdc_runtime_Text_putMod__E)
                  2000cbf0    0000009e     drivers_cc32xxware.aem4 : UARTCC3200.oem4 (.text:readTaskBlocking)
                  2000cc8e    0000009c     rtsv7M4_T_le_eabi.lib : memcpy_t2.obj (.text)
                  2000cd2a    00000006     drivers_cc32xxware.aem4 : SPICC3200DMA.oem4 (.text:SPICC3200DMA_control)
                  2000cd30    0000009c     sysbios.aem4 : BIOS.obj (.text:ti_sysbios_knl_Semaphore_Instance_init__E)
                  2000cdcc    0000009a     ti.targets.arm.rtsarm.aem4 : Text.oem4 (.text:xdc_runtime_Text_putSite__E)
                  2000ce66    00000098     drivers_cc32xxware.aem4 : UARTCC3200.oem4 (.text:UARTCC3200_control)
                  2000cefe    00000098                             : UARTCC3200.oem4 (.text:UARTCC3200_readPolling)
                  2000cf96    00000002     --HOLE-- [fill = 0]
                  2000cf98    00000098     cc3x00_host_driver.aem4 : driver.oem4 (.text:_SlDrvMsgReadCmdCtx)
                  2000d030    00000098                             : device.oem4 (.text:sl_Stop)
                  2000d0c8    00000098     sysbios.aem4 : BIOS.obj (.text:ti_sysbios_knl_Mailbox_post__E)
                  2000d160    00000094     driverlib.a : prcm.obj (.text:PRCMPeripheralClockGet)
                  2000d1f4    00000094     cc3x00_host_driver.aem4 : driver.oem4 (.text:_SlFindAndSetActiveObj)
                  2000d288    00000094     drivers_cc32xxware.aem4 : SPICC3200DMA.oem4 (.text:initHw)
                  2000d31c    00000004     CDIO_CC3200_pem4.oem4 (.text:ti_sysbios_heaps_HeapMem_Module_GateProxy_enter__E)
                  2000d320    00000094     sysbios.aem4 : BIOS.obj (.text:ti_sysbios_family_arm_m3_Hwi_Instance_init__E)
                  2000d3b4    00000090     cc3x00_host_driver.aem4 : driver.oem4 (.text:_SlDrvDriverCBDeinit)
                  2000d444    00000090     drivers_cc32xxware.aem4 : PowerCC3200.oem4 (.text:restoreNVICRegs)
                  2000d4d4    00000090     cc3x00_host_driver.aem4 : device.oem4 (.text:sl_Start)
                  2000d564    00000004     CDIO_CC3200_pem4.oem4 (.text:ti_sysbios_heaps_HeapMem_Module_GateProxy_leave__E)
                  2000d568    0000008c     sysbios.aem4 : BIOS.obj (.text:ti_sysbios_knl_Mailbox_pend__E)
                  2000d5f4    0000008a     drivers_cc32xxware.aem4 : UARTCC3200.oem4 (.text:readIsrTextBlocking)
                  2000d67e    00000002     --HOLE-- [fill = 0]
                  2000d680    00000088     driverlib.a : pin.obj (.text:PinConfigSet)
                  2000d708    00000088     drivers_cc32xxware.aem4 : UARTCC3200.oem4 (.text:UARTCC3200_close)
                  2000d790    00000088     rtsv7M4_T_le_eabi.lib : vsnprintf.obj (.text)
                  2000d818    00000088     drivers_cc32xxware.aem4 : SPICC3200DMA.oem4 (.text:spiHwiFxn)
                  2000d8a0    00000088     sysbios.aem4 : BIOS.obj (.text:ti_sysbios_family_arm_m3_Hwi_initNVIC__E)
                  2000d928    00000088                  : BIOS.obj (.text:ti_sysbios_knl_Mailbox_Module_startup__E)
                  2000d9b0    00000086     rtsv7M4_T_le_eabi.lib : fd_cmp_t2.obj (.text:__aeabi_cdcmple)
                  2000da36    00000086                           : fd_cmp_t2.obj (.text:__aeabi_cdrcmple)
                  2000dabc    00000084     drivers_cc32xxware.aem4 : GPIOCC3200.oem4 (.text:GPIO_init)
                  2000db40    00000084                             : PowerCC3200.oem4 (.text:saveNVICRegs)
                  2000dbc4    00000084     cc3x00_host_driver.aem4 : netapp.oem4 (.text:sl_NetAppMDNSRegisterUnregisterService)
                  2000dc48    00000084     sysbios.aem4 : BIOS.obj (.text:ti_sysbios_family_arm_m3_Hwi_postInit__I)
                  2000dccc    00000082     driverlib.a : gpio.obj (.text:GPIOIntTypeSet)
                  2000dd4e    00000082     drivers_cc32xxware.aem4 : UARTCC3200.oem4 (.text:readIsrTextCallback)
                  2000ddd0    00000080     drivers_wifi_cc32xxware.aem4 : WiFiCC3200.oem4 (.text:WiFiCC3200_open)
                  2000de50    0000007c     driverlib.a : spi.obj (.text:SPIIntStatus)
                  2000decc    0000007c     CDIO_CC3200.obj (.text:dataTask)
                  2000df48    0000007a     drivers_cc32xxware.aem4 : UARTCC3200.oem4 (.text:readTaskCallback)
                  2000dfc2    0000007a     rtsv7M4_T_le_eabi.lib : memset_t2.obj (.text)
                  2000e03c    00000078     drivers_wifi_cc32xxware.aem4 : osi_tirtos.oem4 (.text:VStartSimpleLinkSpawnTask)
                  2000e0b4    00000078     cc3x00_host_driver.aem4 : device.oem4 (.text:sl_DevGet)
                  2000e12c    00000078     simplelink_func.obj (.text:wlanStart)
                  2000e1a4    00000076     driverlib.a : uart.obj (.text:UARTConfigSetExpClk)
                  2000e21a    00000002     --HOLE-- [fill = 0]
                  2000e21c    00000074     cc3x00_host_driver.aem4 : driver.oem4 (.text:_SlDrvClassifyRxMsg)
                  2000e290    00000074     sysbios.aem4 : BIOS.obj (.text:ti_sysbios_knl_Clock_start__E)
                  2000e304    00000070     drivers_cc32xxware.aem4 : PWMTimerCC3200.oem4 (.text:PWMTimerCC3200_control)
                  2000e374    00000070                             : PowerCC3200.oem4 (.text:Power_sleep)
                  2000e3e4    00000070     cc3x00_host_driver.aem4 : driver.oem4 (.text:_SlDrvCmdOp)
                  2000e454    00000004     CDIO_CC3200_pem4.oem4 (.text:ti_sysbios_knl_Clock_TimerProxy_getMaxTicks__E)
                  2000e458    00000070     sysbios.aem4 : BIOS.obj (.text:ti_sysbios_knl_Mailbox_Instance_finalize__E)
                  2000e4c8    0000006d     ti.targets.arm.rtsarm.aem4 : System.oem4 (.text:xdc_runtime_System_formatNum__I)
                  2000e535    00000003     --HOLE-- [fill = 0]
                  2000e538    0000006c     cc3x00_host_driver.aem4 : driver.oem4 (.text:_SlDrvMsgReadSpawnCtx)
                  2000e5a4    0000006c     drivers_cc32xxware.aem4 : UARTCC3200.oem4 (.text:initHw)
                  2000e610    0000006c     sysbios.aem4 : BIOS.obj (.text:ti_sysbios_knl_Clock_workFunc__E)
                  2000e67c    00000004     CDIO_CC3200_pem4.oem4 (.text:ti_sysbios_knl_Clock_TimerProxy_setPeriodMicroSecs__E)
                  2000e680    0000006c     sysbios.aem4 : BIOS.obj (.text:ti_sysbios_knl_Swi_restoreHwi__E)
                  2000e6ec    00000004     CDIO_CC3200_pem4.oem4 (.text:ti_sysbios_knl_Clock_TimerProxy_start__E)
                  2000e6f0    0000006c     sysbios.aem4 : BIOS.obj (.text:ti_sysbios_knl_Task_exit__E)
                  2000e75c    0000006c     ti.targets.arm.rtsarm.aem4 : Error.oem4 (.text:xdc_runtime_Error_print__E)
                  2000e7c8    0000006c                                : Memory.oem4 (.text:xdc_runtime_Memory_alloc__E)
                  2000e834    0000006a     rtsv7M4_T_le_eabi.lib : copy_decompress_rle.obj (.text)
                  2000e89e    00000002     --HOLE-- [fill = 0]
                  2000e8a0    00000068     driverlib.a : prcm.obj (.text:PRCMHibernateWakeUpGPIOSelect)
                  2000e908    00000068     rtsv7M4_T_le_eabi.lib : trgmsg.obj (.text)
                  2000e970    00000068     drivers_wifi_cc32xxware.aem4 : WiFiCC3200.oem4 (.text:spi_Read)
                  2000e9d8    00000068                                  : WiFiCC3200.oem4 (.text:spi_Write)
                  2000ea40    00000068     drivers_cc32xxware.aem4 : UARTCC3200.oem4 (.text:writeData)
                  2000eaa8    00000066     ti.targets.arm.rtsarm.aem4 : Core-mem.oem4 (.text:xdc_runtime_Core_deleteObject__I)
                  2000eb0e    00000002     --HOLE-- [fill = 0]
                  2000eb10    00000064     drivers_cc32xxware.aem4 : GPIOCC3200.oem4 (.text:GPIO_hwiIntFxn)
                  2000eb74    00000064     cc3x00_host_driver.aem4 : netapp.oem4 (.text:_sl_HandleAsync_DnsGetHostByName)
                  2000ebd8    00000064     simplelink_func.obj (.text:setupHTTPConnection)
                  2000ec3c    00000004     CDIO_CC3200_pem4.oem4 (.text:ti_sysbios_knl_Clock_TimerProxy_stop__E)
                  2000ec40    00000064     sysbios.aem4 : BIOS.obj (.text:ti_sysbios_family_arm_m3_Hwi_dispatchC__I)
                  2000eca4    00000064     CDIO_CC3200_pem4.oem4 (.text:ti_sysbios_knl_Mailbox_create)
                  2000ed08    00000064     driverlib.a : udma.obj (.text:uDMAChannelAttributeDisable)
                  2000ed6c    00000062     tirtosport.aem4 : HwiP_tirtos.oem4 (.text:HwiP_create)
                  2000edce    00000002     --HOLE-- [fill = 0]
                  2000edd0    00000060     cc3x00_host_driver.aem4 : netapp.oem4 (.text:_sl_HandleAsync_DnsGetHostByService)
                  2000ee30    00000060                             : device.oem4 (.text:_sl_HandleAsync_InitComplete)
                  2000ee90    00000060                             : netapp.oem4 (.text:_sl_HandleAsync_PingResponse)
                  2000eef0    00000060     sysbios.aem4 : BIOS.obj (.text:ti_sysbios_knl_Task_schedule__I)
                  2000ef50    0000005e     drivers_cc32xxware.aem4 : UARTCC3200.oem4 (.text:readIsrBinaryBlocking)
                  2000efae    00000002     --HOLE-- [fill = 0]
                  2000efb0    0000005c     rtsv7M4_T_le_eabi.lib : s_frexp.obj (.text)
                  2000f00c    00000004     CDIO_CC3200_pem4.oem4 (.text:ti_sysbios_knl_Clock_destruct)
                  2000f010    0000005c     sysbios.aem4 : BIOS.obj (.text:ti_sysbios_knl_Swi_run__I)
                  2000f06c    00000004     CDIO_CC3200_pem4.oem4 (.text:ti_sysbios_knl_Mailbox_delete)
                  2000f070    0000005c     sysbios.aem4 : BIOS.obj (.text:ti_sysbios_knl_Swi_schedule__I)
                  2000f0cc    00000004     CDIO_CC3200_pem4.oem4 (.text:ti_sysbios_knl_Queue_destruct)
                  2000f0d0    0000005c     sysbios.aem4 : BIOS.obj (.text:ti_sysbios_knl_Task_Module_startup__E)
                  2000f12c    0000005c     CDIO_CC3200_pem4.oem4 (.text:ti_sysbios_knl_Task_create)
                  2000f188    0000005c     sysbios.aem4 : BIOS.obj (.text:ti_sysbios_knl_Task_startCore__E)
                  2000f1e4    0000005b     ti.targets.arm.rtsarm.aem4 : Text.oem4 (.text:xdc_runtime_Text_putLab__E)
                  2000f23f    00000001     --HOLE-- [fill = 0]
                  2000f240    0000005a     tirtosport.aem4 : ClockP_tirtos.oem4 (.text:ClockP_create)
                  2000f29a    0000005a     drivers_cc32xxware.aem4 : SPICC3200DMA.oem4 (.text:SPICC3200DMA_close)
                  2000f2f4    00000058     driverlib.a : interrupt.obj (.text:IntPendClear)
                  2000f34c    00000058                 : prcm.obj (.text:PRCMPeripheralReset)
                  2000f3a4    00000058     drivers_cc32xxware.aem4 : PowerCC3200.oem4 (.text:Power_init)
                  2000f3fc    00000058     tirtosport.aem4 : SemaphoreP_tirtos.oem4 (.text:SemaphoreP_create)
                  2000f454    00000058     cc3x00_host_driver.aem4 : driver.oem4 (.text:_SlDrvCmdSend)
                  2000f4ac    00000058                             : netapp.oem4 (.text:_sl_NetAppSendTokenValue)
                  2000f504    00000058     CDIO_CC3200_pem4.oem4 (.text:ti_sysbios_family_arm_m3_Hwi_construct)
                  2000f55c    00000056     rtsv7M4_T_le_eabi.lib : ltoa.obj (.text)
                  2000f5b2    00000002     --HOLE-- [fill = 0]
                  2000f5b4    00000054     CC3200_LAUNCHXL.obj (.text:CC3200_LAUNCHXL_initDMA)
                  2000f608    00000054     drivers_cc32xxware.aem4 : UARTCC3200.oem4 (.text:UARTCC3200_writeCancel)
                  2000f65c    00000054                             : UARTCC3200.oem4 (.text:readIsrBinaryCallback)
                  2000f6b0    00000054     rtsv7M4_T_le_eabi.lib : exit.obj (.text)
                  2000f704    00000054     cc3x00_host_driver.aem4 : socket.oem4 (.text:sl_SetSockOpt)
                  2000f758    00000054     sysbios.aem4 : BIOS.obj (.text:ti_sysbios_family_arm_m3_Timer_setPeriod__E)
                  2000f7ac    00000004     CDIO_CC3200_pem4.oem4 (.text:ti_sysbios_knl_Semaphore_delete)
                  2000f7b0    00000054     sysbios.aem4 : BIOS.obj (.text:ti_sysbios_family_arm_m3_Timer_start__E)
                  2000f804    00000054     CDIO_CC3200_pem4.oem4 (.text:ti_sysbios_knl_Task_construct)
                  2000f858    00000054     ti.targets.arm.rtsarm.aem4 : Assert.oem4 (.text:xdc_runtime_Assert_raise__I)
                  2000f8ac    00000050     drivers_wifi_cc32xxware.aem4 : WiFiCC3200.oem4 (.text:CC3X00_NWP_enablePreamble)
                  2000f8fc    00000050     cc3x00_host_driver.aem4 : socket.oem4 (.text:_sl_HandleAsync_Connect)
                  2000f94c    00000050                             : netcfg.oem4 (.text:sl_NetCfgSet)
                  2000f99c    00000050                             : wlan.oem4 (.text:sl_WlanSet)
                  2000f9ec    00000004     CDIO_CC3200_pem4.oem4 (.text:ti_sysbios_knl_Semaphore_destruct)
                  2000f9f0    00000050     sysbios.aem4 : BIOS.obj (.text:ti_sysbios_family_arm_m3_Hwi_Module_startup__E)
                  2000fa40    00000050     ti.targets.arm.rtsarm.aem4 : Startup.oem4 (.text:xdc_runtime_Startup_exec__E)
                  2000fa90    00000050                                : Text.oem4 (.text:xdc_runtime_Text_visitRope2__I)
                  2000fae0    0000004c     gpio_if.obj (.text:GPIO_IF_GetPortNPin)
                  2000fb2c    0000004c     drivers_cc32xxware.aem4 : GPIOCC3200.oem4 (.text:GPIO_setCallback)
                  2000fb78    0000004c     driverlib.a : spi.obj (.text:SPIIntDisable)
                  2000fbc4    0000004c                 : spi.obj (.text:SPIIntEnable)
                  2000fc10    0000004c     cc3x00_host_driver.aem4 : device.oem4 (.text:_SlDrvDeviceEventHandler)
                  2000fc5c    0000004c                             : socket.oem4 (.text:_sl_HandleAsync_Accept)
                  2000fca8    0000004c     rtsv7M4_T_le_eabi.lib : atoi.obj (.text)
                  2000fcf4    0000004c                           : cpy_tbl.obj (.text)
                  2000fd40    0000004c     sysbios.aem4 : m3_TaskSupport_asm.obj (.text:ti_sysbios_family_arm_m3_TaskSupport_buildTaskStack)
                  2000fd8c    00000004     CDIO_CC3200_pem4.oem4 (.text:ti_sysbios_knl_Task_delete)
                  2000fd90    0000004c     sysbios.aem4 : BIOS.obj (.text:ti_sysbios_family_arm_m3_Timer_setPeriodMicroSecs__E)
                  2000fddc    00000004     ti.targets.arm.rtsarm.aem4 : Error.oem4 (.text:xdc_runtime_Error_getSite__E)
                  2000fde0    0000004c     sysbios.aem4 : BIOS.obj (.text:ti_sysbios_heaps_HeapMem_getStats__E)
                  2000fe2c    00000004     CDIO_CC3200_pem4.oem4 (.text:xdc_runtime_System_Module_GateProxy_enter__E)
                  2000fe30    0000004c     sysbios.aem4 : BIOS.obj (.text:ti_sysbios_knl_Swi_runLoop__I)
                  2000fe7c    00000004     CDIO_CC3200_pem4.oem4 (.text:xdc_runtime_System_Module_GateProxy_leave__E)
                  2000fe80    0000004c     sysbios.aem4 : BIOS.obj (.text:ti_sysbios_knl_Task_allBlockedFunction__I)
                  2000fecc    0000004c     driverlib.a : udma.obj (.text:uDMAChannelAssign)
                  2000ff18    00000048                 : flash.obj (.text:FlashDisable)
                  2000ff60    00000048                 : prcm.obj (.text:PRCMHibernateWakeupSourceEnable)
                  2000ffa8    00000048                 : pin.obj (.text:PinConfigGet)
                  2000fff0    00000048                 : spi.obj (.text:SPIIntClear)
                  20010038    00000048     cc3x00_host_driver.aem4 : driver.oem4 (.text:_SlRemoveFromList)
                  20010080    00000048     drivers_cc32xxware.aem4 : PowerCC3200.oem4 (.text:notify)
                  200100c8    00000048     rtsv7M4_T_le_eabi.lib : fd_toi_t2.obj (.text)
                  20010110    00000048     cc3x00_host_driver.aem4 : socket.oem4 (.text:sl_Recv)
                  20010158    00000048     sysbios.aem4 : BIOS.obj (.text:ti_sysbios_family_arm_m3_Hwi_disableInterrupt__E)
                  200101a0    00000048                  : BIOS.obj (.text:ti_sysbios_family_arm_m3_Hwi_enableInterrupt__E)
                  200101e8    00000048                  : BIOS.obj (.text:ti_sysbios_family_arm_m3_Hwi_excReserved__I)
                  20010230    00000048                  : m3_Hwi_asm_switch.obj (.text:ti_sysbios_family_arm_m3_Hwi_initStacks__E)
                  20010278    00000048                  : BIOS.obj (.text:ti_sysbios_family_arm_m3_Timer_initDevice__I)
                  200102c0    00000046     drivers_cc32xxware.aem4 : RingBuf.oem4 (.text:RingBuf_put)
                  20010306    00000046     ti.targets.arm.rtsarm.aem4 : Core-params.oem4 (.text:xdc_runtime_Core_assignParams__I)
                  2001034c    00000044     driverlib.a : prcm.obj (.text:PRCMLPDSEnter)
                  20010390    00000044     drivers_cc32xxware.aem4 : PowerCC3200_asm.oem4 (.text:PowerCC3200_enterLPDS)
                  200103d4    00000044     driverlib.a : spi.obj (.text:SPIDmaMaskGet)
                  20010418    00000044     simplelink_func.obj (.text:SimpleLinkGeneralEventHandler)
                  2001045c    00000044     drivers_cc32xxware.aem4 : UARTCC3200.oem4 (.text:UARTCC3200_hwiIntFxn)
                  200104a0    00000044     cc3x00_host_driver.aem4 : driver.oem4 (.text:_SlAsyncEventGenericHandler)
                  200104e4    00000044     boot.aem4 : boot.oem4 (.text)
                  20010528    00000044     cc3x00_host_driver.aem4 : wlan.oem4 (.text:sl_WlanPolicySet)
                  2001056c    00000004     ti.targets.arm.rtsarm.aem4 : System.oem4 (.text:xdc_runtime_System_aprintf_va__F)
                  20010570    00000044     sysbios.aem4 : BIOS.obj (.text:ti_sysbios_family_arm_m3_Hwi_getStackInfo__E)
                  200105b4    00000004     ti.targets.arm.rtsarm.aem4 : System.oem4 (.text:xdc_runtime_System_printf_va__F)
                  200105b8    00000044     sysbios.aem4 : BIOS.obj (.text:ti_sysbios_knl_Mailbox_postInit__I)
                  200105fc    00000004     --HOLE-- [fill = 0]
                  20010600    00000044                  : BIOS.obj (.text:ti_sysbios_knl_Swi_post__E)
                  20010644    00000044     ti.targets.arm.rtsarm.aem4 : Error.oem4 (.text:xdc_runtime_Error_setX__E)
                  20010688    00000044                                : SysMin.oem4 (.text:xdc_runtime_SysMin_flush__E)
                  200106cc    00000044                                : Text.oem4 (.text:xdc_runtime_Text_xprintf__I)
                  20010710    00000042     drivers_cc32xxware.aem4 : PowerCC3200_asm.oem4 (.text:PowerCC3200_resumeLPDS)
                  20010752    00000042                             : UARTCC3200.oem4 (.text:UARTCC3200_writePolling)
                  20010794    00000040                             : GPIOCC3200.oem4 (.text:GPIO_enableInt)
                  200107d4    00000040     driverlib.a : pin.obj (.text:PinModeSet)
                  20010814    00000040     drivers_cc32xxware.aem4 : PowerCC3200.oem4 (.text:Power_setDependency)
                  20010854    00000040                             : RingBuf.oem4 (.text:RingBuf_get)
                  20010894    00000040                             : UARTCC3200.oem4 (.text:UARTCC3200_read)
                  200108d4    00000040     cc3x00_host_driver.aem4 : driver.oem4 (.text:_SlDrvRxIrqHandler)
                  20010914    00000040                             : socket.oem4 (.text:_sl_HandleAsync_Select)
                  20010954    00000040     drivers_wifi_cc32xxware.aem4 : osi_tirtos.oem4 (.text:osi_LockObjLock)
                  20010994    00000040                                  : osi_tirtos.oem4 (.text:osi_SyncObjCreate)
                  200109d4    00000040                                  : osi_tirtos.oem4 (.text:osi_SyncObjWait)
                  20010a14    00000040     rtsv7M4_T_le_eabi.lib : u_divt2.obj (.text)
                  20010a54    00000040     cc3x00_host_driver.aem4 : wlan.oem4 (.text:sl_WlanRxFilterSet)
                  20010a94    00000004     --HOLE-- [fill = 0]
                  20010a98    00000040     sysbios.aem4 : BIOS.obj (.text:ti_sysbios_family_arm_m3_Timer_Module_startup__E)
                  20010ad8    0000003e     CDIO_CC3200_pem4.oem4 (.text:realloc)
                  20010b16    00000002     --HOLE-- [fill = 0]
                  20010b18    0000003c     driverlib.a : prcm.obj (.text:PRCMPeripheralClkEnable)
                  20010b54    0000003c                 : prcm.obj (.text:PRCMSlowClkCtrFastGet)
                  20010b90    0000003c                 : pin.obj (.text:PinDirModeSet)
                  20010bcc    0000003c     drivers_cc32xxware.aem4 : WiFi.oem4 (.text:WiFi_open)
                  20010c08    0000003c     cc3x00_host_driver.aem4 : device.oem4 (.text:_sl_HandleAsync_Stop)
                  20010c44    0000003c     CDIO_CC3200.obj (.text:brytarIntX)
                  20010c80    0000003c     CDIO_CC3200.obj (.text:brytarIntY)
                  20010cbc    0000003c     drivers_wifi_cc32xxware.aem4 : WiFiCC3200.oem4 (.text:spi_Open)
                  20010cf8    0000003c     sysbios.aem4 : BIOS.obj (.text:ti_sysbios_family_arm_m3_Hwi_excSvCall__I)
                  20010d34    00000004     --HOLE-- [fill = 0]
                  20010d38    0000003c                  : BIOS.obj (.text:ti_sysbios_heaps_HeapMem_init__I)
                  20010d74    00000004     --HOLE-- [fill = 0]
                  20010d78    0000003c                  : BIOS.obj (.text:ti_sysbios_knl_Clock_walkQueuePeriodic__E)
                  20010db4    00000004     --HOLE-- [fill = 0]
                  20010db8    0000003c                  : BIOS.obj (.text:ti_sysbios_knl_Swi_restore__E)
                  20010df4    0000003c     driverlib.a : udma.obj (.text:uDMAChannelControlSet)
                  20010e30    0000003a     gpio_if.obj (.text:GPIO_IF_Set)
                  20010e6a    00000002     --HOLE-- [fill = 0]
                  20010e6c    00000038     driverlib.a : prcm.obj (.text:PRCMIntEnable)
                  20010ea4    00000038     drivers_cc32xxware.aem4 : PWM.oem4 (.text:PWM_init)
                  20010edc    00000038     power_cc3200_tirtos.aem4 : PowerCC3200_tirtos.oem4 (.text:PowerCC3200_initPolicy)
                  20010f14    00000038     drivers_cc32xxware.aem4 : SPI.oem4 (.text:SPI_init)
                  20010f4c    00000038                             : UART.oem4 (.text:UART_init)
                  20010f84    00000038                             : WiFi.oem4 (.text:WiFi_init)
                  20010fbc    00000038     drivers_wifi_cc32xxware.aem4 : osi_tirtos.oem4 (.text:osi_LockObjCreate)
                  20010ff4    00000038     cc3x00_host_driver.aem4 : socket.oem4 (.text:sl_Htonl)
                  2001102c    00000038     drivers_cc32xxware.aem4 : SPICC3200DMA.oem4 (.text:spiPollingTransfer16)
                  20011064    00000038                             : SPICC3200DMA.oem4 (.text:spiPollingTransfer8)
                  2001109c    00000004     --HOLE-- [fill = 0]
                  200110a0    00000038     sysbios.aem4 : BIOS.obj (.text:ti_sysbios_family_arm_m3_Hwi_excNoIsr__I)
                  200110d8    00000038                  : BIOS.obj (.text:ti_sysbios_knl_Task_processVitalTaskFlag__I)
                  20011110    00000038     ti.targets.arm.rtsarm.aem4 : SysMin.oem4 (.text:xdc_runtime_SysMin_putch__E)
                  20011148    00000038                                : System.oem4 (.text:xdc_runtime_System_atexit__E)
                  20011180    00000036     driverlib.a : gpio.obj (.text:GPIODirModeSet)
                  200111b6    00000036                 : timer.obj (.text:TimerControlLevel)
                  200111ec    00000036     drivers_cc32xxware.aem4 : UARTCC3200.oem4 (.text:UARTCC3200_readCancel)
                  20011222    00000002     --HOLE-- [fill = 0]
                  20011224    00000034     drivers_wifi_cc32xxware.aem4 : WiFiCC3200.oem4 (.text:CC3X00_NWP_disable)
                  20011258    00000034     driverlib.a : prcm.obj (.text:PRCMPeripheralStatusGet)
                  2001128c    00000034                 : prcm.obj (.text:PRCMSRAMRetentionEnable)
                  200112c0    00000034     drivers_cc32xxware.aem4 : PowerCC3200.oem4 (.text:Power_releaseDependency)
                  200112f4    00000034     driverlib.a : spi.obj (.text:SPIFIFOLevelSet)
                  20011328    00000034     cc3x00_host_driver.aem4 : driver.oem4 (.text:_SlDrvBasicCmd)
                  2001135c    00000034                             : driver.oem4 (.text:_SlDrvProtectAsyncRespSetting)
                  20011390    00000034     power_cc3200_tirtos.aem4 : PowerCC3200_tirtos.oem4 (.text:getCountsRTC)
                  200113c4    00000034     drivers_cc32xxware.aem4 : PWMTimerCC3200.oem4 (.text:getPowerMgrId)
                  200113f8    00000034                             : PowerCC3200.oem4 (.text:restorePeriphClocks)
                  2001142c    00000034     cc3x00_host_driver.aem4 : socket.oem4 (.text:sl_Htons)
                  20011460    00000034     sysbios.aem4 : BIOS.obj (.text:ti_sysbios_family_arm_m3_Hwi_Instance_finalize__E)
                  20011494    00000004     --HOLE-- [fill = 0]
                  20011498    00000034                  : BIOS.obj (.text:ti_sysbios_family_arm_m3_Hwi_excNmi__I)
                  200114cc    00000004     --HOLE-- [fill = 0]
                  200114d0    00000034                  : BIOS.obj (.text:ti_sysbios_family_arm_m3_Timer_periodicStub__I)
                  20011504    00000004     --HOLE-- [fill = 0]
                  20011508    00000034                  : BIOS.obj (.text:ti_sysbios_hal_Hwi_checkStack)
                  2001153c    00000034     CDIO_CC3200_pem4.oem4 (.text:ti_sysbios_knl_Clock_construct)
                  20011570    00000034     CDIO_CC3200_pem4.oem4 (.text:ti_sysbios_knl_Semaphore_create)
                  200115a4    00000034     ti.targets.arm.rtsarm.aem4 : Core-label.oem4 (.text:xdc_runtime_Core_assignLabel__I)
                  200115d8    00000033                                : Text.oem4 (.text:xdc_runtime_Text_printVisFxn__I)
                  2001160b    00000001     --HOLE-- [fill = 0]
                  2001160c    00000032     drivers_cc32xxware.aem4 : SPICC3200DMA.oem4 (.text:spiPollingTransfer32)
                  2001163e    00000002     --HOLE-- [fill = 0]
                  20011640    00000032     sysbios.aem4 : BIOS.obj (.text:ti_sysbios_hal_Hwi_initStack)
                  20011672    00000002     --HOLE-- [fill = 0]
                  20011674    00000030     drivers_cc32xxware.aem4 : PWM.oem4 (.text:PWM_open)
                  200116a4    00000030     driverlib.a : pin.obj (.text:PinTypeGPIO)
                  200116d4    00000030     drivers_cc32xxware.aem4 : PowerCC3200.oem4 (.text:Power_releaseConstraint)
                  20011704    00000030                             : PowerCC3200.oem4 (.text:Power_setConstraint)
                  20011734    00000030                             : SPI.oem4 (.text:SPI_open)
                  20011764    00000030     driverlib.a : uart.obj (.text:UARTDisable)
                  20011794    00000030     drivers_cc32xxware.aem4 : UART.oem4 (.text:UART_open)
                  200117c4    00000030     drivers_wifi_cc32xxware.aem4 : WiFiCC3200.oem4 (.text:registerInterruptHandler)
                  200117f4    00000030     cc3x00_host_driver.aem4 : socket.oem4 (.text:sl_Socket)
                  20011824    00000030     CDIO_CC3200_pem4.oem4 (.text:ti_sysbios_BIOS_atExitFunc__I)
                  20011854    00000004     --HOLE-- [fill = 0]
                  20011858    00000030     sysbios.aem4 : BIOS.obj (.text:ti_sysbios_family_arm_m3_TaskSupport_start__E)
                  20011888    00000030     CDIO_CC3200_pem4.oem4 (.text:ti_sysbios_gates_GateHwi_Object__create__S)
                  200118b8    00000030     CDIO_CC3200_pem4.oem4 (.text:ti_sysbios_gates_GateMutex_Object__create__S)
                  200118e8    00000030     CDIO_CC3200_pem4.oem4 (.text:ti_sysbios_heaps_HeapMem_Object__create__S)
                  20011918    00000030     CDIO_CC3200_pem4.oem4 (.text:ti_sysbios_knl_Semaphore_construct)
                  20011948    00000030     sysbios.aem4 : BIOS.obj (.text:ti_sysbios_knl_Semaphore_pendTimeout__I)
                  20011978    00000030                  : BIOS.obj (.text:ti_sysbios_knl_Task_unblockI__E)
                  200119a8    00000030     ti.targets.arm.rtsarm.aem4 : SysMin.oem4 (.text:xdc_runtime_SysMin_abort__E)
                  200119d8    00000030                                : System.oem4 (.text:xdc_runtime_System_processAtExit__E)
                  20011a08    0000002e     drivers_cc32xxware.aem4 : PWMTimerCC3200.oem4 (.text:PWMTimerCC3200_close)
                  20011a36    0000002e     CDIO_CC3200_pem4.oem4 (.text:malloc)
                  20011a64    0000002e     rtsv7M4_T_le_eabi.lib : i_tofd_t2.obj (.text)
                  20011a92    00000002     --HOLE-- [fill = 0]
                  20011a94    0000002c     drivers_wifi_cc32xxware.aem4 : WiFiCC3200.oem4 (.text:CC3X00_NWP_enable)
                  20011ac0    0000002c     driverlib.a : prcm.obj (.text:PRCMLPDSIntervalSet)
                  20011aec    0000002c                 : prcm.obj (.text:PRCMSysResetCauseGet)
                  20011b18    0000002c     CDIO_CC3200_pem4.oem4 (.text:ti_sysbios_knl_Clock_doTick__I)
                  20011b44    0000002c     CDIO_CC3200_pem4.oem4 (.text:ti_sysbios_knl_Queue_construct)
                  20011b70    0000002c     sysbios.aem4 : BIOS.obj (.text:ti_sysbios_knl_Task_restore__E)
                  20011b9c    0000002c     ti.targets.arm.rtsarm.aem4 : Text.oem4 (.text:xdc_runtime_Text_cordText__E)
                  20011bc8    0000002a     driverlib.a : spi.obj (.text:SPIDataGetNonBlocking)
                  20011bf2    0000002a                 : timer.obj (.text:TimerLoadSet)
                  20011c1c    0000002a                 : timer.obj (.text:TimerMatchSet)
                  20011c46    0000002a                 : timer.obj (.text:TimerPrescaleMatchSet)
                  20011c70    0000002a                 : timer.obj (.text:TimerPrescaleSet)
                  20011c9a    0000002a     cc3x00_host_driver.aem4 : socket.oem4 (.text:_sl_BuildAddress)
                  20011cc4    0000002a     ti.targets.arm.rtsarm.aem4 : System.oem4 (.text:xdc_runtime_System_putchar__I)
                  20011cee    00000002     --HOLE-- [fill = 0]
                  20011cf0    00000028     uart_if.obj (.text:Message)
                  20011d18    00000028     driverlib.a : prcm.obj (.text:PRCMLPDSWakeupSourceEnable)
                  20011d40    00000028                 : prcm.obj (.text:PRCMPeripheralClkDisable)
                  20011d68    00000028     drivers_cc32xxware.aem4 : PowerCC3200.oem4 (.text:Power_registerNotify)
                  20011d90    00000028                             : UARTCC3200.oem4 (.text:releasePowerConstraint)
                  20011db8    00000028     sysbios.aem4 : BIOS.obj (.text:ti_sysbios_knl_Swi_Module_startup__E)
                  20011de0    00000028     driverlib.a : udma.obj (.text:uDMAChannelIsEnabled)
                  20011e08    00000026     drivers_cc32xxware.aem4 : List.oem4 (.text:List_put)
                  20011e2e    00000026     rtsv7M4_T_le_eabi.lib : strncmp.obj (.text)
                  20011e54    00000026     ti.targets.arm.rtsarm.aem4 : System.oem4 (.text:xdc_runtime_System_avprintf__E)
                  20011e7a    00000002     --HOLE-- [fill = 0]
                  20011e7c    00000024     driverlib.a : prcm.obj (.text:PRCMLPDSWakeUpGPIOSelect)
                  20011ea0    00000024                 : uart.obj (.text:UARTCharPutNonBlocking)
                  20011ec4    00000024                 : uart.obj (.text:UARTEnable)
                  20011ee8    00000024     drivers_wifi_cc32xxware.aem4 : osi_tirtos.oem4 (.text:osi_Spawn)
                  20011f0c    00000024     cc3x00_host_driver.aem4 : socket.oem4 (.text:sl_Close)
                  20011f30    00000024                             : wlan.oem4 (.text:sl_WlanProfileDel)
                  20011f54    00000024                             : wlan.oem4 (.text:sl_WlanSetMode)
                  20011f78    00000024     CDIO_CC3200_pem4.oem4 (.text:ti_sysbios_BIOS_errorRaiseHook__I)
                  20011f9c    00000024     CDIO_CC3200_pem4.oem4 (.text:ti_sysbios_BIOS_registerRTSLock__I)
                  20011fc0    00000024     CDIO_CC3200_pem4.oem4 (.text:ti_sysbios_BIOS_removeRTSLock__I)
                  20011fe4    00000024     CDIO_CC3200_pem4.oem4 (.text:ti_sysbios_BIOS_startFunc__I)
                  20012008    00000024     sysbios.aem4 : BIOS.obj (.text:ti_sysbios_family_arm_m3_Hwi_doTaskRestore__I)
                  2001202c    00000004     --HOLE-- [fill = 0]
                  20012030    00000024                  : BIOS.obj (.text:ti_sysbios_family_arm_m3_Timer_startup__E)
                  20012054    00000024     CDIO_CC3200_pem4.oem4 (.text:ti_sysbios_gates_GateMutex_Object__delete__S)
                  20012078    00000024     sysbios.aem4 : BIOS.obj (.text:ti_sysbios_knl_Clock_Module_startup__E)
                  2001209c    00000024     CDIO_CC3200_pem4.oem4 (.text:ti_sysbios_knl_Semaphore_Object__delete__S)
                  200120c0    00000024     ti.targets.arm.rtsarm.aem4 : System.oem4 (.text:xdc_runtime_System_vprintf__E)
                  200120e4    00000022     driverlib.a : gpio.obj (.text:GPIOIntStatus)
                  20012106    00000022                 : spi.obj (.text:SPIReset)
                  20012128    00000022                 : spi.obj (.text:SPIWordCountSet)
                  2001214a    00000022     CDIO_CC3200_pem4.oem4 (.text:xdc_runtime_SysMin_output__I)
                  2001216c    00000020     driverlib.a : gpio.obj (.text:GPIOPinWrite)
                  2001218c    00000020                 : prcm.obj (.text:PRCMLPDSRestoreInfoSet)
                  200121ac    00000020     drivers_cc32xxware.aem4 : PowerCC3200.oem4 (.text:Power_idleFunc)
                  200121cc    00000020                             : PowerCC3200.oem4 (.text:Power_unregisterNotify)
                  200121ec    00000020     driverlib.a : spi.obj (.text:SPIDataGet)
                  2001220c    00000020     drivers_cc32xxware.aem4 : SPICC3200DMA.oem4 (.text:getPowerMgrId)
                  2001222c    00000020                             : UARTCC3200.oem4 (.text:getPowerMgrId)
                  2001224c    00000020     CDIO_CC3200_pem4.oem4 (.text:ti_sysbios_BIOS_rtsLock__I)
                  2001226c    00000004     --HOLE-- [fill = 0]
                  20012270    00000020     sysbios.aem4 : BIOS.obj (.text:ti_sysbios_family_arm_m3_Hwi_clearInterrupt__E)
                  20012290    00000020                  : m3_Hwi_asm.obj (.text:ti_sysbios_family_arm_m3_Hwi_excHandlerAsm__I)
                  200122b0    00000020                  : BIOS.obj (.text:ti_sysbios_family_arm_m3_Hwi_excHandler__I)
                  200122d0    00000020     CDIO_CC3200_pem4.oem4 (.text:ti_sysbios_gates_GateHwi_Object__delete__S)
                  200122f0    00000020     CDIO_CC3200_pem4.oem4 (.text:ti_sysbios_heaps_HeapMem_Object__delete__S)
                  20012310    00000020     CDIO_CC3200_pem4.oem4 (.text:ti_sysbios_knl_Clock_Object__destruct__S)
                  20012330    00000020     sysbios.aem4 : BIOS.obj (.text:ti_sysbios_knl_Idle_run__E)
                  20012350    00000020     CDIO_CC3200_pem4.oem4 (.text:ti_sysbios_knl_Mailbox_Object__delete__S)
                  20012370    00000020     CDIO_CC3200_pem4.oem4 (.text:ti_sysbios_knl_Semaphore_Object__destruct__S)
                  20012390    00000020     CDIO_CC3200_pem4.oem4 (.text:ti_sysbios_knl_Task_Object__delete__S)
                  200123b0    00000020     ti.targets.arm.rtsarm.aem4 : Registry.oem4 (.text:xdc_runtime_Registry_findById__E)
                  200123d0    00000020                                : SysMin.oem4 (.text:xdc_runtime_SysMin_Module_startup__E)
                  200123f0    0000001e     driverlib.a : spi.obj (.text:SPIDataPut)
                  2001240e    0000001e                 : timer.obj (.text:TimerDisable)
                  2001242c    0000001e                 : timer.obj (.text:TimerEnable)
                  2001244a    0000001e                 : uart.obj (.text:UARTCharPut)
                  20012468    0000001e                 : uart.obj (.text:UARTIntStatus)
                  20012486    0000001e     drivers_wifi_cc32xxware.aem4 : WiFiCC3200.oem4 (.text:WiFiCC3200_close)
                  200124a4    0000001e     sysbios.aem4 : m3_Hwi_asm_switch.obj (.text:ti_sysbios_family_xxx_Hwi_switchAndRunFunc)
                  200124c2    00000002     --HOLE-- [fill = 0]
                  200124c4    0000001c     drivers_cc32xxware.aem4 : SPICC3200DMA.oem4 (.text:SPICC3200DMA_init)
                  200124e0    0000001c     driverlib.a : uart.obj (.text:UARTCharGetNonBlocking)
                  200124fc    0000001c                 : uart.obj (.text:UARTFlowControlSet)
                  20012518    0000001c     cc3x00_host_driver.aem4 : driver.oem4 (.text:_SlDrvProtectionObjLockWaitForever)
                  20012534    0000001c                             : socket.oem4 (.text:_sl_TruncatePayloadByProtocol)
                  20012550    0000001c     rtsv7M4_T_le_eabi.lib : memccpy.obj (.text)
                  2001256c    0000001c     CDIO_CC3200_pem4.oem4 (.text:ti_sysbios_family_arm_m3_Hwi_Object__destruct__S)
                  20012588    0000001c     sysbios.aem4 : BIOS.obj (.text:ti_sysbios_family_arm_m3_Timer_stop__E)
                  200125a4    00000004     --HOLE-- [fill = 0]
                  200125a8    0000001c                  : BIOS.obj (.text:ti_sysbios_gates_GateMutex_Instance_init__E)
                  200125c4    0000001c     CDIO_CC3200_pem4.oem4 (.text:ti_sysbios_knl_Queue_Object__destruct__S)
                  200125e0    0000001c     sysbios.aem4 : BIOS.obj (.text:ti_sysbios_knl_Task_enter__I)
                  200125fc    0000001c     driverlib.a : udma.obj (.text:uDMAChannelEnable)
                  20012618    0000001c     drivers_wifi_cc32xxware.aem4 : osi_tirtos.oem4 (.text:vSimpleLinkSpawnTask)
                  20012634    0000001c     ti.targets.arm.rtsarm.aem4 : Error.oem4 (.text:xdc_runtime_Error_raiseX__E)
                  20012650    0000001c                                : Memory.oem4 (.text:xdc_runtime_Memory_valloc__E)
                  2001266c    0000001c                                : SysMin.oem4 (.text:xdc_runtime_SysMin_exit__E)
                  20012688    0000001c                                : System.oem4 (.text:xdc_runtime_System_abort__E)
                  200126a4    0000001a     cc3x00_host_driver.aem4 : netapp.oem4 (.text:CopyPingResultsToReport)
                  200126be    0000001a     driverlib.a : gpio.obj (.text:GPIOIntEnable)
                  200126d8    0000001a     drivers_cc32xxware.aem4 : List.oem4 (.text:List_remove)
                  200126f2    0000001a     driverlib.a : pin.obj (.text:PinTypeTimer)
                  2001270c    0000001a                 : spi.obj (.text:SPIDmaDisable)
                  20012726    0000001a                 : spi.obj (.text:SPIDmaEnable)
                  20012740    0000001a                 : spi.obj (.text:SPIFIFODisable)
                  2001275a    0000001a                 : spi.obj (.text:SPIFIFOEnable)
                  20012774    0000001a     CDIO_CC3200_pem4.oem4 (.text:ti_sysbios_family_arm_m3_Hwi_Handle__label__S)
                  2001278e    0000001a     sysbios.aem4 : m3_Hwi_asm.obj (.text:ti_sysbios_family_arm_m3_Hwi_pendSV__I)
                  200127a8    0000001a     CDIO_CC3200_pem4.oem4 (.text:ti_sysbios_gates_GateHwi_Handle__label__S)
                  200127c2    0000001a     CDIO_CC3200_pem4.oem4 (.text:ti_sysbios_gates_GateMutex_Handle__label__S)
                  200127dc    0000001a     CDIO_CC3200_pem4.oem4 (.text:ti_sysbios_heaps_HeapMem_Handle__label__S)
                  200127f6    0000001a     CDIO_CC3200_pem4.oem4 (.text:ti_sysbios_knl_Swi_Handle__label__S)
                  20012810    0000001a     CDIO_CC3200_pem4.oem4 (.text:ti_sysbios_knl_Task_Handle__label__S)
                  2001282a    0000001a     CDIO_CC3200_pem4.oem4 (.text:xdc_runtime_System_aprintf__E)
                  20012844    0000001a     CDIO_CC3200_pem4.oem4 (.text:xdc_runtime_System_printf__E)
                  2001285e    00000002     --HOLE-- [fill = 0]
                  20012860    00000018     CDIO_CC3200.obj (.text:InsertPenInt)
                  20012878    00000018     driverlib.a : spi.obj (.text:SPICSDisable)
                  20012890    00000018                 : spi.obj (.text:SPICSEnable)
                  200128a8    00000018                 : spi.obj (.text:SPIDisable)
                  200128c0    00000018                 : spi.obj (.text:SPIEnable)
                  200128d8    00000018                 : uart.obj (.text:UARTBusy)
                  200128f0    00000018                 : uart.obj (.text:UARTFIFOLevelSet)
                  20012908    00000018                 : uart.obj (.text:UARTIntDisable)
                  20012920    00000018                 : uart.obj (.text:UARTIntEnable)
                  20012938    00000018     drivers_cc32xxware.aem4 : UART.oem4 (.text:UART_Params_init)
                  20012950    00000018     drivers_wifi_cc32xxware.aem4 : osi_tirtos.oem4 (.text:VDeleteSimpleLinkSpawnTask)
                  20012968    00000018                                  : WiFiCC3200.oem4 (.text:WiFiCC3200_init)
                  20012980    00000018     cc3x00_host_driver.aem4 : driver.oem4 (.text:_SlDrvProtectionObjUnLock)
                  20012998    00000018     CDIO_CC3200_pem4.oem4 (.text:free)
                  200129b0    00000018     rtsv7M4_T_le_eabi.lib : args_main.obj (.text)
                  200129c8    00000018                           : ll_mul_t2.obj (.text)
                  200129e0    00000018                           : strcmp.obj (.text)
                  200129f8    00000018     drivers_wifi_cc32xxware.aem4 : WiFiCC3200.oem4 (.text:spi_Close)
                  20012a10    00000018     CDIO_CC3200_pem4.oem4 (.text:ti_sysbios_BIOS_rtsUnlock__I)
                  20012a28    00000018     CDIO_CC3200_pem4.oem4 (.text:ti_sysbios_family_arm_m3_Hwi_Module__startupDone__F)
                  20012a40    00000018     CDIO_CC3200_pem4.oem4 (.text:ti_sysbios_family_arm_m3_Timer_Module__startupDone__F)
                  20012a58    00000018     sysbios.aem4 : BIOS.obj (.text:ti_sysbios_gates_GateMutex_leave__E)
                  20012a70    00000018                  : BIOS.obj (.text:ti_sysbios_knl_Task_sleepTimeout__I)
                  20012a88    00000018     ti.targets.arm.rtsarm.aem4 : Error.oem4 (.text:xdc_runtime_Error_check__E)
                  20012aa0    00000018                                : System.oem4 (.text:xdc_runtime_System_exit__E)
                  20012ab8    00000018                                : Text.oem4 (.text:xdc_runtime_Text_ropeText__E)
                  20012ad0    00000016     tirtosport.aem4 : ClockP_tirtos.oem4 (.text:ClockP_delete)
                  20012ae6    00000016                     : HwiP_tirtos.oem4 (.text:HwiP_delete)
                  20012afc    00000016     driverlib.a : prcm.obj (.text:PRCMHIBRegRead)
                  20012b12    00000016                 : prcm.obj (.text:PRCMHIBRegWrite)
                  20012b28    00000016     tirtosport.aem4 : SemaphoreP_tirtos.oem4 (.text:SemaphoreP_delete)
                  20012b3e    00000016     driverlib.a : uart.obj (.text:UARTCharGet)
                  20012b54    00000016     rtsv7M4_T_le_eabi.lib : strchr.obj (.text)
                  20012b6a    00000016     drivers_cc32xxware.aem4 : UARTCC3200.oem4 (.text:startTxFifoEmptyClk)
                  20012b80    00000016     CDIO_CC3200_pem4.oem4 (.text:ti_sysbios_BIOS_exitFunc__I)
                  20012b96    00000016     CDIO_CC3200.obj (.text:ti_sysbios_knl_Task_Params_init)
                  20012bac    00000014     driverlib.a : cpu.obj (.text:CPUcpsid)
                  20012bc0    00000014                 : cpu.obj (.text:CPUcpsie)
                  20012bd4    00000014                 : gpio.obj (.text:GPIOIntClear)
                  20012be8    00000014     drivers_cc32xxware.aem4 : SPI.oem4 (.text:SPI_Params_init)
                  20012bfc    00000014     drivers_wifi_cc32xxware.aem4 : WiFiCC3200.oem4 (.text:hostDriverInterruptHandler)
                  20012c10    00000014                                  : osi_tirtos.oem4 (.text:osi_SyncObjClear)
                  20012c24    00000014     rtsv7M4_T_le_eabi.lib : _lock.obj (.text)
                  20012c38    00000014                           : strcpy.obj (.text)
                  20012c4c    00000014                           : strlen.obj (.text)
                  20012c60    00000014     CDIO_CC3200_pem4.oem4 (.text:ti_sysbios_family_arm_m3_Hwi_Object__get__S)
                  20012c74    00000004     --HOLE-- [fill = 0]
                  20012c78    00000014     sysbios.aem4 : BIOS.obj (.text:ti_sysbios_family_arm_m3_Hwi_switchFromBootStack__E)
                  20012c8c    00000014     CDIO_CC3200_pem4.oem4 (.text:ti_sysbios_heaps_HeapMem_Object__get__S)
                  20012ca0    00000014     sysbios.aem4 : BIOS.obj (.text:ti_sysbios_knl_Clock_tickReconfig__E)
                  20012cb4    00000014     CDIO_CC3200_pem4.oem4 (.text:ti_sysbios_knl_Swi_Object__get__S)
                  20012cc8    00000014     driverlib.a : udma.obj (.text:uDMAControlBaseSet)
                  20012cdc    00000012     tirtosport.aem4 : ClockP_tirtos.oem4 (.text:ClockP_start)
                  20012cee    00000012     drivers_cc32xxware.aem4 : RingBuf.oem4 (.text:RingBuf_construct)
                  20012d00    00000012     tirtosport.aem4 : SemaphoreP_tirtos.oem4 (.text:SemaphoreP_pend)
                  20012d12    00000012     driverlib.a : uart.obj (.text:UARTIntClear)
                  20012d24    00000012                 : uart.obj (.text:UARTRxErrorGet)
                  20012d36    00000012     cc3x00_host_driver.aem4 : driver.oem4 (.text:_SlDrvObjLockWaitForever)
                  20012d48    00000012                             : driver.oem4 (.text:_SlDrvSyncObjWaitForever)
                  20012d5a    00000012                             : netapp.oem4 (.text:sl_NetAppMDNSUnRegisterService)
                  20012d6c    00000004     --HOLE-- [fill = 0]
                  20012d70    00000012     sysbios.aem4 : BIOS.obj (.text:ti_sysbios_hal_Hwi_Module_startup__E)
                  20012d82    00000012     CDIO_CC3200_pem4.oem4 (.text:xdc_runtime_Startup_exec__I)
                  20012d94    00000010     CC3200_LAUNCHXL.obj (.text:CC3200_LAUNCHXL_initGeneral)
                  20012da4    00000010     CC3200_LAUNCHXL.obj (.text:CC3200_LAUNCHXL_initWiFi)
                  20012db4    00000010     drivers_wifi_cc32xxware.aem4 : WiFiCC3200.oem4 (.text:CC3X00_NWP_maskInterrupt)
                  20012dc4    00000010     drivers_cc32xxware.aem4 : PWM.oem4 (.text:PWM_Params_init)
                  20012dd4    00000010     driverlib.a : uart.obj (.text:UARTRxErrorClear)
                  20012de4    00000010     drivers_cc32xxware.aem4 : WiFi.oem4 (.text:WiFi_Params_init)
                  20012df4    00000010     cc3x00_host_driver.aem4 : device.oem4 (.text:_sl_GetStartResponseConvert)
                  20012e04    00000010     simplelink_func.obj (.text:htons)
                  20012e14    00000010     drivers_cc32xxware.aem4 : UARTCC3200.oem4 (.text:readBlockingTimeout)
                  20012e24    00000004     --HOLE-- [fill = 0]
                  20012e28    00000010     sysbios.aem4 : BIOS.obj (.text:ti_sysbios_BIOS_getCpuFreq__E)
                  20012e38    00000010                  : BIOS.obj (.text:ti_sysbios_BIOS_setThreadType__E)
                  20012e48    00000010                  : BIOS.obj (.text:ti_sysbios_BIOS_start__E)
                  20012e58    00000010                  : m3_TaskSupport_asm.obj (.text:ti_sysbios_family_arm_m3_TaskSupport_glue)
                  20012e68    00000010                  : m3_TaskSupport_asm.obj (.text:ti_sysbios_family_arm_m3_TaskSupport_swap__E)
                  20012e78    00000010                  : BIOS.obj (.text:ti_sysbios_gates_GateMutex_Instance_finalize__E)
                  20012e88    00000010     CDIO_CC3200_pem4.oem4 (.text:ti_sysbios_knl_Mailbox_Object__get__S)
                  20012e98    00000010     sysbios.aem4 : BIOS.obj (.text:ti_sysbios_knl_Semaphore_Instance_finalize__E)
                  20012ea8    00000010                  : BIOS.obj (.text:ti_sysbios_knl_Swi_disable__E)
                  20012eb8    00000010     CDIO_CC3200_pem4.oem4 (.text:ti_sysbios_knl_Task_Object__get__S)
                  20012ec8    00000010     sysbios.aem4 : BIOS.obj (.text:ti_sysbios_knl_Task_disable__E)
                  20012ed8    00000010     ti.targets.arm.rtsarm.aem4 : Gate.oem4 (.text:xdc_runtime_Gate_leaveSystem__E)
                  20012ee8    00000010                                : Memory.oem4 (.text:xdc_runtime_Memory_free__E)
                  20012ef8    00000010                                : SysMin.oem4 (.text:xdc_runtime_SysMin_ready__E)
                  20012f08    00000010                                : System.oem4 (.text:xdc_runtime_System_vsnprintf__E)
                  20012f18    00000010     CDIO_CC3200_pem4.oem4 (.text:xdc_runtime_Text_visitRope__I)
                  20012f28    0000000e     tirtosport.aem4 : HwiP_tirtos.oem4 (.text:HwiP_Params_init)
                  20012f36    0000000e     cc3x00_host_driver.aem4 : driver.oem4 (.text:_SlDrvObjUnLock)
                  20012f44    0000000e                             : driver.oem4 (.text:_SlDrvSyncObjSignal)
                  20012f52    0000000e     rtsv7M4_T_le_eabi.lib : copy_decompress_none.obj (.text:decompress:none)
                  20012f60    0000000e     sysbios.aem4 : BIOS.obj (.text:ti_sysbios_knl_Idle_loop__E)
                  20012f6e    00000002     --HOLE-- [fill = 0]
                  20012f70    0000000e                  : BIOS.obj (.text:ti_sysbios_knl_Queue_empty__E)
                  20012f7e    00000002     --HOLE-- [fill = 0]
                  20012f80    0000000c     drivers_wifi_cc32xxware.aem4 : WiFiCC3200.oem4 (.text:CC3X00_NWP_unMaskInterrupt)
                  20012f8c    0000000c     driverlib.a : cpu.obj (.text:CPUwfi)
                  20012f98    0000000c     tirtosport.aem4 : ClockP_tirtos.oem4 (.text:ClockP_getSystemTickPeriod)
                  20012fa4    0000000c     drivers_cc32xxware.aem4 : PowerCC3200.oem4 (.text:Power_getConstraintMask)
                  20012fb0    0000000c                             : PowerCC3200.oem4 (.text:Power_getDependencyCount)
                  20012fbc    0000000c                             : RingBuf.oem4 (.text:RingBuf_peek)
                  20012fc8    0000000c     simplelink_func.obj (.text:SimpleLinkHttpServerCallback)
                  20012fd4    0000000c     drivers_cc32xxware.aem4 : UARTCC3200.oem4 (.text:UARTCC3200_init)
                  20012fe0    0000000c     drivers_wifi_cc32xxware.aem4 : osi_tirtos.oem4 (.text:osi_LockObjUnlock)
                  20012fec    0000000c                                  : osi_tirtos.oem4 (.text:osi_SyncObjSignal)
                  20012ff8    0000000c                                  : osi_tirtos.oem4 (.text:osi_SyncObjSignalFromISR)
                  20013004    0000000c     drivers_cc32xxware.aem4 : SPICC3200DMA.oem4 (.text:postNotifyFxn)
                  20013010    0000000c                             : UARTCC3200.oem4 (.text:postNotifyFxn)
                  2001301c    0000000c     CDIO_CC3200_pem4.oem4 (.text:ti_sysbios_family_arm_m3_Hwi_Params__init__S)
                  20013028    0000000c     sysbios.aem4 : BIOS.obj (.text:ti_sysbios_family_arm_m3_Hwi_disableFxn__E)
                  20013034    00000004     --HOLE-- [fill = 0]
                  20013038    0000000c                  : BIOS.obj (.text:ti_sysbios_family_arm_m3_TaskSupport_checkStack__E)
                  20013044    00000004     --HOLE-- [fill = 0]
                  20013048    0000000c                  : BIOS.obj (.text:ti_sysbios_family_arm_m3_TaskSupport_getStackAlignment__E)
                  20013054    00000004     --HOLE-- [fill = 0]
                  20013058    0000000c                  : BIOS.obj (.text:ti_sysbios_gates_GateHwi_enter__E)
                  20013064    0000000c     CDIO_CC3200_pem4.oem4 (.text:ti_sysbios_knl_Clock_Params__init__S)
                  20013070    0000000c     sysbios.aem4 : BIOS.obj (.text:ti_sysbios_knl_Clock_getTicks__E)
                  2001307c    00000004     --HOLE-- [fill = 0]
                  20013080    0000000c                  : BIOS.obj (.text:ti_sysbios_knl_Clock_setTicks__E)
                  2001308c    00000004     --HOLE-- [fill = 0]
                  20013090    0000000c                  : BIOS.obj (.text:ti_sysbios_knl_Clock_tickStart__E)
                  2001309c    00000004     --HOLE-- [fill = 0]
                  200130a0    0000000c                  : BIOS.obj (.text:ti_sysbios_knl_Clock_tickStop__E)
                  200130ac    0000000c     CDIO_CC3200_pem4.oem4 (.text:ti_sysbios_knl_Queue_Object__get__S)
                  200130b8    0000000c     CDIO_CC3200_pem4.oem4 (.text:ti_sysbios_knl_Semaphore_Params__init__S)
                  200130c4    0000000c     CDIO_CC3200_pem4.oem4 (.text:ti_sysbios_knl_Task_Params__init__S)
                  200130d0    0000000c     driverlib.a : udma.obj (.text:uDMAControlBaseGet)
                  200130dc    0000000c                 : udma.obj (.text:uDMAEnable)
                  200130e8    0000000c                 : udma.obj (.text:uDMAErrorStatusClear)
                  200130f4    0000000c                 : udma.obj (.text:uDMAIntStatus)
                  20013100    0000000c     ti.targets.arm.rtsarm.aem4 : Error.oem4 (.text:xdc_runtime_Error_init__E)
                  2001310c    0000000c                                : Gate.oem4 (.text:xdc_runtime_Gate_enterSystem__E)
                  20013118    0000000c                                : Memory.oem4 (.text:xdc_runtime_Memory_calloc__E)
                  20013124    0000000c                                : Memory.oem4 (.text:xdc_runtime_Memory_getMaxDefaultTypeAlign__E)
                  20013130    0000000a     tirtosport.aem4 : ClockP_tirtos.oem4 (.text:ClockP_stop)
                  2001313a    0000000a     drivers_cc32xxware.aem4 : List.oem4 (.text:List_empty)
                  20013144    0000000a                             : PWMTimerCC3200.oem4 (.text:PWMTimerCC3200_getPeriodCounts)
                  2001314e    0000000a                             : PWM.oem4 (.text:PWM_setDuty)
                  20013158    0000000a                             : SPI.oem4 (.text:SPI_close)
                  20013162    0000000a                             : SPI.oem4 (.text:SPI_transfer)
                  2001316c    0000000a     tirtosport.aem4 : SemaphoreP_tirtos.oem4 (.text:SemaphoreP_post)
                  20013176    0000000a     drivers_cc32xxware.aem4 : UART.oem4 (.text:UART_write)
                  20013180    0000000a                             : WiFi.oem4 (.text:WiFi_close)
                  2001318a    0000000a     CC3200_LAUNCHXL.obj (.text:dmaErrorHwi)
                  20013194    0000000a     drivers_wifi_cc32xxware.aem4 : osi_tirtos.oem4 (.text:osi_LockObjDelete)
                  2001319e    0000000a                                  : osi_tirtos.oem4 (.text:osi_SyncObjDelete)
                  200131a8    0000000a     CDIO_CC3200_pem4.oem4 (.text:xdc_runtime_IHeap_alloc)
                  200131b2    0000000a     CDIO_CC3200_pem4.oem4 (.text:xdc_runtime_IHeap_free)
                  200131bc    00000008     CC3200_LAUNCHXL.obj (.text:CC3200_LAUNCHXL_initGPIO)
                  200131c4    00000008     CC3200_LAUNCHXL.obj (.text:CC3200_LAUNCHXL_initPWM)
                  200131cc    00000008     CC3200_LAUNCHXL.obj (.text:CC3200_LAUNCHXL_initUART)
                  200131d4    00000008     tirtosport.aem4 : ClockP_tirtos.oem4 (.text:ClockP_Params_init)
                  200131dc    00000008     driverlib.a : prcm.obj (.text:PRCMSleepEnter)
                  200131e4    00000008     drivers_cc32xxware.aem4 : PWMTimerCC3200.oem4 (.text:PWMTimerCC3200_init)
                  200131ec    00000008     tirtosport.aem4 : SemaphoreP_tirtos.oem4 (.text:SemaphoreP_Params_init)
                  200131f4    00000008     cc3x00_host_driver.aem4 : driver.oem4 (.text:_SlDrvMemZero)
                  200131fc    00000008     drivers_cc32xxware.aem4 : UARTCC3200.oem4 (.text:readSemCallback)
                  20013204    00000008     rtsv7M4_T_le_eabi.lib : s_copysign.obj (.text)
                  2001320c    00000008     cc3x00_host_driver.aem4 : wlan.oem4 (.text:sl_WlanDisconnect)
                  20013214    00000004     --HOLE-- [fill = 0]
                  20013218    00000008     sysbios.aem4 : BIOS.obj (.text:ti_sysbios_family_arm_m3_Hwi_doSwiRestore__I)
                  20013220    00000008                  : BIOS.obj (.text:ti_sysbios_family_arm_m3_Hwi_startup__E)
                  20013228    00000008     drivers_cc32xxware.aem4 : SPICC3200DMA.oem4 (.text:transferCallback)
                  20013230    00000008                             : UARTCC3200.oem4 (.text:writeSemCallback)
                  20013238    00000006     driverlib.a : utils.obj (.text:UtilsDelay)
                  2001323e    00000006     drivers_wifi_cc32xxware.aem4 : WiFiCC3200.oem4 (.text:WiFiCC3200_control)
                  20013244    00000006     cc3x00_host_driver.aem4 : driver.oem4 (.text:_SlDrvResetCmdExt)
                  2001324a    00000006     rtsv7M4_T_le_eabi.lib : copy_decompress_rle.obj (.text:decompress:rle24)
                  20013250    00000006     sysbios.aem4 : BIOS.obj (.text:ti_sysbios_family_arm_m3_Hwi_restoreFxn__E)
                  20013256    00000002     --HOLE-- [fill = 0]
                  20013258    00000006                  : BIOS.obj (.text:ti_sysbios_gates_GateHwi_leave__E)
                  2001325e    00000002     --HOLE-- [fill = 0]
                  20013260    00000006                  : BIOS.obj (.text:ti_sysbios_heaps_HeapMem_isBlocking__E)
                  20013266    00000002     --HOLE-- [fill = 0]
                  20013268    00000006                  : BIOS.obj (.text:ti_sysbios_knl_Clock_stop__E)
                  2001326e    00000002     --HOLE-- [fill = 0]
                  20013270    00000006                  : BIOS.obj (.text:ti_sysbios_knl_Queue_Instance_init__E)
                  20013276    00000002     --HOLE-- [fill = 0]
                  20013278    00000006                  : BIOS.obj (.text:ti_sysbios_knl_Swi_startup__E)
                  2001327e    00000006     ti.targets.arm.rtsarm.aem4 : System.oem4 (.text:xdc_runtime_System_Module_startup__E)
                  20013284    00000004     --HOLE-- [fill = 0]
                  20013288    00000004     sysbios.aem4 : BIOS.obj (.text:ti_sysbios_family_arm_m3_Timer_getMaxTicks__E)
                  2001328c    00000004     --HOLE-- [fill = 0]
                  20013290    00000004                  : BIOS.obj (.text:ti_sysbios_gates_GateHwi_query__E)
                  20013294    00000004     --HOLE-- [fill = 0]
                  20013298    00000004                  : BIOS.obj (.text:ti_sysbios_gates_GateMutex_query__E)
                  2001329c    00000004     --HOLE-- [fill = 0]
                  200132a0    00000004                  : BIOS.obj (.text:ti_sysbios_knl_Clock_setTimeout__E)
                  200132a4    00000004     --HOLE-- [fill = 0]
                  200132a8    00000004                  : BIOS.obj (.text:ti_sysbios_knl_Task_startup__E)
                  200132ac    00000004     --HOLE-- [fill = 0]
                  200132b0    00000002                  : BIOS.obj (.text:ti_sysbios_gates_GateHwi_Instance_init__E)
                  200132b2    00000006     --HOLE-- [fill = 0]
                  200132b8    00000002                  : BIOS.obj (.text:ti_sysbios_knl_Clock_logTick__E)

.bss       0    20013400    000099f1     UNINITIALIZED
                  20013400    00004e20     (.common:task1Stack)
                  20018220    00002710     (.common:task0Stack)
                  2001a930    00001400     (.common:ti_sysbios_heaps_HeapMem_Instance_State_0_buf__A)
                  2001bd30    00000200     CDIO_CC3200_pem4.oem4 (.bss:taskStackSection)
                  2001bf30    00000078     (.common:SPICC3200DMAObjects)
                  2001bfa8    00000050     (.common:task0Struct)
                  2001bff8    00000008     simplelink_func.obj (.bss:g_ucConnectionBSSID)
                  2001c000    00000400     CC3200_LAUNCHXL.obj (.bss:dmaControlTable)
                  2001c400    0000030c     (.common:ti_sysbios_family_arm_m3_Hwi_dispatchTable)
                  2001c70c    00000200     (.common:xdc_runtime_SysMin_Module_State_0_outbuf__A)
                  2001c90c    0000012c     drivers_cc32xxware.aem4 : PowerCC3200.oem4 (.bss:PowerCC3200_contextSave)
                  2001ca38    00000120     rtsv7M4_T_le_eabi.lib : trgmsg.obj (.bss:_CIOBUF_)
                  2001cb58    00000108     (.common:uartCC3200Objects)
                  2001cc60    00000050     (.common:task1Struct)
                  2001ccb0    00000040     (.common:uartCC3200RingBuffer)
                  2001ccf0    00000030     (.common:wiFiCC3200Objects)
                  2001cd20    00000024     simplelink_func.obj (.bss:g_ucConnectionSSID)
                  2001cd44    00000020     CDIO_CC3200.obj (.bss:printData)
                  2001cd64    00000020     (.common:gpioCallbackInfo)
                  2001cd84    00000020     (.common:pwmTimerCC3200Objects)
                  2001cda4    00000014     (.common:powerNotifyObj)
                  2001cdb8    00000010     (.common:steps)
                  2001cdc8    00000008     rtsv7M4_T_le_eabi.lib : trgdrv.obj (.bss:parmbuf)
                  2001cdd0    00000008     (.common:firstRTC$1)
                  2001cdd8    00000004     simplelink_func.obj (.bss)
                  2001cddc    00000004     (.common:SimpleLinkSpawnTaskHndl)
                  2001cde0    00000008     (.common:spiCC3200DMAscratchBuf)
                  2001cde8    00000004     (.common:firstTick$2)
                  2001cdec    00000004     (.common:simpleLink_mailbox)
                  2001cdf0    00000001     (.common:RxIrqCnt)

.const     0    2001cdf4    00002785     
                  2001cdf4    00001806     CDIO_CC3200_pem4.oem4 (.const:xdc_runtime_Text_charTab__A)
                  2001e5fa    00000101     rtsv7M4_T_le_eabi.lib : ctype.obj (.const:.string:_ctypes_)
                  2001e6fb    00000001     CDIO_CC3200_pem4.oem4 (.const:ti_sysbios_knl_Clock_tickMode__C)
                  2001e6fc    00000100     driverlib.a : pin.obj (.const:g_ulPinToPadMap)
                  2001e7fc    000000b0     cc3x00_host_driver.aem4 : wlan.oem4 (.const:$P$T0$1)
                  2001e8ac    000000a8     driverlib.a : prcm.obj (.const:PRCM_PeriphRegsList)
                  2001e954    000000a8     CDIO_CC3200_pem4.oem4 (.const:xdc_runtime_Text_nodeTab__A)
                  2001e9fc    00000080     driverlib.a : interrupt.obj (.const)
                  2001ea7c    00000068     CC3200_LAUNCHXL.obj (.const:spiCC3200DMAHWAttrs)
                  2001eae4    00000060     drivers_cc32xxware.aem4 : SPICC3200DMA.oem4 (.const)
                  2001eb44    0000004c                             : UARTCC3200.oem4 (.const)
                  2001eb90    00000048     CDIO_CC3200_pem4.oem4 (.const:.string)
                  2001ebd8    0000003c     cc3x00_host_driver.aem4 : driver.oem4 (.const:OpcodeTranslateTable)
                  2001ec14    0000003c                             : wlan.oem4 (.const)
                  2001ec50    0000003c     CDIO_CC3200_pem4.oem4 (.const:ti_sysbios_knl_Task_Object__PARAMS__C)
                  2001ec8c    00000038     cc3x00_host_driver.aem4 : driver.oem4 (.const:_SlActionLookupTable)
                  2001ecc4    00000034                             : socket.oem4 (.const)
                  2001ecf8    00000034     drivers_cc32xxware.aem4 : GPIOCC3200.oem4 (.const)
                  2001ed2c    00000034     CDIO_CC3200_pem4.oem4 (.const:ti_sysbios_knl_Mailbox_Object__PARAMS__C)
                  2001ed60    00000030     CDIO_CC3200_pem4.oem4 (.const:ti_sysbios_family_arm_m3_Hwi_Object__PARAMS__C)
                  2001ed90    00000030     CC3200_LAUNCHXL.obj (.const:uartCC3200HWAttrs)
                  2001edc0    0000002c     simplelink_func.obj (.const:$P$T1$2)
                  2001edec    0000002a     drivers_cc32xxware.aem4 : GPIOCC3200.oem4 (.const:.string)
                  2001ee16    00000002     CDIO_CC3200_pem4.oem4 (.const:ti_sysbios_family_arm_m3_Hwi_Module__id__C)
                  2001ee18    00000028     CC3200_LAUNCHXL.obj (.const:PowerCC3200_config)
                  2001ee40    00000028     drivers_cc32xxware.aem4 : UARTCC3200.oem4 (.const:UARTCC3200_fxnTable)
                  2001ee68    00000028     cc3x00_host_driver.aem4 : netapp.oem4 (.const)
                  2001ee90    00000028     CDIO_CC3200_pem4.oem4 (.const:ti_sysbios_heaps_HeapMem_Module__FXNS__C)
                  2001eeb8    00000024     CC3200_LAUNCHXL.obj (.const:PWM_config)
                  2001eedc    00000024     CC3200_LAUNCHXL.obj (.const:SPI_config)
                  2001ef00    00000024     CC3200_LAUNCHXL.obj (.const:UART_config)
                  2001ef24    00000024     drivers_cc32xxware.aem4 : UART.oem4 (.const:UART_defaultParams)
                  2001ef48    00000024     cc3x00_host_driver.aem4 : driver.oem4 (.const)
                  2001ef6c    00000024     CDIO_CC3200_pem4.oem4 (.const:ti_sysbios_gates_GateHwi_Module__FXNS__C)
                  2001ef90    00000024     CDIO_CC3200_pem4.oem4 (.const:ti_sysbios_gates_GateMutex_Module__FXNS__C)
                  2001efb4    00000024     CDIO_CC3200_pem4.oem4 (.const:ti_sysbios_heaps_HeapMem_Object__PARAMS__C)
                  2001efd8    00000024     CDIO_CC3200_pem4.oem4 (.const:ti_sysbios_knl_Clock_Object__PARAMS__C)
                  2001effc    00000024     CDIO_CC3200_pem4.oem4 (.const:ti_sysbios_knl_Semaphore_Object__PARAMS__C)
                  2001f020    00000024     CDIO_CC3200_pem4.oem4 (.const:xdc_runtime_Startup_sfxnTab__A)
                  2001f044    00000022     simplelink_func.obj (.const:.string:$P$T0$1)
                  2001f066    00000002     CDIO_CC3200_pem4.oem4 (.const:ti_sysbios_family_arm_m3_Timer_Module__id__C)
                  2001f068    00000020     drivers_cc32xxware.aem4 : PWMTimerCC3200.oem4 (.const)
                  2001f088    00000020                             : SPI.oem4 (.const)
                  2001f0a8    00000020     CDIO_CC3200_pem4.oem4 (.const:ti_sysbios_family_arm_m3_Hwi_Object__DESC__C)
                  2001f0c8    00000020     CDIO_CC3200_pem4.oem4 (.const:ti_sysbios_gates_GateHwi_Object__DESC__C)
                  2001f0e8    00000020     CDIO_CC3200_pem4.oem4 (.const:ti_sysbios_gates_GateMutex_Object__DESC__C)
                  2001f108    00000020     CDIO_CC3200_pem4.oem4 (.const:ti_sysbios_heaps_HeapMem_Object__DESC__C)
                  2001f128    00000020     CDIO_CC3200_pem4.oem4 (.const:ti_sysbios_knl_Clock_Object__DESC__C)
[...]
2001ec3c  _SlWlanCfgSetCmdCtrl                                       
2001ec40  _SlWlanCfgGetCmdCtrl                                       
2001ec50  ti_sysbios_knl_Task_Object__PARAMS__C                      
2001ec8c  _SlActionLookupTable                                       
2001ecc4  _SlSockSocketCmdCtrl                                       
2001ecc8  _SlSockCloseCmdCtrl                                        
2001eccc  _SlRecvfomCmdCtrl                                          
2001ecd0  _SlSendCmdCtrl                                             
2001ecd4  _SlListenCmdCtrl                                           
2001ecd8  _SlAcceptCmdCtrl                                           
2001ecdc  _SlRecvCmdCtrl                                             
2001ece0  _SlSetSockOptCmdCtrl                                       
2001ece4  _SlGetSockOptCmdCtrl                                       
2001ece8  _SlSelectCmdCtrl                                           
2001ecf8  inPinTypes                                                 
2001ecfe  outPinTypes                                                
2001ed06  outPinStrengths                                            
2001ed2c  ti_sysbios_knl_Mailbox_Object__PARAMS__C                   
2001ed60  ti_sysbios_family_arm_m3_Hwi_Object__PARAMS__C             
2001ed90  uartCC3200HWAttrs                                          
2001ee16  ti_sysbios_family_arm_m3_Hwi_Module__id__C                 
2001ee18  PowerCC3200_config                                         
2001ee40  UARTCC3200_fxnTable                                        
2001ee68  _SlNetAppStartCtrl                                         
2001ee6c  _SlNetAppStopCtrl                                          
2001ee70  _SlGetServiceListeCtrl                                     
2001ee74  _SlRegisterServiceCtrl                                     
2001ee78  _SlGetHostByServiceCtrl                                    
2001ee7c  _SlGetHostByNameCtrl                                       
2001ee80  _SlNetAppSetCmdCtrl                                        
2001ee84  _SlNetAppSendTokenValueCmdCtrl                             
2001ee88  _SlNetAppGetCmdCtrl                                        
2001ee90  ti_sysbios_heaps_HeapMem_Module__FXNS__C                   
2001eeb8  PWM_config                                                 
2001eedc  SPI_config                                                 
2001ef00  UART_config                                                
2001ef24  UART_defaultParams                                         
2001ef48  RxMsgClassLUT                                              
2001ef6c  ti_sysbios_gates_GateHwi_Module__FXNS__C                   
2001ef90  ti_sysbios_gates_GateMutex_Module__FXNS__C                 
2001efb4  ti_sysbios_heaps_HeapMem_Object__PARAMS__C                 
2001efd8  ti_sysbios_knl_Clock_Object__PARAMS__C                     
2001effc  ti_sysbios_knl_Semaphore_Object__PARAMS__C                 
2001f020  xdc_runtime_Startup_sfxnTab__A                             
2001f066  ti_sysbios_family_arm_m3_Timer_Module__id__C               
2001f068  PWMTimerCC3200_fxnTable                                    
2001f084  PWMTimerCC3200_MAX_PRESCALAR_VALUE                         
2001f086  PWMTimerCC3200_MAX_MATCH_VALUE                             
2001f088  SPI_defaultParams                                          
2001f0a8  ti_sysbios_family_arm_m3_Hwi_Object__DESC__C               
2001f0c8  ti_sysbios_gates_GateHwi_Object__DESC__C                   
2001f0e8  ti_sysbios_gates_GateMutex_Object__DESC__C                 
2001f108  ti_sysbios_heaps_HeapMem_Object__DESC__C                   
2001f128  ti_sysbios_knl_Clock_Object__DESC__C                       
2001f148  ti_sysbios_knl_Mailbox_Object__DESC__C                     
2001f168  ti_sysbios_knl_Queue_Object__DESC__C                       
2001f188  ti_sysbios_knl_Semaphore_Object__DESC__C                   
2001f1a8  ti_sysbios_knl_Task_Object__DESC__C                        
2001f1e0  WiFi_config                                                
2001f210  ti_sysbios_gates_GateHwi_Object__PARAMS__C                 
2001f228  ti_sysbios_gates_GateMutex_Object__PARAMS__C               
2001f240  ti_sysbios_knl_Queue_Object__PARAMS__C                     
2001f26c  GPIOCC3200_config                                          
2001f280  _SlStopCmdCtrl                                             
2001f284  _SlEventMaskSetCmdCtrl                                     
2001f288  _SlEventMaskGetCmdCtrl                                     
2001f28c  _SlDeviceGetCmdCtrl                                        
2001f290  _SlDeviceSetCmdCtrl                                        
2001f2a6  xdc_runtime_Startup_sfxnRts__A                             
2001f2b8  _SlPayloadByProtocolLUT                                    
2001f2c8  WiFiCC3200_fxnTable                                        
2001f2d8  pwmTimerCC3200HWAttrs                                      
2001f305  ti_sysbios_knl_Clock_tickSource__C                         
2001f306  ti_sysbios_gates_GateMutex_Module__id__C                   
2001f320  PWM_defaultParams                                          
2001f32c  WiFi_defaultParams                                         
2001f338  xdc_runtime_Startup_firstFxns__A                           
2001f34e  StartResponseLUT                                           
2001f35e  _SlNetCfgSetCmdCtrl                                        
2001f362  _SlNetCfgGetCmdCtrl                                        
2001f366  ti_sysbios_hal_Hwi_Module__id__C                           
2001f368  ti_sysbios_family_arm_m3_Hwi_excHookFuncs__A               
2001f370  ti_sysbios_knl_Idle_funcList__A                            
2001f378  ti_sysbios_knl_Idle_funcList__C                            
2001f380  xdc_runtime_Startup_firstFxns__C                           
2001f388  xdc_runtime_Startup_lastFxns__C                            
2001f390  ti_sysbios_family_arm_m3_Hwi_E_NMI__C                      
2001f394  ti_sysbios_family_arm_m3_Hwi_E_alreadyDefined__C           
2001f398  ti_sysbios_family_arm_m3_Hwi_E_busFault__C                 
2001f39c  ti_sysbios_family_arm_m3_Hwi_E_debugMon__C                 
2001f3a0  ti_sysbios_family_arm_m3_Hwi_E_hardFault__C                
2001f3a4  ti_sysbios_family_arm_m3_Hwi_E_memFault__C                 
2001f3a8  ti_sysbios_family_arm_m3_Hwi_E_noIsr__C                    
2001f3ac  ti_sysbios_family_arm_m3_Hwi_E_reserved__C                 
2001f3b0  ti_sysbios_family_arm_m3_Hwi_E_svCall__C                   
2001f3b4  ti_sysbios_family_arm_m3_Hwi_E_usageFault__C               
2001f3b8  ti_sysbios_family_arm_m3_Hwi_NUM_INTERRUPTS__C             
2001f3bc  ti_sysbios_family_arm_m3_Hwi_Object__count__C              
2001f3c0  ti_sysbios_family_arm_m3_Hwi_ccr__C                        
2001f3c4  ti_sysbios_family_arm_m3_Hwi_excHandlerFunc__C             
2001f3c8  ti_sysbios_family_arm_m3_Hwi_excHookFuncs__C               
2001f3cc  ti_sysbios_family_arm_m3_Hwi_nullIsrFunc__C                
2001f3d0  ti_sysbios_family_arm_m3_Hwi_priGroup__C                   
2001f3d4  ti_sysbios_family_arm_m3_TaskSupport_stackAlignment__C     
2001f3d8  ti_sysbios_family_arm_m3_Timer_E_cannotSupport__C          
2001f3dc  ti_sysbios_family_arm_m3_Timer_startupNeeded__C            
2001f3e0  ti_sysbios_gates_GateMutex_A_badContext__C                 
2001f3e4  ti_sysbios_gates_GateMutex_Instance_State_sem__O           
2001f3e8  ti_sysbios_gates_GateMutex_Module__diagsEnabled__C         
2001f3ec  ti_sysbios_gates_GateMutex_Module__diagsIncluded__C        
2001f3f0  ti_sysbios_gates_GateMutex_Module__diagsMask__C            
2001f3f4  ti_sysbios_hal_Hwi_E_stackOverflow__C                      
2001f3f8  ti_sysbios_heaps_HeapMem_A_align__C                        
2001f3fc  ti_sysbios_heaps_HeapMem_A_heapSize__C                     
2001f400  ti_sysbios_heaps_HeapMem_A_invalidFree__C                  
2001f404  ti_sysbios_heaps_HeapMem_A_zeroBlock__C                    
2001f408  ti_sysbios_heaps_HeapMem_E_memory__C                       
2001f40c  ti_sysbios_heaps_HeapMem_Module__diagsEnabled__C           
2001f410  ti_sysbios_heaps_HeapMem_Module__diagsIncluded__C          
2001f414  ti_sysbios_heaps_HeapMem_Module__diagsMask__C              
2001f418  ti_sysbios_heaps_HeapMem_Module__gateObj__C                
2001f41c  ti_sysbios_heaps_HeapMem_Object__count__C                  
2001f420  ti_sysbios_heaps_HeapMem_reqAlign__C                       
2001f424  ti_sysbios_knl_Clock_A_badThreadType__C                    
2001f428  ti_sysbios_knl_Clock_Module_State_clockQ__O                
2001f42c  ti_sysbios_knl_Clock_Module__diagsEnabled__C               
2001f430  ti_sysbios_knl_Clock_Module__diagsIncluded__C              
2001f434  ti_sysbios_knl_Clock_Module__diagsMask__C                  
2001f438  ti_sysbios_knl_Clock_tickPeriod__C                         
2001f43c  ti_sysbios_knl_Mailbox_A_invalidBufSize__C                 
2001f440  ti_sysbios_knl_Mailbox_Instance_State_dataQue__O           
2001f444  ti_sysbios_knl_Mailbox_Instance_State_dataSem__O           
2001f448  ti_sysbios_knl_Mailbox_Instance_State_freeQue__O           
2001f44c  ti_sysbios_knl_Mailbox_Instance_State_freeSem__O           
2001f450  ti_sysbios_knl_Mailbox_Module__diagsEnabled__C             
2001f454  ti_sysbios_knl_Mailbox_Module__diagsIncluded__C            
2001f458  ti_sysbios_knl_Mailbox_Module__diagsMask__C                
2001f45c  ti_sysbios_knl_Mailbox_Object__count__C                    
2001f460  ti_sysbios_knl_Mailbox_maxTypeAlign__C                     
2001f464  ti_sysbios_knl_Semaphore_A_badContext__C                   
2001f468  ti_sysbios_knl_Semaphore_A_noEvents__C                     
2001f46c  ti_sysbios_knl_Semaphore_A_overflow__C                     
2001f470  ti_sysbios_knl_Semaphore_A_pendTaskDisabled__C             
2001f474  ti_sysbios_knl_Semaphore_Instance_State_pendQ__O           
2001f478  ti_sysbios_knl_Semaphore_Module__diagsEnabled__C           
2001f47c  ti_sysbios_knl_Semaphore_Module__diagsIncluded__C          
2001f480  ti_sysbios_knl_Semaphore_Module__diagsMask__C              
2001f484  ti_sysbios_knl_Swi_Object__count__C                        
2001f488  ti_sysbios_knl_Task_A_badPriority__C                       
2001f48c  ti_sysbios_knl_Task_A_badTaskState__C                      
2001f490  ti_sysbios_knl_Task_A_badThreadType__C                     
2001f494  ti_sysbios_knl_Task_A_badTimeout__C                        
2001f498  ti_sysbios_knl_Task_A_noPendElem__C                        
2001f49c  ti_sysbios_knl_Task_A_sleepTaskDisabled__C                 
2001f4a0  ti_sysbios_knl_Task_E_spOutOfBounds__C                     
2001f4a4  ti_sysbios_knl_Task_E_stackOverflow__C                     
2001f4a8  ti_sysbios_knl_Task_Module_State_inactiveQ__O              
2001f4ac  ti_sysbios_knl_Task_Module__diagsEnabled__C                
2001f4b0  ti_sysbios_knl_Task_Module__diagsIncluded__C               
2001f4b4  ti_sysbios_knl_Task_Module__diagsMask__C                   
2001f4b8  ti_sysbios_knl_Task_Object__count__C                       
2001f4bc  ti_sysbios_knl_Task_allBlockedFunc__C                      
2001f4c0  ti_sysbios_knl_Task_defaultStackHeap__C                    
2001f4c4  ti_sysbios_knl_Task_defaultStackSize__C                    
2001f4c8  ti_sysbios_knl_Task_numConstructedTasks__C                 
2001f4cc  wiFiCC3200HWAttrs                                          
2001f4d0  xdc_runtime_Assert_E_assertFailed__C                       
2001f4d4  xdc_runtime_Core_A_initializedParams__C                    
2001f4d8  xdc_runtime_Core_Module__diagsEnabled__C                   
2001f4dc  xdc_runtime_Core_Module__diagsIncluded__C                  
2001f4e0  xdc_runtime_Core_Module__diagsMask__C                      
2001f4e4  xdc_runtime_Error_E_memory__C                              
2001f4e8  xdc_runtime_Error_Module__diagsEnabled__C                  
2001f4ec  xdc_runtime_Error_Module__diagsIncluded__C                 
2001f4f0  xdc_runtime_Error_Module__diagsMask__C                     
2001f4f4  xdc_runtime_Error_Module__loggerFxn8__C                    
2001f4f8  xdc_runtime_Error_Module__loggerObj__C                     
2001f4fc  xdc_runtime_Error_policyFxn__C                             
2001f500  xdc_runtime_Error_raiseHook__C                             
2001f504  xdc_runtime_IGateProvider_Interface__BASE__C               
2001f508  xdc_runtime_IHeap_Interface__BASE__C                       
2001f50c  xdc_runtime_IModule_Interface__BASE__C                     
2001f510  xdc_runtime_Log_L_error__C                                 
2001f514  xdc_runtime_Memory_defaultHeapInstance__C                  
2001f518  xdc_runtime_Startup_execImpl__C                            
2001f51c  xdc_runtime_Startup_maxPasses__C                           
2001f520  xdc_runtime_Startup_sfxnRts__C                             
2001f524  xdc_runtime_Startup_sfxnTab__C                             
2001f528  xdc_runtime_SysMin_bufSize__C                              
2001f52c  xdc_runtime_SysMin_outputFunc__C                           
2001f530  xdc_runtime_System_Module__gateObj__C                      
2001f534  xdc_runtime_System_abortFxn__C                             
2001f538  xdc_runtime_System_exitFxn__C                              
2001f53c  xdc_runtime_System_extendFxn__C                            
2001f540  xdc_runtime_System_maxAtexitHandlers__C                    
2001f544  xdc_runtime_Text_charTab__C                                
2001f548  xdc_runtime_Text_nameEmpty__C                              
2001f54c  xdc_runtime_Text_nameStatic__C                             
2001f550  xdc_runtime_Text_nameUnknown__C                            
2001f554  xdc_runtime_Text_nodeTab__C                                
2001f558  xdc_runtime_Text_visitRopeFxn__C                           
2001f55c  ti_sysbios_heaps_HeapMem_Module__id__C                     
2001f55e  ti_sysbios_knl_Clock_Module__id__C                         
2001f560  ti_sysbios_knl_Mailbox_Module__id__C                       
2001f562  ti_sysbios_knl_Semaphore_Module__id__C                     
2001f564  ti_sysbios_knl_Task_Module__id__C                          
2001f566  xdc_runtime_Core_Module__id__C                             
2001f568  xdc_runtime_Error_Module__loggerDefined__C                 
2001f56a  xdc_runtime_Error_maxDepth__C                              
2001f56c  xdc_runtime_Memory_Module__id__C                           
2001f56e  xdc_runtime_SysMin_flushAtExit__C                          
2001f570  xdc_runtime_Text_charCnt__C                                
2001f572  xdc_runtime_Text_isLoaded__C                               
2001f574  xdc_runtime_Text_registryModsLastId__C                     
2001f576  xdc_runtime_Text_unnamedModsLastId__C                      
2001f578  xdc_runtime_Error_policy__C                                
2001f57c  ti_sysbios_knl_Swi_Module_State_0_readyQ__A                
2001f5fc  ti_sysbios_knl_Task_Module_State_0_readyQ__A               
2001f67c  PowerCC3200_module                                         
2001f6d0  ti_sysbios_knl_Task_Object__table__V                       
2001f764  ti_sysbios_knl_Task_Module__state__V                       
2001f7a8  ti_sysbios_gates_GateMutex_Object__table__V                
2001f7e0  ti_sysbios_family_arm_m3_Hwi_Module__state__V              
2001f814  ti_sysbios_family_arm_m3_Timer_Object__table__V            
2001f844  ti_sysbios_knl_Swi_Object__table__V                        
2001f874  ti_sysbios_knl_Clock_Module__state__V                      
2001f8a0  ti_sysbios_BIOS_Module__state__V                           
2001f8c4  ti_sysbios_knl_Swi_Module__state__V                        
2001f8e0  g_H2NSyncPattern                                           
2001f8e8  g_H2NCnysPattern                                           
2001f8f0  g_pCB                                                      
2001f8f4  pPingCallBackFunc                                          
2001f8f8  gFirstCmdMode                                              
2001f8fa  ti_sysbios_family_arm_m3_Hwi_Module_State_0_excActive__A   
2001f8fc  ti_sysbios_family_arm_m3_Hwi_Object__table__V              
2001f914  ti_sysbios_heaps_HeapMem_Object__table__V                  
2001f950  __TI_cleanup_ptr                                           
2001f954  __TI_dtors_ptr                                             
2001f958  __TI_enable_exit_profile_output                            
2001f95c  originFlagX                                                
2001f960  originFlagY                                                
2001f964  insertPen                                                  
2001f968  gpioCallbackFunctions                                      
2001f974  gpioPinConfigs                                             
2001f980  ti_sysbios_family_arm_m3_Timer_Module__state__V            
2001f98c  xdc_runtime_SysMin_Module__state__V                        
2001f998  _lock                                                      
2001f99c  _unlock                                                    
2001f9b0  ti_sysbios_family_arm_m3_Hwi_Module__root__V               
2001f9b8  ti_sysbios_gates_GateHwi_Module__root__V                   
2001f9c0  ti_sysbios_gates_GateMutex_Module__root__V                 
2001f9c8  ti_sysbios_heaps_HeapMem_Module__root__V                   
2001f9d0  ti_sysbios_knl_Clock_Module__root__V                       
2001f9d8  ti_sysbios_knl_Mailbox_Module__root__V                     
2001f9e0  ti_sysbios_knl_Queue_Module__root__V                       
2001f9e8  ti_sysbios_knl_Semaphore_Module__root__V                   
2001f9f0  ti_sysbios_knl_Task_Module__root__V                        
2001f9f8  xdc_runtime_Registry_Module__state__V                      
2001fa00  xdc_runtime_Startup_Module__state__V                       
2001fa08  xdc_runtime_System_Module_State_0_atexitHandlers__A        
2001fa10  xdc_runtime_System_Module__state__V                        
2001fa30  errno                                                      
2001fa34  main_func_sp                                               
2001fa38  ti_sysbios_family_arm_m3_Hwi_Module_State_0_excContext__A  
2001fa3c  ti_sysbios_family_arm_m3_Hwi_Module_State_0_excStack__A    
2001fa40  ti_sysbios_gates_GateHwi_Object__table__V                  
2001fa44  ti_sysbios_knl_Task_Module_State_0_idleTask__A             
2001fa48  xdc_runtime_Memory_Module__state__V                        
2001fa4c  xdc_runtime_Error_Module__state__V                         
2001fa50  __stack                                                    
2001fd50  __STACK_END                                                
2001fd50  __TI_static_base__                                         
2002009c  __TI_Handler_Table_Base                                    
200200a4  __TI_CINIT_Base                                            
200200a4  __TI_Handler_Table_Limit                                   
200200b4  __TI_CINIT_Limit                                           
e000e000  ti_sysbios_family_arm_m3_Hwi_nvic                          
ffffffff  __TI_pprof_out_hndl                                        
ffffffff  __TI_prof_data_size                                        
ffffffff  __TI_prof_data_start                                       
ffffffff  __binit__                                                  
ffffffff  __c_args__                                                 
ffffffff  binit                                                      
UNDEFED   SHT$$INIT_ARRAY$$Base                                      
UNDEFED   SHT$$INIT_ARRAY$$Limit                                     

[1034 symbols]
