******************************************************************************
                  TI ARM Linker PC v15.12.3                    
******************************************************************************
>> Linked Sun Dec 11 13:21:29 2016

OUTPUT FILE NAME:   <CDIO_CC3200.out>
ENTRY POINT SYMBOL: "_c_int00"  address: 2000a159


MEMORY CONFIGURATION

         name            origin    length      used     unused   attr    fill
----------------------  --------  ---------  --------  --------  ----  --------
  SRAM                  20004000   0003c000  0000e163  0002de9d  RW X


SEGMENT ALLOCATION MAP

run origin  load origin   length   init length attrs members
----------  ----------- ---------- ----------- ----- -------
20004000    20004000    0000814a   0000814a    r-x
  20004000    20004000    0000030c   0000030c    r-- .resetVecs
  20004310    20004310    00007e3a   00007e3a    r-x .text
2000c150    2000c150    000034f3   00000000    rw-
  2000c150    2000c150    000034f3   00000000    rw- .bss
2000f644    2000f644    000020a5   000020a5    r--
  2000f644    2000f644    000020a5   000020a5    r-- .const
200116ec    200116ec    00000744   00000000    rw-
  200116ec    200116ec    00000441   00000000    rw- .data
  20011b30    20011b30    00000300   00000000    rw- .stack
20011e30    20011e30    00000344   00000344    r--
  20011e30    20011e30    00000344   00000344    r-- .cinit


SECTION ALLOCATION MAP

 output                                  attributes/
section   page    origin      length       input sections
--------  ----  ----------  ----------   ----------------
.text      0    20004310    00007e3a     
                  20004310    00000430     sysbios.aem4 : BIOS.obj (.text:ti_sysbios_family_arm_m3_Hwi_excDumpRegs__I)
                  20004740    0000034c     ti.targets.arm.rtsarm.aem4 : System.oem4 (.text:xdc_runtime_System_doPrint__I)
                  20004a8c    0000033c     CDIO_CC3200.obj (.text:moveTask)
                  20004dc8    00000324     rtsv7M4_T_le_eabi.lib : trgdrv.obj (.text)
                  200050ec    00000004     tirtosport.aem4 : ClockP_tirtos.oem4 (.text:ClockP_getCpuFreq)
                  200050f0    000002c0     sysbios.aem4 : BIOS.obj (.text:ti_sysbios_knl_Semaphore_pend__E)
                  200053b0    00000254                  : BIOS.obj (.text:ti_sysbios_heaps_HeapMem_free__E)
                  20005604    00000004     tirtosport.aem4 : HwiP_tirtos.oem4 (.text:HwiP_disable)
                  20005608    00000248     sysbios.aem4 : BIOS.obj (.text:ti_sysbios_heaps_HeapMem_alloc__E)
                  20005850    0000022c                  : BIOS.obj (.text:ti_sysbios_knl_Task_Instance_finalize__E)
                  20005a7c    00000208     drivers_cc32xxware.aem4 : UARTCC3200.oem4 (.text:UARTCC3200_open)
                  20005c84    00000004                             : List.oem4 (.text:List_head)
                  20005c88    000001fc     sysbios.aem4 : BIOS.obj (.text:ti_sysbios_family_arm_m3_Hwi_excHandlerMax__I)
                  20005e84    000001f4     rtsv7M4_T_le_eabi.lib : ull_div_t2.obj (.text)
                  20006078    000001c8     sysbios.aem4 : BIOS.obj (.text:ti_sysbios_knl_Task_Instance_init__E)
                  20006240    00000188     power_cc3200_tirtos.aem4 : PowerCC3200_tirtos.oem4 (.text:PowerCC3200_sleepPolicy)
                  200063c8    0000017c     drivers_cc32xxware.aem4 : GPIOCC3200.oem4 (.text:GPIO_setConfig)
                  20006544    00000004                             : List.oem4 (.text:List_next)
                  20006548    00000174     sysbios.aem4 : BIOS.obj (.text:ti_sysbios_family_arm_m3_Hwi_excBusFault__I)
                  200066bc    00000004     CDIO_CC3200_pem4.oem4 (.text:ti_sysbios_BIOS_RtsGateProxy_enter__E)
                  200066c0    00000164     sysbios.aem4 : BIOS.obj (.text:ti_sysbios_family_arm_m3_Hwi_excUsageFault__I)
                  20006824    00000004     CDIO_CC3200_pem4.oem4 (.text:ti_sysbios_BIOS_RtsGateProxy_leave__E)
                  20006828    00000148     sysbios.aem4 : BIOS.obj (.text:ti_sysbios_family_arm_m3_Hwi_excMemFault__I)
                  20006970    0000013c                  : BIOS.obj (.text:ti_sysbios_heaps_HeapMem_Instance_init__E)
                  20006aac    00000134     driverlib.a : prcm.obj (.text:PRCMCC3200MCUInit)
                  20006be0    0000011c     CDIO_CC3200.obj (.text:move)
                  20006cfc    00000004     CDIO_CC3200_pem4.oem4 (.text:ti_sysbios_family_arm_m3_Hwi_destruct)
                  20006d00    0000011c     sysbios.aem4 : BIOS.obj (.text:ti_sysbios_knl_Clock_Instance_init__E)
                  20006e1c    00000118     ti.targets.arm.rtsarm.aem4 : Error.oem4 (.text:xdc_runtime_Error_policyDefault__E)
                  20006f34    00000102     rom_pin_mux_config.obj (.text:PinMuxConfig)
                  20007036    00000002     rtsv7M4_T_le_eabi.lib : i_div0.obj (.text)
                  20007038    00000100     ti.targets.arm.rtsarm.aem4 : Core-mem.oem4 (.text:xdc_runtime_Core_createObject__I)
                  20007138    000000f8                                : Startup.oem4 (.text:xdc_runtime_Startup_startMods__I)
                  20007230    000000f8     CDIO_CC3200_pem4.oem4 (.text:xdc_runtime_System_printfExtend__I)
                  20007328    000000f6     CDIO_CC3200.obj (.text:charToInt)
                  2000741e    00000002     CDIO_CC3200_pem4.oem4 (.text:ti_sysbios_BIOS_nullFunc__I)
                  20007420    000000f0     CDIO_CC3200.obj (.text:main)
                  20007510    000000ec     sysbios.aem4 : BIOS.obj (.text:ti_sysbios_knl_Semaphore_post__E)
                  200075fc    000000e0     drivers_cc32xxware.aem4 : PWMTimerCC3200.oem4 (.text:PWMTimerCC3200_open)
                  200076dc    000000d0     gpio_if.obj (.text:GPIO_IF_LedOff)
                  200077ac    000000d0     drivers_cc32xxware.aem4 : GPIOCC3200.oem4 (.text:powerNotifyFxn)
                  2000787c    000000d0     sysbios.aem4 : m3_Hwi_asm.obj (.text:ti_sysbios_family_arm_m3_Hwi_dispatch__I)
                  2000794c    000000cc     ti.targets.arm.rtsarm.aem4 : Core-smem.oem4 (.text:xdc_runtime_Core_constructObject__I)
                  20007a18    000000bc     sysbios.aem4 : BIOS.obj (.text:ti_sysbios_family_arm_m3_Hwi_excDebugMon__I)
                  20007ad4    00000004     CDIO_CC3200_pem4.oem4 (.text:ti_sysbios_family_arm_m3_TaskSupport_Module__startupDone__S)
                  20007ad8    000000bc     sysbios.aem4 : BIOS.obj (.text:ti_sysbios_family_arm_m3_Hwi_excHardFault__I)
                  20007b94    000000b8     drivers_cc32xxware.aem4 : PWMTimerCC3200.oem4 (.text:PWMTimerCC3200_setDuty)
                  20007c4c    00000004     CDIO_CC3200_pem4.oem4 (.text:ti_sysbios_heaps_HeapMem_Module_GateProxy_enter__E)
                  20007c50    000000b4     sysbios.aem4 : BIOS.obj (.text:ti_sysbios_gates_GateMutex_enter__E)
                  20007d04    00000004     CDIO_CC3200_pem4.oem4 (.text:ti_sysbios_heaps_HeapMem_Module_GateProxy_leave__E)
                  20007d08    000000b4     sysbios.aem4 : BIOS.obj (.text:ti_sysbios_knl_Task_checkStacks__E)
                  20007dbc    00000004     CDIO_CC3200_pem4.oem4 (.text:ti_sysbios_knl_Clock_TimerProxy_getMaxTicks__E)
                  20007dc0    000000a8     sysbios.aem4 : BIOS.obj (.text:ti_sysbios_knl_Task_postInit__I)
                  20007e68    000000a4                  : BIOS.obj (.text:ti_sysbios_knl_Clock_Instance_finalize__E)
                  20007f0c    000000a2     drivers_cc32xxware.aem4 : UARTCC3200.oem4 (.text:UARTCC3200_write)
                  20007fae    00000002     CDIO_CC3200_pem4.oem4 (.text:xdc_runtime_Startup_reset__I)
                  20007fb0    000000a0     auto_init.aem4 : auto_init.oem4 (.text)
                  20008050    000000a0     ti.targets.arm.rtsarm.aem4 : Text.oem4 (.text:xdc_runtime_Text_putMod__E)
                  200080f0    0000009e     drivers_cc32xxware.aem4 : UARTCC3200.oem4 (.text:readTaskBlocking)
                  2000818e    0000009c     rtsv7M4_T_le_eabi.lib : memcpy_t2.obj (.text)
                  2000822a    00000006     drivers_cc32xxware.aem4 : PWMTimerCC3200.oem4 (.text:PWMTimerCC3200_getPeriodMicroSecs)
                  20008230    0000009c     sysbios.aem4 : BIOS.obj (.text:ti_sysbios_knl_Semaphore_Instance_init__E)
                  200082cc    0000009a     ti.targets.arm.rtsarm.aem4 : Text.oem4 (.text:xdc_runtime_Text_putSite__E)
                  20008366    00000098     drivers_cc32xxware.aem4 : UARTCC3200.oem4 (.text:UARTCC3200_control)
                  200083fe    00000098                             : UARTCC3200.oem4 (.text:UARTCC3200_readPolling)
                  20008496    00000002     --HOLE-- [fill = 0]
                  20008498    00000094     sysbios.aem4 : BIOS.obj (.text:ti_sysbios_family_arm_m3_Hwi_Instance_init__E)
                  2000852c    00000090     drivers_cc32xxware.aem4 : PowerCC3200.oem4 (.text:restoreNVICRegs)
                  200085bc    0000008a                             : UARTCC3200.oem4 (.text:readIsrTextBlocking)
                  20008646    00000002     --HOLE-- [fill = 0]
                  20008648    00000088     driverlib.a : pin.obj (.text:PinConfigSet)
                  200086d0    00000088     drivers_cc32xxware.aem4 : UARTCC3200.oem4 (.text:UARTCC3200_close)
                  20008758    00000088     sysbios.aem4 : BIOS.obj (.text:ti_sysbios_family_arm_m3_Hwi_initNVIC__E)
                  200087e0    00000084     drivers_cc32xxware.aem4 : GPIOCC3200.oem4 (.text:GPIO_init)
                  20008864    00000084                             : PowerCC3200.oem4 (.text:saveNVICRegs)
                  200088e8    00000084     sysbios.aem4 : BIOS.obj (.text:ti_sysbios_family_arm_m3_Hwi_postInit__I)
                  2000896c    00000082     driverlib.a : gpio.obj (.text:GPIOIntTypeSet)
                  200089ee    00000082     drivers_cc32xxware.aem4 : UARTCC3200.oem4 (.text:readIsrTextCallback)
                  20008a70    0000007a                             : UARTCC3200.oem4 (.text:readTaskCallback)
                  20008aea    0000007a     rtsv7M4_T_le_eabi.lib : memset_t2.obj (.text)
                  20008b64    00000076     driverlib.a : uart.obj (.text:UARTConfigSetExpClk)
                  20008bda    00000006                 : utils.obj (.text:UtilsDelay)
                  20008be0    00000074     sysbios.aem4 : BIOS.obj (.text:ti_sysbios_knl_Clock_start__E)
                  20008c54    00000070     drivers_cc32xxware.aem4 : PWMTimerCC3200.oem4 (.text:PWMTimerCC3200_control)
                  20008cc4    00000070                             : PowerCC3200.oem4 (.text:Power_sleep)
                  20008d34    0000006d     ti.targets.arm.rtsarm.aem4 : System.oem4 (.text:xdc_runtime_System_formatNum__I)
                  20008da1    00000003     --HOLE-- [fill = 0]
                  20008da4    0000006c     drivers_cc32xxware.aem4 : UARTCC3200.oem4 (.text:initHw)
                  20008e10    0000006c     sysbios.aem4 : BIOS.obj (.text:ti_sysbios_knl_Clock_workFunc__E)
                  20008e7c    00000004     CDIO_CC3200_pem4.oem4 (.text:ti_sysbios_knl_Clock_TimerProxy_setPeriodMicroSecs__E)
                  20008e80    0000006c     sysbios.aem4 : BIOS.obj (.text:ti_sysbios_knl_Swi_restoreHwi__E)
                  20008eec    00000004     CDIO_CC3200_pem4.oem4 (.text:ti_sysbios_knl_Clock_TimerProxy_start__E)
                  20008ef0    0000006c     sysbios.aem4 : BIOS.obj (.text:ti_sysbios_knl_Task_exit__E)
                  20008f5c    0000006c     ti.targets.arm.rtsarm.aem4 : Error.oem4 (.text:xdc_runtime_Error_print__E)
                  20008fc8    0000006c                                : Memory.oem4 (.text:xdc_runtime_Memory_alloc__E)
                  20009034    0000006a     rtsv7M4_T_le_eabi.lib : copy_decompress_rle.obj (.text)
                  2000909e    00000002     --HOLE-- [fill = 0]
                  200090a0    00000068     driverlib.a : prcm.obj (.text:PRCMHibernateWakeUpGPIOSelect)
                  20009108    00000068     rtsv7M4_T_le_eabi.lib : trgmsg.obj (.text)
                  20009170    00000068     drivers_cc32xxware.aem4 : UARTCC3200.oem4 (.text:writeData)
                  200091d8    00000066     ti.targets.arm.rtsarm.aem4 : Core-mem.oem4 (.text:xdc_runtime_Core_deleteObject__I)
                  2000923e    00000002     --HOLE-- [fill = 0]
                  20009240    00000064     drivers_cc32xxware.aem4 : GPIOCC3200.oem4 (.text:GPIO_hwiIntFxn)
                  200092a4    00000004     CDIO_CC3200_pem4.oem4 (.text:ti_sysbios_knl_Clock_TimerProxy_stop__E)
                  200092a8    00000064     sysbios.aem4 : BIOS.obj (.text:ti_sysbios_family_arm_m3_Hwi_dispatchC__I)
                  2000930c    00000062     tirtosport.aem4 : HwiP_tirtos.oem4 (.text:HwiP_create)
                  2000936e    00000002     --HOLE-- [fill = 0]
                  20009370    00000060     sysbios.aem4 : BIOS.obj (.text:ti_sysbios_knl_Task_schedule__I)
                  200093d0    0000005e     drivers_cc32xxware.aem4 : UARTCC3200.oem4 (.text:readIsrBinaryBlocking)
                  2000942e    00000002     --HOLE-- [fill = 0]
                  20009430    0000005c     sysbios.aem4 : BIOS.obj (.text:ti_sysbios_knl_Swi_run__I)
                  2000948c    00000004     CDIO_CC3200_pem4.oem4 (.text:ti_sysbios_knl_Clock_destruct)
                  20009490    0000005c     sysbios.aem4 : BIOS.obj (.text:ti_sysbios_knl_Swi_schedule__I)
                  200094ec    00000004     CDIO_CC3200_pem4.oem4 (.text:ti_sysbios_knl_Queue_destruct)
                  200094f0    0000005c     sysbios.aem4 : BIOS.obj (.text:ti_sysbios_knl_Task_Module_startup__E)
                  2000954c    00000004     CDIO_CC3200_pem4.oem4 (.text:ti_sysbios_knl_Semaphore_destruct)
                  20009550    0000005c     sysbios.aem4 : BIOS.obj (.text:ti_sysbios_knl_Task_startCore__E)
                  200095ac    0000005b     ti.targets.arm.rtsarm.aem4 : Text.oem4 (.text:xdc_runtime_Text_putLab__E)
                  20009607    00000001     --HOLE-- [fill = 0]
                  20009608    0000005a     tirtosport.aem4 : ClockP_tirtos.oem4 (.text:ClockP_create)
                  20009662    00000002     --HOLE-- [fill = 0]
                  20009664    00000058     driverlib.a : prcm.obj (.text:PRCMPeripheralReset)
                  200096bc    00000058     drivers_cc32xxware.aem4 : PowerCC3200.oem4 (.text:Power_init)
                  20009714    00000058     tirtosport.aem4 : SemaphoreP_tirtos.oem4 (.text:SemaphoreP_create)
                  2000976c    00000058     CDIO_CC3200_pem4.oem4 (.text:ti_sysbios_family_arm_m3_Hwi_construct)
                  200097c4    00000054     drivers_cc32xxware.aem4 : UARTCC3200.oem4 (.text:UARTCC3200_writeCancel)
                  20009818    00000054                             : UARTCC3200.oem4 (.text:readIsrBinaryCallback)
                  2000986c    00000054     rtsv7M4_T_le_eabi.lib : exit.obj (.text)
                  200098c0    00000054     sysbios.aem4 : BIOS.obj (.text:ti_sysbios_family_arm_m3_Timer_setPeriod__E)
                  20009914    00000004     ti.targets.arm.rtsarm.aem4 : Error.oem4 (.text:xdc_runtime_Error_getSite__E)
                  20009918    00000054     sysbios.aem4 : BIOS.obj (.text:ti_sysbios_family_arm_m3_Timer_start__E)
                  2000996c    00000054     CDIO_CC3200_pem4.oem4 (.text:ti_sysbios_knl_Task_construct)
                  200099c0    00000054     ti.targets.arm.rtsarm.aem4 : Assert.oem4 (.text:xdc_runtime_Assert_raise__I)
                  20009a14    00000004     CDIO_CC3200_pem4.oem4 (.text:xdc_runtime_System_Module_GateProxy_enter__E)
                  20009a18    00000050     sysbios.aem4 : BIOS.obj (.text:ti_sysbios_family_arm_m3_Hwi_Module_startup__E)
                  20009a68    00000050     ti.targets.arm.rtsarm.aem4 : Startup.oem4 (.text:xdc_runtime_Startup_exec__E)
                  20009ab8    00000050                                : Text.oem4 (.text:xdc_runtime_Text_visitRope2__I)
                  20009b08    0000004c     gpio_if.obj (.text:GPIO_IF_GetPortNPin)
                  20009b54    0000004c     drivers_cc32xxware.aem4 : GPIOCC3200.oem4 (.text:GPIO_setCallback)
                  20009ba0    0000004c     rtsv7M4_T_le_eabi.lib : cpy_tbl.obj (.text)
                  20009bec    0000004c     sysbios.aem4 : m3_TaskSupport_asm.obj (.text:ti_sysbios_family_arm_m3_TaskSupport_buildTaskStack)
                  20009c38    0000004c                  : BIOS.obj (.text:ti_sysbios_family_arm_m3_Timer_setPeriodMicroSecs__E)
                  20009c84    00000004     CDIO_CC3200_pem4.oem4 (.text:xdc_runtime_System_Module_GateProxy_leave__E)
                  20009c88    0000004c     sysbios.aem4 : BIOS.obj (.text:ti_sysbios_heaps_HeapMem_getStats__E)
                  20009cd4    00000004     ti.targets.arm.rtsarm.aem4 : System.oem4 (.text:xdc_runtime_System_aprintf_va__F)
                  20009cd8    0000004c     sysbios.aem4 : BIOS.obj (.text:ti_sysbios_knl_Swi_runLoop__I)
                  20009d24    00000004     ti.targets.arm.rtsarm.aem4 : System.oem4 (.text:xdc_runtime_System_printf_va__F)
                  20009d28    0000004c     sysbios.aem4 : BIOS.obj (.text:ti_sysbios_knl_Task_allBlockedFunction__I)
                  20009d74    00000048     driverlib.a : flash.obj (.text:FlashDisable)
                  20009dbc    00000048                 : prcm.obj (.text:PRCMHibernateWakeupSourceEnable)
                  20009e04    00000048                 : pin.obj (.text:PinConfigGet)
                  20009e4c    00000048     drivers_cc32xxware.aem4 : PowerCC3200.oem4 (.text:notify)
                  20009e94    00000004     --HOLE-- [fill = 0]
                  20009e98    00000048     sysbios.aem4 : BIOS.obj (.text:ti_sysbios_family_arm_m3_Hwi_disableInterrupt__E)
                  20009ee0    00000048                  : BIOS.obj (.text:ti_sysbios_family_arm_m3_Hwi_enableInterrupt__E)
                  20009f28    00000048                  : BIOS.obj (.text:ti_sysbios_family_arm_m3_Hwi_excReserved__I)
                  20009f70    00000048                  : m3_Hwi_asm_switch.obj (.text:ti_sysbios_family_arm_m3_Hwi_initStacks__E)
                  20009fb8    00000048                  : BIOS.obj (.text:ti_sysbios_family_arm_m3_Timer_initDevice__I)
                  2000a000    00000046     drivers_cc32xxware.aem4 : RingBuf.oem4 (.text:RingBuf_put)
                  2000a046    00000046     ti.targets.arm.rtsarm.aem4 : Core-params.oem4 (.text:xdc_runtime_Core_assignParams__I)
                  2000a08c    00000044     driverlib.a : prcm.obj (.text:PRCMLPDSEnter)
                  2000a0d0    00000044     drivers_cc32xxware.aem4 : PowerCC3200_asm.oem4 (.text:PowerCC3200_enterLPDS)
                  2000a114    00000044                             : UARTCC3200.oem4 (.text:UARTCC3200_hwiIntFxn)
                  2000a158    00000044     boot.aem4 : boot.oem4 (.text)
                  2000a19c    00000004     --HOLE-- [fill = 0]
                  2000a1a0    00000044     sysbios.aem4 : BIOS.obj (.text:ti_sysbios_family_arm_m3_Hwi_getStackInfo__E)
                  2000a1e4    00000004     --HOLE-- [fill = 0]
                  2000a1e8    00000044                  : BIOS.obj (.text:ti_sysbios_knl_Swi_post__E)
                  2000a22c    00000044     ti.targets.arm.rtsarm.aem4 : Error.oem4 (.text:xdc_runtime_Error_setX__E)
                  2000a270    00000044                                : SysMin.oem4 (.text:xdc_runtime_SysMin_flush__E)
                  2000a2b4    00000044                                : Text.oem4 (.text:xdc_runtime_Text_xprintf__I)
                  2000a2f8    00000042     drivers_cc32xxware.aem4 : PowerCC3200_asm.oem4 (.text:PowerCC3200_resumeLPDS)
                  2000a33a    00000042                             : UARTCC3200.oem4 (.text:UARTCC3200_writePolling)
                  2000a37c    00000040                             : GPIOCC3200.oem4 (.text:GPIO_enableInt)
                  2000a3bc    00000040     driverlib.a : pin.obj (.text:PinModeSet)
                  2000a3fc    00000040     drivers_cc32xxware.aem4 : PowerCC3200.oem4 (.text:Power_setDependency)
                  2000a43c    00000040                             : RingBuf.oem4 (.text:RingBuf_get)
                  2000a47c    00000040                             : UARTCC3200.oem4 (.text:UARTCC3200_read)
                  2000a4bc    00000040     rtsv7M4_T_le_eabi.lib : u_divt2.obj (.text)
                  2000a4fc    00000004     --HOLE-- [fill = 0]
                  2000a500    00000040     sysbios.aem4 : BIOS.obj (.text:ti_sysbios_family_arm_m3_Timer_Module_startup__E)
                  2000a540    0000003c     driverlib.a : prcm.obj (.text:PRCMPeripheralClkEnable)
                  2000a57c    0000003c                 : prcm.obj (.text:PRCMSlowClkCtrFastGet)
                  2000a5b8    0000003c                 : pin.obj (.text:PinDirModeSet)
                  2000a5f4    00000004     --HOLE-- [fill = 0]
                  2000a5f8    0000003c     sysbios.aem4 : BIOS.obj (.text:ti_sysbios_family_arm_m3_Hwi_excSvCall__I)
                  2000a634    00000004     --HOLE-- [fill = 0]
                  2000a638    0000003c                  : BIOS.obj (.text:ti_sysbios_heaps_HeapMem_init__I)
                  2000a674    00000004     --HOLE-- [fill = 0]
                  2000a678    0000003c                  : BIOS.obj (.text:ti_sysbios_knl_Clock_walkQueuePeriodic__E)
                  2000a6b4    00000004     --HOLE-- [fill = 0]
                  2000a6b8    0000003c                  : BIOS.obj (.text:ti_sysbios_knl_Swi_restore__E)
                  2000a6f4    00000004     --HOLE-- [fill = 0]
                  2000a6f8    0000003c                  : BIOS.obj (.text:ti_sysbios_knl_Swi_startup__E)
                  2000a734    0000003a     gpio_if.obj (.text:GPIO_IF_Set)
                  2000a76e    00000002     --HOLE-- [fill = 0]
                  2000a770    00000038     driverlib.a : prcm.obj (.text:PRCMIntEnable)
                  2000a7a8    00000038     drivers_cc32xxware.aem4 : PWM.oem4 (.text:PWM_init)
                  2000a7e0    00000038     power_cc3200_tirtos.aem4 : PowerCC3200_tirtos.oem4 (.text:PowerCC3200_initPolicy)
                  2000a818    00000038     drivers_cc32xxware.aem4 : UART.oem4 (.text:UART_init)
                  2000a850    00000038     sysbios.aem4 : BIOS.obj (.text:ti_sysbios_family_arm_m3_Hwi_excNoIsr__I)
                  2000a888    00000038                  : BIOS.obj (.text:ti_sysbios_knl_Task_processVitalTaskFlag__I)
                  2000a8c0    00000038     ti.targets.arm.rtsarm.aem4 : SysMin.oem4 (.text:xdc_runtime_SysMin_putch__E)
                  2000a8f8    00000038                                : System.oem4 (.text:xdc_runtime_System_atexit__E)
                  2000a930    00000036     driverlib.a : gpio.obj (.text:GPIODirModeSet)
                  2000a966    00000036                 : timer.obj (.text:TimerControlLevel)
                  2000a99c    00000036     drivers_cc32xxware.aem4 : UARTCC3200.oem4 (.text:UARTCC3200_readCancel)
                  2000a9d2    00000002     --HOLE-- [fill = 0]
                  2000a9d4    00000034     driverlib.a : prcm.obj (.text:PRCMPeripheralStatusGet)
                  2000aa08    00000034                 : prcm.obj (.text:PRCMSRAMRetentionEnable)
                  2000aa3c    00000034     drivers_cc32xxware.aem4 : PowerCC3200.oem4 (.text:Power_releaseDependency)
                  2000aa70    00000034     power_cc3200_tirtos.aem4 : PowerCC3200_tirtos.oem4 (.text:getCountsRTC)
                  2000aaa4    00000034     drivers_cc32xxware.aem4 : PWMTimerCC3200.oem4 (.text:getPowerMgrId)
                  2000aad8    00000034                             : PowerCC3200.oem4 (.text:restorePeriphClocks)
                  2000ab0c    00000004     --HOLE-- [fill = 0]
                  2000ab10    00000034     sysbios.aem4 : BIOS.obj (.text:ti_sysbios_family_arm_m3_Hwi_Instance_finalize__E)
                  2000ab44    00000004     --HOLE-- [fill = 0]
                  2000ab48    00000034                  : BIOS.obj (.text:ti_sysbios_family_arm_m3_Hwi_excNmi__I)
                  2000ab7c    00000004     --HOLE-- [fill = 0]
                  2000ab80    00000034                  : BIOS.obj (.text:ti_sysbios_family_arm_m3_Timer_periodicStub__I)
                  2000abb4    00000004     --HOLE-- [fill = 0]
                  2000abb8    00000034                  : BIOS.obj (.text:ti_sysbios_hal_Hwi_checkStack)
                  2000abec    00000034     CDIO_CC3200_pem4.oem4 (.text:ti_sysbios_knl_Clock_construct)
                  2000ac20    00000034     ti.targets.arm.rtsarm.aem4 : Core-label.oem4 (.text:xdc_runtime_Core_assignLabel__I)
                  2000ac54    00000033                                : Text.oem4 (.text:xdc_runtime_Text_printVisFxn__I)
                  2000ac87    00000001     --HOLE-- [fill = 0]
                  2000ac88    00000032     sysbios.aem4 : BIOS.obj (.text:ti_sysbios_hal_Hwi_initStack)
                  2000acba    00000002     --HOLE-- [fill = 0]
                  2000acbc    00000030     drivers_cc32xxware.aem4 : PWM.oem4 (.text:PWM_open)
                  2000acec    00000030     driverlib.a : pin.obj (.text:PinTypeGPIO)
                  2000ad1c    00000030     drivers_cc32xxware.aem4 : PowerCC3200.oem4 (.text:Power_releaseConstraint)
                  2000ad4c    00000030                             : PowerCC3200.oem4 (.text:Power_setConstraint)
                  2000ad7c    00000030     driverlib.a : uart.obj (.text:UARTDisable)
                  2000adac    00000030     drivers_cc32xxware.aem4 : UART.oem4 (.text:UART_open)
                  2000addc    00000030     CDIO_CC3200_pem4.oem4 (.text:ti_sysbios_BIOS_atExitFunc__I)
                  2000ae0c    00000004     --HOLE-- [fill = 0]
                  2000ae10    00000030     sysbios.aem4 : BIOS.obj (.text:ti_sysbios_family_arm_m3_TaskSupport_start__E)
                  2000ae40    00000030     CDIO_CC3200_pem4.oem4 (.text:ti_sysbios_gates_GateHwi_Object__create__S)
                  2000ae70    00000030     CDIO_CC3200_pem4.oem4 (.text:ti_sysbios_gates_GateMutex_Object__create__S)
                  2000aea0    00000030     CDIO_CC3200_pem4.oem4 (.text:ti_sysbios_heaps_HeapMem_Object__create__S)
                  2000aed0    00000030     CDIO_CC3200_pem4.oem4 (.text:ti_sysbios_knl_Semaphore_construct)
                  2000af00    00000030     sysbios.aem4 : BIOS.obj (.text:ti_sysbios_knl_Semaphore_pendTimeout__I)
                  2000af30    00000030                  : BIOS.obj (.text:ti_sysbios_knl_Task_unblockI__E)
                  2000af60    00000030     ti.targets.arm.rtsarm.aem4 : SysMin.oem4 (.text:xdc_runtime_SysMin_abort__E)
                  2000af90    00000030                                : System.oem4 (.text:xdc_runtime_System_processAtExit__E)
                  2000afc0    0000002e     drivers_cc32xxware.aem4 : PWMTimerCC3200.oem4 (.text:PWMTimerCC3200_close)
                  2000afee    00000002     --HOLE-- [fill = 0]
                  2000aff0    0000002c     driverlib.a : prcm.obj (.text:PRCMLPDSIntervalSet)
                  2000b01c    0000002c                 : prcm.obj (.text:PRCMSysResetCauseGet)
                  2000b048    0000002c     CDIO_CC3200_pem4.oem4 (.text:ti_sysbios_knl_Clock_doTick__I)
                  2000b074    0000002c     CDIO_CC3200_pem4.oem4 (.text:ti_sysbios_knl_Queue_construct)
                  2000b0a0    0000002c     sysbios.aem4 : BIOS.obj (.text:ti_sysbios_knl_Task_restore__E)
                  2000b0cc    0000002c     ti.targets.arm.rtsarm.aem4 : Text.oem4 (.text:xdc_runtime_Text_cordText__E)
                  2000b0f8    0000002a     driverlib.a : timer.obj (.text:TimerLoadSet)
                  2000b122    0000002a                 : timer.obj (.text:TimerMatchSet)
                  2000b14c    0000002a                 : timer.obj (.text:TimerPrescaleMatchSet)
                  2000b176    0000002a                 : timer.obj (.text:TimerPrescaleSet)
                  2000b1a0    0000002a     ti.targets.arm.rtsarm.aem4 : System.oem4 (.text:xdc_runtime_System_putchar__I)
                  2000b1ca    00000002     --HOLE-- [fill = 0]
                  2000b1cc    00000028     driverlib.a : prcm.obj (.text:PRCMLPDSWakeupSourceEnable)
                  2000b1f4    00000028                 : prcm.obj (.text:PRCMPeripheralClkDisable)
                  2000b21c    00000028     drivers_cc32xxware.aem4 : PowerCC3200.oem4 (.text:Power_registerNotify)
                  2000b244    00000028                             : UARTCC3200.oem4 (.text:releasePowerConstraint)
                  2000b26c    00000004     --HOLE-- [fill = 0]
                  2000b270    00000028     sysbios.aem4 : BIOS.obj (.text:ti_sysbios_knl_Swi_Module_startup__E)
                  2000b298    00000026     drivers_cc32xxware.aem4 : List.oem4 (.text:List_put)
                  2000b2be    00000026     ti.targets.arm.rtsarm.aem4 : System.oem4 (.text:xdc_runtime_System_avprintf__E)
                  2000b2e4    00000024     driverlib.a : prcm.obj (.text:PRCMLPDSWakeUpGPIOSelect)
                  2000b308    00000024                 : uart.obj (.text:UARTCharPutNonBlocking)
                  2000b32c    00000024                 : uart.obj (.text:UARTEnable)
                  2000b350    00000024     CDIO_CC3200_pem4.oem4 (.text:ti_sysbios_BIOS_errorRaiseHook__I)
                  2000b374    00000024     CDIO_CC3200_pem4.oem4 (.text:ti_sysbios_BIOS_registerRTSLock__I)
                  2000b398    00000024     CDIO_CC3200_pem4.oem4 (.text:ti_sysbios_BIOS_removeRTSLock__I)
                  2000b3bc    00000024     CDIO_CC3200_pem4.oem4 (.text:ti_sysbios_BIOS_startFunc__I)
                  2000b3e0    00000024     sysbios.aem4 : BIOS.obj (.text:ti_sysbios_family_arm_m3_Hwi_doTaskRestore__I)
                  2000b404    00000004     --HOLE-- [fill = 0]
                  2000b408    00000024                  : BIOS.obj (.text:ti_sysbios_family_arm_m3_Timer_startup__E)
                  2000b42c    00000024     CDIO_CC3200_pem4.oem4 (.text:ti_sysbios_gates_GateMutex_Object__delete__S)
                  2000b450    00000024     sysbios.aem4 : BIOS.obj (.text:ti_sysbios_knl_Clock_Module_startup__E)
                  2000b474    00000024     ti.targets.arm.rtsarm.aem4 : System.oem4 (.text:xdc_runtime_System_vprintf__E)
                  2000b498    00000022     driverlib.a : gpio.obj (.text:GPIOIntStatus)
                  2000b4ba    00000022     CDIO_CC3200_pem4.oem4 (.text:xdc_runtime_SysMin_output__I)
                  2000b4dc    00000020     driverlib.a : gpio.obj (.text:GPIOPinWrite)
                  2000b4fc    00000020                 : prcm.obj (.text:PRCMLPDSRestoreInfoSet)
                  2000b51c    00000020     drivers_cc32xxware.aem4 : PowerCC3200.oem4 (.text:Power_idleFunc)
                  2000b53c    00000020                             : PowerCC3200.oem4 (.text:Power_unregisterNotify)
                  2000b55c    00000020     CDIO_CC3200.obj (.text:brytarIntX)
                  2000b57c    00000020     CDIO_CC3200.obj (.text:brytarIntY)
                  2000b59c    00000020     drivers_cc32xxware.aem4 : UARTCC3200.oem4 (.text:getPowerMgrId)
                  2000b5bc    00000020     CDIO_CC3200_pem4.oem4 (.text:ti_sysbios_BIOS_rtsLock__I)
                  2000b5dc    00000020     sysbios.aem4 : m3_Hwi_asm.obj (.text:ti_sysbios_family_arm_m3_Hwi_excHandlerAsm__I)
                  2000b5fc    00000004     --HOLE-- [fill = 0]
                  2000b600    00000020                  : BIOS.obj (.text:ti_sysbios_family_arm_m3_Hwi_excHandler__I)
                  2000b620    00000020     CDIO_CC3200_pem4.oem4 (.text:ti_sysbios_gates_GateHwi_Object__delete__S)
                  2000b640    00000020     CDIO_CC3200_pem4.oem4 (.text:ti_sysbios_heaps_HeapMem_Object__delete__S)
                  2000b660    00000020     CDIO_CC3200_pem4.oem4 (.text:ti_sysbios_knl_Clock_Object__destruct__S)
                  2000b680    00000020     sysbios.aem4 : BIOS.obj (.text:ti_sysbios_knl_Idle_run__E)
                  2000b6a0    00000020     CDIO_CC3200_pem4.oem4 (.text:ti_sysbios_knl_Semaphore_Object__destruct__S)
                  2000b6c0    00000020     ti.targets.arm.rtsarm.aem4 : Registry.oem4 (.text:xdc_runtime_Registry_findById__E)
                  2000b6e0    00000020                                : SysMin.oem4 (.text:xdc_runtime_SysMin_Module_startup__E)
                  2000b700    0000001e     driverlib.a : timer.obj (.text:TimerDisable)
                  2000b71e    0000001e                 : timer.obj (.text:TimerEnable)
                  2000b73c    0000001e                 : uart.obj (.text:UARTCharPut)
                  2000b75a    0000001e                 : uart.obj (.text:UARTIntStatus)
                  2000b778    0000001e     sysbios.aem4 : m3_Hwi_asm_switch.obj (.text:ti_sysbios_family_xxx_Hwi_switchAndRunFunc)
                  2000b796    0000001c     driverlib.a : uart.obj (.text:UARTCharGetNonBlocking)
                  2000b7b2    0000001c                 : uart.obj (.text:UARTFlowControlSet)
                  2000b7ce    00000002     --HOLE-- [fill = 0]
                  2000b7d0    0000001c     CDIO_CC3200_pem4.oem4 (.text:ti_sysbios_family_arm_m3_Hwi_Object__destruct__S)
                  2000b7ec    00000004     --HOLE-- [fill = 0]
                  2000b7f0    0000001c     sysbios.aem4 : BIOS.obj (.text:ti_sysbios_family_arm_m3_Timer_stop__E)
                  2000b80c    00000004     --HOLE-- [fill = 0]
                  2000b810    0000001c                  : BIOS.obj (.text:ti_sysbios_gates_GateMutex_Instance_init__E)
                  2000b82c    0000001c     CDIO_CC3200_pem4.oem4 (.text:ti_sysbios_knl_Queue_Object__destruct__S)
                  2000b848    0000001c     sysbios.aem4 : BIOS.obj (.text:ti_sysbios_knl_Task_enter__I)
                  2000b864    0000001c     ti.targets.arm.rtsarm.aem4 : Error.oem4 (.text:xdc_runtime_Error_raiseX__E)
                  2000b880    0000001c                                : Memory.oem4 (.text:xdc_runtime_Memory_valloc__E)
                  2000b89c    0000001c                                : SysMin.oem4 (.text:xdc_runtime_SysMin_exit__E)
                  2000b8b8    0000001c                                : System.oem4 (.text:xdc_runtime_System_abort__E)
                  2000b8d4    0000001a     driverlib.a : gpio.obj (.text:GPIOIntEnable)
                  2000b8ee    0000001a     drivers_cc32xxware.aem4 : List.oem4 (.text:List_remove)
                  2000b908    0000001a     driverlib.a : pin.obj (.text:PinTypeTimer)
                  2000b922    0000001a     CDIO_CC3200_pem4.oem4 (.text:ti_sysbios_family_arm_m3_Hwi_Handle__label__S)
                  2000b93c    0000001a     sysbios.aem4 : m3_Hwi_asm.obj (.text:ti_sysbios_family_arm_m3_Hwi_pendSV__I)
                  2000b956    0000001a     CDIO_CC3200_pem4.oem4 (.text:ti_sysbios_gates_GateHwi_Handle__label__S)
                  2000b970    0000001a     CDIO_CC3200_pem4.oem4 (.text:ti_sysbios_gates_GateMutex_Handle__label__S)
                  2000b98a    0000001a     CDIO_CC3200_pem4.oem4 (.text:ti_sysbios_heaps_HeapMem_Handle__label__S)
                  2000b9a4    0000001a     CDIO_CC3200_pem4.oem4 (.text:ti_sysbios_knl_Swi_Handle__label__S)
                  2000b9be    0000001a     CDIO_CC3200_pem4.oem4 (.text:ti_sysbios_knl_Task_Handle__label__S)
                  2000b9d8    0000001a     CDIO_CC3200_pem4.oem4 (.text:xdc_runtime_System_aprintf__E)
                  2000b9f2    0000001a     CDIO_CC3200_pem4.oem4 (.text:xdc_runtime_System_printf__E)
                  2000ba0c    00000018     driverlib.a : uart.obj (.text:UARTBusy)
                  2000ba24    00000018                 : uart.obj (.text:UARTFIFOLevelSet)
                  2000ba3c    00000018                 : uart.obj (.text:UARTIntDisable)
                  2000ba54    00000018                 : uart.obj (.text:UARTIntEnable)
                  2000ba6c    00000018     drivers_cc32xxware.aem4 : UART.oem4 (.text:UART_Params_init)
                  2000ba84    00000018     rtsv7M4_T_le_eabi.lib : args_main.obj (.text)
                  2000ba9c    00000018                           : ll_mul_t2.obj (.text)
                  2000bab4    00000018     CDIO_CC3200_pem4.oem4 (.text:ti_sysbios_BIOS_rtsUnlock__I)
                  2000bacc    00000018     CDIO_CC3200_pem4.oem4 (.text:ti_sysbios_family_arm_m3_Hwi_Module__startupDone__F)
                  2000bae4    00000018     CDIO_CC3200_pem4.oem4 (.text:ti_sysbios_family_arm_m3_Timer_Module__startupDone__F)
                  2000bafc    00000004     --HOLE-- [fill = 0]
                  2000bb00    00000018     sysbios.aem4 : BIOS.obj (.text:ti_sysbios_gates_GateMutex_leave__E)
                  2000bb18    00000018     ti.targets.arm.rtsarm.aem4 : Error.oem4 (.text:xdc_runtime_Error_check__E)
                  2000bb30    00000018                                : System.oem4 (.text:xdc_runtime_System_exit__E)
                  2000bb48    00000018                                : Text.oem4 (.text:xdc_runtime_Text_ropeText__E)
                  2000bb60    00000016     tirtosport.aem4 : ClockP_tirtos.oem4 (.text:ClockP_delete)
                  2000bb76    00000016                     : HwiP_tirtos.oem4 (.text:HwiP_delete)
                  2000bb8c    00000016     driverlib.a : prcm.obj (.text:PRCMHIBRegRead)
                  2000bba2    00000016                 : prcm.obj (.text:PRCMHIBRegWrite)
                  2000bbb8    00000016     tirtosport.aem4 : SemaphoreP_tirtos.oem4 (.text:SemaphoreP_delete)
                  2000bbce    00000016     driverlib.a : uart.obj (.text:UARTCharGet)
                  2000bbe4    00000016     drivers_cc32xxware.aem4 : UARTCC3200.oem4 (.text:startTxFifoEmptyClk)
                  2000bbfa    00000016     CDIO_CC3200_pem4.oem4 (.text:ti_sysbios_BIOS_exitFunc__I)
                  2000bc10    00000016     CDIO_CC3200.obj (.text:ti_sysbios_knl_Task_Params_init)
                  2000bc26    00000014     driverlib.a : cpu.obj (.text:CPUcpsid)
                  2000bc3a    00000014                 : cpu.obj (.text:CPUcpsie)
                  2000bc4e    00000014                 : gpio.obj (.text:GPIOIntClear)
                  2000bc62    00000002     --HOLE-- [fill = 0]
                  2000bc64    00000014     rtsv7M4_T_le_eabi.lib : _lock.obj (.text)
                  2000bc78    00000014                           : strcpy.obj (.text)
                  2000bc8c    00000014                           : strlen.obj (.text)
                  2000bca0    00000014     CDIO_CC3200_pem4.oem4 (.text:ti_sysbios_family_arm_m3_Hwi_Object__get__S)
                  2000bcb4    00000004     --HOLE-- [fill = 0]
                  2000bcb8    00000014     sysbios.aem4 : BIOS.obj (.text:ti_sysbios_family_arm_m3_Hwi_switchFromBootStack__E)
                  2000bccc    00000014     CDIO_CC3200_pem4.oem4 (.text:ti_sysbios_heaps_HeapMem_Object__get__S)
                  2000bce0    00000014     sysbios.aem4 : BIOS.obj (.text:ti_sysbios_knl_Clock_tickReconfig__E)
                  2000bcf4    00000014     CDIO_CC3200_pem4.oem4 (.text:ti_sysbios_knl_Swi_Object__get__S)
                  2000bd08    00000012     tirtosport.aem4 : ClockP_tirtos.oem4 (.text:ClockP_start)
                  2000bd1a    00000012     drivers_cc32xxware.aem4 : RingBuf.oem4 (.text:RingBuf_construct)
                  2000bd2c    00000012     tirtosport.aem4 : SemaphoreP_tirtos.oem4 (.text:SemaphoreP_pend)
                  2000bd3e    00000012     driverlib.a : uart.obj (.text:UARTIntClear)
                  2000bd50    00000012                 : uart.obj (.text:UARTRxErrorGet)
                  2000bd62    00000006     rtsv7M4_T_le_eabi.lib : copy_decompress_rle.obj (.text:decompress:rle24)
                  2000bd68    00000012     sysbios.aem4 : BIOS.obj (.text:ti_sysbios_hal_Hwi_Module_startup__E)
                  2000bd7a    00000012     CDIO_CC3200_pem4.oem4 (.text:xdc_runtime_Startup_exec__I)
                  2000bd8c    00000010     CC3200_LAUNCHXL.obj (.text:CC3200_LAUNCHXL_initGeneral)
                  2000bd9c    00000010     drivers_cc32xxware.aem4 : PWM.oem4 (.text:PWM_Params_init)
                  2000bdac    00000010     driverlib.a : uart.obj (.text:UARTRxErrorClear)
                  2000bdbc    00000010     drivers_cc32xxware.aem4 : UARTCC3200.oem4 (.text:readBlockingTimeout)
                  2000bdcc    00000004     --HOLE-- [fill = 0]
                  2000bdd0    00000010     sysbios.aem4 : BIOS.obj (.text:ti_sysbios_BIOS_getCpuFreq__E)
                  2000bde0    00000010                  : BIOS.obj (.text:ti_sysbios_BIOS_setThreadType__E)
                  2000bdf0    00000010                  : BIOS.obj (.text:ti_sysbios_BIOS_start__E)
                  2000be00    00000010                  : m3_TaskSupport_asm.obj (.text:ti_sysbios_family_arm_m3_TaskSupport_glue)
                  2000be10    00000010                  : m3_TaskSupport_asm.obj (.text:ti_sysbios_family_arm_m3_TaskSupport_swap__E)
                  2000be20    00000010                  : BIOS.obj (.text:ti_sysbios_gates_GateMutex_Instance_finalize__E)
                  2000be30    00000010                  : BIOS.obj (.text:ti_sysbios_knl_Semaphore_Instance_finalize__E)
                  2000be40    00000010                  : BIOS.obj (.text:ti_sysbios_knl_Swi_disable__E)
                  2000be50    00000010     CDIO_CC3200_pem4.oem4 (.text:ti_sysbios_knl_Task_Object__get__S)
                  2000be60    00000010     sysbios.aem4 : BIOS.obj (.text:ti_sysbios_knl_Task_disable__E)
                  2000be70    00000010     ti.targets.arm.rtsarm.aem4 : Gate.oem4 (.text:xdc_runtime_Gate_leaveSystem__E)
                  2000be80    00000010                                : Memory.oem4 (.text:xdc_runtime_Memory_free__E)
                  2000be90    00000010                                : SysMin.oem4 (.text:xdc_runtime_SysMin_ready__E)
                  2000bea0    00000010                                : System.oem4 (.text:xdc_runtime_System_vsnprintf__E)
                  2000beb0    00000010     CDIO_CC3200_pem4.oem4 (.text:xdc_runtime_Text_visitRope__I)
                  2000bec0    0000000e     tirtosport.aem4 : HwiP_tirtos.oem4 (.text:HwiP_Params_init)
                  2000bece    0000000e     rtsv7M4_T_le_eabi.lib : copy_decompress_none.obj (.text:decompress:none)
                  2000bedc    00000004     --HOLE-- [fill = 0]
                  2000bee0    0000000e     sysbios.aem4 : BIOS.obj (.text:ti_sysbios_knl_Idle_loop__E)
                  2000beee    00000002     --HOLE-- [fill = 0]
                  2000bef0    0000000e                  : BIOS.obj (.text:ti_sysbios_knl_Queue_empty__E)
                  2000befe    0000000c     driverlib.a : cpu.obj (.text:CPUwfi)
                  2000bf0a    00000002     --HOLE-- [fill = 0]
                  2000bf0c    0000000c     tirtosport.aem4 : ClockP_tirtos.oem4 (.text:ClockP_getSystemTickPeriod)
                  2000bf18    0000000c     drivers_cc32xxware.aem4 : PowerCC3200.oem4 (.text:Power_getConstraintMask)
                  2000bf24    0000000c                             : PowerCC3200.oem4 (.text:Power_getDependencyCount)
                  2000bf30    0000000c                             : RingBuf.oem4 (.text:RingBuf_peek)
                  2000bf3c    0000000c                             : UARTCC3200.oem4 (.text:UARTCC3200_init)
                  2000bf48    0000000c                             : UARTCC3200.oem4 (.text:postNotifyFxn)
                  2000bf54    0000000c     CDIO_CC3200_pem4.oem4 (.text:ti_sysbios_family_arm_m3_Hwi_Params__init__S)
                  2000bf60    0000000c     sysbios.aem4 : BIOS.obj (.text:ti_sysbios_family_arm_m3_Hwi_disableFxn__E)
                  2000bf6c    00000004     --HOLE-- [fill = 0]
                  2000bf70    0000000c                  : BIOS.obj (.text:ti_sysbios_family_arm_m3_TaskSupport_checkStack__E)
                  2000bf7c    00000004     --HOLE-- [fill = 0]
                  2000bf80    0000000c                  : BIOS.obj (.text:ti_sysbios_family_arm_m3_TaskSupport_getStackAlignment__E)
                  2000bf8c    00000004     --HOLE-- [fill = 0]
                  2000bf90    0000000c                  : BIOS.obj (.text:ti_sysbios_gates_GateHwi_enter__E)
                  2000bf9c    0000000c     CDIO_CC3200_pem4.oem4 (.text:ti_sysbios_knl_Clock_Params__init__S)
                  2000bfa8    0000000c     sysbios.aem4 : BIOS.obj (.text:ti_sysbios_knl_Clock_getTicks__E)
                  2000bfb4    00000004     --HOLE-- [fill = 0]
                  2000bfb8    0000000c                  : BIOS.obj (.text:ti_sysbios_knl_Clock_setTicks__E)
                  2000bfc4    00000004     --HOLE-- [fill = 0]
                  2000bfc8    0000000c                  : BIOS.obj (.text:ti_sysbios_knl_Clock_tickStart__E)
                  2000bfd4    00000004     --HOLE-- [fill = 0]
                  2000bfd8    0000000c                  : BIOS.obj (.text:ti_sysbios_knl_Clock_tickStop__E)
                  2000bfe4    0000000c     CDIO_CC3200_pem4.oem4 (.text:ti_sysbios_knl_Queue_Object__get__S)
                  2000bff0    0000000c     CDIO_CC3200_pem4.oem4 (.text:ti_sysbios_knl_Semaphore_Params__init__S)
                  2000bffc    0000000c     CDIO_CC3200_pem4.oem4 (.text:ti_sysbios_knl_Task_Params__init__S)
                  2000c008    0000000c     ti.targets.arm.rtsarm.aem4 : Error.oem4 (.text:xdc_runtime_Error_init__E)
                  2000c014    0000000c                                : Gate.oem4 (.text:xdc_runtime_Gate_enterSystem__E)
                  2000c020    0000000c                                : Memory.oem4 (.text:xdc_runtime_Memory_calloc__E)
                  2000c02c    0000000c                                : Memory.oem4 (.text:xdc_runtime_Memory_getMaxDefaultTypeAlign__E)
                  2000c038    0000000a     tirtosport.aem4 : ClockP_tirtos.oem4 (.text:ClockP_stop)
                  2000c042    0000000a     drivers_cc32xxware.aem4 : List.oem4 (.text:List_empty)
                  2000c04c    0000000a                             : PWMTimerCC3200.oem4 (.text:PWMTimerCC3200_getPeriodCounts)
                  2000c056    0000000a                             : PWM.oem4 (.text:PWM_setDuty)
                  2000c060    0000000a     tirtosport.aem4 : SemaphoreP_tirtos.oem4 (.text:SemaphoreP_post)
                  2000c06a    0000000a     drivers_cc32xxware.aem4 : UART.oem4 (.text:UART_read)
                  2000c074    0000000a                             : UART.oem4 (.text:UART_write)
                  2000c07e    0000000a     CDIO_CC3200_pem4.oem4 (.text:xdc_runtime_IHeap_alloc)
                  2000c088    0000000a     CDIO_CC3200_pem4.oem4 (.text:xdc_runtime_IHeap_free)
                  2000c092    00000008     CC3200_LAUNCHXL.obj (.text:CC3200_LAUNCHXL_initGPIO)
                  2000c09a    00000008     CC3200_LAUNCHXL.obj (.text:CC3200_LAUNCHXL_initPWM)
                  2000c0a2    00000008     CC3200_LAUNCHXL.obj (.text:CC3200_LAUNCHXL_initUART)
                  2000c0aa    00000008     tirtosport.aem4 : ClockP_tirtos.oem4 (.text:ClockP_Params_init)
                  2000c0b2    00000008     driverlib.a : prcm.obj (.text:PRCMSleepEnter)
                  2000c0ba    00000008     drivers_cc32xxware.aem4 : PWMTimerCC3200.oem4 (.text:PWMTimerCC3200_init)
                  2000c0c2    00000008     tirtosport.aem4 : SemaphoreP_tirtos.oem4 (.text:SemaphoreP_Params_init)
                  2000c0ca    00000008     drivers_cc32xxware.aem4 : UARTCC3200.oem4 (.text:readSemCallback)
                  2000c0d2    00000006     ti.targets.arm.rtsarm.aem4 : System.oem4 (.text:xdc_runtime_System_Module_startup__E)
                  2000c0d8    00000008     sysbios.aem4 : BIOS.obj (.text:ti_sysbios_family_arm_m3_Hwi_doSwiRestore__I)
                  2000c0e0    00000008                  : BIOS.obj (.text:ti_sysbios_family_arm_m3_Hwi_startup__E)
                  2000c0e8    00000008     drivers_cc32xxware.aem4 : UARTCC3200.oem4 (.text:writeSemCallback)
                  2000c0f0    00000006     sysbios.aem4 : BIOS.obj (.text:ti_sysbios_family_arm_m3_Hwi_restoreFxn__E)
                  2000c0f6    00000002     --HOLE-- [fill = 0]
                  2000c0f8    00000006                  : BIOS.obj (.text:ti_sysbios_gates_GateHwi_leave__E)
                  2000c0fe    00000002     --HOLE-- [fill = 0]
                  2000c100    00000006                  : BIOS.obj (.text:ti_sysbios_heaps_HeapMem_isBlocking__E)
                  2000c106    00000002     --HOLE-- [fill = 0]
                  2000c108    00000006                  : BIOS.obj (.text:ti_sysbios_knl_Clock_stop__E)
                  2000c10e    00000002     --HOLE-- [fill = 0]
                  2000c110    00000006                  : BIOS.obj (.text:ti_sysbios_knl_Queue_Instance_init__E)
                  2000c116    00000002     --HOLE-- [fill = 0]
                  2000c118    00000004                  : BIOS.obj (.text:ti_sysbios_family_arm_m3_Timer_getMaxTicks__E)
                  2000c11c    00000004     --HOLE-- [fill = 0]
                  2000c120    00000004                  : BIOS.obj (.text:ti_sysbios_gates_GateHwi_query__E)
                  2000c124    00000004     --HOLE-- [fill = 0]
                  2000c128    00000004                  : BIOS.obj (.text:ti_sysbios_gates_GateMutex_query__E)
                  2000c12c    00000004     --HOLE-- [fill = 0]
                  2000c130    00000004                  : BIOS.obj (.text:ti_sysbios_knl_Clock_setTimeout__E)
                  2000c134    00000004     --HOLE-- [fill = 0]
                  2000c138    00000004                  : BIOS.obj (.text:ti_sysbios_knl_Task_startup__E)
                  2000c13c    00000004     --HOLE-- [fill = 0]
                  2000c140    00000002                  : BIOS.obj (.text:ti_sysbios_gates_GateHwi_Instance_init__E)
                  2000c142    00000006     --HOLE-- [fill = 0]
                  2000c148    00000002                  : BIOS.obj (.text:ti_sysbios_knl_Clock_logTick__E)

.bss       0    2000c150    000034f3     UNINITIALIZED
                  2000c150    00002710     (.common:task0Stack)
                  2000e860    00000400     (.common:ti_sysbios_heaps_HeapMem_Instance_State_0_buf__A)
                  2000ec60    0000030c     (.common:ti_sysbios_family_arm_m3_Hwi_dispatchTable)
                  2000ef6c    00000004     (.common:firstTick$2)
                  2000ef70    00000200     CDIO_CC3200_pem4.oem4 (.bss:taskStackSection)
                  2000f170    0000012c     drivers_cc32xxware.aem4 : PowerCC3200.oem4 (.bss:PowerCC3200_contextSave)
                  2000f29c    00000120     rtsv7M4_T_le_eabi.lib : trgmsg.obj (.bss:_CIOBUF_)
                  2000f3bc    00000108     (.common:uartCC3200Objects)
                  2000f4c4    00000080     (.common:xdc_runtime_SysMin_Module_State_0_outbuf__A)
                  2000f544    00000050     (.common:task0Struct)
                  2000f594    00000040     (.common:uartCC3200RingBuffer)
                  2000f5d4    00000020     (.common:gpioCallbackInfo)
                  2000f5f4    00000020     (.common:pwmTimerCC3200Objects)
                  2000f614    00000014     (.common:powerNotifyObj)
                  2000f628    00000008                           : trgdrv.obj (.bss:parmbuf)
                  2000f630    00000008     (.common:firstRTC$1)
                  2000f638    00000008     (.common:steps)
                  2000f640    00000001     (.common:g_ucLED1Pin)
                  2000f641    00000001     (.common:g_ucLED2Pin)
                  2000f642    00000001     (.common:g_ucLED3Pin)

.const     0    2000f644    000020a5     
                  2000f644    00001771     CDIO_CC3200_pem4.oem4 (.const:xdc_runtime_Text_charTab__A)
                  20010db5    00000001     CDIO_CC3200_pem4.oem4 (.const:ti_sysbios_knl_Clock_tickMode__C)
                  20010db6    00000002     CDIO_CC3200_pem4.oem4 (.const:ti_sysbios_family_arm_m3_Hwi_Module__id__C)
                  20010db8    00000100     driverlib.a : pin.obj (.const:g_ulPinToPadMap)
                  20010eb8    000000a8                 : prcm.obj (.const:PRCM_PeriphRegsList)
                  20010f60    000000a0     CDIO_CC3200_pem4.oem4 (.const:xdc_runtime_Text_nodeTab__A)
                  20011000    0000004c     drivers_cc32xxware.aem4 : UARTCC3200.oem4 (.const)
                  2001104c    00000048     CDIO_CC3200_pem4.oem4 (.const:.string)
                  20011094    0000003c     CDIO_CC3200_pem4.oem4 (.const:ti_sysbios_knl_Task_Object__PARAMS__C)
                  200110d0    00000034     drivers_cc32xxware.aem4 : GPIOCC3200.oem4 (.const)
                  20011104    00000030     CDIO_CC3200_pem4.oem4 (.const:ti_sysbios_family_arm_m3_Hwi_Object__PARAMS__C)
                  20011134    00000030     CC3200_LAUNCHXL.obj (.const:uartCC3200HWAttrs)
                  20011164    0000002a     drivers_cc32xxware.aem4 : GPIOCC3200.oem4 (.const:.string)
                  2001118e    00000002     CDIO_CC3200_pem4.oem4 (.const:ti_sysbios_family_arm_m3_Timer_Module__id__C)
                  20011190    00000028     CC3200_LAUNCHXL.obj (.const:PowerCC3200_config)
                  200111b8    00000028     drivers_cc32xxware.aem4 : UARTCC3200.oem4 (.const:UARTCC3200_fxnTable)
                  200111e0    00000028     CDIO_CC3200_pem4.oem4 (.const:ti_sysbios_heaps_HeapMem_Module__FXNS__C)
                  20011208    00000024     CC3200_LAUNCHXL.obj (.const:PWM_config)
                  2001122c    00000024     CC3200_LAUNCHXL.obj (.const:UART_config)
                  20011250    00000024     drivers_cc32xxware.aem4 : UART.oem4 (.const:UART_defaultParams)
                  20011274    00000024     CDIO_CC3200_pem4.oem4 (.const:ti_sysbios_gates_GateHwi_Module__FXNS__C)
                  20011298    00000024     CDIO_CC3200_pem4.oem4 (.const:ti_sysbios_gates_GateMutex_Module__FXNS__C)
                  200112bc    00000024     CDIO_CC3200_pem4.oem4 (.const:ti_sysbios_heaps_HeapMem_Object__PARAMS__C)
                  200112e0    00000024     CDIO_CC3200_pem4.oem4 (.const:ti_sysbios_knl_Clock_Object__PARAMS__C)
                  20011304    00000024     CDIO_CC3200_pem4.oem4 (.const:ti_sysbios_knl_Semaphore_Object__PARAMS__C)
                  20011328    00000020     drivers_cc32xxware.aem4 : PWMTimerCC3200.oem4 (.const)
                  20011348    00000020     CDIO_CC3200_pem4.oem4 (.const:ti_sysbios_family_arm_m3_Hwi_Object__DESC__C)
                  20011368    00000020     CDIO_CC3200_pem4.oem4 (.const:ti_sysbios_gates_GateHwi_Object__DESC__C)
                  20011388    00000020     CDIO_CC3200_pem4.oem4 (.const:ti_sysbios_gates_GateMutex_Object__DESC__C)
                  200113a8    00000020     CDIO_CC3200_pem4.oem4 (.const:ti_sysbios_heaps_HeapMem_Object__DESC__C)
                  200113c8    00000020     CDIO_CC3200_pem4.oem4 (.const:ti_sysbios_knl_Clock_Object__DESC__C)
                  200113e8    00000020     CDIO_CC3200_pem4.oem4 (.const:ti_sysbios_knl_Queue_Object__DESC__C)
                  20011408    00000020     CDIO_CC3200_pem4.oem4 (.const:ti_sysbios_knl_Semaphore_Object__DESC__C)
                  20011428    00000020     CDIO_CC3200_pem4.oem4 (.const:ti_sysbios_knl_Task_Object__DESC__C)
                  20011448    00000020     CDIO_CC3200_pem4.oem4 (.const:xdc_runtime_Startup_sfxnTab__A)
                  20011468    00000018     CDIO_CC3200_pem4.oem4 (.const:ti_sysbios_gates_GateHwi_Object__PARAMS__C)
                  20011480    00000018     CDIO_CC3200_pem4.oem4 (.const:ti_sysbios_gates_GateMutex_Object__PARAMS__C)
                  20011498    00000018     CDIO_CC3200_pem4.oem4 (.const:ti_sysbios_knl_Queue_Object__PARAMS__C)
                  200114b0    00000014     CC3200_LAUNCHXL.obj (.const:GPIOCC3200_config)
                  200114c4    00000010     CC3200_LAUNCHXL.obj (.const:pwmTimerCC3200HWAttrs)
                  200114d4    00000010     CDIO_CC3200_pem4.oem4 (.const:xdc_runtime_Startup_sfxnRts__A)
                  200114e4    0000000d     CDIO_CC3200.obj (.const:.string:$P$T0$1)
                  200114f1    00000001     CDIO_CC3200_pem4.oem4 (.const:ti_sysbios_knl_Clock_tickSource__C)
                  200114f2    00000002     CDIO_CC3200_pem4.oem4 (.const:ti_sysbios_gates_GateMutex_Module__id__C)
                  200114f4    0000000c     drivers_cc32xxware.aem4 : PWM.oem4 (.const)
                  20011500    0000000c     CDIO_CC3200_pem4.oem4 (.const:xdc_runtime_Startup_firstFxns__A)
                  2001150c    00000008     CDIO_CC3200_pem4.oem4 (.const:ti_sysbios_family_arm_m3_Hwi_excHookFuncs__A)
                  20011514    00000008     CDIO_CC3200_pem4.oem4 (.const:ti_sysbios_knl_Idle_funcList__A)
                  2001151c    00000008     CDIO_CC3200_pem4.oem4 (.const:ti_sysbios_knl_Idle_funcList__C)
                  20011524    00000008     CDIO_CC3200_pem4.oem4 (.const:xdc_runtime_Startup_firstFxns__C)
                  2001152c    00000008     CDIO_CC3200_pem4.oem4 (.const:xdc_runtime_Startup_lastFxns__C)
                  20011534    00000004     CDIO_CC3200_pem4.oem4 (.const:ti_sysbios_family_arm_m3_Hwi_E_NMI__C)
                  20011538    00000004     CDIO_CC3200_pem4.oem4 (.const:ti_sysbios_family_arm_m3_Hwi_E_alreadyDefined__C)
                  2001153c    00000004     CDIO_CC3200_pem4.oem4 (.const:ti_sysbios_family_arm_m3_Hwi_E_busFault__C)
                  20011540    00000004     CDIO_CC3200_pem4.oem4 (.const:ti_sysbios_family_arm_m3_Hwi_E_debugMon__C)
                  20011544    00000004     CDIO_CC3200_pem4.oem4 (.const:ti_sysbios_family_arm_m3_Hwi_E_hardFault__C)
                  20011548    00000004     CDIO_CC3200_pem4.oem4 (.const:ti_sysbios_family_arm_m3_Hwi_E_memFault__C)
                  2001154c    00000004     CDIO_CC3200_pem4.oem4 (.const:ti_sysbios_family_arm_m3_Hwi_E_noIsr__C)
                  20011550    00000004     CDIO_CC3200_pem4.oem4 (.const:ti_sysbios_family_arm_m3_Hwi_E_reserved__C)
                  20011554    00000004     CDIO_CC3200_pem4.oem4 (.const:ti_sysbios_family_arm_m3_Hwi_E_svCall__C)
                  20011558    00000004     CDIO_CC3200_pem4.oem4 (.const:ti_sysbios_family_arm_m3_Hwi_E_usageFault__C)
                  2001155c    00000004     CDIO_CC3200_pem4.oem4 (.const:ti_sysbios_family_arm_m3_Hwi_NUM_INTERRUPTS__C)
                  20011560    00000004     CDIO_CC3200_pem4.oem4 (.const:ti_sysbios_family_arm_m3_Hwi_Object__count__C)
                  20011564    00000004     CDIO_CC3200_pem4.oem4 (.const:ti_sysbios_family_arm_m3_Hwi_ccr__C)
                  20011568    00000004     CDIO_CC3200_pem4.oem4 (.const:ti_sysbios_family_arm_m3_Hwi_excHandlerFunc__C)
                  2001156c    00000004     CDIO_CC3200_pem4.oem4 (.const:ti_sysbios_family_arm_m3_Hwi_excHookFuncs__C)
                  20011570    00000004     CDIO_CC3200_pem4.oem4 (.const:ti_sysbios_family_arm_m3_Hwi_nullIsrFunc__C)
                  20011574    00000004     CDIO_CC3200_pem4.oem4 (.const:ti_sysbios_family_arm_m3_Hwi_priGroup__C)
                  20011578    00000004     CDIO_CC3200_pem4.oem4 (.const:ti_sysbios_family_arm_m3_TaskSupport_stackAlignment__C)
                  2001157c    00000004     CDIO_CC3200_pem4.oem4 (.const:ti_sysbios_family_arm_m3_Timer_E_cannotSupport__C)
                  20011580    00000004     CDIO_CC3200_pem4.oem4 (.const:ti_sysbios_family_arm_m3_Timer_startupNeeded__C)
                  20011584    00000004     CDIO_CC3200_pem4.oem4 (.const:ti_sysbios_gates_GateMutex_A_badContext__C)
                  20011588    00000004     CDIO_CC3200_pem4.oem4 (.const:ti_sysbios_gates_GateMutex_Instance_State_sem__O)
                  2001158c    00000004     CDIO_CC3200_pem4.oem4 (.const:ti_sysbios_gates_GateMutex_Module__diagsEnabled__C)
                  20011590    00000004     CDIO_CC3200_pem4.oem4 (.const:ti_sysbios_gates_GateMutex_Module__diagsIncluded__C)
                  20011594    00000004     CDIO_CC3200_pem4.oem4 (.const:ti_sysbios_gates_GateMutex_Module__diagsMask__C)
                  20011598    00000004     CDIO_CC3200_pem4.oem4 (.const:ti_sysbios_hal_Hwi_E_stackOverflow__C)
                  2001159c    00000004     CDIO_CC3200_pem4.oem4 (.const:ti_sysbios_heaps_HeapMem_A_align__C)
                  200115a0    00000004     CDIO_CC3200_pem4.oem4 (.const:ti_sysbios_heaps_HeapMem_A_heapSize__C)
                  200115a4    00000004     CDIO_CC3200_pem4.oem4 (.const:ti_sysbios_heaps_HeapMem_A_invalidFree__C)
                  200115a8    00000004     CDIO_CC3200_pem4.oem4 (.const:ti_sysbios_heaps_HeapMem_A_zeroBlock__C)
                  200115ac    00000004     CDIO_CC3200_pem4.oem4 (.const:ti_sysbios_heaps_HeapMem_E_memory__C)
                  200115b0    00000004     CDIO_CC3200_pem4.oem4 (.const:ti_sysbios_heaps_HeapMem_Module__diagsEnabled__C)
                  200115b4    00000004     CDIO_CC3200_pem4.oem4 (.const:ti_sysbios_heaps_HeapMem_Module__diagsIncluded__C)
                  200115b8    00000004     CDIO_CC3200_pem4.oem4 (.const:ti_sysbios_heaps_HeapMem_Module__diagsMask__C)
                  200115bc    00000004     CDIO_CC3200_pem4.oem4 (.const:ti_sysbios_heaps_HeapMem_Module__gateObj__C)
                  200115c0    00000004     CDIO_CC3200_pem4.oem4 (.const:ti_sysbios_heaps_HeapMem_Object__count__C)
                  200115c4    00000004     CDIO_CC3200_pem4.oem4 (.const:ti_sysbios_heaps_HeapMem_reqAlign__C)
                  200115c8    00000004     CDIO_CC3200_pem4.oem4 (.const:ti_sysbios_knl_Clock_A_badThreadType__C)
                  200115cc    00000004     CDIO_CC3200_pem4.oem4 (.const:ti_sysbios_knl_Clock_Module_State_clockQ__O)
                  200115d0    00000004     CDIO_CC3200_pem4.oem4 (.const:ti_sysbios_knl_Clock_Module__diagsEnabled__C)
                  200115d4    00000004     CDIO_CC3200_pem4.oem4 (.const:ti_sysbios_knl_Clock_Module__diagsIncluded__C)
                  200115d8    00000004     CDIO_CC3200_pem4.oem4 (.const:ti_sysbios_knl_Clock_Module__diagsMask__C)
                  200115dc    00000004     CDIO_CC3200_pem4.oem4 (.const:ti_sysbios_knl_Clock_tickPeriod__C)
                  200115e0    00000004     CDIO_CC3200_pem4.oem4 (.const:ti_sysbios_knl_Semaphore_A_badContext__C)
                  200115e4    00000004     CDIO_CC3200_pem4.oem4 (.const:ti_sysbios_knl_Semaphore_A_noEvents__C)
                  200115e8    00000004     CDIO_CC3200_pem4.oem4 (.const:ti_sysbios_knl_Semaphore_A_overflow__C)
                  200115ec    00000004     CDIO_CC3200_pem4.oem4 (.const:ti_sysbios_knl_Semaphore_A_pendTaskDisabled__C)
                  200115f0    00000004     CDIO_CC3200_pem4.oem4 (.const:ti_sysbios_knl_Semaphore_Instance_State_pendQ__O)
                  200115f4    00000004     CDIO_CC3200_pem4.oem4 (.const:ti_sysbios_knl_Semaphore_Module__diagsEnabled__C)
                  200115f8    00000004     CDIO_CC3200_pem4.oem4 (.const:ti_sysbios_knl_Semaphore_Module__diagsIncluded__C)
                  200115fc    00000004     CDIO_CC3200_pem4.oem4 (.const:ti_sysbios_knl_Semaphore_Module__diagsMask__C)
                  20011600    00000004     CDIO_CC3200_pem4.oem4 (.const:ti_sysbios_knl_Swi_Object__count__C)
                  20011604    00000004     CDIO_CC3200_pem4.oem4 (.const:ti_sysbios_knl_Task_A_badPriority__C)
                  20011608    00000004     CDIO_CC3200_pem4.oem4 (.const:ti_sysbios_knl_Task_A_badTaskState__C)
                  2001160c    00000004     CDIO_CC3200_pem4.oem4 (.const:ti_sysbios_knl_Task_A_badThreadType__C)
                  20011610    00000004     CDIO_CC3200_pem4.oem4 (.const:ti_sysbios_knl_Task_A_noPendElem__C)
                  20011614    00000004     CDIO_CC3200_pem4.oem4 (.const:ti_sysbios_knl_Task_E_spOutOfBounds__C)
                  20011618    00000004     CDIO_CC3200_pem4.oem4 (.const:ti_sysbios_knl_Task_E_stackOverflow__C)
                  2001161c    00000004     CDIO_CC3200_pem4.oem4 (.const:ti_sysbios_knl_Task_Module_State_inactiveQ__O)
                  20011620    00000004     CDIO_CC3200_pem4.oem4 (.const:ti_sysbios_knl_Task_Module__diagsEnabled__C)
                  20011624    00000004     CDIO_CC3200_pem4.oem4 (.const:ti_sysbios_knl_Task_Module__diagsIncluded__C)
                  20011628    00000004     CDIO_CC3200_pem4.oem4 (.const:ti_sysbios_knl_Task_Module__diagsMask__C)
                  2001162c    00000004     CDIO_CC3200_pem4.oem4 (.const:ti_sysbios_knl_Task_Object__count__C)
                  20011630    00000004     CDIO_CC3200_pem4.oem4 (.const:ti_sysbios_knl_Task_allBlockedFunc__C)
                  20011634    00000004     CDIO_CC3200_pem4.oem4 (.const:ti_sysbios_knl_Task_defaultStackHeap__C)
                  20011638    00000004     CDIO_CC3200_pem4.oem4 (.const:ti_sysbios_knl_Task_defaultStackSize__C)
                  2001163c    00000004     CDIO_CC3200_pem4.oem4 (.const:ti_sysbios_knl_Task_numConstructedTasks__C)
                  20011640    00000004     CDIO_CC3200_pem4.oem4 (.const:xdc_runtime_Assert_E_assertFailed__C)
                  20011644    00000004     CDIO_CC3200_pem4.oem4 (.const:xdc_runtime_Core_A_initializedParams__C)
                  20011648    00000004     CDIO_CC3200_pem4.oem4 (.const:xdc_runtime_Core_Module__diagsEnabled__C)
                  2001164c    00000004     CDIO_CC3200_pem4.oem4 (.const:xdc_runtime_Core_Module__diagsIncluded__C)
                  20011650    00000004     CDIO_CC3200_pem4.oem4 (.const:xdc_runtime_Core_Module__diagsMask__C)
                  20011654    00000004     CDIO_CC3200_pem4.oem4 (.const:xdc_runtime_Error_E_memory__C)
                  20011658    00000004     CDIO_CC3200_pem4.oem4 (.const:xdc_runtime_Error_Module__diagsEnabled__C)
                  2001165c    00000004     CDIO_CC3200_pem4.oem4 (.const:xdc_runtime_Error_Module__diagsIncluded__C)
                  20011660    00000004     CDIO_CC3200_pem4.oem4 (.const:xdc_runtime_Error_Module__diagsMask__C)
                  20011664    00000004     CDIO_CC3200_pem4.oem4 (.const:xdc_runtime_Error_Module__loggerFxn8__C)
                  20011668    00000004     CDIO_CC3200_pem4.oem4 (.const:xdc_runtime_Error_Module__loggerObj__C)
                  2001166c    00000004     CDIO_CC3200_pem4.oem4 (.const:xdc_runtime_Error_policyFxn__C)
                  20011670    00000004     CDIO_CC3200_pem4.oem4 (.const:xdc_runtime_Error_raiseHook__C)
                  20011674    00000004     CDIO_CC3200_pem4.oem4 (.const:xdc_runtime_IGateProvider_Interface__BASE__C)
                  20011678    00000004     CDIO_CC3200_pem4.oem4 (.const:xdc_runtime_IHeap_Interface__BASE__C)
                  2001167c    00000004     CDIO_CC3200_pem4.oem4 (.const:xdc_runtime_IModule_Interface__BASE__C)
                  20011680    00000004     CDIO_CC3200_pem4.oem4 (.const:xdc_runtime_Log_L_error__C)
                  20011684    00000004     CDIO_CC3200_pem4.oem4 (.const:xdc_runtime_Memory_defaultHeapInstance__C)
                  20011688    00000004     CDIO_CC3200_pem4.oem4 (.const:xdc_runtime_Startup_execImpl__C)
                  2001168c    00000004     CDIO_CC3200_pem4.oem4 (.const:xdc_runtime_Startup_maxPasses__C)
                  20011690    00000004     CDIO_CC3200_pem4.oem4 (.const:xdc_runtime_Startup_sfxnRts__C)
                  20011694    00000004     CDIO_CC3200_pem4.oem4 (.const:xdc_runtime_Startup_sfxnTab__C)
                  20011698    00000004     CDIO_CC3200_pem4.oem4 (.const:xdc_runtime_SysMin_bufSize__C)
                  2001169c    00000004     CDIO_CC3200_pem4.oem4 (.const:xdc_runtime_SysMin_outputFunc__C)
                  200116a0    00000004     CDIO_CC3200_pem4.oem4 (.const:xdc_runtime_System_Module__gateObj__C)
                  200116a4    00000004     CDIO_CC3200_pem4.oem4 (.const:xdc_runtime_System_abortFxn__C)
                  200116a8    00000004     CDIO_CC3200_pem4.oem4 (.const:xdc_runtime_System_exitFxn__C)
                  200116ac    00000004     CDIO_CC3200_pem4.oem4 (.const:xdc_runtime_System_extendFxn__C)
                  200116b0    00000004     CDIO_CC3200_pem4.oem4 (.const:xdc_runtime_System_maxAtexitHandlers__C)
                  200116b4    00000004     CDIO_CC3200_pem4.oem4 (.const:xdc_runtime_Text_charTab__C)
                  200116b8    00000004     CDIO_CC3200_pem4.oem4 (.const:xdc_runtime_Text_nameEmpty__C)
                  200116bc    00000004     CDIO_CC3200_pem4.oem4 (.const:xdc_runtime_Text_nameStatic__C)
                  200116c0    00000004     CDIO_CC3200_pem4.oem4 (.const:xdc_runtime_Text_nameUnknown__C)
                  200116c4    00000004     CDIO_CC3200_pem4.oem4 (.const:xdc_runtime_Text_nodeTab__C)
                  200116c8    00000004     CDIO_CC3200_pem4.oem4 (.const:xdc_runtime_Text_visitRopeFxn__C)
                  200116cc    00000002     CDIO_CC3200_pem4.oem4 (.const:ti_sysbios_hal_Hwi_Module__id__C)
                  200116ce    00000002     CDIO_CC3200_pem4.oem4 (.const:ti_sysbios_heaps_HeapMem_Module__id__C)
                  200116d0    00000002     CDIO_CC3200_pem4.oem4 (.const:ti_sysbios_knl_Clock_Module__id__C)
                  200116d2    00000002     CDIO_CC3200_pem4.oem4 (.const:ti_sysbios_knl_Semaphore_Module__id__C)
                  200116d4    00000002     CDIO_CC3200_pem4.oem4 (.const:ti_sysbios_knl_Task_Module__id__C)
                  200116d6    00000002     CDIO_CC3200_pem4.oem4 (.const:xdc_runtime_Core_Module__id__C)
                  200116d8    00000002     CDIO_CC3200_pem4.oem4 (.const:xdc_runtime_Error_Module__loggerDefined__C)
                  200116da    00000002     CDIO_CC3200_pem4.oem4 (.const:xdc_runtime_Error_maxDepth__C)
                  200116dc    00000002     CDIO_CC3200_pem4.oem4 (.const:xdc_runtime_Memory_Module__id__C)
                  200116de    00000002     CDIO_CC3200_pem4.oem4 (.const:xdc_runtime_SysMin_flushAtExit__C)
                  200116e0    00000002     CDIO_CC3200_pem4.oem4 (.const:xdc_runtime_Text_charCnt__C)
                  200116e2    00000002     CDIO_CC3200_pem4.oem4 (.const:xdc_runtime_Text_isLoaded__C)
                  200116e4    00000002     CDIO_CC3200_pem4.oem4 (.const:xdc_runtime_Text_registryModsLastId__C)
                  200116e6    00000002     CDIO_CC3200_pem4.oem4 (.const:xdc_runtime_Text_unnamedModsLastId__C)
                  200116e8    00000001     CDIO_CC3200_pem4.oem4 (.const:xdc_runtime_Error_policy__C)

.cinit     0    20011e30    00000344     
                  20011e30    0000031b     (.cinit..data.load) [load image, compression = rle]
                  2001214b    00000005     --HOLE-- [fill = 0]
                  20012150    0000000b     (.cinit..bss.load) [load image, compression = rle]
                  2001215b    00000001     --HOLE-- [fill = 0]
                  2001215c    00000008     (__TI_handler_table)
                  20012164    00000010     (__TI_cinit_table)

.init_array 
*          0    20004000    00000000     UNINITIALIZED

.resetVecs 
*          0    20004000    0000030c     
                  20004000    0000030c     CDIO_CC3200_pem4.oem4 (.resetVecs)

.data      0    200116ec    00000441     UNINITIALIZED
                  200116ec    00000080     CDIO_CC3200_pem4.oem4 (.data:ti_sysbios_knl_Swi_Module_State_0_readyQ__A)
                  2001176c    00000080     CDIO_CC3200_pem4.oem4 (.data:ti_sysbios_knl_Task_Module_State_0_readyQ__A)
                  200117ec    00000054     drivers_cc32xxware.aem4 : PowerCC3200.oem4 (.data:PowerCC3200_module)
                  20011840    0000004c     CDIO_CC3200_pem4.oem4 (.data:ti_sysbios_knl_Task_Object__table__V)
                  2001188c    00000044     CDIO_CC3200_pem4.oem4 (.data:ti_sysbios_knl_Task_Module__state__V)
                  200118d0    00000038     CDIO_CC3200_pem4.oem4 (.data:ti_sysbios_gates_GateMutex_Object__table__V)
                  20011908    00000034     CDIO_CC3200_pem4.oem4 (.data:ti_sysbios_family_arm_m3_Hwi_Module__state__V)
                  2001193c    00000030     CDIO_CC3200_pem4.oem4 (.data:ti_sysbios_family_arm_m3_Timer_Object__table__V)
                  2001196c    00000030     CDIO_CC3200_pem4.oem4 (.data:ti_sysbios_knl_Swi_Object__table__V)
                  2001199c    0000002c     CDIO_CC3200_pem4.oem4 (.data:ti_sysbios_knl_Clock_Module__state__V)
                  200119c8    00000024     CDIO_CC3200_pem4.oem4 (.data:ti_sysbios_BIOS_Module__state__V)
                  200119ec    0000001c     CDIO_CC3200_pem4.oem4 (.data:ti_sysbios_knl_Swi_Module__state__V)
                  20011a08    00000018     CDIO_CC3200_pem4.oem4 (.data:ti_sysbios_family_arm_m3_Hwi_Object__table__V)
                  20011a20    00000018     CDIO_CC3200_pem4.oem4 (.data:ti_sysbios_heaps_HeapMem_Object__table__V)
                  20011a38    00000014     gpio_if.obj (.data:ulReg)
                  20011a4c    00000010     CC3200_LAUNCHXL.obj (.data:gpioPinConfigs)
                  20011a5c    0000000c     rtsv7M4_T_le_eabi.lib : exit.obj (.data:$O1$$)
                  20011a68    0000000c     gpio_if.obj (.data)
                  20011a74    0000000c     CDIO_CC3200_pem4.oem4 (.data:ti_sysbios_family_arm_m3_Timer_Module__state__V)
                  20011a80    0000000c     CDIO_CC3200_pem4.oem4 (.data:xdc_runtime_SysMin_Module__state__V)
                  20011a8c    00000008     rtsv7M4_T_le_eabi.lib : _lock.obj (.data:$O1$$)
                  20011a94    00000008     drivers_cc32xxware.aem4 : GPIOCC3200.oem4 (.data)
                  20011a9c    00000008     CC3200_LAUNCHXL.obj (.data:gpioCallbackFunctions)
                  20011aa4    00000008     CDIO_CC3200_pem4.oem4 (.data:ti_sysbios_family_arm_m3_Hwi_Module__root__V)
                  20011aac    00000008     CDIO_CC3200_pem4.oem4 (.data:ti_sysbios_gates_GateHwi_Module__root__V)
                  20011ab4    00000008     CDIO_CC3200_pem4.oem4 (.data:ti_sysbios_gates_GateMutex_Module__root__V)
                  20011abc    00000008     CDIO_CC3200_pem4.oem4 (.data:ti_sysbios_heaps_HeapMem_Module__root__V)
                  20011ac4    00000008     CDIO_CC3200_pem4.oem4 (.data:ti_sysbios_knl_Clock_Module__root__V)
                  20011acc    00000008     CDIO_CC3200_pem4.oem4 (.data:ti_sysbios_knl_Queue_Module__root__V)
                  20011ad4    00000008     CDIO_CC3200_pem4.oem4 (.data:ti_sysbios_knl_Semaphore_Module__root__V)
                  20011adc    00000008     CDIO_CC3200_pem4.oem4 (.data:ti_sysbios_knl_Task_Module__root__V)
                  20011ae4    00000008     CDIO_CC3200_pem4.oem4 (.data:xdc_runtime_Registry_Module__state__V)
                  20011aec    00000008     CDIO_CC3200_pem4.oem4 (.data:xdc_runtime_Startup_Module__state__V)
                  20011af4    00000008     CDIO_CC3200_pem4.oem4 (.data:xdc_runtime_System_Module_State_0_atexitHandlers__A)
                  20011afc    00000008     CDIO_CC3200_pem4.oem4 (.data:xdc_runtime_System_Module__state__V)
                  20011b04    00000004     CDIO_CC3200.obj (.data)
                  20011b08    00000004     drivers_cc32xxware.aem4 : PWM.oem4 (.data)
                  20011b0c    00000004                             : UART.oem4 (.data)
                  20011b10    00000004     rtsv7M4_T_le_eabi.lib : stkdepth_vars.obj (.data)
                  20011b14    00000004     CDIO_CC3200_pem4.oem4 (.data:ti_sysbios_family_arm_m3_Hwi_Module_State_0_excContext__A)
                  20011b18    00000004     CDIO_CC3200_pem4.oem4 (.data:ti_sysbios_family_arm_m3_Hwi_Module_State_0_excStack__A)
                  20011b1c    00000004     CDIO_CC3200_pem4.oem4 (.data:ti_sysbios_gates_GateHwi_Object__table__V)
                  20011b20    00000004     CDIO_CC3200_pem4.oem4 (.data:ti_sysbios_knl_Task_Module_State_0_idleTask__A)
                  20011b24    00000004     CDIO_CC3200_pem4.oem4 (.data:xdc_runtime_Memory_Module__state__V)
                  20011b28    00000002     CDIO_CC3200_pem4.oem4 (.data:ti_sysbios_family_arm_m3_Hwi_Module_State_0_excActive__A)
                  20011b2a    00000002     CDIO_CC3200_pem4.oem4 (.data:xdc_runtime_Error_Module__state__V)
                  20011b2c    00000001     power_cc3200_tirtos.aem4 : PowerCC3200_tirtos.oem4 (.data)

.stack     0    20011b30    00000300     UNINITIALIZED
                  20011b30    00000300     --HOLE--

.bootVecs 
*          0    00000000    00000008     DSECT
                  00000000    00000008     boot.aem4 : boot.oem4 (.bootVecs)

.vecs      0    20004000    00000000     DSECT

xdc.meta   0    00000000    000000f4     COPY SECTION
                  00000000    000000f4     CDIO_CC3200_pem4.oem4 (xdc.meta)

MODULE SUMMARY

       Module                     code    ro data   rw data
       ------                     ----    -------   -------
    .\
       CDIO_CC3200.obj            1684    13        10092  
       CC3200_LAUNCHXL.obj        40      196       384    
       gpio_if.obj                342     0         35     
       rom_pin_mux_config.obj     258     0         0      
    +--+--------------------------+-------+---------+---------+
       Total:                     2324    209       10511  
                                                           
    C:\Users\Gabriel\Documents\GitHub\APA\CDIO_CC3200\Debug\configPkg\package\cfg\
       CDIO_CC3200_pem4.oem4      1786    8214      3348   
    +--+--------------------------+-------+---------+---------+
       Total:                     1786    8214      3348   
                                                           
    C:/ti/tirex-content/tirtos_cc32xx_2_16_00_08/products/CC3200_driverlib_1.1.0/driverlib/ccs/Release/driverlib.a
       prcm.obj                   1208    168       0      
       pin.obj                    406     256       0      
       uart.obj                   524     0         0      
       gpio.obj                   296     0         0      
       timer.obj                  282     0         0      
       flash.obj                  72      0         0      
       cpu.obj                    52      0         0      
       utils.obj                  6       0         0      
    +--+--------------------------+-------+---------+---------+
       Total:                     2846    424       0      
                                                           
    C:/ti/tirex-content/tirtos_cc32xx_2_16_00_08/products/tidrivers_cc32xx_2_16_00_08/packages/ti/drivers/lib/drivers_cc32xxware.aem4
       UARTCC3200.oem4            2546    116       0      
       PowerCC3200.oem4           940     0         384    
       GPIOCC3200.oem4            960     94        60     
       PWMTimerCC3200.oem4        642     32        0      
       UART.oem4                  148     36        4      
       RingBuf.oem4               164     0         0      
       PWM.oem4                   130     12        4      
       PowerCC3200_asm.oem4       134     0         0      
       List.oem4                  82      0         0      
    +--+--------------------------+-------+---------+---------+
       Total:                     5746    290       452    
                                                           
    C:/ti/tirex-content/tirtos_cc32xx_2_16_00_08/products/tidrivers_cc32xx_2_16_00_08/packages/ti/drivers/lib/power_cc3200_tirtos.aem4
       PowerCC3200_tirtos.oem4    500     0         13     
    +--+--------------------------+-------+---------+---------+
       Total:                     500     0         13     
[...]
2000c039  ClockP_stop                                                
2000c039  ClockP_stopFromISR                                         
2000c043  List_empty                                                 
2000c04d  PWMTimerCC3200_getPeriodCounts                             
2000c057  PWM_setDuty                                                
2000c061  SemaphoreP_post                                            
2000c061  SemaphoreP_postFromClock                                   
2000c061  SemaphoreP_postFromISR                                     
2000c06b  UART_read                                                  
2000c075  UART_write                                                 
2000c07f  xdc_runtime_Memory_HeapProxy_alloc__E                      
2000c089  xdc_runtime_Memory_HeapProxy_free__E                       
2000c093  CC3200_LAUNCHXL_initGPIO                                   
2000c09b  CC3200_LAUNCHXL_initPWM                                    
2000c0a3  CC3200_LAUNCHXL_initUART                                   
2000c0ab  ClockP_Params_init                                         
2000c0b3  PRCMSleepEnter                                             
2000c0bb  PWMTimerCC3200_init                                        
2000c0c3  SemaphoreP_Params_init                                     
2000c0d3  xdc_runtime_System_Module_startup__E                       
2000c0d9  ti_sysbios_family_arm_m3_Hwi_doSwiRestore__I               
2000c0e1  ti_sysbios_family_arm_m3_Hwi_startup__E                    
2000c0e1  ti_sysbios_hal_Hwi_HwiProxy_startup__E                     
2000c0f1  HwiP_restore                                               
2000c0f1  ti_sysbios_family_arm_m3_Hwi_restoreFxn__E                 
2000c0f1  ti_sysbios_hal_Hwi_HwiProxy_restore__E                     
2000c0f9  ti_sysbios_gates_GateHwi_leave__E                          
2000c101  ti_sysbios_heaps_HeapMem_isBlocking__E                     
2000c109  ti_sysbios_knl_Clock_stop__E                               
2000c111  ti_sysbios_knl_Queue_Instance_init__E                      
2000c119  ti_sysbios_family_arm_m3_Timer_getMaxTicks__E              
2000c121  ti_sysbios_gates_GateHwi_query__E                          
2000c121  xdc_runtime_Main_Module_GateProxy_query__E                 
2000c121  xdc_runtime_System_Module_GateProxy_query__E               
2000c129  ti_sysbios_BIOS_RtsGateProxy_query__E                      
2000c129  ti_sysbios_gates_GateMutex_query__E                        
2000c129  ti_sysbios_heaps_HeapMem_Module_GateProxy_query__E         
2000c131  ti_sysbios_knl_Clock_setTimeout__E                         
2000c139  ti_sysbios_knl_Task_startup__E                             
2000c141  ti_sysbios_gates_GateHwi_Instance_init__E                  
2000c149  ti_sysbios_knl_Clock_logTick__E                            
2000c150  task0Stack                                                 
2000e860  ti_sysbios_heaps_HeapMem_Instance_State_0_buf__A           
2000ec60  ti_sysbios_family_arm_m3_Hwi_dispatchTable                 
2000ef70  ti_sysbios_knl_Task_Instance_State_0_stack__A              
2000f170  PowerCC3200_contextSave                                    
2000f29c  __CIOBUF_                                                  
2000f3bc  uartCC3200Objects                                          
2000f4c4  xdc_runtime_SysMin_Module_State_0_outbuf__A                
2000f544  task0Struct                                                
2000f594  uartCC3200RingBuffer                                       
2000f5f4  pwmTimerCC3200Objects                                      
2000f638  steps                                                      
2000f640  g_ucLED1Pin                                                
2000f641  g_ucLED2Pin                                                
2000f642  g_ucLED3Pin                                                
2000f644  xdc_runtime_Text_charTab__A                                
20010db5  ti_sysbios_knl_Clock_tickMode__C                           
20010db6  ti_sysbios_family_arm_m3_Hwi_Module__id__C                 
20010f60  xdc_runtime_Text_nodeTab__A                                
20011094  ti_sysbios_knl_Task_Object__PARAMS__C                      
200110d0  inPinTypes                                                 
200110d6  outPinTypes                                                
200110de  outPinStrengths                                            
20011104  ti_sysbios_family_arm_m3_Hwi_Object__PARAMS__C             
20011134  uartCC3200HWAttrs                                          
2001118e  ti_sysbios_family_arm_m3_Timer_Module__id__C               
20011190  PowerCC3200_config                                         
200111b8  UARTCC3200_fxnTable                                        
200111e0  ti_sysbios_heaps_HeapMem_Module__FXNS__C                   
20011208  PWM_config                                                 
2001122c  UART_config                                                
20011250  UART_defaultParams                                         
20011274  ti_sysbios_gates_GateHwi_Module__FXNS__C                   
20011298  ti_sysbios_gates_GateMutex_Module__FXNS__C                 
200112bc  ti_sysbios_heaps_HeapMem_Object__PARAMS__C                 
200112e0  ti_sysbios_knl_Clock_Object__PARAMS__C                     
20011304  ti_sysbios_knl_Semaphore_Object__PARAMS__C                 
20011328  PWMTimerCC3200_fxnTable                                    
20011344  PWMTimerCC3200_MAX_PRESCALAR_VALUE                         
20011346  PWMTimerCC3200_MAX_MATCH_VALUE                             
20011348  ti_sysbios_family_arm_m3_Hwi_Object__DESC__C               
20011368  ti_sysbios_gates_GateHwi_Object__DESC__C                   
20011388  ti_sysbios_gates_GateMutex_Object__DESC__C                 
200113a8  ti_sysbios_heaps_HeapMem_Object__DESC__C                   
200113c8  ti_sysbios_knl_Clock_Object__DESC__C                       
200113e8  ti_sysbios_knl_Queue_Object__DESC__C                       
20011408  ti_sysbios_knl_Semaphore_Object__DESC__C                   
20011428  ti_sysbios_knl_Task_Object__DESC__C                        
20011448  xdc_runtime_Startup_sfxnTab__A                             
20011468  ti_sysbios_gates_GateHwi_Object__PARAMS__C                 
20011480  ti_sysbios_gates_GateMutex_Object__PARAMS__C               
20011498  ti_sysbios_knl_Queue_Object__PARAMS__C                     
200114b0  GPIOCC3200_config                                          
200114c4  pwmTimerCC3200HWAttrs                                      
200114d4  xdc_runtime_Startup_sfxnRts__A                             
200114f1  ti_sysbios_knl_Clock_tickSource__C                         
200114f2  ti_sysbios_gates_GateMutex_Module__id__C                   
200114f4  PWM_defaultParams                                          
20011500  xdc_runtime_Startup_firstFxns__A                           
2001150c  ti_sysbios_family_arm_m3_Hwi_excHookFuncs__A               
20011514  ti_sysbios_knl_Idle_funcList__A                            
2001151c  ti_sysbios_knl_Idle_funcList__C                            
20011524  xdc_runtime_Startup_firstFxns__C                           
2001152c  xdc_runtime_Startup_lastFxns__C                            
20011534  ti_sysbios_family_arm_m3_Hwi_E_NMI__C                      
20011538  ti_sysbios_family_arm_m3_Hwi_E_alreadyDefined__C           
2001153c  ti_sysbios_family_arm_m3_Hwi_E_busFault__C                 
20011540  ti_sysbios_family_arm_m3_Hwi_E_debugMon__C                 
20011544  ti_sysbios_family_arm_m3_Hwi_E_hardFault__C                
20011548  ti_sysbios_family_arm_m3_Hwi_E_memFault__C                 
2001154c  ti_sysbios_family_arm_m3_Hwi_E_noIsr__C                    
20011550  ti_sysbios_family_arm_m3_Hwi_E_reserved__C                 
20011554  ti_sysbios_family_arm_m3_Hwi_E_svCall__C                   
20011558  ti_sysbios_family_arm_m3_Hwi_E_usageFault__C               
2001155c  ti_sysbios_family_arm_m3_Hwi_NUM_INTERRUPTS__C             
20011560  ti_sysbios_family_arm_m3_Hwi_Object__count__C              
20011564  ti_sysbios_family_arm_m3_Hwi_ccr__C                        
20011568  ti_sysbios_family_arm_m3_Hwi_excHandlerFunc__C             
2001156c  ti_sysbios_family_arm_m3_Hwi_excHookFuncs__C               
20011570  ti_sysbios_family_arm_m3_Hwi_nullIsrFunc__C                
20011574  ti_sysbios_family_arm_m3_Hwi_priGroup__C                   
20011578  ti_sysbios_family_arm_m3_TaskSupport_stackAlignment__C     
2001157c  ti_sysbios_family_arm_m3_Timer_E_cannotSupport__C          
20011580  ti_sysbios_family_arm_m3_Timer_startupNeeded__C            
20011584  ti_sysbios_gates_GateMutex_A_badContext__C                 
20011588  ti_sysbios_gates_GateMutex_Instance_State_sem__O           
2001158c  ti_sysbios_gates_GateMutex_Module__diagsEnabled__C         
20011590  ti_sysbios_gates_GateMutex_Module__diagsIncluded__C        
20011594  ti_sysbios_gates_GateMutex_Module__diagsMask__C            
20011598  ti_sysbios_hal_Hwi_E_stackOverflow__C                      
2001159c  ti_sysbios_heaps_HeapMem_A_align__C                        
200115a0  ti_sysbios_heaps_HeapMem_A_heapSize__C                     
200115a4  ti_sysbios_heaps_HeapMem_A_invalidFree__C                  
200115a8  ti_sysbios_heaps_HeapMem_A_zeroBlock__C                    
200115ac  ti_sysbios_heaps_HeapMem_E_memory__C                       
200115b0  ti_sysbios_heaps_HeapMem_Module__diagsEnabled__C           
200115b4  ti_sysbios_heaps_HeapMem_Module__diagsIncluded__C          
200115b8  ti_sysbios_heaps_HeapMem_Module__diagsMask__C              
200115bc  ti_sysbios_heaps_HeapMem_Module__gateObj__C                
200115c0  ti_sysbios_heaps_HeapMem_Object__count__C                  
200115c4  ti_sysbios_heaps_HeapMem_reqAlign__C                       
200115c8  ti_sysbios_knl_Clock_A_badThreadType__C                    
200115cc  ti_sysbios_knl_Clock_Module_State_clockQ__O                
200115d0  ti_sysbios_knl_Clock_Module__diagsEnabled__C               
200115d4  ti_sysbios_knl_Clock_Module__diagsIncluded__C              
200115d8  ti_sysbios_knl_Clock_Module__diagsMask__C                  
200115dc  ti_sysbios_knl_Clock_tickPeriod__C                         
200115e0  ti_sysbios_knl_Semaphore_A_badContext__C                   
200115e4  ti_sysbios_knl_Semaphore_A_noEvents__C                     
200115e8  ti_sysbios_knl_Semaphore_A_overflow__C                     
200115ec  ti_sysbios_knl_Semaphore_A_pendTaskDisabled__C             
200115f0  ti_sysbios_knl_Semaphore_Instance_State_pendQ__O           
200115f4  ti_sysbios_knl_Semaphore_Module__diagsEnabled__C           
200115f8  ti_sysbios_knl_Semaphore_Module__diagsIncluded__C          
200115fc  ti_sysbios_knl_Semaphore_Module__diagsMask__C              
20011600  ti_sysbios_knl_Swi_Object__count__C                        
20011604  ti_sysbios_knl_Task_A_badPriority__C                       
20011608  ti_sysbios_knl_Task_A_badTaskState__C                      
2001160c  ti_sysbios_knl_Task_A_badThreadType__C                     
20011610  ti_sysbios_knl_Task_A_noPendElem__C                        
20011614  ti_sysbios_knl_Task_E_spOutOfBounds__C                     
20011618  ti_sysbios_knl_Task_E_stackOverflow__C                     
2001161c  ti_sysbios_knl_Task_Module_State_inactiveQ__O              
20011620  ti_sysbios_knl_Task_Module__diagsEnabled__C                
20011624  ti_sysbios_knl_Task_Module__diagsIncluded__C               
20011628  ti_sysbios_knl_Task_Module__diagsMask__C                   
2001162c  ti_sysbios_knl_Task_Object__count__C                       
20011630  ti_sysbios_knl_Task_allBlockedFunc__C                      
20011634  ti_sysbios_knl_Task_defaultStackHeap__C                    
20011638  ti_sysbios_knl_Task_defaultStackSize__C                    
2001163c  ti_sysbios_knl_Task_numConstructedTasks__C                 
20011640  xdc_runtime_Assert_E_assertFailed__C                       
20011644  xdc_runtime_Core_A_initializedParams__C                    
20011648  xdc_runtime_Core_Module__diagsEnabled__C                   
2001164c  xdc_runtime_Core_Module__diagsIncluded__C                  
20011650  xdc_runtime_Core_Module__diagsMask__C                      
20011654  xdc_runtime_Error_E_memory__C                              
20011658  xdc_runtime_Error_Module__diagsEnabled__C                  
2001165c  xdc_runtime_Error_Module__diagsIncluded__C                 
20011660  xdc_runtime_Error_Module__diagsMask__C                     
20011664  xdc_runtime_Error_Module__loggerFxn8__C                    
20011668  xdc_runtime_Error_Module__loggerObj__C                     
2001166c  xdc_runtime_Error_policyFxn__C                             
20011670  xdc_runtime_Error_raiseHook__C                             
20011674  xdc_runtime_IGateProvider_Interface__BASE__C               
20011678  xdc_runtime_IHeap_Interface__BASE__C                       
2001167c  xdc_runtime_IModule_Interface__BASE__C                     
20011680  xdc_runtime_Log_L_error__C                                 
20011684  xdc_runtime_Memory_defaultHeapInstance__C                  
20011688  xdc_runtime_Startup_execImpl__C                            
2001168c  xdc_runtime_Startup_maxPasses__C                           
20011690  xdc_runtime_Startup_sfxnRts__C                             
20011694  xdc_runtime_Startup_sfxnTab__C                             
20011698  xdc_runtime_SysMin_bufSize__C                              
2001169c  xdc_runtime_SysMin_outputFunc__C                           
200116a0  xdc_runtime_System_Module__gateObj__C                      
200116a4  xdc_runtime_System_abortFxn__C                             
200116a8  xdc_runtime_System_exitFxn__C                              
200116ac  xdc_runtime_System_extendFxn__C                            
200116b0  xdc_runtime_System_maxAtexitHandlers__C                    
200116b4  xdc_runtime_Text_charTab__C                                
200116b8  xdc_runtime_Text_nameEmpty__C                              
200116bc  xdc_runtime_Text_nameStatic__C                             
200116c0  xdc_runtime_Text_nameUnknown__C                            
200116c4  xdc_runtime_Text_nodeTab__C                                
200116c8  xdc_runtime_Text_visitRopeFxn__C                           
200116cc  ti_sysbios_hal_Hwi_Module__id__C                           
200116ce  ti_sysbios_heaps_HeapMem_Module__id__C                     
200116d0  ti_sysbios_knl_Clock_Module__id__C                         
200116d2  ti_sysbios_knl_Semaphore_Module__id__C                     
200116d4  ti_sysbios_knl_Task_Module__id__C                          
200116d6  xdc_runtime_Core_Module__id__C                             
200116d8  xdc_runtime_Error_Module__loggerDefined__C                 
200116da  xdc_runtime_Error_maxDepth__C                              
200116dc  xdc_runtime_Memory_Module__id__C                           
200116de  xdc_runtime_SysMin_flushAtExit__C                          
200116e0  xdc_runtime_Text_charCnt__C                                
200116e2  xdc_runtime_Text_isLoaded__C                               
200116e4  xdc_runtime_Text_registryModsLastId__C                     
200116e6  xdc_runtime_Text_unnamedModsLastId__C                      
200116e8  xdc_runtime_Error_policy__C                                
200116ec  ti_sysbios_knl_Swi_Module_State_0_readyQ__A                
2001176c  ti_sysbios_knl_Task_Module_State_0_readyQ__A               
200117ec  PowerCC3200_module                                         
20011840  ti_sysbios_knl_Task_Object__table__V                       
2001188c  ti_sysbios_knl_Task_Module__state__V                       
200118d0  ti_sysbios_gates_GateMutex_Object__table__V                
20011908  ti_sysbios_family_arm_m3_Hwi_Module__state__V              
2001193c  ti_sysbios_family_arm_m3_Timer_Object__table__V            
2001196c  ti_sysbios_knl_Swi_Object__table__V                        
2001199c  ti_sysbios_knl_Clock_Module__state__V                      
200119c8  ti_sysbios_BIOS_Module__state__V                           
200119ec  ti_sysbios_knl_Swi_Module__state__V                        
20011a08  ti_sysbios_family_arm_m3_Hwi_Object__table__V              
20011a20  ti_sysbios_heaps_HeapMem_Object__table__V                  
20011a4c  gpioPinConfigs                                             
20011a5c  __TI_cleanup_ptr                                           
20011a60  __TI_dtors_ptr                                             
20011a64  __TI_enable_exit_profile_output                            
20011a68  g_uiLED1Port                                               
20011a6c  g_uiLED2Port                                               
20011a70  g_uiLED3Port                                               
20011a74  ti_sysbios_family_arm_m3_Timer_Module__state__V            
20011a80  xdc_runtime_SysMin_Module__state__V                        
20011a8c  _lock                                                      
20011a90  _unlock                                                    
20011a9c  gpioCallbackFunctions                                      
20011aa4  ti_sysbios_family_arm_m3_Hwi_Module__root__V               
20011aac  ti_sysbios_gates_GateHwi_Module__root__V                   
20011ab4  ti_sysbios_gates_GateMutex_Module__root__V                 
20011abc  ti_sysbios_heaps_HeapMem_Module__root__V                   
20011ac4  ti_sysbios_knl_Clock_Module__root__V                       
20011acc  ti_sysbios_knl_Queue_Module__root__V                       
20011ad4  ti_sysbios_knl_Semaphore_Module__root__V                   
20011adc  ti_sysbios_knl_Task_Module__root__V                        
20011ae4  xdc_runtime_Registry_Module__state__V                      
20011aec  xdc_runtime_Startup_Module__state__V                       
20011af4  xdc_runtime_System_Module_State_0_atexitHandlers__A        
20011afc  xdc_runtime_System_Module__state__V                        
20011b04  count                                                      
20011b10  main_func_sp                                               
20011b14  ti_sysbios_family_arm_m3_Hwi_Module_State_0_excContext__A  
20011b18  ti_sysbios_family_arm_m3_Hwi_Module_State_0_excStack__A    
20011b1c  ti_sysbios_gates_GateHwi_Object__table__V                  
20011b20  ti_sysbios_knl_Task_Module_State_0_idleTask__A             
20011b24  xdc_runtime_Memory_Module__state__V                        
20011b28  ti_sysbios_family_arm_m3_Hwi_Module_State_0_excActive__A   
20011b2a  xdc_runtime_Error_Module__state__V                         
20011b30  __stack                                                    
20011e30  __STACK_END                                                
20011e30  __TI_static_base__                                         
2001215c  __TI_Handler_Table_Base                                    
20012164  __TI_CINIT_Base                                            
20012164  __TI_Handler_Table_Limit                                   
20012174  __TI_CINIT_Limit                                           
e000e000  ti_sysbios_family_arm_m3_Hwi_nvic                          
ffffffff  __TI_pprof_out_hndl                                        
ffffffff  __TI_prof_data_size                                        
ffffffff  __TI_prof_data_start                                       
ffffffff  __binit__                                                  
ffffffff  __c_args__                                                 
ffffffff  binit                                                      
UNDEFED   SHT$$INIT_ARRAY$$Base                                      
UNDEFED   SHT$$INIT_ARRAY$$Limit                                     

[722 symbols]
