******************************************************************************
                  TI ARM Linker PC v15.12.3                    
******************************************************************************
>> Linked Sun Dec 11 14:14:27 2016

OUTPUT FILE NAME:   <CDIO_CC3200.out>
ENTRY POINT SYMBOL: "_c_int00"  address: 2000a1b1


MEMORY CONFIGURATION

         name            origin    length      used     unused   attr    fill
----------------------  --------  ---------  --------  --------  ----  --------
  SRAM                  20004000   0003c000  0000e1bf  0002de41  RW X


SEGMENT ALLOCATION MAP

run origin  load origin   length   init length attrs members
----------  ----------- ---------- ----------- ----- -------
20004000    20004000    000081a2   000081a2    r-x
  20004000    20004000    0000030c   0000030c    r-- .resetVecs
  20004310    20004310    00007e92   00007e92    r-x .text
2000c1a8    2000c1a8    000034f3   00000000    rw-
  2000c1a8    2000c1a8    000034f3   00000000    rw- .bss
2000f69c    2000f69c    000020a5   000020a5    r--
  2000f69c    2000f69c    000020a5   000020a5    r-- .const
20011744    20011744    00000748   00000000    rw-
  20011744    20011744    00000445   00000000    rw- .data
  20011b8c    20011b8c    00000300   00000000    rw- .stack
20011e90    20011e90    00000344   00000344    r--
  20011e90    20011e90    00000344   00000344    r-- .cinit


SECTION ALLOCATION MAP

 output                                  attributes/
section   page    origin      length       input sections
--------  ----  ----------  ----------   ----------------
.text      0    20004310    00007e92     
                  20004310    00000430     sysbios.aem4 : BIOS.obj (.text:ti_sysbios_family_arm_m3_Hwi_excDumpRegs__I)
                  20004740    00000364     CDIO_CC3200.obj (.text:moveTask)
                  20004aa4    0000034c     ti.targets.arm.rtsarm.aem4 : System.oem4 (.text:xdc_runtime_System_doPrint__I)
                  20004df0    00000324     rtsv7M4_T_le_eabi.lib : trgdrv.obj (.text)
                  20005114    00000004     tirtosport.aem4 : ClockP_tirtos.oem4 (.text:ClockP_getCpuFreq)
                  20005118    000002c0     sysbios.aem4 : BIOS.obj (.text:ti_sysbios_knl_Semaphore_pend__E)
                  200053d8    00000254                  : BIOS.obj (.text:ti_sysbios_heaps_HeapMem_free__E)
                  2000562c    00000004     tirtosport.aem4 : HwiP_tirtos.oem4 (.text:HwiP_disable)
                  20005630    00000248     sysbios.aem4 : BIOS.obj (.text:ti_sysbios_heaps_HeapMem_alloc__E)
                  20005878    0000022c                  : BIOS.obj (.text:ti_sysbios_knl_Task_Instance_finalize__E)
                  20005aa4    00000208     drivers_cc32xxware.aem4 : UARTCC3200.oem4 (.text:UARTCC3200_open)
                  20005cac    00000004                             : List.oem4 (.text:List_head)
                  20005cb0    000001fc     sysbios.aem4 : BIOS.obj (.text:ti_sysbios_family_arm_m3_Hwi_excHandlerMax__I)
                  20005eac    000001f4     rtsv7M4_T_le_eabi.lib : ull_div_t2.obj (.text)
                  200060a0    000001c8     sysbios.aem4 : BIOS.obj (.text:ti_sysbios_knl_Task_Instance_init__E)
                  20006268    00000188     power_cc3200_tirtos.aem4 : PowerCC3200_tirtos.oem4 (.text:PowerCC3200_sleepPolicy)
                  200063f0    0000017c     drivers_cc32xxware.aem4 : GPIOCC3200.oem4 (.text:GPIO_setConfig)
                  2000656c    00000004                             : List.oem4 (.text:List_next)
                  20006570    00000174     sysbios.aem4 : BIOS.obj (.text:ti_sysbios_family_arm_m3_Hwi_excBusFault__I)
                  200066e4    00000004     CDIO_CC3200_pem4.oem4 (.text:ti_sysbios_BIOS_RtsGateProxy_enter__E)
                  200066e8    00000164     sysbios.aem4 : BIOS.obj (.text:ti_sysbios_family_arm_m3_Hwi_excUsageFault__I)
                  2000684c    00000154     CDIO_CC3200.obj (.text:move)
                  200069a0    00000148     sysbios.aem4 : BIOS.obj (.text:ti_sysbios_family_arm_m3_Hwi_excMemFault__I)
                  20006ae8    0000013c                  : BIOS.obj (.text:ti_sysbios_heaps_HeapMem_Instance_init__E)
                  20006c24    00000134     driverlib.a : prcm.obj (.text:PRCMCC3200MCUInit)
                  20006d58    0000011c     sysbios.aem4 : BIOS.obj (.text:ti_sysbios_knl_Clock_Instance_init__E)
                  20006e74    00000118     ti.targets.arm.rtsarm.aem4 : Error.oem4 (.text:xdc_runtime_Error_policyDefault__E)
                  20006f8c    00000102     rom_pin_mux_config.obj (.text:PinMuxConfig)
                  2000708e    00000002     rtsv7M4_T_le_eabi.lib : i_div0.obj (.text)
                  20007090    00000100     ti.targets.arm.rtsarm.aem4 : Core-mem.oem4 (.text:xdc_runtime_Core_createObject__I)
                  20007190    000000f8                                : Startup.oem4 (.text:xdc_runtime_Startup_startMods__I)
                  20007288    000000f8     CDIO_CC3200_pem4.oem4 (.text:xdc_runtime_System_printfExtend__I)
                  20007380    000000f6     CDIO_CC3200.obj (.text:charToInt)
                  20007476    00000002     CDIO_CC3200_pem4.oem4 (.text:ti_sysbios_BIOS_nullFunc__I)
                  20007478    000000f0     CDIO_CC3200.obj (.text:main)
                  20007568    000000ec     sysbios.aem4 : BIOS.obj (.text:ti_sysbios_knl_Semaphore_post__E)
                  20007654    000000e0     drivers_cc32xxware.aem4 : PWMTimerCC3200.oem4 (.text:PWMTimerCC3200_open)
                  20007734    000000d0     gpio_if.obj (.text:GPIO_IF_LedOff)
                  20007804    000000d0     drivers_cc32xxware.aem4 : GPIOCC3200.oem4 (.text:powerNotifyFxn)
                  200078d4    000000d0     sysbios.aem4 : m3_Hwi_asm.obj (.text:ti_sysbios_family_arm_m3_Hwi_dispatch__I)
                  200079a4    000000cc     ti.targets.arm.rtsarm.aem4 : Core-smem.oem4 (.text:xdc_runtime_Core_constructObject__I)
                  20007a70    000000bc     sysbios.aem4 : BIOS.obj (.text:ti_sysbios_family_arm_m3_Hwi_excDebugMon__I)
                  20007b2c    00000004     CDIO_CC3200_pem4.oem4 (.text:ti_sysbios_BIOS_RtsGateProxy_leave__E)
                  20007b30    000000bc     sysbios.aem4 : BIOS.obj (.text:ti_sysbios_family_arm_m3_Hwi_excHardFault__I)
                  20007bec    000000b8     drivers_cc32xxware.aem4 : PWMTimerCC3200.oem4 (.text:PWMTimerCC3200_setDuty)
                  20007ca4    00000004     CDIO_CC3200_pem4.oem4 (.text:ti_sysbios_family_arm_m3_Hwi_destruct)
                  20007ca8    000000b4     sysbios.aem4 : BIOS.obj (.text:ti_sysbios_gates_GateMutex_enter__E)
                  20007d5c    00000004     CDIO_CC3200_pem4.oem4 (.text:ti_sysbios_family_arm_m3_TaskSupport_Module__startupDone__S)
                  20007d60    000000b4     sysbios.aem4 : BIOS.obj (.text:ti_sysbios_knl_Task_checkStacks__E)
                  20007e14    00000004     CDIO_CC3200_pem4.oem4 (.text:ti_sysbios_heaps_HeapMem_Module_GateProxy_enter__E)
                  20007e18    000000a8     sysbios.aem4 : BIOS.obj (.text:ti_sysbios_knl_Task_postInit__I)
                  20007ec0    000000a4                  : BIOS.obj (.text:ti_sysbios_knl_Clock_Instance_finalize__E)
                  20007f64    000000a2     drivers_cc32xxware.aem4 : UARTCC3200.oem4 (.text:UARTCC3200_write)
                  20008006    00000002     CDIO_CC3200_pem4.oem4 (.text:xdc_runtime_Startup_reset__I)
                  20008008    000000a0     auto_init.aem4 : auto_init.oem4 (.text)
                  200080a8    000000a0     ti.targets.arm.rtsarm.aem4 : Text.oem4 (.text:xdc_runtime_Text_putMod__E)
                  20008148    0000009e     drivers_cc32xxware.aem4 : UARTCC3200.oem4 (.text:readTaskBlocking)
                  200081e6    0000009c     rtsv7M4_T_le_eabi.lib : memcpy_t2.obj (.text)
                  20008282    00000006     drivers_cc32xxware.aem4 : PWMTimerCC3200.oem4 (.text:PWMTimerCC3200_getPeriodMicroSecs)
                  20008288    0000009c     sysbios.aem4 : BIOS.obj (.text:ti_sysbios_knl_Semaphore_Instance_init__E)
                  20008324    0000009a     ti.targets.arm.rtsarm.aem4 : Text.oem4 (.text:xdc_runtime_Text_putSite__E)
                  200083be    00000098     drivers_cc32xxware.aem4 : UARTCC3200.oem4 (.text:UARTCC3200_control)
                  20008456    00000098                             : UARTCC3200.oem4 (.text:UARTCC3200_readPolling)
                  200084ee    00000002     --HOLE-- [fill = 0]
                  200084f0    00000094     sysbios.aem4 : BIOS.obj (.text:ti_sysbios_family_arm_m3_Hwi_Instance_init__E)
                  20008584    00000090     drivers_cc32xxware.aem4 : PowerCC3200.oem4 (.text:restoreNVICRegs)
                  20008614    0000008a                             : UARTCC3200.oem4 (.text:readIsrTextBlocking)
                  2000869e    00000002     --HOLE-- [fill = 0]
                  200086a0    00000088     driverlib.a : pin.obj (.text:PinConfigSet)
                  20008728    00000088     drivers_cc32xxware.aem4 : UARTCC3200.oem4 (.text:UARTCC3200_close)
                  200087b0    00000088     sysbios.aem4 : BIOS.obj (.text:ti_sysbios_family_arm_m3_Hwi_initNVIC__E)
                  20008838    00000084     drivers_cc32xxware.aem4 : GPIOCC3200.oem4 (.text:GPIO_init)
                  200088bc    00000084                             : PowerCC3200.oem4 (.text:saveNVICRegs)
                  20008940    00000084     sysbios.aem4 : BIOS.obj (.text:ti_sysbios_family_arm_m3_Hwi_postInit__I)
                  200089c4    00000082     driverlib.a : gpio.obj (.text:GPIOIntTypeSet)
                  20008a46    00000082     drivers_cc32xxware.aem4 : UARTCC3200.oem4 (.text:readIsrTextCallback)
                  20008ac8    0000007a                             : UARTCC3200.oem4 (.text:readTaskCallback)
                  20008b42    0000007a     rtsv7M4_T_le_eabi.lib : memset_t2.obj (.text)
                  20008bbc    00000076     driverlib.a : uart.obj (.text:UARTConfigSetExpClk)
                  20008c32    00000006                 : utils.obj (.text:UtilsDelay)
                  20008c38    00000074     sysbios.aem4 : BIOS.obj (.text:ti_sysbios_knl_Clock_start__E)
                  20008cac    00000070     drivers_cc32xxware.aem4 : PWMTimerCC3200.oem4 (.text:PWMTimerCC3200_control)
                  20008d1c    00000070                             : PowerCC3200.oem4 (.text:Power_sleep)
                  20008d8c    0000006d     ti.targets.arm.rtsarm.aem4 : System.oem4 (.text:xdc_runtime_System_formatNum__I)
                  20008df9    00000003     --HOLE-- [fill = 0]
                  20008dfc    0000006c     drivers_cc32xxware.aem4 : UARTCC3200.oem4 (.text:initHw)
                  20008e68    0000006c     sysbios.aem4 : BIOS.obj (.text:ti_sysbios_knl_Clock_workFunc__E)
                  20008ed4    00000004     CDIO_CC3200_pem4.oem4 (.text:ti_sysbios_heaps_HeapMem_Module_GateProxy_leave__E)
                  20008ed8    0000006c     sysbios.aem4 : BIOS.obj (.text:ti_sysbios_knl_Swi_restoreHwi__E)
                  20008f44    00000004     CDIO_CC3200_pem4.oem4 (.text:ti_sysbios_knl_Clock_TimerProxy_getMaxTicks__E)
                  20008f48    0000006c     sysbios.aem4 : BIOS.obj (.text:ti_sysbios_knl_Task_exit__E)
                  20008fb4    0000006c     ti.targets.arm.rtsarm.aem4 : Error.oem4 (.text:xdc_runtime_Error_print__E)
                  20009020    0000006c                                : Memory.oem4 (.text:xdc_runtime_Memory_alloc__E)
                  2000908c    0000006a     rtsv7M4_T_le_eabi.lib : copy_decompress_rle.obj (.text)
                  200090f6    00000002     --HOLE-- [fill = 0]
                  200090f8    00000068     driverlib.a : prcm.obj (.text:PRCMHibernateWakeUpGPIOSelect)
                  20009160    00000068     rtsv7M4_T_le_eabi.lib : trgmsg.obj (.text)
                  200091c8    00000068     drivers_cc32xxware.aem4 : UARTCC3200.oem4 (.text:writeData)
                  20009230    00000066     ti.targets.arm.rtsarm.aem4 : Core-mem.oem4 (.text:xdc_runtime_Core_deleteObject__I)
                  20009296    00000002     --HOLE-- [fill = 0]
                  20009298    00000064     drivers_cc32xxware.aem4 : GPIOCC3200.oem4 (.text:GPIO_hwiIntFxn)
                  200092fc    00000004     CDIO_CC3200_pem4.oem4 (.text:ti_sysbios_knl_Clock_TimerProxy_setPeriodMicroSecs__E)
                  20009300    00000064     sysbios.aem4 : BIOS.obj (.text:ti_sysbios_family_arm_m3_Hwi_dispatchC__I)
                  20009364    00000062     tirtosport.aem4 : HwiP_tirtos.oem4 (.text:HwiP_create)
                  200093c6    00000002     --HOLE-- [fill = 0]
                  200093c8    00000060     sysbios.aem4 : BIOS.obj (.text:ti_sysbios_knl_Task_schedule__I)
                  20009428    0000005e     drivers_cc32xxware.aem4 : UARTCC3200.oem4 (.text:readIsrBinaryBlocking)
                  20009486    00000002     --HOLE-- [fill = 0]
                  20009488    0000005c     sysbios.aem4 : BIOS.obj (.text:ti_sysbios_knl_Swi_run__I)
                  200094e4    00000004     CDIO_CC3200_pem4.oem4 (.text:ti_sysbios_knl_Clock_TimerProxy_start__E)
                  200094e8    0000005c     sysbios.aem4 : BIOS.obj (.text:ti_sysbios_knl_Swi_schedule__I)
                  20009544    00000004     CDIO_CC3200_pem4.oem4 (.text:ti_sysbios_knl_Clock_TimerProxy_stop__E)
                  20009548    0000005c     sysbios.aem4 : BIOS.obj (.text:ti_sysbios_knl_Task_Module_startup__E)
                  200095a4    00000004     CDIO_CC3200_pem4.oem4 (.text:ti_sysbios_knl_Clock_destruct)
                  200095a8    0000005c     sysbios.aem4 : BIOS.obj (.text:ti_sysbios_knl_Task_startCore__E)
                  20009604    0000005b     ti.targets.arm.rtsarm.aem4 : Text.oem4 (.text:xdc_runtime_Text_putLab__E)
                  2000965f    00000001     --HOLE-- [fill = 0]
                  20009660    0000005a     tirtosport.aem4 : ClockP_tirtos.oem4 (.text:ClockP_create)
                  200096ba    00000002     --HOLE-- [fill = 0]
                  200096bc    00000058     driverlib.a : prcm.obj (.text:PRCMPeripheralReset)
                  20009714    00000058     drivers_cc32xxware.aem4 : PowerCC3200.oem4 (.text:Power_init)
                  2000976c    00000058     tirtosport.aem4 : SemaphoreP_tirtos.oem4 (.text:SemaphoreP_create)
                  200097c4    00000058     CDIO_CC3200_pem4.oem4 (.text:ti_sysbios_family_arm_m3_Hwi_construct)
                  2000981c    00000054     drivers_cc32xxware.aem4 : UARTCC3200.oem4 (.text:UARTCC3200_writeCancel)
                  20009870    00000054                             : UARTCC3200.oem4 (.text:readIsrBinaryCallback)
                  200098c4    00000054     rtsv7M4_T_le_eabi.lib : exit.obj (.text)
                  20009918    00000054     sysbios.aem4 : BIOS.obj (.text:ti_sysbios_family_arm_m3_Timer_setPeriod__E)
                  2000996c    00000004     CDIO_CC3200_pem4.oem4 (.text:ti_sysbios_knl_Queue_destruct)
                  20009970    00000054     sysbios.aem4 : BIOS.obj (.text:ti_sysbios_family_arm_m3_Timer_start__E)
                  200099c4    00000054     CDIO_CC3200_pem4.oem4 (.text:ti_sysbios_knl_Task_construct)
                  20009a18    00000054     ti.targets.arm.rtsarm.aem4 : Assert.oem4 (.text:xdc_runtime_Assert_raise__I)
                  20009a6c    00000004     CDIO_CC3200_pem4.oem4 (.text:ti_sysbios_knl_Semaphore_destruct)
                  20009a70    00000050     sysbios.aem4 : BIOS.obj (.text:ti_sysbios_family_arm_m3_Hwi_Module_startup__E)
                  20009ac0    00000050     ti.targets.arm.rtsarm.aem4 : Startup.oem4 (.text:xdc_runtime_Startup_exec__E)
                  20009b10    00000050                                : Text.oem4 (.text:xdc_runtime_Text_visitRope2__I)
                  20009b60    0000004c     gpio_if.obj (.text:GPIO_IF_GetPortNPin)
                  20009bac    0000004c     drivers_cc32xxware.aem4 : GPIOCC3200.oem4 (.text:GPIO_setCallback)
                  20009bf8    0000004c     rtsv7M4_T_le_eabi.lib : cpy_tbl.obj (.text)
                  20009c44    0000004c     sysbios.aem4 : m3_TaskSupport_asm.obj (.text:ti_sysbios_family_arm_m3_TaskSupport_buildTaskStack)
                  20009c90    0000004c                  : BIOS.obj (.text:ti_sysbios_family_arm_m3_Timer_setPeriodMicroSecs__E)
                  20009cdc    00000004     ti.targets.arm.rtsarm.aem4 : Error.oem4 (.text:xdc_runtime_Error_getSite__E)
                  20009ce0    0000004c     sysbios.aem4 : BIOS.obj (.text:ti_sysbios_heaps_HeapMem_getStats__E)
                  20009d2c    00000004     CDIO_CC3200_pem4.oem4 (.text:xdc_runtime_System_Module_GateProxy_enter__E)
                  20009d30    0000004c     sysbios.aem4 : BIOS.obj (.text:ti_sysbios_knl_Swi_runLoop__I)
                  20009d7c    00000004     CDIO_CC3200_pem4.oem4 (.text:xdc_runtime_System_Module_GateProxy_leave__E)
                  20009d80    0000004c     sysbios.aem4 : BIOS.obj (.text:ti_sysbios_knl_Task_allBlockedFunction__I)
                  20009dcc    00000048     driverlib.a : flash.obj (.text:FlashDisable)
                  20009e14    00000048                 : prcm.obj (.text:PRCMHibernateWakeupSourceEnable)
                  20009e5c    00000048                 : pin.obj (.text:PinConfigGet)
                  20009ea4    00000048     drivers_cc32xxware.aem4 : PowerCC3200.oem4 (.text:notify)
                  20009eec    00000004     ti.targets.arm.rtsarm.aem4 : System.oem4 (.text:xdc_runtime_System_aprintf_va__F)
                  20009ef0    00000048     sysbios.aem4 : BIOS.obj (.text:ti_sysbios_family_arm_m3_Hwi_disableInterrupt__E)
                  20009f38    00000048                  : BIOS.obj (.text:ti_sysbios_family_arm_m3_Hwi_enableInterrupt__E)
                  20009f80    00000048                  : BIOS.obj (.text:ti_sysbios_family_arm_m3_Hwi_excReserved__I)
                  20009fc8    00000048                  : m3_Hwi_asm_switch.obj (.text:ti_sysbios_family_arm_m3_Hwi_initStacks__E)
                  2000a010    00000048                  : BIOS.obj (.text:ti_sysbios_family_arm_m3_Timer_initDevice__I)
                  2000a058    00000046     drivers_cc32xxware.aem4 : RingBuf.oem4 (.text:RingBuf_put)
                  2000a09e    00000046     ti.targets.arm.rtsarm.aem4 : Core-params.oem4 (.text:xdc_runtime_Core_assignParams__I)
                  2000a0e4    00000044     driverlib.a : prcm.obj (.text:PRCMLPDSEnter)
                  2000a128    00000044     drivers_cc32xxware.aem4 : PowerCC3200_asm.oem4 (.text:PowerCC3200_enterLPDS)
                  2000a16c    00000044                             : UARTCC3200.oem4 (.text:UARTCC3200_hwiIntFxn)
                  2000a1b0    00000044     boot.aem4 : boot.oem4 (.text)
                  2000a1f4    00000004     ti.targets.arm.rtsarm.aem4 : System.oem4 (.text:xdc_runtime_System_printf_va__F)
                  2000a1f8    00000044     sysbios.aem4 : BIOS.obj (.text:ti_sysbios_family_arm_m3_Hwi_getStackInfo__E)
                  2000a23c    00000004     --HOLE-- [fill = 0]
                  2000a240    00000044                  : BIOS.obj (.text:ti_sysbios_knl_Swi_post__E)
                  2000a284    00000044     ti.targets.arm.rtsarm.aem4 : Error.oem4 (.text:xdc_runtime_Error_setX__E)
                  2000a2c8    00000044                                : SysMin.oem4 (.text:xdc_runtime_SysMin_flush__E)
                  2000a30c    00000044                                : Text.oem4 (.text:xdc_runtime_Text_xprintf__I)
                  2000a350    00000042     drivers_cc32xxware.aem4 : PowerCC3200_asm.oem4 (.text:PowerCC3200_resumeLPDS)
                  2000a392    00000042                             : UARTCC3200.oem4 (.text:UARTCC3200_writePolling)
                  2000a3d4    00000040                             : GPIOCC3200.oem4 (.text:GPIO_enableInt)
                  2000a414    00000040     driverlib.a : pin.obj (.text:PinModeSet)
                  2000a454    00000040     drivers_cc32xxware.aem4 : PowerCC3200.oem4 (.text:Power_setDependency)
                  2000a494    00000040                             : RingBuf.oem4 (.text:RingBuf_get)
                  2000a4d4    00000040                             : UARTCC3200.oem4 (.text:UARTCC3200_read)
                  2000a514    00000040     rtsv7M4_T_le_eabi.lib : u_divt2.obj (.text)
                  2000a554    00000004     --HOLE-- [fill = 0]
                  2000a558    00000040     sysbios.aem4 : BIOS.obj (.text:ti_sysbios_family_arm_m3_Timer_Module_startup__E)
                  2000a598    0000003c     driverlib.a : prcm.obj (.text:PRCMPeripheralClkEnable)
                  2000a5d4    0000003c                 : prcm.obj (.text:PRCMSlowClkCtrFastGet)
                  2000a610    0000003c                 : pin.obj (.text:PinDirModeSet)
                  2000a64c    00000004     --HOLE-- [fill = 0]
                  2000a650    0000003c     sysbios.aem4 : BIOS.obj (.text:ti_sysbios_family_arm_m3_Hwi_excSvCall__I)
                  2000a68c    00000004     --HOLE-- [fill = 0]
                  2000a690    0000003c                  : BIOS.obj (.text:ti_sysbios_heaps_HeapMem_init__I)
                  2000a6cc    00000004     --HOLE-- [fill = 0]
                  2000a6d0    0000003c                  : BIOS.obj (.text:ti_sysbios_knl_Clock_walkQueuePeriodic__E)
                  2000a70c    00000004     --HOLE-- [fill = 0]
                  2000a710    0000003c                  : BIOS.obj (.text:ti_sysbios_knl_Swi_restore__E)
                  2000a74c    00000004     --HOLE-- [fill = 0]
                  2000a750    0000003c                  : BIOS.obj (.text:ti_sysbios_knl_Swi_startup__E)
                  2000a78c    0000003a     gpio_if.obj (.text:GPIO_IF_Set)
                  2000a7c6    00000002     --HOLE-- [fill = 0]
                  2000a7c8    00000038     driverlib.a : prcm.obj (.text:PRCMIntEnable)
                  2000a800    00000038     drivers_cc32xxware.aem4 : PWM.oem4 (.text:PWM_init)
                  2000a838    00000038     power_cc3200_tirtos.aem4 : PowerCC3200_tirtos.oem4 (.text:PowerCC3200_initPolicy)
                  2000a870    00000038     drivers_cc32xxware.aem4 : UART.oem4 (.text:UART_init)
                  2000a8a8    00000038     sysbios.aem4 : BIOS.obj (.text:ti_sysbios_family_arm_m3_Hwi_excNoIsr__I)
                  2000a8e0    00000038                  : BIOS.obj (.text:ti_sysbios_knl_Task_processVitalTaskFlag__I)
                  2000a918    00000038     ti.targets.arm.rtsarm.aem4 : SysMin.oem4 (.text:xdc_runtime_SysMin_putch__E)
                  2000a950    00000038                                : System.oem4 (.text:xdc_runtime_System_atexit__E)
                  2000a988    00000036     driverlib.a : gpio.obj (.text:GPIODirModeSet)
                  2000a9be    00000036                 : timer.obj (.text:TimerControlLevel)
                  2000a9f4    00000036     drivers_cc32xxware.aem4 : UARTCC3200.oem4 (.text:UARTCC3200_readCancel)
                  2000aa2a    00000002     --HOLE-- [fill = 0]
                  2000aa2c    00000034     driverlib.a : prcm.obj (.text:PRCMPeripheralStatusGet)
                  2000aa60    00000034                 : prcm.obj (.text:PRCMSRAMRetentionEnable)
                  2000aa94    00000034     drivers_cc32xxware.aem4 : PowerCC3200.oem4 (.text:Power_releaseDependency)
                  2000aac8    00000034     power_cc3200_tirtos.aem4 : PowerCC3200_tirtos.oem4 (.text:getCountsRTC)
                  2000aafc    00000034     drivers_cc32xxware.aem4 : PWMTimerCC3200.oem4 (.text:getPowerMgrId)
                  2000ab30    00000034                             : PowerCC3200.oem4 (.text:restorePeriphClocks)
                  2000ab64    00000004     --HOLE-- [fill = 0]
                  2000ab68    00000034     sysbios.aem4 : BIOS.obj (.text:ti_sysbios_family_arm_m3_Hwi_Instance_finalize__E)
                  2000ab9c    00000004     --HOLE-- [fill = 0]
                  2000aba0    00000034                  : BIOS.obj (.text:ti_sysbios_family_arm_m3_Hwi_excNmi__I)
                  2000abd4    00000004     --HOLE-- [fill = 0]
                  2000abd8    00000034                  : BIOS.obj (.text:ti_sysbios_family_arm_m3_Timer_periodicStub__I)
                  2000ac0c    00000004     --HOLE-- [fill = 0]
                  2000ac10    00000034                  : BIOS.obj (.text:ti_sysbios_hal_Hwi_checkStack)
                  2000ac44    00000034     CDIO_CC3200_pem4.oem4 (.text:ti_sysbios_knl_Clock_construct)
                  2000ac78    00000034     ti.targets.arm.rtsarm.aem4 : Core-label.oem4 (.text:xdc_runtime_Core_assignLabel__I)
                  2000acac    00000033                                : Text.oem4 (.text:xdc_runtime_Text_printVisFxn__I)
                  2000acdf    00000001     --HOLE-- [fill = 0]
                  2000ace0    00000032     sysbios.aem4 : BIOS.obj (.text:ti_sysbios_hal_Hwi_initStack)
                  2000ad12    00000002     --HOLE-- [fill = 0]
                  2000ad14    00000030     drivers_cc32xxware.aem4 : PWM.oem4 (.text:PWM_open)
                  2000ad44    00000030     driverlib.a : pin.obj (.text:PinTypeGPIO)
                  2000ad74    00000030     drivers_cc32xxware.aem4 : PowerCC3200.oem4 (.text:Power_releaseConstraint)
                  2000ada4    00000030                             : PowerCC3200.oem4 (.text:Power_setConstraint)
                  2000add4    00000030     driverlib.a : uart.obj (.text:UARTDisable)
                  2000ae04    00000030     drivers_cc32xxware.aem4 : UART.oem4 (.text:UART_open)
                  2000ae34    00000030     CDIO_CC3200_pem4.oem4 (.text:ti_sysbios_BIOS_atExitFunc__I)
                  2000ae64    00000004     --HOLE-- [fill = 0]
                  2000ae68    00000030     sysbios.aem4 : BIOS.obj (.text:ti_sysbios_family_arm_m3_TaskSupport_start__E)
                  2000ae98    00000030     CDIO_CC3200_pem4.oem4 (.text:ti_sysbios_gates_GateHwi_Object__create__S)
                  2000aec8    00000030     CDIO_CC3200_pem4.oem4 (.text:ti_sysbios_gates_GateMutex_Object__create__S)
                  2000aef8    00000030     CDIO_CC3200_pem4.oem4 (.text:ti_sysbios_heaps_HeapMem_Object__create__S)
                  2000af28    00000030     CDIO_CC3200_pem4.oem4 (.text:ti_sysbios_knl_Semaphore_construct)
                  2000af58    00000030     sysbios.aem4 : BIOS.obj (.text:ti_sysbios_knl_Semaphore_pendTimeout__I)
                  2000af88    00000030                  : BIOS.obj (.text:ti_sysbios_knl_Task_unblockI__E)
                  2000afb8    00000030     ti.targets.arm.rtsarm.aem4 : SysMin.oem4 (.text:xdc_runtime_SysMin_abort__E)
                  2000afe8    00000030                                : System.oem4 (.text:xdc_runtime_System_processAtExit__E)
                  2000b018    0000002e     drivers_cc32xxware.aem4 : PWMTimerCC3200.oem4 (.text:PWMTimerCC3200_close)
                  2000b046    00000002     --HOLE-- [fill = 0]
                  2000b048    0000002c     driverlib.a : prcm.obj (.text:PRCMLPDSIntervalSet)
                  2000b074    0000002c                 : prcm.obj (.text:PRCMSysResetCauseGet)
                  2000b0a0    0000002c     CDIO_CC3200_pem4.oem4 (.text:ti_sysbios_knl_Clock_doTick__I)
                  2000b0cc    0000002c     CDIO_CC3200_pem4.oem4 (.text:ti_sysbios_knl_Queue_construct)
                  2000b0f8    0000002c     sysbios.aem4 : BIOS.obj (.text:ti_sysbios_knl_Task_restore__E)
                  2000b124    0000002c     ti.targets.arm.rtsarm.aem4 : Text.oem4 (.text:xdc_runtime_Text_cordText__E)
                  2000b150    0000002a     driverlib.a : timer.obj (.text:TimerLoadSet)
                  2000b17a    0000002a                 : timer.obj (.text:TimerMatchSet)
                  2000b1a4    0000002a                 : timer.obj (.text:TimerPrescaleMatchSet)
                  2000b1ce    0000002a                 : timer.obj (.text:TimerPrescaleSet)
                  2000b1f8    0000002a     ti.targets.arm.rtsarm.aem4 : System.oem4 (.text:xdc_runtime_System_putchar__I)
                  2000b222    00000002     --HOLE-- [fill = 0]
                  2000b224    00000028     driverlib.a : prcm.obj (.text:PRCMLPDSWakeupSourceEnable)
                  2000b24c    00000028                 : prcm.obj (.text:PRCMPeripheralClkDisable)
                  2000b274    00000028     drivers_cc32xxware.aem4 : PowerCC3200.oem4 (.text:Power_registerNotify)
                  2000b29c    00000028                             : UARTCC3200.oem4 (.text:releasePowerConstraint)
                  2000b2c4    00000004     --HOLE-- [fill = 0]
                  2000b2c8    00000028     sysbios.aem4 : BIOS.obj (.text:ti_sysbios_knl_Swi_Module_startup__E)
                  2000b2f0    00000026     drivers_cc32xxware.aem4 : List.oem4 (.text:List_put)
                  2000b316    00000026     ti.targets.arm.rtsarm.aem4 : System.oem4 (.text:xdc_runtime_System_avprintf__E)
                  2000b33c    00000024     driverlib.a : prcm.obj (.text:PRCMLPDSWakeUpGPIOSelect)
                  2000b360    00000024                 : uart.obj (.text:UARTCharPutNonBlocking)
                  2000b384    00000024                 : uart.obj (.text:UARTEnable)
                  2000b3a8    00000024     CDIO_CC3200_pem4.oem4 (.text:ti_sysbios_BIOS_errorRaiseHook__I)
                  2000b3cc    00000024     CDIO_CC3200_pem4.oem4 (.text:ti_sysbios_BIOS_registerRTSLock__I)
                  2000b3f0    00000024     CDIO_CC3200_pem4.oem4 (.text:ti_sysbios_BIOS_removeRTSLock__I)
                  2000b414    00000024     CDIO_CC3200_pem4.oem4 (.text:ti_sysbios_BIOS_startFunc__I)
                  2000b438    00000024     sysbios.aem4 : BIOS.obj (.text:ti_sysbios_family_arm_m3_Hwi_doTaskRestore__I)
                  2000b45c    00000004     --HOLE-- [fill = 0]
                  2000b460    00000024                  : BIOS.obj (.text:ti_sysbios_family_arm_m3_Timer_startup__E)
                  2000b484    00000024     CDIO_CC3200_pem4.oem4 (.text:ti_sysbios_gates_GateMutex_Object__delete__S)
                  2000b4a8    00000024     sysbios.aem4 : BIOS.obj (.text:ti_sysbios_knl_Clock_Module_startup__E)
                  2000b4cc    00000024     ti.targets.arm.rtsarm.aem4 : System.oem4 (.text:xdc_runtime_System_vprintf__E)
                  2000b4f0    00000022     driverlib.a : gpio.obj (.text:GPIOIntStatus)
                  2000b512    00000022     CDIO_CC3200_pem4.oem4 (.text:xdc_runtime_SysMin_output__I)
                  2000b534    00000020     driverlib.a : gpio.obj (.text:GPIOPinWrite)
                  2000b554    00000020                 : prcm.obj (.text:PRCMLPDSRestoreInfoSet)
                  2000b574    00000020     drivers_cc32xxware.aem4 : PowerCC3200.oem4 (.text:Power_idleFunc)
                  2000b594    00000020                             : PowerCC3200.oem4 (.text:Power_unregisterNotify)
                  2000b5b4    00000020     CDIO_CC3200.obj (.text:brytarIntX)
                  2000b5d4    00000020     CDIO_CC3200.obj (.text:brytarIntY)
                  2000b5f4    00000020     drivers_cc32xxware.aem4 : UARTCC3200.oem4 (.text:getPowerMgrId)
                  2000b614    00000020     CDIO_CC3200_pem4.oem4 (.text:ti_sysbios_BIOS_rtsLock__I)
                  2000b634    00000020     sysbios.aem4 : m3_Hwi_asm.obj (.text:ti_sysbios_family_arm_m3_Hwi_excHandlerAsm__I)
                  2000b654    00000004     --HOLE-- [fill = 0]
                  2000b658    00000020                  : BIOS.obj (.text:ti_sysbios_family_arm_m3_Hwi_excHandler__I)
                  2000b678    00000020     CDIO_CC3200_pem4.oem4 (.text:ti_sysbios_gates_GateHwi_Object__delete__S)
                  2000b698    00000020     CDIO_CC3200_pem4.oem4 (.text:ti_sysbios_heaps_HeapMem_Object__delete__S)
                  2000b6b8    00000020     CDIO_CC3200_pem4.oem4 (.text:ti_sysbios_knl_Clock_Object__destruct__S)
                  2000b6d8    00000020     sysbios.aem4 : BIOS.obj (.text:ti_sysbios_knl_Idle_run__E)
                  2000b6f8    00000020     CDIO_CC3200_pem4.oem4 (.text:ti_sysbios_knl_Semaphore_Object__destruct__S)
                  2000b718    00000020     ti.targets.arm.rtsarm.aem4 : Registry.oem4 (.text:xdc_runtime_Registry_findById__E)
                  2000b738    00000020                                : SysMin.oem4 (.text:xdc_runtime_SysMin_Module_startup__E)
                  2000b758    0000001e     driverlib.a : timer.obj (.text:TimerDisable)
                  2000b776    0000001e                 : timer.obj (.text:TimerEnable)
                  2000b794    0000001e                 : uart.obj (.text:UARTCharPut)
                  2000b7b2    0000001e                 : uart.obj (.text:UARTIntStatus)
                  2000b7d0    0000001e     sysbios.aem4 : m3_Hwi_asm_switch.obj (.text:ti_sysbios_family_xxx_Hwi_switchAndRunFunc)
                  2000b7ee    0000001c     driverlib.a : uart.obj (.text:UARTCharGetNonBlocking)
                  2000b80a    0000001c                 : uart.obj (.text:UARTFlowControlSet)
                  2000b826    00000002     --HOLE-- [fill = 0]
                  2000b828    0000001c     CDIO_CC3200_pem4.oem4 (.text:ti_sysbios_family_arm_m3_Hwi_Object__destruct__S)
                  2000b844    00000004     --HOLE-- [fill = 0]
                  2000b848    0000001c     sysbios.aem4 : BIOS.obj (.text:ti_sysbios_family_arm_m3_Timer_stop__E)
                  2000b864    00000004     --HOLE-- [fill = 0]
                  2000b868    0000001c                  : BIOS.obj (.text:ti_sysbios_gates_GateMutex_Instance_init__E)
                  2000b884    0000001c     CDIO_CC3200_pem4.oem4 (.text:ti_sysbios_knl_Queue_Object__destruct__S)
                  2000b8a0    0000001c     sysbios.aem4 : BIOS.obj (.text:ti_sysbios_knl_Task_enter__I)
                  2000b8bc    0000001c     ti.targets.arm.rtsarm.aem4 : Error.oem4 (.text:xdc_runtime_Error_raiseX__E)
                  2000b8d8    0000001c                                : Memory.oem4 (.text:xdc_runtime_Memory_valloc__E)
                  2000b8f4    0000001c                                : SysMin.oem4 (.text:xdc_runtime_SysMin_exit__E)
                  2000b910    0000001c                                : System.oem4 (.text:xdc_runtime_System_abort__E)
                  2000b92c    0000001a     driverlib.a : gpio.obj (.text:GPIOIntEnable)
                  2000b946    0000001a     drivers_cc32xxware.aem4 : List.oem4 (.text:List_remove)
                  2000b960    0000001a     driverlib.a : pin.obj (.text:PinTypeTimer)
                  2000b97a    0000001a     CDIO_CC3200_pem4.oem4 (.text:ti_sysbios_family_arm_m3_Hwi_Handle__label__S)
                  2000b994    0000001a     sysbios.aem4 : m3_Hwi_asm.obj (.text:ti_sysbios_family_arm_m3_Hwi_pendSV__I)
                  2000b9ae    0000001a     CDIO_CC3200_pem4.oem4 (.text:ti_sysbios_gates_GateHwi_Handle__label__S)
                  2000b9c8    0000001a     CDIO_CC3200_pem4.oem4 (.text:ti_sysbios_gates_GateMutex_Handle__label__S)
                  2000b9e2    0000001a     CDIO_CC3200_pem4.oem4 (.text:ti_sysbios_heaps_HeapMem_Handle__label__S)
                  2000b9fc    0000001a     CDIO_CC3200_pem4.oem4 (.text:ti_sysbios_knl_Swi_Handle__label__S)
                  2000ba16    0000001a     CDIO_CC3200_pem4.oem4 (.text:ti_sysbios_knl_Task_Handle__label__S)
                  2000ba30    0000001a     CDIO_CC3200_pem4.oem4 (.text:xdc_runtime_System_aprintf__E)
                  2000ba4a    0000001a     CDIO_CC3200_pem4.oem4 (.text:xdc_runtime_System_printf__E)
                  2000ba64    00000018     driverlib.a : uart.obj (.text:UARTBusy)
                  2000ba7c    00000018                 : uart.obj (.text:UARTFIFOLevelSet)
                  2000ba94    00000018                 : uart.obj (.text:UARTIntDisable)
                  2000baac    00000018                 : uart.obj (.text:UARTIntEnable)
                  2000bac4    00000018     drivers_cc32xxware.aem4 : UART.oem4 (.text:UART_Params_init)
                  2000badc    00000018     rtsv7M4_T_le_eabi.lib : args_main.obj (.text)
                  2000baf4    00000018                           : ll_mul_t2.obj (.text)
                  2000bb0c    00000018     CDIO_CC3200_pem4.oem4 (.text:ti_sysbios_BIOS_rtsUnlock__I)
                  2000bb24    00000018     CDIO_CC3200_pem4.oem4 (.text:ti_sysbios_family_arm_m3_Hwi_Module__startupDone__F)
                  2000bb3c    00000018     CDIO_CC3200_pem4.oem4 (.text:ti_sysbios_family_arm_m3_Timer_Module__startupDone__F)
                  2000bb54    00000004     --HOLE-- [fill = 0]
                  2000bb58    00000018     sysbios.aem4 : BIOS.obj (.text:ti_sysbios_gates_GateMutex_leave__E)
                  2000bb70    00000018     ti.targets.arm.rtsarm.aem4 : Error.oem4 (.text:xdc_runtime_Error_check__E)
                  2000bb88    00000018                                : System.oem4 (.text:xdc_runtime_System_exit__E)
                  2000bba0    00000018                                : Text.oem4 (.text:xdc_runtime_Text_ropeText__E)
                  2000bbb8    00000016     tirtosport.aem4 : ClockP_tirtos.oem4 (.text:ClockP_delete)
                  2000bbce    00000016                     : HwiP_tirtos.oem4 (.text:HwiP_delete)
                  2000bbe4    00000016     driverlib.a : prcm.obj (.text:PRCMHIBRegRead)
                  2000bbfa    00000016                 : prcm.obj (.text:PRCMHIBRegWrite)
                  2000bc10    00000016     tirtosport.aem4 : SemaphoreP_tirtos.oem4 (.text:SemaphoreP_delete)
                  2000bc26    00000016     driverlib.a : uart.obj (.text:UARTCharGet)
                  2000bc3c    00000016     drivers_cc32xxware.aem4 : UARTCC3200.oem4 (.text:startTxFifoEmptyClk)
                  2000bc52    00000016     CDIO_CC3200_pem4.oem4 (.text:ti_sysbios_BIOS_exitFunc__I)
                  2000bc68    00000016     CDIO_CC3200.obj (.text:ti_sysbios_knl_Task_Params_init)
                  2000bc7e    00000014     driverlib.a : cpu.obj (.text:CPUcpsid)
                  2000bc92    00000014                 : cpu.obj (.text:CPUcpsie)
                  2000bca6    00000014                 : gpio.obj (.text:GPIOIntClear)
                  2000bcba    00000002     --HOLE-- [fill = 0]
                  2000bcbc    00000014     rtsv7M4_T_le_eabi.lib : _lock.obj (.text)
                  2000bcd0    00000014                           : strcpy.obj (.text)
                  2000bce4    00000014                           : strlen.obj (.text)
                  2000bcf8    00000014     CDIO_CC3200_pem4.oem4 (.text:ti_sysbios_family_arm_m3_Hwi_Object__get__S)
                  2000bd0c    00000004     --HOLE-- [fill = 0]
                  2000bd10    00000014     sysbios.aem4 : BIOS.obj (.text:ti_sysbios_family_arm_m3_Hwi_switchFromBootStack__E)
                  2000bd24    00000014     CDIO_CC3200_pem4.oem4 (.text:ti_sysbios_heaps_HeapMem_Object__get__S)
                  2000bd38    00000014     sysbios.aem4 : BIOS.obj (.text:ti_sysbios_knl_Clock_tickReconfig__E)
                  2000bd4c    00000014     CDIO_CC3200_pem4.oem4 (.text:ti_sysbios_knl_Swi_Object__get__S)
                  2000bd60    00000012     tirtosport.aem4 : ClockP_tirtos.oem4 (.text:ClockP_start)
                  2000bd72    00000012     drivers_cc32xxware.aem4 : RingBuf.oem4 (.text:RingBuf_construct)
                  2000bd84    00000012     tirtosport.aem4 : SemaphoreP_tirtos.oem4 (.text:SemaphoreP_pend)
                  2000bd96    00000012     driverlib.a : uart.obj (.text:UARTIntClear)
                  2000bda8    00000012                 : uart.obj (.text:UARTRxErrorGet)
                  2000bdba    00000006     rtsv7M4_T_le_eabi.lib : copy_decompress_rle.obj (.text:decompress:rle24)
                  2000bdc0    00000012     sysbios.aem4 : BIOS.obj (.text:ti_sysbios_hal_Hwi_Module_startup__E)
                  2000bdd2    00000012     CDIO_CC3200_pem4.oem4 (.text:xdc_runtime_Startup_exec__I)
                  2000bde4    00000010     CC3200_LAUNCHXL.obj (.text:CC3200_LAUNCHXL_initGeneral)
                  2000bdf4    00000010     drivers_cc32xxware.aem4 : PWM.oem4 (.text:PWM_Params_init)
                  2000be04    00000010     driverlib.a : uart.obj (.text:UARTRxErrorClear)
                  2000be14    00000010     drivers_cc32xxware.aem4 : UARTCC3200.oem4 (.text:readBlockingTimeout)
                  2000be24    00000004     --HOLE-- [fill = 0]
                  2000be28    00000010     sysbios.aem4 : BIOS.obj (.text:ti_sysbios_BIOS_getCpuFreq__E)
                  2000be38    00000010                  : BIOS.obj (.text:ti_sysbios_BIOS_setThreadType__E)
                  2000be48    00000010                  : BIOS.obj (.text:ti_sysbios_BIOS_start__E)
                  2000be58    00000010                  : m3_TaskSupport_asm.obj (.text:ti_sysbios_family_arm_m3_TaskSupport_glue)
                  2000be68    00000010                  : m3_TaskSupport_asm.obj (.text:ti_sysbios_family_arm_m3_TaskSupport_swap__E)
                  2000be78    00000010                  : BIOS.obj (.text:ti_sysbios_gates_GateMutex_Instance_finalize__E)
                  2000be88    00000010                  : BIOS.obj (.text:ti_sysbios_knl_Semaphore_Instance_finalize__E)
                  2000be98    00000010                  : BIOS.obj (.text:ti_sysbios_knl_Swi_disable__E)
                  2000bea8    00000010     CDIO_CC3200_pem4.oem4 (.text:ti_sysbios_knl_Task_Object__get__S)
                  2000beb8    00000010     sysbios.aem4 : BIOS.obj (.text:ti_sysbios_knl_Task_disable__E)
                  2000bec8    00000010     ti.targets.arm.rtsarm.aem4 : Gate.oem4 (.text:xdc_runtime_Gate_leaveSystem__E)
                  2000bed8    00000010                                : Memory.oem4 (.text:xdc_runtime_Memory_free__E)
                  2000bee8    00000010                                : SysMin.oem4 (.text:xdc_runtime_SysMin_ready__E)
                  2000bef8    00000010                                : System.oem4 (.text:xdc_runtime_System_vsnprintf__E)
                  2000bf08    00000010     CDIO_CC3200_pem4.oem4 (.text:xdc_runtime_Text_visitRope__I)
                  2000bf18    0000000e     tirtosport.aem4 : HwiP_tirtos.oem4 (.text:HwiP_Params_init)
                  2000bf26    0000000e     rtsv7M4_T_le_eabi.lib : copy_decompress_none.obj (.text:decompress:none)
                  2000bf34    00000004     --HOLE-- [fill = 0]
                  2000bf38    0000000e     sysbios.aem4 : BIOS.obj (.text:ti_sysbios_knl_Idle_loop__E)
                  2000bf46    00000002     --HOLE-- [fill = 0]
                  2000bf48    0000000e                  : BIOS.obj (.text:ti_sysbios_knl_Queue_empty__E)
                  2000bf56    0000000c     driverlib.a : cpu.obj (.text:CPUwfi)
                  2000bf62    00000002     --HOLE-- [fill = 0]
                  2000bf64    0000000c     tirtosport.aem4 : ClockP_tirtos.oem4 (.text:ClockP_getSystemTickPeriod)
                  2000bf70    0000000c     drivers_cc32xxware.aem4 : PowerCC3200.oem4 (.text:Power_getConstraintMask)
                  2000bf7c    0000000c                             : PowerCC3200.oem4 (.text:Power_getDependencyCount)
                  2000bf88    0000000c                             : RingBuf.oem4 (.text:RingBuf_peek)
                  2000bf94    0000000c                             : UARTCC3200.oem4 (.text:UARTCC3200_init)
                  2000bfa0    0000000c                             : UARTCC3200.oem4 (.text:postNotifyFxn)
                  2000bfac    0000000c     CDIO_CC3200_pem4.oem4 (.text:ti_sysbios_family_arm_m3_Hwi_Params__init__S)
                  2000bfb8    0000000c     sysbios.aem4 : BIOS.obj (.text:ti_sysbios_family_arm_m3_Hwi_disableFxn__E)
                  2000bfc4    00000004     --HOLE-- [fill = 0]
                  2000bfc8    0000000c                  : BIOS.obj (.text:ti_sysbios_family_arm_m3_TaskSupport_checkStack__E)
                  2000bfd4    00000004     --HOLE-- [fill = 0]
                  2000bfd8    0000000c                  : BIOS.obj (.text:ti_sysbios_family_arm_m3_TaskSupport_getStackAlignment__E)
                  2000bfe4    00000004     --HOLE-- [fill = 0]
                  2000bfe8    0000000c                  : BIOS.obj (.text:ti_sysbios_gates_GateHwi_enter__E)
                  2000bff4    0000000c     CDIO_CC3200_pem4.oem4 (.text:ti_sysbios_knl_Clock_Params__init__S)
                  2000c000    0000000c     sysbios.aem4 : BIOS.obj (.text:ti_sysbios_knl_Clock_getTicks__E)
                  2000c00c    00000004     --HOLE-- [fill = 0]
                  2000c010    0000000c                  : BIOS.obj (.text:ti_sysbios_knl_Clock_setTicks__E)
                  2000c01c    00000004     --HOLE-- [fill = 0]
                  2000c020    0000000c                  : BIOS.obj (.text:ti_sysbios_knl_Clock_tickStart__E)
                  2000c02c    00000004     --HOLE-- [fill = 0]
                  2000c030    0000000c                  : BIOS.obj (.text:ti_sysbios_knl_Clock_tickStop__E)
                  2000c03c    0000000c     CDIO_CC3200_pem4.oem4 (.text:ti_sysbios_knl_Queue_Object__get__S)
                  2000c048    0000000c     CDIO_CC3200_pem4.oem4 (.text:ti_sysbios_knl_Semaphore_Params__init__S)
                  2000c054    0000000c     CDIO_CC3200_pem4.oem4 (.text:ti_sysbios_knl_Task_Params__init__S)
                  2000c060    0000000c     ti.targets.arm.rtsarm.aem4 : Error.oem4 (.text:xdc_runtime_Error_init__E)
                  2000c06c    0000000c                                : Gate.oem4 (.text:xdc_runtime_Gate_enterSystem__E)
                  2000c078    0000000c                                : Memory.oem4 (.text:xdc_runtime_Memory_calloc__E)
                  2000c084    0000000c                                : Memory.oem4 (.text:xdc_runtime_Memory_getMaxDefaultTypeAlign__E)
                  2000c090    0000000a     tirtosport.aem4 : ClockP_tirtos.oem4 (.text:ClockP_stop)
                  2000c09a    0000000a     drivers_cc32xxware.aem4 : List.oem4 (.text:List_empty)
                  2000c0a4    0000000a                             : PWMTimerCC3200.oem4 (.text:PWMTimerCC3200_getPeriodCounts)
                  2000c0ae    0000000a                             : PWM.oem4 (.text:PWM_setDuty)
                  2000c0b8    0000000a     tirtosport.aem4 : SemaphoreP_tirtos.oem4 (.text:SemaphoreP_post)
                  2000c0c2    0000000a     drivers_cc32xxware.aem4 : UART.oem4 (.text:UART_read)
                  2000c0cc    0000000a                             : UART.oem4 (.text:UART_write)
                  2000c0d6    0000000a     CDIO_CC3200_pem4.oem4 (.text:xdc_runtime_IHeap_alloc)
                  2000c0e0    0000000a     CDIO_CC3200_pem4.oem4 (.text:xdc_runtime_IHeap_free)
                  2000c0ea    00000008     CC3200_LAUNCHXL.obj (.text:CC3200_LAUNCHXL_initGPIO)
                  2000c0f2    00000008     CC3200_LAUNCHXL.obj (.text:CC3200_LAUNCHXL_initPWM)
                  2000c0fa    00000008     CC3200_LAUNCHXL.obj (.text:CC3200_LAUNCHXL_initUART)
                  2000c102    00000008     tirtosport.aem4 : ClockP_tirtos.oem4 (.text:ClockP_Params_init)
                  2000c10a    00000008     driverlib.a : prcm.obj (.text:PRCMSleepEnter)
                  2000c112    00000008     drivers_cc32xxware.aem4 : PWMTimerCC3200.oem4 (.text:PWMTimerCC3200_init)
                  2000c11a    00000008     tirtosport.aem4 : SemaphoreP_tirtos.oem4 (.text:SemaphoreP_Params_init)
                  2000c122    00000008     drivers_cc32xxware.aem4 : UARTCC3200.oem4 (.text:readSemCallback)
                  2000c12a    00000006     ti.targets.arm.rtsarm.aem4 : System.oem4 (.text:xdc_runtime_System_Module_startup__E)
                  2000c130    00000008     sysbios.aem4 : BIOS.obj (.text:ti_sysbios_family_arm_m3_Hwi_doSwiRestore__I)
                  2000c138    00000008                  : BIOS.obj (.text:ti_sysbios_family_arm_m3_Hwi_startup__E)
                  2000c140    00000008     drivers_cc32xxware.aem4 : UARTCC3200.oem4 (.text:writeSemCallback)
                  2000c148    00000006     sysbios.aem4 : BIOS.obj (.text:ti_sysbios_family_arm_m3_Hwi_restoreFxn__E)
                  2000c14e    00000002     --HOLE-- [fill = 0]
                  2000c150    00000006                  : BIOS.obj (.text:ti_sysbios_gates_GateHwi_leave__E)
                  2000c156    00000002     --HOLE-- [fill = 0]
                  2000c158    00000006                  : BIOS.obj (.text:ti_sysbios_heaps_HeapMem_isBlocking__E)
                  2000c15e    00000002     --HOLE-- [fill = 0]
                  2000c160    00000006                  : BIOS.obj (.text:ti_sysbios_knl_Clock_stop__E)
                  2000c166    00000002     --HOLE-- [fill = 0]
                  2000c168    00000006                  : BIOS.obj (.text:ti_sysbios_knl_Queue_Instance_init__E)
                  2000c16e    00000002     --HOLE-- [fill = 0]
                  2000c170    00000004                  : BIOS.obj (.text:ti_sysbios_family_arm_m3_Timer_getMaxTicks__E)
                  2000c174    00000004     --HOLE-- [fill = 0]
                  2000c178    00000004                  : BIOS.obj (.text:ti_sysbios_gates_GateHwi_query__E)
                  2000c17c    00000004     --HOLE-- [fill = 0]
                  2000c180    00000004                  : BIOS.obj (.text:ti_sysbios_gates_GateMutex_query__E)
                  2000c184    00000004     --HOLE-- [fill = 0]
                  2000c188    00000004                  : BIOS.obj (.text:ti_sysbios_knl_Clock_setTimeout__E)
                  2000c18c    00000004     --HOLE-- [fill = 0]
                  2000c190    00000004                  : BIOS.obj (.text:ti_sysbios_knl_Task_startup__E)
                  2000c194    00000004     --HOLE-- [fill = 0]
                  2000c198    00000002                  : BIOS.obj (.text:ti_sysbios_gates_GateHwi_Instance_init__E)
                  2000c19a    00000006     --HOLE-- [fill = 0]
                  2000c1a0    00000002                  : BIOS.obj (.text:ti_sysbios_knl_Clock_logTick__E)

.bss       0    2000c1a8    000034f3     UNINITIALIZED
                  2000c1a8    00002710     (.common:task0Stack)
                  2000e8b8    00000400     (.common:ti_sysbios_heaps_HeapMem_Instance_State_0_buf__A)
                  2000ecb8    0000030c     (.common:ti_sysbios_family_arm_m3_Hwi_dispatchTable)
                  2000efc4    00000004     (.common:firstTick$2)
                  2000efc8    00000200     CDIO_CC3200_pem4.oem4 (.bss:taskStackSection)
                  2000f1c8    0000012c     drivers_cc32xxware.aem4 : PowerCC3200.oem4 (.bss:PowerCC3200_contextSave)
                  2000f2f4    00000120     rtsv7M4_T_le_eabi.lib : trgmsg.obj (.bss:_CIOBUF_)
                  2000f414    00000108     (.common:uartCC3200Objects)
                  2000f51c    00000080     (.common:xdc_runtime_SysMin_Module_State_0_outbuf__A)
                  2000f59c    00000050     (.common:task0Struct)
                  2000f5ec    00000040     (.common:uartCC3200RingBuffer)
                  2000f62c    00000020     (.common:gpioCallbackInfo)
                  2000f64c    00000020     (.common:pwmTimerCC3200Objects)
                  2000f66c    00000014     (.common:powerNotifyObj)
                  2000f680    00000008                           : trgdrv.obj (.bss:parmbuf)
                  2000f688    00000008     (.common:firstRTC$1)
                  2000f690    00000008     (.common:steps)
                  2000f698    00000001     (.common:g_ucLED1Pin)
                  2000f699    00000001     (.common:g_ucLED2Pin)
                  2000f69a    00000001     (.common:g_ucLED3Pin)

.const     0    2000f69c    000020a5     
                  2000f69c    00001771     CDIO_CC3200_pem4.oem4 (.const:xdc_runtime_Text_charTab__A)
                  20010e0d    00000001     CDIO_CC3200_pem4.oem4 (.const:ti_sysbios_knl_Clock_tickMode__C)
                  20010e0e    00000002     CDIO_CC3200_pem4.oem4 (.const:ti_sysbios_family_arm_m3_Hwi_Module__id__C)
                  20010e10    00000100     driverlib.a : pin.obj (.const:g_ulPinToPadMap)
                  20010f10    000000a8                 : prcm.obj (.const:PRCM_PeriphRegsList)
                  20010fb8    000000a0     CDIO_CC3200_pem4.oem4 (.const:xdc_runtime_Text_nodeTab__A)
                  20011058    0000004c     drivers_cc32xxware.aem4 : UARTCC3200.oem4 (.const)
                  200110a4    00000048     CDIO_CC3200_pem4.oem4 (.const:.string)
                  200110ec    0000003c     CDIO_CC3200_pem4.oem4 (.const:ti_sysbios_knl_Task_Object__PARAMS__C)
                  20011128    00000034     drivers_cc32xxware.aem4 : GPIOCC3200.oem4 (.const)
                  2001115c    00000030     CDIO_CC3200_pem4.oem4 (.const:ti_sysbios_family_arm_m3_Hwi_Object__PARAMS__C)
                  2001118c    00000030     CC3200_LAUNCHXL.obj (.const:uartCC3200HWAttrs)
                  200111bc    0000002a     drivers_cc32xxware.aem4 : GPIOCC3200.oem4 (.const:.string)
                  200111e6    00000002     CDIO_CC3200_pem4.oem4 (.const:ti_sysbios_family_arm_m3_Timer_Module__id__C)
                  200111e8    00000028     CC3200_LAUNCHXL.obj (.const:PowerCC3200_config)
                  20011210    00000028     drivers_cc32xxware.aem4 : UARTCC3200.oem4 (.const:UARTCC3200_fxnTable)
                  20011238    00000028     CDIO_CC3200_pem4.oem4 (.const:ti_sysbios_heaps_HeapMem_Module__FXNS__C)
                  20011260    00000024     CC3200_LAUNCHXL.obj (.const:PWM_config)
                  20011284    00000024     CC3200_LAUNCHXL.obj (.const:UART_config)
                  200112a8    00000024     drivers_cc32xxware.aem4 : UART.oem4 (.const:UART_defaultParams)
                  200112cc    00000024     CDIO_CC3200_pem4.oem4 (.const:ti_sysbios_gates_GateHwi_Module__FXNS__C)
                  200112f0    00000024     CDIO_CC3200_pem4.oem4 (.const:ti_sysbios_gates_GateMutex_Module__FXNS__C)
                  20011314    00000024     CDIO_CC3200_pem4.oem4 (.const:ti_sysbios_heaps_HeapMem_Object__PARAMS__C)
                  20011338    00000024     CDIO_CC3200_pem4.oem4 (.const:ti_sysbios_knl_Clock_Object__PARAMS__C)
                  2001135c    00000024     CDIO_CC3200_pem4.oem4 (.const:ti_sysbios_knl_Semaphore_Object__PARAMS__C)
                  20011380    00000020     drivers_cc32xxware.aem4 : PWMTimerCC3200.oem4 (.const)
                  200113a0    00000020     CDIO_CC3200_pem4.oem4 (.const:ti_sysbios_family_arm_m3_Hwi_Object__DESC__C)
                  200113c0    00000020     CDIO_CC3200_pem4.oem4 (.const:ti_sysbios_gates_GateHwi_Object__DESC__C)
                  200113e0    00000020     CDIO_CC3200_pem4.oem4 (.const:ti_sysbios_gates_GateMutex_Object__DESC__C)
                  20011400    00000020     CDIO_CC3200_pem4.oem4 (.const:ti_sysbios_heaps_HeapMem_Object__DESC__C)
                  20011420    00000020     CDIO_CC3200_pem4.oem4 (.const:ti_sysbios_knl_Clock_Object__DESC__C)
                  20011440    00000020     CDIO_CC3200_pem4.oem4 (.const:ti_sysbios_knl_Queue_Object__DESC__C)
                  20011460    00000020     CDIO_CC3200_pem4.oem4 (.const:ti_sysbios_knl_Semaphore_Object__DESC__C)
                  20011480    00000020     CDIO_CC3200_pem4.oem4 (.const:ti_sysbios_knl_Task_Object__DESC__C)
                  200114a0    00000020     CDIO_CC3200_pem4.oem4 (.const:xdc_runtime_Startup_sfxnTab__A)
                  200114c0    00000018     CDIO_CC3200_pem4.oem4 (.const:ti_sysbios_gates_GateHwi_Object__PARAMS__C)
                  200114d8    00000018     CDIO_CC3200_pem4.oem4 (.const:ti_sysbios_gates_GateMutex_Object__PARAMS__C)
                  200114f0    00000018     CDIO_CC3200_pem4.oem4 (.const:ti_sysbios_knl_Queue_Object__PARAMS__C)
                  20011508    00000014     CC3200_LAUNCHXL.obj (.const:GPIOCC3200_config)
                  2001151c    00000010     CC3200_LAUNCHXL.obj (.const:pwmTimerCC3200HWAttrs)
                  2001152c    00000010     CDIO_CC3200_pem4.oem4 (.const:xdc_runtime_Startup_sfxnRts__A)
                  2001153c    0000000d     CDIO_CC3200.obj (.const:.string:$P$T0$1)
                  20011549    00000001     CDIO_CC3200_pem4.oem4 (.const:ti_sysbios_knl_Clock_tickSource__C)
                  2001154a    00000002     CDIO_CC3200_pem4.oem4 (.const:ti_sysbios_gates_GateMutex_Module__id__C)
                  2001154c    0000000c     drivers_cc32xxware.aem4 : PWM.oem4 (.const)
                  20011558    0000000c     CDIO_CC3200_pem4.oem4 (.const:xdc_runtime_Startup_firstFxns__A)
                  20011564    00000008     CDIO_CC3200_pem4.oem4 (.const:ti_sysbios_family_arm_m3_Hwi_excHookFuncs__A)
                  2001156c    00000008     CDIO_CC3200_pem4.oem4 (.const:ti_sysbios_knl_Idle_funcList__A)
                  20011574    00000008     CDIO_CC3200_pem4.oem4 (.const:ti_sysbios_knl_Idle_funcList__C)
                  2001157c    00000008     CDIO_CC3200_pem4.oem4 (.const:xdc_runtime_Startup_firstFxns__C)
                  20011584    00000008     CDIO_CC3200_pem4.oem4 (.const:xdc_runtime_Startup_lastFxns__C)
                  2001158c    00000004     CDIO_CC3200_pem4.oem4 (.const:ti_sysbios_family_arm_m3_Hwi_E_NMI__C)
                  20011590    00000004     CDIO_CC3200_pem4.oem4 (.const:ti_sysbios_family_arm_m3_Hwi_E_alreadyDefined__C)
                  20011594    00000004     CDIO_CC3200_pem4.oem4 (.const:ti_sysbios_family_arm_m3_Hwi_E_busFault__C)
                  20011598    00000004     CDIO_CC3200_pem4.oem4 (.const:ti_sysbios_family_arm_m3_Hwi_E_debugMon__C)
                  2001159c    00000004     CDIO_CC3200_pem4.oem4 (.const:ti_sysbios_family_arm_m3_Hwi_E_hardFault__C)
                  200115a0    00000004     CDIO_CC3200_pem4.oem4 (.const:ti_sysbios_family_arm_m3_Hwi_E_memFault__C)
                  200115a4    00000004     CDIO_CC3200_pem4.oem4 (.const:ti_sysbios_family_arm_m3_Hwi_E_noIsr__C)
                  200115a8    00000004     CDIO_CC3200_pem4.oem4 (.const:ti_sysbios_family_arm_m3_Hwi_E_reserved__C)
                  200115ac    00000004     CDIO_CC3200_pem4.oem4 (.const:ti_sysbios_family_arm_m3_Hwi_E_svCall__C)
                  200115b0    00000004     CDIO_CC3200_pem4.oem4 (.const:ti_sysbios_family_arm_m3_Hwi_E_usageFault__C)
                  200115b4    00000004     CDIO_CC3200_pem4.oem4 (.const:ti_sysbios_family_arm_m3_Hwi_NUM_INTERRUPTS__C)
                  200115b8    00000004     CDIO_CC3200_pem4.oem4 (.const:ti_sysbios_family_arm_m3_Hwi_Object__count__C)
                  200115bc    00000004     CDIO_CC3200_pem4.oem4 (.const:ti_sysbios_family_arm_m3_Hwi_ccr__C)
                  200115c0    00000004     CDIO_CC3200_pem4.oem4 (.const:ti_sysbios_family_arm_m3_Hwi_excHandlerFunc__C)
                  200115c4    00000004     CDIO_CC3200_pem4.oem4 (.const:ti_sysbios_family_arm_m3_Hwi_excHookFuncs__C)
                  200115c8    00000004     CDIO_CC3200_pem4.oem4 (.const:ti_sysbios_family_arm_m3_Hwi_nullIsrFunc__C)
                  200115cc    00000004     CDIO_CC3200_pem4.oem4 (.const:ti_sysbios_family_arm_m3_Hwi_priGroup__C)
                  200115d0    00000004     CDIO_CC3200_pem4.oem4 (.const:ti_sysbios_family_arm_m3_TaskSupport_stackAlignment__C)
                  200115d4    00000004     CDIO_CC3200_pem4.oem4 (.const:ti_sysbios_family_arm_m3_Timer_E_cannotSupport__C)
                  200115d8    00000004     CDIO_CC3200_pem4.oem4 (.const:ti_sysbios_family_arm_m3_Timer_startupNeeded__C)
                  200115dc    00000004     CDIO_CC3200_pem4.oem4 (.const:ti_sysbios_gates_GateMutex_A_badContext__C)
                  200115e0    00000004     CDIO_CC3200_pem4.oem4 (.const:ti_sysbios_gates_GateMutex_Instance_State_sem__O)
                  200115e4    00000004     CDIO_CC3200_pem4.oem4 (.const:ti_sysbios_gates_GateMutex_Module__diagsEnabled__C)
                  200115e8    00000004     CDIO_CC3200_pem4.oem4 (.const:ti_sysbios_gates_GateMutex_Module__diagsIncluded__C)
                  200115ec    00000004     CDIO_CC3200_pem4.oem4 (.const:ti_sysbios_gates_GateMutex_Module__diagsMask__C)
                  200115f0    00000004     CDIO_CC3200_pem4.oem4 (.const:ti_sysbios_hal_Hwi_E_stackOverflow__C)
                  200115f4    00000004     CDIO_CC3200_pem4.oem4 (.const:ti_sysbios_heaps_HeapMem_A_align__C)
                  200115f8    00000004     CDIO_CC3200_pem4.oem4 (.const:ti_sysbios_heaps_HeapMem_A_heapSize__C)
                  200115fc    00000004     CDIO_CC3200_pem4.oem4 (.const:ti_sysbios_heaps_HeapMem_A_invalidFree__C)
                  20011600    00000004     CDIO_CC3200_pem4.oem4 (.const:ti_sysbios_heaps_HeapMem_A_zeroBlock__C)
                  20011604    00000004     CDIO_CC3200_pem4.oem4 (.const:ti_sysbios_heaps_HeapMem_E_memory__C)
                  20011608    00000004     CDIO_CC3200_pem4.oem4 (.const:ti_sysbios_heaps_HeapMem_Module__diagsEnabled__C)
                  2001160c    00000004     CDIO_CC3200_pem4.oem4 (.const:ti_sysbios_heaps_HeapMem_Module__diagsIncluded__C)
                  20011610    00000004     CDIO_CC3200_pem4.oem4 (.const:ti_sysbios_heaps_HeapMem_Module__diagsMask__C)
                  20011614    00000004     CDIO_CC3200_pem4.oem4 (.const:ti_sysbios_heaps_HeapMem_Module__gateObj__C)
                  20011618    00000004     CDIO_CC3200_pem4.oem4 (.const:ti_sysbios_heaps_HeapMem_Object__count__C)
                  2001161c    00000004     CDIO_CC3200_pem4.oem4 (.const:ti_sysbios_heaps_HeapMem_reqAlign__C)
                  20011620    00000004     CDIO_CC3200_pem4.oem4 (.const:ti_sysbios_knl_Clock_A_badThreadType__C)
                  20011624    00000004     CDIO_CC3200_pem4.oem4 (.const:ti_sysbios_knl_Clock_Module_State_clockQ__O)
                  20011628    00000004     CDIO_CC3200_pem4.oem4 (.const:ti_sysbios_knl_Clock_Module__diagsEnabled__C)
                  2001162c    00000004     CDIO_CC3200_pem4.oem4 (.const:ti_sysbios_knl_Clock_Module__diagsIncluded__C)
                  20011630    00000004     CDIO_CC3200_pem4.oem4 (.const:ti_sysbios_knl_Clock_Module__diagsMask__C)
                  20011634    00000004     CDIO_CC3200_pem4.oem4 (.const:ti_sysbios_knl_Clock_tickPeriod__C)
                  20011638    00000004     CDIO_CC3200_pem4.oem4 (.const:ti_sysbios_knl_Semaphore_A_badContext__C)
                  2001163c    00000004     CDIO_CC3200_pem4.oem4 (.const:ti_sysbios_knl_Semaphore_A_noEvents__C)
                  20011640    00000004     CDIO_CC3200_pem4.oem4 (.const:ti_sysbios_knl_Semaphore_A_overflow__C)
                  20011644    00000004     CDIO_CC3200_pem4.oem4 (.const:ti_sysbios_knl_Semaphore_A_pendTaskDisabled__C)
                  20011648    00000004     CDIO_CC3200_pem4.oem4 (.const:ti_sysbios_knl_Semaphore_Instance_State_pendQ__O)
                  2001164c    00000004     CDIO_CC3200_pem4.oem4 (.const:ti_sysbios_knl_Semaphore_Module__diagsEnabled__C)
                  20011650    00000004     CDIO_CC3200_pem4.oem4 (.const:ti_sysbios_knl_Semaphore_Module__diagsIncluded__C)
                  20011654    00000004     CDIO_CC3200_pem4.oem4 (.const:ti_sysbios_knl_Semaphore_Module__diagsMask__C)
                  20011658    00000004     CDIO_CC3200_pem4.oem4 (.const:ti_sysbios_knl_Swi_Object__count__C)
                  2001165c    00000004     CDIO_CC3200_pem4.oem4 (.const:ti_sysbios_knl_Task_A_badPriority__C)
                  20011660    00000004     CDIO_CC3200_pem4.oem4 (.const:ti_sysbios_knl_Task_A_badTaskState__C)
                  20011664    00000004     CDIO_CC3200_pem4.oem4 (.const:ti_sysbios_knl_Task_A_badThreadType__C)
                  20011668    00000004     CDIO_CC3200_pem4.oem4 (.const:ti_sysbios_knl_Task_A_noPendElem__C)
                  2001166c    00000004     CDIO_CC3200_pem4.oem4 (.const:ti_sysbios_knl_Task_E_spOutOfBounds__C)
                  20011670    00000004     CDIO_CC3200_pem4.oem4 (.const:ti_sysbios_knl_Task_E_stackOverflow__C)
                  20011674    00000004     CDIO_CC3200_pem4.oem4 (.const:ti_sysbios_knl_Task_Module_State_inactiveQ__O)
                  20011678    00000004     CDIO_CC3200_pem4.oem4 (.const:ti_sysbios_knl_Task_Module__diagsEnabled__C)
                  2001167c    00000004     CDIO_CC3200_pem4.oem4 (.const:ti_sysbios_knl_Task_Module__diagsIncluded__C)
                  20011680    00000004     CDIO_CC3200_pem4.oem4 (.const:ti_sysbios_knl_Task_Module__diagsMask__C)
                  20011684    00000004     CDIO_CC3200_pem4.oem4 (.const:ti_sysbios_knl_Task_Object__count__C)
                  20011688    00000004     CDIO_CC3200_pem4.oem4 (.const:ti_sysbios_knl_Task_allBlockedFunc__C)
                  2001168c    00000004     CDIO_CC3200_pem4.oem4 (.const:ti_sysbios_knl_Task_defaultStackHeap__C)
                  20011690    00000004     CDIO_CC3200_pem4.oem4 (.const:ti_sysbios_knl_Task_defaultStackSize__C)
                  20011694    00000004     CDIO_CC3200_pem4.oem4 (.const:ti_sysbios_knl_Task_numConstructedTasks__C)
                  20011698    00000004     CDIO_CC3200_pem4.oem4 (.const:xdc_runtime_Assert_E_assertFailed__C)
                  2001169c    00000004     CDIO_CC3200_pem4.oem4 (.const:xdc_runtime_Core_A_initializedParams__C)
                  200116a0    00000004     CDIO_CC3200_pem4.oem4 (.const:xdc_runtime_Core_Module__diagsEnabled__C)
                  200116a4    00000004     CDIO_CC3200_pem4.oem4 (.const:xdc_runtime_Core_Module__diagsIncluded__C)
                  200116a8    00000004     CDIO_CC3200_pem4.oem4 (.const:xdc_runtime_Core_Module__diagsMask__C)
                  200116ac    00000004     CDIO_CC3200_pem4.oem4 (.const:xdc_runtime_Error_E_memory__C)
                  200116b0    00000004     CDIO_CC3200_pem4.oem4 (.const:xdc_runtime_Error_Module__diagsEnabled__C)
                  200116b4    00000004     CDIO_CC3200_pem4.oem4 (.const:xdc_runtime_Error_Module__diagsIncluded__C)
                  200116b8    00000004     CDIO_CC3200_pem4.oem4 (.const:xdc_runtime_Error_Module__diagsMask__C)
                  200116bc    00000004     CDIO_CC3200_pem4.oem4 (.const:xdc_runtime_Error_Module__loggerFxn8__C)
                  200116c0    00000004     CDIO_CC3200_pem4.oem4 (.const:xdc_runtime_Error_Module__loggerObj__C)
                  200116c4    00000004     CDIO_CC3200_pem4.oem4 (.const:xdc_runtime_Error_policyFxn__C)
                  200116c8    00000004     CDIO_CC3200_pem4.oem4 (.const:xdc_runtime_Error_raiseHook__C)
                  200116cc    00000004     CDIO_CC3200_pem4.oem4 (.const:xdc_runtime_IGateProvider_Interface__BASE__C)
                  200116d0    00000004     CDIO_CC3200_pem4.oem4 (.const:xdc_runtime_IHeap_Interface__BASE__C)
                  200116d4    00000004     CDIO_CC3200_pem4.oem4 (.const:xdc_runtime_IModule_Interface__BASE__C)
                  200116d8    00000004     CDIO_CC3200_pem4.oem4 (.const:xdc_runtime_Log_L_error__C)
                  200116dc    00000004     CDIO_CC3200_pem4.oem4 (.const:xdc_runtime_Memory_defaultHeapInstance__C)
                  200116e0    00000004     CDIO_CC3200_pem4.oem4 (.const:xdc_runtime_Startup_execImpl__C)
                  200116e4    00000004     CDIO_CC3200_pem4.oem4 (.const:xdc_runtime_Startup_maxPasses__C)
                  200116e8    00000004     CDIO_CC3200_pem4.oem4 (.const:xdc_runtime_Startup_sfxnRts__C)
                  200116ec    00000004     CDIO_CC3200_pem4.oem4 (.const:xdc_runtime_Startup_sfxnTab__C)
                  200116f0    00000004     CDIO_CC3200_pem4.oem4 (.const:xdc_runtime_SysMin_bufSize__C)
                  200116f4    00000004     CDIO_CC3200_pem4.oem4 (.const:xdc_runtime_SysMin_outputFunc__C)
                  200116f8    00000004     CDIO_CC3200_pem4.oem4 (.const:xdc_runtime_System_Module__gateObj__C)
                  200116fc    00000004     CDIO_CC3200_pem4.oem4 (.const:xdc_runtime_System_abortFxn__C)
                  20011700    00000004     CDIO_CC3200_pem4.oem4 (.const:xdc_runtime_System_exitFxn__C)
                  20011704    00000004     CDIO_CC3200_pem4.oem4 (.const:xdc_runtime_System_extendFxn__C)
                  20011708    00000004     CDIO_CC3200_pem4.oem4 (.const:xdc_runtime_System_maxAtexitHandlers__C)
                  2001170c    00000004     CDIO_CC3200_pem4.oem4 (.const:xdc_runtime_Text_charTab__C)
                  20011710    00000004     CDIO_CC3200_pem4.oem4 (.const:xdc_runtime_Text_nameEmpty__C)
                  20011714    00000004     CDIO_CC3200_pem4.oem4 (.const:xdc_runtime_Text_nameStatic__C)
                  20011718    00000004     CDIO_CC3200_pem4.oem4 (.const:xdc_runtime_Text_nameUnknown__C)
                  2001171c    00000004     CDIO_CC3200_pem4.oem4 (.const:xdc_runtime_Text_nodeTab__C)
                  20011720    00000004     CDIO_CC3200_pem4.oem4 (.const:xdc_runtime_Text_visitRopeFxn__C)
                  20011724    00000002     CDIO_CC3200_pem4.oem4 (.const:ti_sysbios_hal_Hwi_Module__id__C)
                  20011726    00000002     CDIO_CC3200_pem4.oem4 (.const:ti_sysbios_heaps_HeapMem_Module__id__C)
                  20011728    00000002     CDIO_CC3200_pem4.oem4 (.const:ti_sysbios_knl_Clock_Module__id__C)
                  2001172a    00000002     CDIO_CC3200_pem4.oem4 (.const:ti_sysbios_knl_Semaphore_Module__id__C)
                  2001172c    00000002     CDIO_CC3200_pem4.oem4 (.const:ti_sysbios_knl_Task_Module__id__C)
                  2001172e    00000002     CDIO_CC3200_pem4.oem4 (.const:xdc_runtime_Core_Module__id__C)
                  20011730    00000002     CDIO_CC3200_pem4.oem4 (.const:xdc_runtime_Error_Module__loggerDefined__C)
                  20011732    00000002     CDIO_CC3200_pem4.oem4 (.const:xdc_runtime_Error_maxDepth__C)
                  20011734    00000002     CDIO_CC3200_pem4.oem4 (.const:xdc_runtime_Memory_Module__id__C)
                  20011736    00000002     CDIO_CC3200_pem4.oem4 (.const:xdc_runtime_SysMin_flushAtExit__C)
                  20011738    00000002     CDIO_CC3200_pem4.oem4 (.const:xdc_runtime_Text_charCnt__C)
                  2001173a    00000002     CDIO_CC3200_pem4.oem4 (.const:xdc_runtime_Text_isLoaded__C)
                  2001173c    00000002     CDIO_CC3200_pem4.oem4 (.const:xdc_runtime_Text_registryModsLastId__C)
                  2001173e    00000002     CDIO_CC3200_pem4.oem4 (.const:xdc_runtime_Text_unnamedModsLastId__C)
                  20011740    00000001     CDIO_CC3200_pem4.oem4 (.const:xdc_runtime_Error_policy__C)

.cinit     0    20011e90    00000344     
                  20011e90    0000031d     (.cinit..data.load) [load image, compression = rle]
                  200121ad    00000003     --HOLE-- [fill = 0]
                  200121b0    0000000b     (.cinit..bss.load) [load image, compression = rle]
                  200121bb    00000001     --HOLE-- [fill = 0]
                  200121bc    00000008     (__TI_handler_table)
                  200121c4    00000010     (__TI_cinit_table)

.init_array 
*          0    20004000    00000000     UNINITIALIZED

.resetVecs 
*          0    20004000    0000030c     
                  20004000    0000030c     CDIO_CC3200_pem4.oem4 (.resetVecs)

.data      0    20011744    00000445     UNINITIALIZED
                  20011744    00000080     CDIO_CC3200_pem4.oem4 (.data:ti_sysbios_knl_Swi_Module_State_0_readyQ__A)
                  200117c4    00000080     CDIO_CC3200_pem4.oem4 (.data:ti_sysbios_knl_Task_Module_State_0_readyQ__A)
                  20011844    00000054     drivers_cc32xxware.aem4 : PowerCC3200.oem4 (.data:PowerCC3200_module)
                  20011898    0000004c     CDIO_CC3200_pem4.oem4 (.data:ti_sysbios_knl_Task_Object__table__V)
                  200118e4    00000044     CDIO_CC3200_pem4.oem4 (.data:ti_sysbios_knl_Task_Module__state__V)
                  20011928    00000038     CDIO_CC3200_pem4.oem4 (.data:ti_sysbios_gates_GateMutex_Object__table__V)
                  20011960    00000034     CDIO_CC3200_pem4.oem4 (.data:ti_sysbios_family_arm_m3_Hwi_Module__state__V)
                  20011994    00000030     CDIO_CC3200_pem4.oem4 (.data:ti_sysbios_family_arm_m3_Timer_Object__table__V)
                  200119c4    00000030     CDIO_CC3200_pem4.oem4 (.data:ti_sysbios_knl_Swi_Object__table__V)
                  200119f4    0000002c     CDIO_CC3200_pem4.oem4 (.data:ti_sysbios_knl_Clock_Module__state__V)
                  20011a20    00000024     CDIO_CC3200_pem4.oem4 (.data:ti_sysbios_BIOS_Module__state__V)
                  20011a44    0000001c     CDIO_CC3200_pem4.oem4 (.data:ti_sysbios_knl_Swi_Module__state__V)
                  20011a60    00000018     CDIO_CC3200_pem4.oem4 (.data:ti_sysbios_family_arm_m3_Hwi_Object__table__V)
                  20011a78    00000018     CDIO_CC3200_pem4.oem4 (.data:ti_sysbios_heaps_HeapMem_Object__table__V)
                  20011a90    00000014     gpio_if.obj (.data:ulReg)
                  20011aa4    00000010     CC3200_LAUNCHXL.obj (.data:gpioPinConfigs)
                  20011ab4    0000000c     rtsv7M4_T_le_eabi.lib : exit.obj (.data:$O1$$)
                  20011ac0    0000000c     gpio_if.obj (.data)
                  20011acc    0000000c     CDIO_CC3200_pem4.oem4 (.data:ti_sysbios_family_arm_m3_Timer_Module__state__V)
                  20011ad8    0000000c     CDIO_CC3200_pem4.oem4 (.data:xdc_runtime_SysMin_Module__state__V)
                  20011ae4    00000008     rtsv7M4_T_le_eabi.lib : _lock.obj (.data:$O1$$)
                  20011aec    00000008     CDIO_CC3200.obj (.data)
                  20011af4    00000008     drivers_cc32xxware.aem4 : GPIOCC3200.oem4 (.data)
                  20011afc    00000008     CC3200_LAUNCHXL.obj (.data:gpioCallbackFunctions)
                  20011b04    00000008     CDIO_CC3200_pem4.oem4 (.data:ti_sysbios_family_arm_m3_Hwi_Module__root__V)
                  20011b0c    00000008     CDIO_CC3200_pem4.oem4 (.data:ti_sysbios_gates_GateHwi_Module__root__V)
                  20011b14    00000008     CDIO_CC3200_pem4.oem4 (.data:ti_sysbios_gates_GateMutex_Module__root__V)
                  20011b1c    00000008     CDIO_CC3200_pem4.oem4 (.data:ti_sysbios_heaps_HeapMem_Module__root__V)
                  20011b24    00000008     CDIO_CC3200_pem4.oem4 (.data:ti_sysbios_knl_Clock_Module__root__V)
                  20011b2c    00000008     CDIO_CC3200_pem4.oem4 (.data:ti_sysbios_knl_Queue_Module__root__V)
                  20011b34    00000008     CDIO_CC3200_pem4.oem4 (.data:ti_sysbios_knl_Semaphore_Module__root__V)
                  20011b3c    00000008     CDIO_CC3200_pem4.oem4 (.data:ti_sysbios_knl_Task_Module__root__V)
                  20011b44    00000008     CDIO_CC3200_pem4.oem4 (.data:xdc_runtime_Registry_Module__state__V)
                  20011b4c    00000008     CDIO_CC3200_pem4.oem4 (.data:xdc_runtime_Startup_Module__state__V)
                  20011b54    00000008     CDIO_CC3200_pem4.oem4 (.data:xdc_runtime_System_Module_State_0_atexitHandlers__A)
                  20011b5c    00000008     CDIO_CC3200_pem4.oem4 (.data:xdc_runtime_System_Module__state__V)
                  20011b64    00000004     drivers_cc32xxware.aem4 : PWM.oem4 (.data)
                  20011b68    00000004                             : UART.oem4 (.data)
                  20011b6c    00000004     rtsv7M4_T_le_eabi.lib : stkdepth_vars.obj (.data)
                  20011b70    00000004     CDIO_CC3200_pem4.oem4 (.data:ti_sysbios_family_arm_m3_Hwi_Module_State_0_excContext__A)
                  20011b74    00000004     CDIO_CC3200_pem4.oem4 (.data:ti_sysbios_family_arm_m3_Hwi_Module_State_0_excStack__A)
                  20011b78    00000004     CDIO_CC3200_pem4.oem4 (.data:ti_sysbios_gates_GateHwi_Object__table__V)
                  20011b7c    00000004     CDIO_CC3200_pem4.oem4 (.data:ti_sysbios_knl_Task_Module_State_0_idleTask__A)
                  20011b80    00000004     CDIO_CC3200_pem4.oem4 (.data:xdc_runtime_Memory_Module__state__V)
                  20011b84    00000002     CDIO_CC3200_pem4.oem4 (.data:ti_sysbios_family_arm_m3_Hwi_Module_State_0_excActive__A)
                  20011b86    00000002     CDIO_CC3200_pem4.oem4 (.data:xdc_runtime_Error_Module__state__V)
                  20011b88    00000001     power_cc3200_tirtos.aem4 : PowerCC3200_tirtos.oem4 (.data)

.stack     0    20011b8c    00000300     UNINITIALIZED
                  20011b8c    00000300     --HOLE--

.bootVecs 
*          0    00000000    00000008     DSECT
                  00000000    00000008     boot.aem4 : boot.oem4 (.bootVecs)

.vecs      0    20004000    00000000     DSECT

xdc.meta   0    00000000    000000f4     COPY SECTION
                  00000000    000000f4     CDIO_CC3200_pem4.oem4 (xdc.meta)

MODULE SUMMARY

       Module                     code    ro data   rw data
       ------                     ----    -------   -------
    .\
       CDIO_CC3200.obj            1780    13        10096  
       CC3200_LAUNCHXL.obj        40      196       384    
       gpio_if.obj                342     0         35     
       rom_pin_mux_config.obj     258     0         0      
    +--+--------------------------+-------+---------+---------+
       Total:                     2420    209       10515  
                                                           
    C:\Users\Gabriel\Documents\GitHub\APA\CDIO_CC3200\Debug\configPkg\package\cfg\
       CDIO_CC3200_pem4.oem4      1786    8214      3348   
    +--+--------------------------+-------+---------+---------+
       Total:                     1786    8214      3348   
                                                           
    C:/ti/tirex-content/tirtos_cc32xx_2_16_00_08/products/CC3200_driverlib_1.1.0/driverlib/ccs/Release/driverlib.a
       prcm.obj                   1208    168       0      
       pin.obj                    406     256       0      
       uart.obj                   524     0         0      
       gpio.obj                   296     0         0      
       timer.obj                  282     0         0      
       flash.obj                  72      0         0      
       cpu.obj                    52      0         0      
       utils.obj                  6       0         0      
    +--+--------------------------+-------+---------+---------+
       Total:                     2846    424       0      
                                                           
    C:/ti/tirex-content/tirtos_cc32xx_2_16_00_08/products/tidrivers_cc32xx_2_16_00_08/packages/ti/drivers/lib/drivers_cc32xxware.aem4
       UARTCC3200.oem4            2546    116       0      
       PowerCC3200.oem4           940     0         384    
       GPIOCC3200.oem4            960     94        60     
       PWMTimerCC3200.oem4        642     32        0      
       UART.oem4                  148     36        4      
       RingBuf.oem4               164     0         0      
       PWM.oem4                   130     12        4      
       PowerCC3200_asm.oem4       134     0         0      
       List.oem4                  82      0         0      
    +--+--------------------------+-------+---------+---------+
       Total:                     5746    290       452    
                                                           
    C:/ti/tirex-content/tirtos_cc32xx_2_16_00_08/products/tidrivers_cc32xx_2_16_00_08/packages/ti/drivers/lib/power_cc3200_tirtos.aem4
       PowerCC3200_tirtos.oem4    500     0         13     
    +--+--------------------------+-------+---------+---------+
       Total:                     500     0         13     
                                                           
[...]
2000c091  ClockP_stopFromISR                                         
2000c09b  List_empty                                                 
2000c0a5  PWMTimerCC3200_getPeriodCounts                             
2000c0af  PWM_setDuty                                                
2000c0b9  SemaphoreP_post                                            
2000c0b9  SemaphoreP_postFromClock                                   
2000c0b9  SemaphoreP_postFromISR                                     
2000c0c3  UART_read                                                  
2000c0cd  UART_write                                                 
2000c0d7  xdc_runtime_Memory_HeapProxy_alloc__E                      
2000c0e1  xdc_runtime_Memory_HeapProxy_free__E                       
2000c0eb  CC3200_LAUNCHXL_initGPIO                                   
2000c0f3  CC3200_LAUNCHXL_initPWM                                    
2000c0fb  CC3200_LAUNCHXL_initUART                                   
2000c103  ClockP_Params_init                                         
2000c10b  PRCMSleepEnter                                             
2000c113  PWMTimerCC3200_init                                        
2000c11b  SemaphoreP_Params_init                                     
2000c12b  xdc_runtime_System_Module_startup__E                       
2000c131  ti_sysbios_family_arm_m3_Hwi_doSwiRestore__I               
2000c139  ti_sysbios_family_arm_m3_Hwi_startup__E                    
2000c139  ti_sysbios_hal_Hwi_HwiProxy_startup__E                     
2000c149  HwiP_restore                                               
2000c149  ti_sysbios_family_arm_m3_Hwi_restoreFxn__E                 
2000c149  ti_sysbios_hal_Hwi_HwiProxy_restore__E                     
2000c151  ti_sysbios_gates_GateHwi_leave__E                          
2000c159  ti_sysbios_heaps_HeapMem_isBlocking__E                     
2000c161  ti_sysbios_knl_Clock_stop__E                               
2000c169  ti_sysbios_knl_Queue_Instance_init__E                      
2000c171  ti_sysbios_family_arm_m3_Timer_getMaxTicks__E              
2000c179  ti_sysbios_gates_GateHwi_query__E                          
2000c179  xdc_runtime_Main_Module_GateProxy_query__E                 
2000c179  xdc_runtime_System_Module_GateProxy_query__E               
2000c181  ti_sysbios_BIOS_RtsGateProxy_query__E                      
2000c181  ti_sysbios_gates_GateMutex_query__E                        
2000c181  ti_sysbios_heaps_HeapMem_Module_GateProxy_query__E         
2000c189  ti_sysbios_knl_Clock_setTimeout__E                         
2000c191  ti_sysbios_knl_Task_startup__E                             
2000c199  ti_sysbios_gates_GateHwi_Instance_init__E                  
2000c1a1  ti_sysbios_knl_Clock_logTick__E                            
2000c1a8  task0Stack                                                 
2000e8b8  ti_sysbios_heaps_HeapMem_Instance_State_0_buf__A           
2000ecb8  ti_sysbios_family_arm_m3_Hwi_dispatchTable                 
2000efc8  ti_sysbios_knl_Task_Instance_State_0_stack__A              
2000f1c8  PowerCC3200_contextSave                                    
2000f2f4  __CIOBUF_                                                  
2000f414  uartCC3200Objects                                          
2000f51c  xdc_runtime_SysMin_Module_State_0_outbuf__A                
2000f59c  task0Struct                                                
2000f5ec  uartCC3200RingBuffer                                       
2000f64c  pwmTimerCC3200Objects                                      
2000f690  steps                                                      
2000f698  g_ucLED1Pin                                                
2000f699  g_ucLED2Pin                                                
2000f69a  g_ucLED3Pin                                                
2000f69c  xdc_runtime_Text_charTab__A                                
20010e0d  ti_sysbios_knl_Clock_tickMode__C                           
20010e0e  ti_sysbios_family_arm_m3_Hwi_Module__id__C                 
20010fb8  xdc_runtime_Text_nodeTab__A                                
200110ec  ti_sysbios_knl_Task_Object__PARAMS__C                      
20011128  inPinTypes                                                 
2001112e  outPinTypes                                                
20011136  outPinStrengths                                            
2001115c  ti_sysbios_family_arm_m3_Hwi_Object__PARAMS__C             
2001118c  uartCC3200HWAttrs                                          
200111e6  ti_sysbios_family_arm_m3_Timer_Module__id__C               
200111e8  PowerCC3200_config                                         
20011210  UARTCC3200_fxnTable                                        
20011238  ti_sysbios_heaps_HeapMem_Module__FXNS__C                   
20011260  PWM_config                                                 
20011284  UART_config                                                
200112a8  UART_defaultParams                                         
200112cc  ti_sysbios_gates_GateHwi_Module__FXNS__C                   
200112f0  ti_sysbios_gates_GateMutex_Module__FXNS__C                 
20011314  ti_sysbios_heaps_HeapMem_Object__PARAMS__C                 
20011338  ti_sysbios_knl_Clock_Object__PARAMS__C                     
2001135c  ti_sysbios_knl_Semaphore_Object__PARAMS__C                 
20011380  PWMTimerCC3200_fxnTable                                    
2001139c  PWMTimerCC3200_MAX_PRESCALAR_VALUE                         
2001139e  PWMTimerCC3200_MAX_MATCH_VALUE                             
200113a0  ti_sysbios_family_arm_m3_Hwi_Object__DESC__C               
200113c0  ti_sysbios_gates_GateHwi_Object__DESC__C                   
200113e0  ti_sysbios_gates_GateMutex_Object__DESC__C                 
20011400  ti_sysbios_heaps_HeapMem_Object__DESC__C                   
20011420  ti_sysbios_knl_Clock_Object__DESC__C                       
20011440  ti_sysbios_knl_Queue_Object__DESC__C                       
20011460  ti_sysbios_knl_Semaphore_Object__DESC__C                   
20011480  ti_sysbios_knl_Task_Object__DESC__C                        
200114a0  xdc_runtime_Startup_sfxnTab__A                             
200114c0  ti_sysbios_gates_GateHwi_Object__PARAMS__C                 
200114d8  ti_sysbios_gates_GateMutex_Object__PARAMS__C               
200114f0  ti_sysbios_knl_Queue_Object__PARAMS__C                     
20011508  GPIOCC3200_config                                          
2001151c  pwmTimerCC3200HWAttrs                                      
2001152c  xdc_runtime_Startup_sfxnRts__A                             
20011549  ti_sysbios_knl_Clock_tickSource__C                         
2001154a  ti_sysbios_gates_GateMutex_Module__id__C                   
2001154c  PWM_defaultParams                                          
20011558  xdc_runtime_Startup_firstFxns__A                           
20011564  ti_sysbios_family_arm_m3_Hwi_excHookFuncs__A               
2001156c  ti_sysbios_knl_Idle_funcList__A                            
20011574  ti_sysbios_knl_Idle_funcList__C                            
2001157c  xdc_runtime_Startup_firstFxns__C                           
20011584  xdc_runtime_Startup_lastFxns__C                            
2001158c  ti_sysbios_family_arm_m3_Hwi_E_NMI__C                      
20011590  ti_sysbios_family_arm_m3_Hwi_E_alreadyDefined__C           
20011594  ti_sysbios_family_arm_m3_Hwi_E_busFault__C                 
20011598  ti_sysbios_family_arm_m3_Hwi_E_debugMon__C                 
2001159c  ti_sysbios_family_arm_m3_Hwi_E_hardFault__C                
200115a0  ti_sysbios_family_arm_m3_Hwi_E_memFault__C                 
200115a4  ti_sysbios_family_arm_m3_Hwi_E_noIsr__C                    
200115a8  ti_sysbios_family_arm_m3_Hwi_E_reserved__C                 
200115ac  ti_sysbios_family_arm_m3_Hwi_E_svCall__C                   
200115b0  ti_sysbios_family_arm_m3_Hwi_E_usageFault__C               
200115b4  ti_sysbios_family_arm_m3_Hwi_NUM_INTERRUPTS__C             
200115b8  ti_sysbios_family_arm_m3_Hwi_Object__count__C              
200115bc  ti_sysbios_family_arm_m3_Hwi_ccr__C                        
200115c0  ti_sysbios_family_arm_m3_Hwi_excHandlerFunc__C             
200115c4  ti_sysbios_family_arm_m3_Hwi_excHookFuncs__C               
200115c8  ti_sysbios_family_arm_m3_Hwi_nullIsrFunc__C                
200115cc  ti_sysbios_family_arm_m3_Hwi_priGroup__C                   
200115d0  ti_sysbios_family_arm_m3_TaskSupport_stackAlignment__C     
200115d4  ti_sysbios_family_arm_m3_Timer_E_cannotSupport__C          
200115d8  ti_sysbios_family_arm_m3_Timer_startupNeeded__C            
200115dc  ti_sysbios_gates_GateMutex_A_badContext__C                 
200115e0  ti_sysbios_gates_GateMutex_Instance_State_sem__O           
200115e4  ti_sysbios_gates_GateMutex_Module__diagsEnabled__C         
200115e8  ti_sysbios_gates_GateMutex_Module__diagsIncluded__C        
200115ec  ti_sysbios_gates_GateMutex_Module__diagsMask__C            
200115f0  ti_sysbios_hal_Hwi_E_stackOverflow__C                      
200115f4  ti_sysbios_heaps_HeapMem_A_align__C                        
200115f8  ti_sysbios_heaps_HeapMem_A_heapSize__C                     
200115fc  ti_sysbios_heaps_HeapMem_A_invalidFree__C                  
20011600  ti_sysbios_heaps_HeapMem_A_zeroBlock__C                    
20011604  ti_sysbios_heaps_HeapMem_E_memory__C                       
20011608  ti_sysbios_heaps_HeapMem_Module__diagsEnabled__C           
2001160c  ti_sysbios_heaps_HeapMem_Module__diagsIncluded__C          
20011610  ti_sysbios_heaps_HeapMem_Module__diagsMask__C              
20011614  ti_sysbios_heaps_HeapMem_Module__gateObj__C                
20011618  ti_sysbios_heaps_HeapMem_Object__count__C                  
2001161c  ti_sysbios_heaps_HeapMem_reqAlign__C                       
20011620  ti_sysbios_knl_Clock_A_badThreadType__C                    
20011624  ti_sysbios_knl_Clock_Module_State_clockQ__O                
20011628  ti_sysbios_knl_Clock_Module__diagsEnabled__C               
2001162c  ti_sysbios_knl_Clock_Module__diagsIncluded__C              
20011630  ti_sysbios_knl_Clock_Module__diagsMask__C                  
20011634  ti_sysbios_knl_Clock_tickPeriod__C                         
20011638  ti_sysbios_knl_Semaphore_A_badContext__C                   
2001163c  ti_sysbios_knl_Semaphore_A_noEvents__C                     
20011640  ti_sysbios_knl_Semaphore_A_overflow__C                     
20011644  ti_sysbios_knl_Semaphore_A_pendTaskDisabled__C             
20011648  ti_sysbios_knl_Semaphore_Instance_State_pendQ__O           
2001164c  ti_sysbios_knl_Semaphore_Module__diagsEnabled__C           
20011650  ti_sysbios_knl_Semaphore_Module__diagsIncluded__C          
20011654  ti_sysbios_knl_Semaphore_Module__diagsMask__C              
20011658  ti_sysbios_knl_Swi_Object__count__C                        
2001165c  ti_sysbios_knl_Task_A_badPriority__C                       
20011660  ti_sysbios_knl_Task_A_badTaskState__C                      
20011664  ti_sysbios_knl_Task_A_badThreadType__C                     
20011668  ti_sysbios_knl_Task_A_noPendElem__C                        
2001166c  ti_sysbios_knl_Task_E_spOutOfBounds__C                     
20011670  ti_sysbios_knl_Task_E_stackOverflow__C                     
20011674  ti_sysbios_knl_Task_Module_State_inactiveQ__O              
20011678  ti_sysbios_knl_Task_Module__diagsEnabled__C                
2001167c  ti_sysbios_knl_Task_Module__diagsIncluded__C               
20011680  ti_sysbios_knl_Task_Module__diagsMask__C                   
20011684  ti_sysbios_knl_Task_Object__count__C                       
20011688  ti_sysbios_knl_Task_allBlockedFunc__C                      
2001168c  ti_sysbios_knl_Task_defaultStackHeap__C                    
20011690  ti_sysbios_knl_Task_defaultStackSize__C                    
20011694  ti_sysbios_knl_Task_numConstructedTasks__C                 
20011698  xdc_runtime_Assert_E_assertFailed__C                       
2001169c  xdc_runtime_Core_A_initializedParams__C                    
200116a0  xdc_runtime_Core_Module__diagsEnabled__C                   
200116a4  xdc_runtime_Core_Module__diagsIncluded__C                  
200116a8  xdc_runtime_Core_Module__diagsMask__C                      
200116ac  xdc_runtime_Error_E_memory__C                              
200116b0  xdc_runtime_Error_Module__diagsEnabled__C                  
200116b4  xdc_runtime_Error_Module__diagsIncluded__C                 
200116b8  xdc_runtime_Error_Module__diagsMask__C                     
200116bc  xdc_runtime_Error_Module__loggerFxn8__C                    
200116c0  xdc_runtime_Error_Module__loggerObj__C                     
200116c4  xdc_runtime_Error_policyFxn__C                             
200116c8  xdc_runtime_Error_raiseHook__C                             
200116cc  xdc_runtime_IGateProvider_Interface__BASE__C               
200116d0  xdc_runtime_IHeap_Interface__BASE__C                       
200116d4  xdc_runtime_IModule_Interface__BASE__C                     
200116d8  xdc_runtime_Log_L_error__C                                 
200116dc  xdc_runtime_Memory_defaultHeapInstance__C                  
200116e0  xdc_runtime_Startup_execImpl__C                            
200116e4  xdc_runtime_Startup_maxPasses__C                           
200116e8  xdc_runtime_Startup_sfxnRts__C                             
200116ec  xdc_runtime_Startup_sfxnTab__C                             
200116f0  xdc_runtime_SysMin_bufSize__C                              
200116f4  xdc_runtime_SysMin_outputFunc__C                           
200116f8  xdc_runtime_System_Module__gateObj__C                      
200116fc  xdc_runtime_System_abortFxn__C                             
20011700  xdc_runtime_System_exitFxn__C                              
20011704  xdc_runtime_System_extendFxn__C                            
20011708  xdc_runtime_System_maxAtexitHandlers__C                    
2001170c  xdc_runtime_Text_charTab__C                                
20011710  xdc_runtime_Text_nameEmpty__C                              
20011714  xdc_runtime_Text_nameStatic__C                             
20011718  xdc_runtime_Text_nameUnknown__C                            
2001171c  xdc_runtime_Text_nodeTab__C                                
20011720  xdc_runtime_Text_visitRopeFxn__C                           
20011724  ti_sysbios_hal_Hwi_Module__id__C                           
20011726  ti_sysbios_heaps_HeapMem_Module__id__C                     
20011728  ti_sysbios_knl_Clock_Module__id__C                         
2001172a  ti_sysbios_knl_Semaphore_Module__id__C                     
2001172c  ti_sysbios_knl_Task_Module__id__C                          
2001172e  xdc_runtime_Core_Module__id__C                             
20011730  xdc_runtime_Error_Module__loggerDefined__C                 
20011732  xdc_runtime_Error_maxDepth__C                              
20011734  xdc_runtime_Memory_Module__id__C                           
20011736  xdc_runtime_SysMin_flushAtExit__C                          
20011738  xdc_runtime_Text_charCnt__C                                
2001173a  xdc_runtime_Text_isLoaded__C                               
2001173c  xdc_runtime_Text_registryModsLastId__C                     
2001173e  xdc_runtime_Text_unnamedModsLastId__C                      
20011740  xdc_runtime_Error_policy__C                                
20011744  ti_sysbios_knl_Swi_Module_State_0_readyQ__A                
200117c4  ti_sysbios_knl_Task_Module_State_0_readyQ__A               
20011844  PowerCC3200_module                                         
20011898  ti_sysbios_knl_Task_Object__table__V                       
200118e4  ti_sysbios_knl_Task_Module__state__V                       
20011928  ti_sysbios_gates_GateMutex_Object__table__V                
20011960  ti_sysbios_family_arm_m3_Hwi_Module__state__V              
20011994  ti_sysbios_family_arm_m3_Timer_Object__table__V            
200119c4  ti_sysbios_knl_Swi_Object__table__V                        
200119f4  ti_sysbios_knl_Clock_Module__state__V                      
20011a20  ti_sysbios_BIOS_Module__state__V                           
20011a44  ti_sysbios_knl_Swi_Module__state__V                        
20011a60  ti_sysbios_family_arm_m3_Hwi_Object__table__V              
20011a78  ti_sysbios_heaps_HeapMem_Object__table__V                  
20011aa4  gpioPinConfigs                                             
20011ab4  __TI_cleanup_ptr                                           
20011ab8  __TI_dtors_ptr                                             
20011abc  __TI_enable_exit_profile_output                            
20011ac0  g_uiLED1Port                                               
20011ac4  g_uiLED2Port                                               
20011ac8  g_uiLED3Port                                               
20011acc  ti_sysbios_family_arm_m3_Timer_Module__state__V            
20011ad8  xdc_runtime_SysMin_Module__state__V                        
20011ae4  _lock                                                      
20011ae8  _unlock                                                    
20011aec  originFlagX                                                
20011af0  originFlagY                                                
20011afc  gpioCallbackFunctions                                      
20011b04  ti_sysbios_family_arm_m3_Hwi_Module__root__V               
20011b0c  ti_sysbios_gates_GateHwi_Module__root__V                   
20011b14  ti_sysbios_gates_GateMutex_Module__root__V                 
20011b1c  ti_sysbios_heaps_HeapMem_Module__root__V                   
20011b24  ti_sysbios_knl_Clock_Module__root__V                       
20011b2c  ti_sysbios_knl_Queue_Module__root__V                       
20011b34  ti_sysbios_knl_Semaphore_Module__root__V                   
20011b3c  ti_sysbios_knl_Task_Module__root__V                        
20011b44  xdc_runtime_Registry_Module__state__V                      
20011b4c  xdc_runtime_Startup_Module__state__V                       
20011b54  xdc_runtime_System_Module_State_0_atexitHandlers__A        
20011b5c  xdc_runtime_System_Module__state__V                        
20011b6c  main_func_sp                                               
20011b70  ti_sysbios_family_arm_m3_Hwi_Module_State_0_excContext__A  
20011b74  ti_sysbios_family_arm_m3_Hwi_Module_State_0_excStack__A    
20011b78  ti_sysbios_gates_GateHwi_Object__table__V                  
20011b7c  ti_sysbios_knl_Task_Module_State_0_idleTask__A             
20011b80  xdc_runtime_Memory_Module__state__V                        
20011b84  ti_sysbios_family_arm_m3_Hwi_Module_State_0_excActive__A   
20011b86  xdc_runtime_Error_Module__state__V                         
20011b8c  __stack                                                    
20011e8c  __STACK_END                                                
20011e90  __TI_static_base__                                         
200121bc  __TI_Handler_Table_Base                                    
200121c4  __TI_CINIT_Base                                            
200121c4  __TI_Handler_Table_Limit                                   
200121d4  __TI_CINIT_Limit                                           
e000e000  ti_sysbios_family_arm_m3_Hwi_nvic                          
ffffffff  __TI_pprof_out_hndl                                        
ffffffff  __TI_prof_data_size                                        
ffffffff  __TI_prof_data_start                                       
ffffffff  __binit__                                                  
ffffffff  __c_args__                                                 
ffffffff  binit                                                      
UNDEFED   SHT$$INIT_ARRAY$$Base                                      
UNDEFED   SHT$$INIT_ARRAY$$Limit                                     

[723 symbols]
