******************************************************************************
                  TI ARM Linker PC v15.12.3                    
******************************************************************************
>> Linked Thu Dec 08 15:33:10 2016

OUTPUT FILE NAME:   <CDIO_CC3200.out>
ENTRY POINT SYMBOL: "_c_int00"  address: 2000a059


MEMORY CONFIGURATION

         name            origin    length      used     unused   attr    fill
----------------------  --------  ---------  --------  --------  ----  --------
  SRAM                  20004000   0003c000  0000dfe3  0002e01d  RW X


SEGMENT ALLOCATION MAP

run origin  load origin   length   init length attrs members
----------  ----------- ---------- ----------- ----- -------
20004000    20004000    00007fda   00007fda    r-x
  20004000    20004000    0000030c   0000030c    r-- .resetVecs
  20004310    20004310    00007cca   00007cca    r-x .text
2000bfe0    2000bfe0    000034f3   00000000    rw-
  2000bfe0    2000bfe0    000034f3   00000000    rw- .bss
2000f4d4    2000f4d4    00002099   00002099    r--
  2000f4d4    2000f4d4    00002099   00002099    r-- .const
20011570    20011570    00000740   00000000    rw-
  20011570    20011570    0000043d   00000000    rw- .data
  200119b0    200119b0    00000300   00000000    rw- .stack
20011cb0    20011cb0    00000344   00000344    r--
  20011cb0    20011cb0    00000344   00000344    r-- .cinit


SECTION ALLOCATION MAP

 output                                  attributes/
section   page    origin      length       input sections
--------  ----  ----------  ----------   ----------------
.text      0    20004310    00007cca     
                  20004310    00000430     sysbios.aem4 : BIOS.obj (.text:ti_sysbios_family_arm_m3_Hwi_excDumpRegs__I)
                  20004740    0000034c     ti.targets.arm.rtsarm.aem4 : System.oem4 (.text:xdc_runtime_System_doPrint__I)
                  20004a8c    00000324     rtsv7M4_T_le_eabi.lib : trgdrv.obj (.text)
                  20004db0    000002c0     sysbios.aem4 : BIOS.obj (.text:ti_sysbios_knl_Semaphore_pend__E)
                  20005070    00000254                  : BIOS.obj (.text:ti_sysbios_heaps_HeapMem_free__E)
                  200052c4    00000004     tirtosport.aem4 : ClockP_tirtos.oem4 (.text:ClockP_getCpuFreq)
                  200052c8    00000248     sysbios.aem4 : BIOS.obj (.text:ti_sysbios_heaps_HeapMem_alloc__E)
                  20005510    0000023c     CDIO_CC3200.obj (.text:moveTask)
                  2000574c    00000004     tirtosport.aem4 : HwiP_tirtos.oem4 (.text:HwiP_disable)
                  20005750    0000022c     sysbios.aem4 : BIOS.obj (.text:ti_sysbios_knl_Task_Instance_finalize__E)
                  2000597c    00000208     drivers_cc32xxware.aem4 : UARTCC3200.oem4 (.text:UARTCC3200_open)
                  20005b84    00000004                             : List.oem4 (.text:List_head)
                  20005b88    000001fc     sysbios.aem4 : BIOS.obj (.text:ti_sysbios_family_arm_m3_Hwi_excHandlerMax__I)
                  20005d84    000001f4     rtsv7M4_T_le_eabi.lib : ull_div_t2.obj (.text)
                  20005f78    000001c8     sysbios.aem4 : BIOS.obj (.text:ti_sysbios_knl_Task_Instance_init__E)
                  20006140    00000188     power_cc3200_tirtos.aem4 : PowerCC3200_tirtos.oem4 (.text:PowerCC3200_sleepPolicy)
                  200062c8    0000017c     drivers_cc32xxware.aem4 : GPIOCC3200.oem4 (.text:GPIO_setConfig)
                  20006444    00000004                             : List.oem4 (.text:List_next)
                  20006448    00000174     sysbios.aem4 : BIOS.obj (.text:ti_sysbios_family_arm_m3_Hwi_excBusFault__I)
                  200065bc    00000004     CDIO_CC3200_pem4.oem4 (.text:ti_sysbios_BIOS_RtsGateProxy_enter__E)
                  200065c0    00000164     sysbios.aem4 : BIOS.obj (.text:ti_sysbios_family_arm_m3_Hwi_excUsageFault__I)
                  20006724    00000004     CDIO_CC3200_pem4.oem4 (.text:ti_sysbios_BIOS_RtsGateProxy_leave__E)
                  20006728    00000148     sysbios.aem4 : BIOS.obj (.text:ti_sysbios_family_arm_m3_Hwi_excMemFault__I)
                  20006870    0000013c                  : BIOS.obj (.text:ti_sysbios_heaps_HeapMem_Instance_init__E)
                  200069ac    00000134     driverlib.a : prcm.obj (.text:PRCMCC3200MCUInit)
                  20006ae0    0000011c     CDIO_CC3200.obj (.text:move)
                  20006bfc    00000004     CDIO_CC3200_pem4.oem4 (.text:ti_sysbios_family_arm_m3_Hwi_destruct)
                  20006c00    0000011c     sysbios.aem4 : BIOS.obj (.text:ti_sysbios_knl_Clock_Instance_init__E)
                  20006d1c    00000118     ti.targets.arm.rtsarm.aem4 : Error.oem4 (.text:xdc_runtime_Error_policyDefault__E)
                  20006e34    00000100                                : Core-mem.oem4 (.text:xdc_runtime_Core_createObject__I)
                  20006f34    000000f8                                : Startup.oem4 (.text:xdc_runtime_Startup_startMods__I)
                  2000702c    000000f8     CDIO_CC3200_pem4.oem4 (.text:xdc_runtime_System_printfExtend__I)
                  20007124    000000f6     CDIO_CC3200.obj (.text:charToInt)
                  2000721a    00000006     drivers_cc32xxware.aem4 : PWMTimerCC3200.oem4 (.text:PWMTimerCC3200_getPeriodMicroSecs)
                  20007220    000000ec     sysbios.aem4 : BIOS.obj (.text:ti_sysbios_knl_Semaphore_post__E)
                  2000730c    000000e8     CDIO_CC3200.obj (.text:main)
                  200073f4    000000e0     drivers_cc32xxware.aem4 : PWMTimerCC3200.oem4 (.text:PWMTimerCC3200_open)
                  200074d4    000000d0     gpio_if.obj (.text:GPIO_IF_LedOff)
                  200075a4    000000d0     drivers_cc32xxware.aem4 : GPIOCC3200.oem4 (.text:powerNotifyFxn)
                  20007674    000000d0     sysbios.aem4 : m3_Hwi_asm.obj (.text:ti_sysbios_family_arm_m3_Hwi_dispatch__I)
                  20007744    000000cc     ti.targets.arm.rtsarm.aem4 : Core-smem.oem4 (.text:xdc_runtime_Core_constructObject__I)
                  20007810    000000bc     sysbios.aem4 : BIOS.obj (.text:ti_sysbios_family_arm_m3_Hwi_excDebugMon__I)
                  200078cc    00000004     CDIO_CC3200_pem4.oem4 (.text:ti_sysbios_family_arm_m3_TaskSupport_Module__startupDone__S)
                  200078d0    000000bc     sysbios.aem4 : BIOS.obj (.text:ti_sysbios_family_arm_m3_Hwi_excHardFault__I)
                  2000798c    000000b8     drivers_cc32xxware.aem4 : PWMTimerCC3200.oem4 (.text:PWMTimerCC3200_setDuty)
                  20007a44    000000b8     rom_pin_mux_config.obj (.text:PinMuxConfig)
                  20007afc    00000004     CDIO_CC3200_pem4.oem4 (.text:ti_sysbios_heaps_HeapMem_Module_GateProxy_enter__E)
                  20007b00    000000b4     sysbios.aem4 : BIOS.obj (.text:ti_sysbios_gates_GateMutex_enter__E)
                  20007bb4    00000004     CDIO_CC3200_pem4.oem4 (.text:ti_sysbios_heaps_HeapMem_Module_GateProxy_leave__E)
                  20007bb8    000000b4     sysbios.aem4 : BIOS.obj (.text:ti_sysbios_knl_Task_checkStacks__E)
                  20007c6c    00000004     CDIO_CC3200_pem4.oem4 (.text:ti_sysbios_knl_Clock_TimerProxy_getMaxTicks__E)
                  20007c70    000000a8     sysbios.aem4 : BIOS.obj (.text:ti_sysbios_knl_Task_postInit__I)
                  20007d18    000000a4                  : BIOS.obj (.text:ti_sysbios_knl_Clock_Instance_finalize__E)
                  20007dbc    000000a2     drivers_cc32xxware.aem4 : UARTCC3200.oem4 (.text:UARTCC3200_write)
                  20007e5e    00000002     rtsv7M4_T_le_eabi.lib : i_div0.obj (.text)
                  20007e60    000000a0     auto_init.aem4 : auto_init.oem4 (.text)
                  20007f00    000000a0     ti.targets.arm.rtsarm.aem4 : Text.oem4 (.text:xdc_runtime_Text_putMod__E)
                  20007fa0    0000009e     drivers_cc32xxware.aem4 : UARTCC3200.oem4 (.text:readTaskBlocking)
                  2000803e    0000009c     rtsv7M4_T_le_eabi.lib : memcpy_t2.obj (.text)
                  200080da    00000006     driverlib.a : utils.obj (.text:UtilsDelay)
                  200080e0    0000009c     sysbios.aem4 : BIOS.obj (.text:ti_sysbios_knl_Semaphore_Instance_init__E)
                  2000817c    0000009a     ti.targets.arm.rtsarm.aem4 : Text.oem4 (.text:xdc_runtime_Text_putSite__E)
                  20008216    00000098     drivers_cc32xxware.aem4 : UARTCC3200.oem4 (.text:UARTCC3200_control)
                  200082ae    00000098                             : UARTCC3200.oem4 (.text:UARTCC3200_readPolling)
                  20008346    00000002     CDIO_CC3200_pem4.oem4 (.text:ti_sysbios_BIOS_nullFunc__I)
                  20008348    00000094     sysbios.aem4 : BIOS.obj (.text:ti_sysbios_family_arm_m3_Hwi_Instance_init__E)
                  200083dc    00000090     drivers_cc32xxware.aem4 : PowerCC3200.oem4 (.text:restoreNVICRegs)
                  2000846c    0000008a                             : UARTCC3200.oem4 (.text:readIsrTextBlocking)
                  200084f6    00000002     CDIO_CC3200_pem4.oem4 (.text:xdc_runtime_Startup_reset__I)
                  200084f8    00000088     driverlib.a : pin.obj (.text:PinConfigSet)
                  20008580    00000088     drivers_cc32xxware.aem4 : UARTCC3200.oem4 (.text:UARTCC3200_close)
                  20008608    00000088     sysbios.aem4 : BIOS.obj (.text:ti_sysbios_family_arm_m3_Hwi_initNVIC__E)
                  20008690    00000084     drivers_cc32xxware.aem4 : GPIOCC3200.oem4 (.text:GPIO_init)
                  20008714    00000084                             : PowerCC3200.oem4 (.text:saveNVICRegs)
                  20008798    00000084     sysbios.aem4 : BIOS.obj (.text:ti_sysbios_family_arm_m3_Hwi_postInit__I)
                  2000881c    00000082     driverlib.a : gpio.obj (.text:GPIOIntTypeSet)
                  2000889e    00000082     drivers_cc32xxware.aem4 : UARTCC3200.oem4 (.text:readIsrTextCallback)
                  20008920    0000007a                             : UARTCC3200.oem4 (.text:readTaskCallback)
                  2000899a    0000007a     rtsv7M4_T_le_eabi.lib : memset_t2.obj (.text)
                  20008a14    00000076     driverlib.a : uart.obj (.text:UARTConfigSetExpClk)
                  20008a8a    00000006     rtsv7M4_T_le_eabi.lib : copy_decompress_rle.obj (.text:decompress:rle24)
                  20008a90    00000074     sysbios.aem4 : BIOS.obj (.text:ti_sysbios_knl_Clock_start__E)
                  20008b04    00000070     drivers_cc32xxware.aem4 : PWMTimerCC3200.oem4 (.text:PWMTimerCC3200_control)
                  20008b74    00000070                             : PowerCC3200.oem4 (.text:Power_sleep)
                  20008be4    0000006d     ti.targets.arm.rtsarm.aem4 : System.oem4 (.text:xdc_runtime_System_formatNum__I)
                  20008c51    00000003     --HOLE-- [fill = 0]
                  20008c54    0000006c     drivers_cc32xxware.aem4 : UARTCC3200.oem4 (.text:initHw)
                  20008cc0    0000006c     sysbios.aem4 : BIOS.obj (.text:ti_sysbios_knl_Clock_workFunc__E)
                  20008d2c    00000004     CDIO_CC3200_pem4.oem4 (.text:ti_sysbios_knl_Clock_TimerProxy_setPeriodMicroSecs__E)
                  20008d30    0000006c     sysbios.aem4 : BIOS.obj (.text:ti_sysbios_knl_Swi_restoreHwi__E)
                  20008d9c    00000004     CDIO_CC3200_pem4.oem4 (.text:ti_sysbios_knl_Clock_TimerProxy_start__E)
                  20008da0    0000006c     sysbios.aem4 : BIOS.obj (.text:ti_sysbios_knl_Task_exit__E)
                  20008e0c    0000006c     ti.targets.arm.rtsarm.aem4 : Error.oem4 (.text:xdc_runtime_Error_print__E)
                  20008e78    0000006c                                : Memory.oem4 (.text:xdc_runtime_Memory_alloc__E)
                  20008ee4    0000006a     rtsv7M4_T_le_eabi.lib : copy_decompress_rle.obj (.text)
                  20008f4e    00000002     --HOLE-- [fill = 0]
                  20008f50    00000068     driverlib.a : prcm.obj (.text:PRCMHibernateWakeUpGPIOSelect)
                  20008fb8    00000068     rtsv7M4_T_le_eabi.lib : trgmsg.obj (.text)
                  20009020    00000068     drivers_cc32xxware.aem4 : UARTCC3200.oem4 (.text:writeData)
                  20009088    00000066     ti.targets.arm.rtsarm.aem4 : Core-mem.oem4 (.text:xdc_runtime_Core_deleteObject__I)
                  200090ee    00000002     --HOLE-- [fill = 0]
                  200090f0    00000064     drivers_cc32xxware.aem4 : GPIOCC3200.oem4 (.text:GPIO_hwiIntFxn)
                  20009154    00000004     CDIO_CC3200_pem4.oem4 (.text:ti_sysbios_knl_Clock_TimerProxy_stop__E)
                  20009158    00000064     sysbios.aem4 : BIOS.obj (.text:ti_sysbios_family_arm_m3_Hwi_dispatchC__I)
                  200091bc    00000062     tirtosport.aem4 : HwiP_tirtos.oem4 (.text:HwiP_create)
                  2000921e    00000002     --HOLE-- [fill = 0]
                  20009220    00000060     sysbios.aem4 : BIOS.obj (.text:ti_sysbios_knl_Task_schedule__I)
                  20009280    0000005e     drivers_cc32xxware.aem4 : UARTCC3200.oem4 (.text:readIsrBinaryBlocking)
                  200092de    00000002     --HOLE-- [fill = 0]
                  200092e0    0000005c     sysbios.aem4 : BIOS.obj (.text:ti_sysbios_knl_Swi_run__I)
                  2000933c    00000004     CDIO_CC3200_pem4.oem4 (.text:ti_sysbios_knl_Clock_destruct)
                  20009340    0000005c     sysbios.aem4 : BIOS.obj (.text:ti_sysbios_knl_Swi_schedule__I)
                  2000939c    00000004     CDIO_CC3200_pem4.oem4 (.text:ti_sysbios_knl_Queue_destruct)
                  200093a0    0000005c     sysbios.aem4 : BIOS.obj (.text:ti_sysbios_knl_Task_Module_startup__E)
                  200093fc    00000004     CDIO_CC3200_pem4.oem4 (.text:ti_sysbios_knl_Semaphore_destruct)
                  20009400    0000005c     sysbios.aem4 : BIOS.obj (.text:ti_sysbios_knl_Task_startCore__E)
                  2000945c    0000005b     ti.targets.arm.rtsarm.aem4 : Text.oem4 (.text:xdc_runtime_Text_putLab__E)
                  200094b7    00000001     --HOLE-- [fill = 0]
                  200094b8    0000005a     tirtosport.aem4 : ClockP_tirtos.oem4 (.text:ClockP_create)
                  20009512    00000002     --HOLE-- [fill = 0]
                  20009514    00000058     driverlib.a : prcm.obj (.text:PRCMPeripheralReset)
                  2000956c    00000058     drivers_cc32xxware.aem4 : PowerCC3200.oem4 (.text:Power_init)
                  200095c4    00000058     tirtosport.aem4 : SemaphoreP_tirtos.oem4 (.text:SemaphoreP_create)
                  2000961c    00000058     CDIO_CC3200_pem4.oem4 (.text:ti_sysbios_family_arm_m3_Hwi_construct)
                  20009674    00000054     drivers_cc32xxware.aem4 : UARTCC3200.oem4 (.text:UARTCC3200_writeCancel)
                  200096c8    00000054                             : UARTCC3200.oem4 (.text:readIsrBinaryCallback)
                  2000971c    00000054     rtsv7M4_T_le_eabi.lib : exit.obj (.text)
                  20009770    00000054     sysbios.aem4 : BIOS.obj (.text:ti_sysbios_family_arm_m3_Timer_setPeriod__E)
                  200097c4    00000004     ti.targets.arm.rtsarm.aem4 : Error.oem4 (.text:xdc_runtime_Error_getSite__E)
                  200097c8    00000054     sysbios.aem4 : BIOS.obj (.text:ti_sysbios_family_arm_m3_Timer_start__E)
                  2000981c    00000054     CDIO_CC3200_pem4.oem4 (.text:ti_sysbios_knl_Task_construct)
                  20009870    00000054     ti.targets.arm.rtsarm.aem4 : Assert.oem4 (.text:xdc_runtime_Assert_raise__I)
                  200098c4    00000050     drivers_cc32xxware.aem4 : GPIOCC3200.oem4 (.text:GPIO_write)
                  20009914    00000004     CDIO_CC3200_pem4.oem4 (.text:xdc_runtime_System_Module_GateProxy_enter__E)
                  20009918    00000050     sysbios.aem4 : BIOS.obj (.text:ti_sysbios_family_arm_m3_Hwi_Module_startup__E)
                  20009968    00000050     ti.targets.arm.rtsarm.aem4 : Startup.oem4 (.text:xdc_runtime_Startup_exec__E)
                  200099b8    00000050                                : Text.oem4 (.text:xdc_runtime_Text_visitRope2__I)
                  20009a08    0000004c     gpio_if.obj (.text:GPIO_IF_GetPortNPin)
                  20009a54    0000004c     drivers_cc32xxware.aem4 : GPIOCC3200.oem4 (.text:GPIO_setCallback)
                  20009aa0    0000004c     rtsv7M4_T_le_eabi.lib : cpy_tbl.obj (.text)
                  20009aec    0000004c     sysbios.aem4 : m3_TaskSupport_asm.obj (.text:ti_sysbios_family_arm_m3_TaskSupport_buildTaskStack)
                  20009b38    0000004c                  : BIOS.obj (.text:ti_sysbios_family_arm_m3_Timer_setPeriodMicroSecs__E)
                  20009b84    00000004     CDIO_CC3200_pem4.oem4 (.text:xdc_runtime_System_Module_GateProxy_leave__E)
                  20009b88    0000004c     sysbios.aem4 : BIOS.obj (.text:ti_sysbios_heaps_HeapMem_getStats__E)
                  20009bd4    00000004     ti.targets.arm.rtsarm.aem4 : System.oem4 (.text:xdc_runtime_System_aprintf_va__F)
                  20009bd8    0000004c     sysbios.aem4 : BIOS.obj (.text:ti_sysbios_knl_Swi_runLoop__I)
                  20009c24    00000004     ti.targets.arm.rtsarm.aem4 : System.oem4 (.text:xdc_runtime_System_printf_va__F)
                  20009c28    0000004c     sysbios.aem4 : BIOS.obj (.text:ti_sysbios_knl_Task_allBlockedFunction__I)
                  20009c74    00000048     driverlib.a : flash.obj (.text:FlashDisable)
                  20009cbc    00000048                 : prcm.obj (.text:PRCMHibernateWakeupSourceEnable)
                  20009d04    00000048                 : pin.obj (.text:PinConfigGet)
                  20009d4c    00000048     drivers_cc32xxware.aem4 : PowerCC3200.oem4 (.text:notify)
                  20009d94    00000004     --HOLE-- [fill = 0]
                  20009d98    00000048     sysbios.aem4 : BIOS.obj (.text:ti_sysbios_family_arm_m3_Hwi_disableInterrupt__E)
                  20009de0    00000048                  : BIOS.obj (.text:ti_sysbios_family_arm_m3_Hwi_enableInterrupt__E)
                  20009e28    00000048                  : BIOS.obj (.text:ti_sysbios_family_arm_m3_Hwi_excReserved__I)
                  20009e70    00000048                  : m3_Hwi_asm_switch.obj (.text:ti_sysbios_family_arm_m3_Hwi_initStacks__E)
                  20009eb8    00000048                  : BIOS.obj (.text:ti_sysbios_family_arm_m3_Timer_initDevice__I)
                  20009f00    00000046     drivers_cc32xxware.aem4 : RingBuf.oem4 (.text:RingBuf_put)
                  20009f46    00000046     ti.targets.arm.rtsarm.aem4 : Core-params.oem4 (.text:xdc_runtime_Core_assignParams__I)
                  20009f8c    00000044     driverlib.a : prcm.obj (.text:PRCMLPDSEnter)
                  20009fd0    00000044     drivers_cc32xxware.aem4 : PowerCC3200_asm.oem4 (.text:PowerCC3200_enterLPDS)
                  2000a014    00000044                             : UARTCC3200.oem4 (.text:UARTCC3200_hwiIntFxn)
                  2000a058    00000044     boot.aem4 : boot.oem4 (.text)
                  2000a09c    00000004     --HOLE-- [fill = 0]
                  2000a0a0    00000044     sysbios.aem4 : BIOS.obj (.text:ti_sysbios_family_arm_m3_Hwi_getStackInfo__E)
                  2000a0e4    00000004     --HOLE-- [fill = 0]
                  2000a0e8    00000044                  : BIOS.obj (.text:ti_sysbios_knl_Swi_post__E)
                  2000a12c    00000044     ti.targets.arm.rtsarm.aem4 : Error.oem4 (.text:xdc_runtime_Error_setX__E)
                  2000a170    00000044                                : SysMin.oem4 (.text:xdc_runtime_SysMin_flush__E)
                  2000a1b4    00000044                                : Text.oem4 (.text:xdc_runtime_Text_xprintf__I)
                  2000a1f8    00000042     drivers_cc32xxware.aem4 : PowerCC3200_asm.oem4 (.text:PowerCC3200_resumeLPDS)
                  2000a23a    00000042                             : UARTCC3200.oem4 (.text:UARTCC3200_writePolling)
                  2000a27c    00000040                             : GPIOCC3200.oem4 (.text:GPIO_enableInt)
                  2000a2bc    00000040     driverlib.a : pin.obj (.text:PinModeSet)
                  2000a2fc    00000040     drivers_cc32xxware.aem4 : PowerCC3200.oem4 (.text:Power_setDependency)
                  2000a33c    00000040                             : RingBuf.oem4 (.text:RingBuf_get)
                  2000a37c    00000040                             : UARTCC3200.oem4 (.text:UARTCC3200_read)
                  2000a3bc    00000040     rtsv7M4_T_le_eabi.lib : u_divt2.obj (.text)
                  2000a3fc    00000004     --HOLE-- [fill = 0]
                  2000a400    00000040     sysbios.aem4 : BIOS.obj (.text:ti_sysbios_family_arm_m3_Timer_Module_startup__E)
                  2000a440    0000003c     driverlib.a : prcm.obj (.text:PRCMPeripheralClkEnable)
                  2000a47c    0000003c                 : prcm.obj (.text:PRCMSlowClkCtrFastGet)
                  2000a4b8    0000003c                 : pin.obj (.text:PinDirModeSet)
                  2000a4f4    00000004     --HOLE-- [fill = 0]
                  2000a4f8    0000003c     sysbios.aem4 : BIOS.obj (.text:ti_sysbios_family_arm_m3_Hwi_excSvCall__I)
                  2000a534    00000004     --HOLE-- [fill = 0]
                  2000a538    0000003c                  : BIOS.obj (.text:ti_sysbios_heaps_HeapMem_init__I)
                  2000a574    00000004     --HOLE-- [fill = 0]
                  2000a578    0000003c                  : BIOS.obj (.text:ti_sysbios_knl_Clock_walkQueuePeriodic__E)
                  2000a5b4    00000004     --HOLE-- [fill = 0]
                  2000a5b8    0000003c                  : BIOS.obj (.text:ti_sysbios_knl_Swi_restore__E)
                  2000a5f4    00000004     --HOLE-- [fill = 0]
                  2000a5f8    0000003c                  : BIOS.obj (.text:ti_sysbios_knl_Swi_startup__E)
                  2000a634    0000003a     gpio_if.obj (.text:GPIO_IF_Set)
                  2000a66e    00000002     --HOLE-- [fill = 0]
                  2000a670    00000038     driverlib.a : prcm.obj (.text:PRCMIntEnable)
                  2000a6a8    00000038     drivers_cc32xxware.aem4 : PWM.oem4 (.text:PWM_init)
                  2000a6e0    00000038     power_cc3200_tirtos.aem4 : PowerCC3200_tirtos.oem4 (.text:PowerCC3200_initPolicy)
                  2000a718    00000038     drivers_cc32xxware.aem4 : UART.oem4 (.text:UART_init)
                  2000a750    00000038     sysbios.aem4 : BIOS.obj (.text:ti_sysbios_family_arm_m3_Hwi_excNoIsr__I)
                  2000a788    00000038                  : BIOS.obj (.text:ti_sysbios_knl_Task_processVitalTaskFlag__I)
                  2000a7c0    00000038     ti.targets.arm.rtsarm.aem4 : SysMin.oem4 (.text:xdc_runtime_SysMin_putch__E)
                  2000a7f8    00000038                                : System.oem4 (.text:xdc_runtime_System_atexit__E)
                  2000a830    00000036     driverlib.a : gpio.obj (.text:GPIODirModeSet)
                  2000a866    00000036                 : timer.obj (.text:TimerControlLevel)
                  2000a89c    00000036     drivers_cc32xxware.aem4 : UARTCC3200.oem4 (.text:UARTCC3200_readCancel)
                  2000a8d2    00000002     --HOLE-- [fill = 0]
                  2000a8d4    00000034     driverlib.a : prcm.obj (.text:PRCMPeripheralStatusGet)
                  2000a908    00000034                 : prcm.obj (.text:PRCMSRAMRetentionEnable)
                  2000a93c    00000034     drivers_cc32xxware.aem4 : PowerCC3200.oem4 (.text:Power_releaseDependency)
                  2000a970    00000034     power_cc3200_tirtos.aem4 : PowerCC3200_tirtos.oem4 (.text:getCountsRTC)
                  2000a9a4    00000034     drivers_cc32xxware.aem4 : PWMTimerCC3200.oem4 (.text:getPowerMgrId)
                  2000a9d8    00000034                             : PowerCC3200.oem4 (.text:restorePeriphClocks)
                  2000aa0c    00000004     --HOLE-- [fill = 0]
                  2000aa10    00000034     sysbios.aem4 : BIOS.obj (.text:ti_sysbios_family_arm_m3_Hwi_Instance_finalize__E)
                  2000aa44    00000004     --HOLE-- [fill = 0]
                  2000aa48    00000034                  : BIOS.obj (.text:ti_sysbios_family_arm_m3_Hwi_excNmi__I)
                  2000aa7c    00000004     --HOLE-- [fill = 0]
                  2000aa80    00000034                  : BIOS.obj (.text:ti_sysbios_family_arm_m3_Timer_periodicStub__I)
                  2000aab4    00000004     --HOLE-- [fill = 0]
                  2000aab8    00000034                  : BIOS.obj (.text:ti_sysbios_hal_Hwi_checkStack)
                  2000aaec    00000034     CDIO_CC3200_pem4.oem4 (.text:ti_sysbios_knl_Clock_construct)
                  2000ab20    00000034     ti.targets.arm.rtsarm.aem4 : Core-label.oem4 (.text:xdc_runtime_Core_assignLabel__I)
                  2000ab54    00000033                                : Text.oem4 (.text:xdc_runtime_Text_printVisFxn__I)
                  2000ab87    00000001     --HOLE-- [fill = 0]
                  2000ab88    00000032     sysbios.aem4 : BIOS.obj (.text:ti_sysbios_hal_Hwi_initStack)
                  2000abba    00000030     driverlib.a : pin.obj (.text:PinTypeGPIO)
                  2000abea    00000002     --HOLE-- [fill = 0]
                  2000abec    00000030     drivers_cc32xxware.aem4 : PowerCC3200.oem4 (.text:Power_releaseConstraint)
                  2000ac1c    00000030                             : PowerCC3200.oem4 (.text:Power_setConstraint)
                  2000ac4c    00000030     driverlib.a : uart.obj (.text:UARTDisable)
                  2000ac7c    00000030     drivers_cc32xxware.aem4 : UART.oem4 (.text:UART_open)
                  2000acac    00000030     CDIO_CC3200_pem4.oem4 (.text:ti_sysbios_BIOS_atExitFunc__I)
                  2000acdc    00000004     --HOLE-- [fill = 0]
                  2000ace0    00000030     sysbios.aem4 : BIOS.obj (.text:ti_sysbios_family_arm_m3_TaskSupport_start__E)
                  2000ad10    00000030     CDIO_CC3200_pem4.oem4 (.text:ti_sysbios_gates_GateHwi_Object__create__S)
                  2000ad40    00000030     CDIO_CC3200_pem4.oem4 (.text:ti_sysbios_gates_GateMutex_Object__create__S)
                  2000ad70    00000030     CDIO_CC3200_pem4.oem4 (.text:ti_sysbios_heaps_HeapMem_Object__create__S)
                  2000ada0    00000030     CDIO_CC3200_pem4.oem4 (.text:ti_sysbios_knl_Semaphore_construct)
                  2000add0    00000030     sysbios.aem4 : BIOS.obj (.text:ti_sysbios_knl_Semaphore_pendTimeout__I)
                  2000ae00    00000030                  : BIOS.obj (.text:ti_sysbios_knl_Task_unblockI__E)
                  2000ae30    00000030     ti.targets.arm.rtsarm.aem4 : SysMin.oem4 (.text:xdc_runtime_SysMin_abort__E)
                  2000ae60    00000030                                : System.oem4 (.text:xdc_runtime_System_processAtExit__E)
                  2000ae90    0000002e     drivers_cc32xxware.aem4 : PWMTimerCC3200.oem4 (.text:PWMTimerCC3200_close)
                  2000aebe    00000002     --HOLE-- [fill = 0]
                  2000aec0    0000002c     driverlib.a : prcm.obj (.text:PRCMLPDSIntervalSet)
                  2000aeec    0000002c                 : prcm.obj (.text:PRCMSysResetCauseGet)
                  2000af18    0000002c     CDIO_CC3200_pem4.oem4 (.text:ti_sysbios_knl_Clock_doTick__I)
                  2000af44    0000002c     CDIO_CC3200_pem4.oem4 (.text:ti_sysbios_knl_Queue_construct)
                  2000af70    0000002c     sysbios.aem4 : BIOS.obj (.text:ti_sysbios_knl_Task_restore__E)
                  2000af9c    0000002c     ti.targets.arm.rtsarm.aem4 : Text.oem4 (.text:xdc_runtime_Text_cordText__E)
                  2000afc8    0000002a     driverlib.a : timer.obj (.text:TimerLoadSet)
                  2000aff2    0000002a                 : timer.obj (.text:TimerMatchSet)
                  2000b01c    0000002a                 : timer.obj (.text:TimerPrescaleMatchSet)
                  2000b046    0000002a                 : timer.obj (.text:TimerPrescaleSet)
                  2000b070    0000002a     ti.targets.arm.rtsarm.aem4 : System.oem4 (.text:xdc_runtime_System_putchar__I)
                  2000b09a    00000002     --HOLE-- [fill = 0]
                  2000b09c    00000028     driverlib.a : prcm.obj (.text:PRCMLPDSWakeupSourceEnable)
                  2000b0c4    00000028                 : prcm.obj (.text:PRCMPeripheralClkDisable)
                  2000b0ec    00000028     drivers_cc32xxware.aem4 : PowerCC3200.oem4 (.text:Power_registerNotify)
                  2000b114    00000028                             : UARTCC3200.oem4 (.text:releasePowerConstraint)
                  2000b13c    00000004     --HOLE-- [fill = 0]
                  2000b140    00000028     sysbios.aem4 : BIOS.obj (.text:ti_sysbios_knl_Swi_Module_startup__E)
                  2000b168    00000026     drivers_cc32xxware.aem4 : List.oem4 (.text:List_put)
                  2000b18e    00000026     ti.targets.arm.rtsarm.aem4 : System.oem4 (.text:xdc_runtime_System_avprintf__E)
                  2000b1b4    00000024     driverlib.a : prcm.obj (.text:PRCMLPDSWakeUpGPIOSelect)
                  2000b1d8    00000024                 : uart.obj (.text:UARTCharPutNonBlocking)
                  2000b1fc    00000024                 : uart.obj (.text:UARTEnable)
                  2000b220    00000024     CDIO_CC3200_pem4.oem4 (.text:ti_sysbios_BIOS_errorRaiseHook__I)
                  2000b244    00000024     CDIO_CC3200_pem4.oem4 (.text:ti_sysbios_BIOS_registerRTSLock__I)
                  2000b268    00000024     CDIO_CC3200_pem4.oem4 (.text:ti_sysbios_BIOS_removeRTSLock__I)
                  2000b28c    00000024     CDIO_CC3200_pem4.oem4 (.text:ti_sysbios_BIOS_startFunc__I)
                  2000b2b0    00000024     sysbios.aem4 : BIOS.obj (.text:ti_sysbios_family_arm_m3_Hwi_doTaskRestore__I)
                  2000b2d4    00000004     --HOLE-- [fill = 0]
                  2000b2d8    00000024                  : BIOS.obj (.text:ti_sysbios_family_arm_m3_Timer_startup__E)
                  2000b2fc    00000024     CDIO_CC3200_pem4.oem4 (.text:ti_sysbios_gates_GateMutex_Object__delete__S)
                  2000b320    00000024     sysbios.aem4 : BIOS.obj (.text:ti_sysbios_knl_Clock_Module_startup__E)
                  2000b344    00000024     ti.targets.arm.rtsarm.aem4 : System.oem4 (.text:xdc_runtime_System_vprintf__E)
                  2000b368    00000022     driverlib.a : gpio.obj (.text:GPIOIntStatus)
                  2000b38a    00000022     CDIO_CC3200_pem4.oem4 (.text:xdc_runtime_SysMin_output__I)
                  2000b3ac    00000020     driverlib.a : gpio.obj (.text:GPIOPinWrite)
                  2000b3cc    00000020                 : prcm.obj (.text:PRCMLPDSRestoreInfoSet)
                  2000b3ec    00000020     drivers_cc32xxware.aem4 : PowerCC3200.oem4 (.text:Power_idleFunc)
                  2000b40c    00000020                             : PowerCC3200.oem4 (.text:Power_unregisterNotify)
                  2000b42c    00000020     CDIO_CC3200.obj (.text:brytarInt)
                  2000b44c    00000020     drivers_cc32xxware.aem4 : UARTCC3200.oem4 (.text:getPowerMgrId)
                  2000b46c    00000020     CDIO_CC3200_pem4.oem4 (.text:ti_sysbios_BIOS_rtsLock__I)
                  2000b48c    00000020     sysbios.aem4 : m3_Hwi_asm.obj (.text:ti_sysbios_family_arm_m3_Hwi_excHandlerAsm__I)
                  2000b4ac    00000004     --HOLE-- [fill = 0]
                  2000b4b0    00000020                  : BIOS.obj (.text:ti_sysbios_family_arm_m3_Hwi_excHandler__I)
                  2000b4d0    00000020     CDIO_CC3200_pem4.oem4 (.text:ti_sysbios_gates_GateHwi_Object__delete__S)
                  2000b4f0    00000020     CDIO_CC3200_pem4.oem4 (.text:ti_sysbios_heaps_HeapMem_Object__delete__S)
                  2000b510    00000020     CDIO_CC3200_pem4.oem4 (.text:ti_sysbios_knl_Clock_Object__destruct__S)
                  2000b530    00000020     sysbios.aem4 : BIOS.obj (.text:ti_sysbios_knl_Idle_run__E)
                  2000b550    00000020     CDIO_CC3200_pem4.oem4 (.text:ti_sysbios_knl_Semaphore_Object__destruct__S)
                  2000b570    00000020     ti.targets.arm.rtsarm.aem4 : Registry.oem4 (.text:xdc_runtime_Registry_findById__E)
                  2000b590    00000020                                : SysMin.oem4 (.text:xdc_runtime_SysMin_Module_startup__E)
                  2000b5b0    0000001e     driverlib.a : timer.obj (.text:TimerDisable)
                  2000b5ce    0000001e                 : timer.obj (.text:TimerEnable)
                  2000b5ec    0000001e                 : uart.obj (.text:UARTCharPut)
                  2000b60a    0000001e                 : uart.obj (.text:UARTIntStatus)
                  2000b628    0000001e     sysbios.aem4 : m3_Hwi_asm_switch.obj (.text:ti_sysbios_family_xxx_Hwi_switchAndRunFunc)
                  2000b646    0000001c     driverlib.a : uart.obj (.text:UARTCharGetNonBlocking)
                  2000b662    0000001c                 : uart.obj (.text:UARTFlowControlSet)
                  2000b67e    00000002     --HOLE-- [fill = 0]
                  2000b680    0000001c     CDIO_CC3200_pem4.oem4 (.text:ti_sysbios_family_arm_m3_Hwi_Object__destruct__S)
                  2000b69c    00000004     --HOLE-- [fill = 0]
                  2000b6a0    0000001c     sysbios.aem4 : BIOS.obj (.text:ti_sysbios_family_arm_m3_Timer_stop__E)
                  2000b6bc    00000004     --HOLE-- [fill = 0]
                  2000b6c0    0000001c                  : BIOS.obj (.text:ti_sysbios_gates_GateMutex_Instance_init__E)
                  2000b6dc    0000001c     CDIO_CC3200_pem4.oem4 (.text:ti_sysbios_knl_Queue_Object__destruct__S)
                  2000b6f8    0000001c     sysbios.aem4 : BIOS.obj (.text:ti_sysbios_knl_Task_enter__I)
                  2000b714    0000001c     ti.targets.arm.rtsarm.aem4 : Error.oem4 (.text:xdc_runtime_Error_raiseX__E)
                  2000b730    0000001c                                : Memory.oem4 (.text:xdc_runtime_Memory_valloc__E)
                  2000b74c    0000001c                                : SysMin.oem4 (.text:xdc_runtime_SysMin_exit__E)
                  2000b768    0000001c                                : System.oem4 (.text:xdc_runtime_System_abort__E)
                  2000b784    0000001a     driverlib.a : gpio.obj (.text:GPIOIntEnable)
                  2000b79e    0000001a     drivers_cc32xxware.aem4 : List.oem4 (.text:List_remove)
                  2000b7b8    0000001a     driverlib.a : pin.obj (.text:PinTypeTimer)
                  2000b7d2    0000001a     CDIO_CC3200_pem4.oem4 (.text:ti_sysbios_family_arm_m3_Hwi_Handle__label__S)
                  2000b7ec    0000001a     sysbios.aem4 : m3_Hwi_asm.obj (.text:ti_sysbios_family_arm_m3_Hwi_pendSV__I)
                  2000b806    0000001a     CDIO_CC3200_pem4.oem4 (.text:ti_sysbios_gates_GateHwi_Handle__label__S)
                  2000b820    0000001a     CDIO_CC3200_pem4.oem4 (.text:ti_sysbios_gates_GateMutex_Handle__label__S)
                  2000b83a    0000001a     CDIO_CC3200_pem4.oem4 (.text:ti_sysbios_heaps_HeapMem_Handle__label__S)
                  2000b854    0000001a     CDIO_CC3200_pem4.oem4 (.text:ti_sysbios_knl_Swi_Handle__label__S)
                  2000b86e    0000001a     CDIO_CC3200_pem4.oem4 (.text:ti_sysbios_knl_Task_Handle__label__S)
                  2000b888    0000001a     CDIO_CC3200_pem4.oem4 (.text:xdc_runtime_System_aprintf__E)
                  2000b8a2    0000001a     CDIO_CC3200_pem4.oem4 (.text:xdc_runtime_System_printf__E)
                  2000b8bc    00000018     driverlib.a : uart.obj (.text:UARTBusy)
                  2000b8d4    00000018                 : uart.obj (.text:UARTFIFOLevelSet)
                  2000b8ec    00000018                 : uart.obj (.text:UARTIntDisable)
                  2000b904    00000018                 : uart.obj (.text:UARTIntEnable)
                  2000b91c    00000018     drivers_cc32xxware.aem4 : UART.oem4 (.text:UART_Params_init)
                  2000b934    00000018     rtsv7M4_T_le_eabi.lib : args_main.obj (.text)
                  2000b94c    00000018                           : ll_mul_t2.obj (.text)
                  2000b964    00000018     CDIO_CC3200_pem4.oem4 (.text:ti_sysbios_BIOS_rtsUnlock__I)
                  2000b97c    00000018     CDIO_CC3200_pem4.oem4 (.text:ti_sysbios_family_arm_m3_Hwi_Module__startupDone__F)
                  2000b994    00000018     CDIO_CC3200_pem4.oem4 (.text:ti_sysbios_family_arm_m3_Timer_Module__startupDone__F)
                  2000b9ac    00000004     --HOLE-- [fill = 0]
                  2000b9b0    00000018     sysbios.aem4 : BIOS.obj (.text:ti_sysbios_gates_GateMutex_leave__E)
                  2000b9c8    00000018     ti.targets.arm.rtsarm.aem4 : Error.oem4 (.text:xdc_runtime_Error_check__E)
                  2000b9e0    00000018                                : System.oem4 (.text:xdc_runtime_System_exit__E)
                  2000b9f8    00000018                                : Text.oem4 (.text:xdc_runtime_Text_ropeText__E)
                  2000ba10    00000016     tirtosport.aem4 : ClockP_tirtos.oem4 (.text:ClockP_delete)
                  2000ba26    00000016                     : HwiP_tirtos.oem4 (.text:HwiP_delete)
                  2000ba3c    00000016     driverlib.a : prcm.obj (.text:PRCMHIBRegRead)
                  2000ba52    00000016                 : prcm.obj (.text:PRCMHIBRegWrite)
                  2000ba68    00000016     tirtosport.aem4 : SemaphoreP_tirtos.oem4 (.text:SemaphoreP_delete)
                  2000ba7e    00000016     driverlib.a : uart.obj (.text:UARTCharGet)
                  2000ba94    00000016     drivers_cc32xxware.aem4 : UARTCC3200.oem4 (.text:startTxFifoEmptyClk)
                  2000baaa    00000016     CDIO_CC3200_pem4.oem4 (.text:ti_sysbios_BIOS_exitFunc__I)
                  2000bac0    00000016     CDIO_CC3200.obj (.text:ti_sysbios_knl_Task_Params_init)
                  2000bad6    00000014     driverlib.a : cpu.obj (.text:CPUcpsid)
                  2000baea    00000014                 : cpu.obj (.text:CPUcpsie)
                  2000bafe    00000014                 : gpio.obj (.text:GPIOIntClear)
                  2000bb12    00000002     --HOLE-- [fill = 0]
                  2000bb14    00000014     rtsv7M4_T_le_eabi.lib : _lock.obj (.text)
                  2000bb28    00000014                           : strcpy.obj (.text)
                  2000bb3c    00000014                           : strlen.obj (.text)
                  2000bb50    00000014     CDIO_CC3200_pem4.oem4 (.text:ti_sysbios_family_arm_m3_Hwi_Object__get__S)
                  2000bb64    00000004     --HOLE-- [fill = 0]
                  2000bb68    00000014     sysbios.aem4 : BIOS.obj (.text:ti_sysbios_family_arm_m3_Hwi_switchFromBootStack__E)
                  2000bb7c    00000014     CDIO_CC3200_pem4.oem4 (.text:ti_sysbios_heaps_HeapMem_Object__get__S)
                  2000bb90    00000014     sysbios.aem4 : BIOS.obj (.text:ti_sysbios_knl_Clock_tickReconfig__E)
                  2000bba4    00000014     CDIO_CC3200_pem4.oem4 (.text:ti_sysbios_knl_Swi_Object__get__S)
                  2000bbb8    00000012     tirtosport.aem4 : ClockP_tirtos.oem4 (.text:ClockP_start)
                  2000bbca    00000012     drivers_cc32xxware.aem4 : RingBuf.oem4 (.text:RingBuf_construct)
                  2000bbdc    00000012     tirtosport.aem4 : SemaphoreP_tirtos.oem4 (.text:SemaphoreP_pend)
                  2000bbee    00000012     driverlib.a : uart.obj (.text:UARTIntClear)
                  2000bc00    00000012                 : uart.obj (.text:UARTRxErrorGet)
                  2000bc12    00000006     ti.targets.arm.rtsarm.aem4 : System.oem4 (.text:xdc_runtime_System_Module_startup__E)
                  2000bc18    00000012     sysbios.aem4 : BIOS.obj (.text:ti_sysbios_hal_Hwi_Module_startup__E)
                  2000bc2a    00000012     CDIO_CC3200_pem4.oem4 (.text:xdc_runtime_Startup_exec__I)
                  2000bc3c    00000010     CC3200_LAUNCHXL.obj (.text:CC3200_LAUNCHXL_initGeneral)
                  2000bc4c    00000010     driverlib.a : uart.obj (.text:UARTRxErrorClear)
                  2000bc5c    00000010     drivers_cc32xxware.aem4 : UARTCC3200.oem4 (.text:readBlockingTimeout)
                  2000bc6c    00000004     --HOLE-- [fill = 0]
                  2000bc70    00000010     sysbios.aem4 : BIOS.obj (.text:ti_sysbios_BIOS_getCpuFreq__E)
                  2000bc80    00000010                  : BIOS.obj (.text:ti_sysbios_BIOS_setThreadType__E)
                  2000bc90    00000010                  : BIOS.obj (.text:ti_sysbios_BIOS_start__E)
                  2000bca0    00000010                  : m3_TaskSupport_asm.obj (.text:ti_sysbios_family_arm_m3_TaskSupport_glue)
                  2000bcb0    00000010                  : m3_TaskSupport_asm.obj (.text:ti_sysbios_family_arm_m3_TaskSupport_swap__E)
                  2000bcc0    00000010                  : BIOS.obj (.text:ti_sysbios_gates_GateMutex_Instance_finalize__E)
                  2000bcd0    00000010                  : BIOS.obj (.text:ti_sysbios_knl_Semaphore_Instance_finalize__E)
                  2000bce0    00000010                  : BIOS.obj (.text:ti_sysbios_knl_Swi_disable__E)
                  2000bcf0    00000010     CDIO_CC3200_pem4.oem4 (.text:ti_sysbios_knl_Task_Object__get__S)
                  2000bd00    00000010     sysbios.aem4 : BIOS.obj (.text:ti_sysbios_knl_Task_disable__E)
                  2000bd10    00000010     ti.targets.arm.rtsarm.aem4 : Gate.oem4 (.text:xdc_runtime_Gate_leaveSystem__E)
                  2000bd20    00000010                                : Memory.oem4 (.text:xdc_runtime_Memory_free__E)
                  2000bd30    00000010                                : SysMin.oem4 (.text:xdc_runtime_SysMin_ready__E)
                  2000bd40    00000010                                : System.oem4 (.text:xdc_runtime_System_vsnprintf__E)
                  2000bd50    00000010     CDIO_CC3200_pem4.oem4 (.text:xdc_runtime_Text_visitRope__I)
                  2000bd60    0000000e     tirtosport.aem4 : HwiP_tirtos.oem4 (.text:HwiP_Params_init)
                  2000bd6e    0000000e     rtsv7M4_T_le_eabi.lib : copy_decompress_none.obj (.text:decompress:none)
                  2000bd7c    00000004     --HOLE-- [fill = 0]
                  2000bd80    0000000e     sysbios.aem4 : BIOS.obj (.text:ti_sysbios_knl_Idle_loop__E)
                  2000bd8e    00000002     --HOLE-- [fill = 0]
                  2000bd90    0000000e                  : BIOS.obj (.text:ti_sysbios_knl_Queue_empty__E)
                  2000bd9e    0000000c     driverlib.a : cpu.obj (.text:CPUwfi)
                  2000bdaa    00000002     --HOLE-- [fill = 0]
                  2000bdac    0000000c     tirtosport.aem4 : ClockP_tirtos.oem4 (.text:ClockP_getSystemTickPeriod)
                  2000bdb8    0000000c     drivers_cc32xxware.aem4 : PowerCC3200.oem4 (.text:Power_getConstraintMask)
                  2000bdc4    0000000c                             : PowerCC3200.oem4 (.text:Power_getDependencyCount)
                  2000bdd0    0000000c                             : RingBuf.oem4 (.text:RingBuf_peek)
                  2000bddc    0000000c                             : UARTCC3200.oem4 (.text:UARTCC3200_init)
                  2000bde8    0000000c                             : UARTCC3200.oem4 (.text:postNotifyFxn)
                  2000bdf4    0000000c     CDIO_CC3200_pem4.oem4 (.text:ti_sysbios_family_arm_m3_Hwi_Params__init__S)
                  2000be00    0000000c     sysbios.aem4 : BIOS.obj (.text:ti_sysbios_family_arm_m3_Hwi_disableFxn__E)
                  2000be0c    00000004     --HOLE-- [fill = 0]
                  2000be10    0000000c                  : BIOS.obj (.text:ti_sysbios_family_arm_m3_TaskSupport_checkStack__E)
                  2000be1c    00000004     --HOLE-- [fill = 0]
                  2000be20    0000000c                  : BIOS.obj (.text:ti_sysbios_family_arm_m3_TaskSupport_getStackAlignment__E)
                  2000be2c    00000004     --HOLE-- [fill = 0]
                  2000be30    0000000c                  : BIOS.obj (.text:ti_sysbios_gates_GateHwi_enter__E)
                  2000be3c    0000000c     CDIO_CC3200_pem4.oem4 (.text:ti_sysbios_knl_Clock_Params__init__S)
                  2000be48    0000000c     sysbios.aem4 : BIOS.obj (.text:ti_sysbios_knl_Clock_getTicks__E)
                  2000be54    00000004     --HOLE-- [fill = 0]
                  2000be58    0000000c                  : BIOS.obj (.text:ti_sysbios_knl_Clock_setTicks__E)
                  2000be64    00000004     --HOLE-- [fill = 0]
                  2000be68    0000000c                  : BIOS.obj (.text:ti_sysbios_knl_Clock_tickStart__E)
                  2000be74    00000004     --HOLE-- [fill = 0]
                  2000be78    0000000c                  : BIOS.obj (.text:ti_sysbios_knl_Clock_tickStop__E)
                  2000be84    0000000c     CDIO_CC3200_pem4.oem4 (.text:ti_sysbios_knl_Queue_Object__get__S)
                  2000be90    0000000c     CDIO_CC3200_pem4.oem4 (.text:ti_sysbios_knl_Semaphore_Params__init__S)
                  2000be9c    0000000c     CDIO_CC3200_pem4.oem4 (.text:ti_sysbios_knl_Task_Params__init__S)
                  2000bea8    0000000c     ti.targets.arm.rtsarm.aem4 : Error.oem4 (.text:xdc_runtime_Error_init__E)
                  2000beb4    0000000c                                : Gate.oem4 (.text:xdc_runtime_Gate_enterSystem__E)
                  2000bec0    0000000c                                : Memory.oem4 (.text:xdc_runtime_Memory_calloc__E)
                  2000becc    0000000c                                : Memory.oem4 (.text:xdc_runtime_Memory_getMaxDefaultTypeAlign__E)
                  2000bed8    0000000a     tirtosport.aem4 : ClockP_tirtos.oem4 (.text:ClockP_stop)
                  2000bee2    0000000a     drivers_cc32xxware.aem4 : List.oem4 (.text:List_empty)
                  2000beec    0000000a                             : PWMTimerCC3200.oem4 (.text:PWMTimerCC3200_getPeriodCounts)
                  2000bef6    0000000a     tirtosport.aem4 : SemaphoreP_tirtos.oem4 (.text:SemaphoreP_post)
                  2000bf00    0000000a     drivers_cc32xxware.aem4 : UART.oem4 (.text:UART_read)
                  2000bf0a    0000000a                             : UART.oem4 (.text:UART_write)
                  2000bf14    0000000a     CDIO_CC3200_pem4.oem4 (.text:xdc_runtime_IHeap_alloc)
                  2000bf1e    0000000a     CDIO_CC3200_pem4.oem4 (.text:xdc_runtime_IHeap_free)
                  2000bf28    00000008     CC3200_LAUNCHXL.obj (.text:CC3200_LAUNCHXL_initGPIO)
                  2000bf30    00000008     CC3200_LAUNCHXL.obj (.text:CC3200_LAUNCHXL_initPWM)
                  2000bf38    00000008     CC3200_LAUNCHXL.obj (.text:CC3200_LAUNCHXL_initUART)
                  2000bf40    00000008     tirtosport.aem4 : ClockP_tirtos.oem4 (.text:ClockP_Params_init)
                  2000bf48    00000008     driverlib.a : prcm.obj (.text:PRCMSleepEnter)
                  2000bf50    00000008     drivers_cc32xxware.aem4 : PWMTimerCC3200.oem4 (.text:PWMTimerCC3200_init)
                  2000bf58    00000008     tirtosport.aem4 : SemaphoreP_tirtos.oem4 (.text:SemaphoreP_Params_init)
                  2000bf60    00000008     drivers_cc32xxware.aem4 : UARTCC3200.oem4 (.text:readSemCallback)
                  2000bf68    00000008     sysbios.aem4 : BIOS.obj (.text:ti_sysbios_family_arm_m3_Hwi_doSwiRestore__I)
                  2000bf70    00000008                  : BIOS.obj (.text:ti_sysbios_family_arm_m3_Hwi_startup__E)
                  2000bf78    00000008     drivers_cc32xxware.aem4 : UARTCC3200.oem4 (.text:writeSemCallback)
                  2000bf80    00000006     sysbios.aem4 : BIOS.obj (.text:ti_sysbios_family_arm_m3_Hwi_restoreFxn__E)
                  2000bf86    00000002     --HOLE-- [fill = 0]
                  2000bf88    00000006                  : BIOS.obj (.text:ti_sysbios_gates_GateHwi_leave__E)
                  2000bf8e    00000002     --HOLE-- [fill = 0]
                  2000bf90    00000006                  : BIOS.obj (.text:ti_sysbios_heaps_HeapMem_isBlocking__E)
                  2000bf96    00000002     --HOLE-- [fill = 0]
                  2000bf98    00000006                  : BIOS.obj (.text:ti_sysbios_knl_Clock_stop__E)
                  2000bf9e    00000002     --HOLE-- [fill = 0]
                  2000bfa0    00000006                  : BIOS.obj (.text:ti_sysbios_knl_Queue_Instance_init__E)
                  2000bfa6    00000002     --HOLE-- [fill = 0]
                  2000bfa8    00000004                  : BIOS.obj (.text:ti_sysbios_family_arm_m3_Timer_getMaxTicks__E)
                  2000bfac    00000004     --HOLE-- [fill = 0]
                  2000bfb0    00000004                  : BIOS.obj (.text:ti_sysbios_gates_GateHwi_query__E)
                  2000bfb4    00000004     --HOLE-- [fill = 0]
                  2000bfb8    00000004                  : BIOS.obj (.text:ti_sysbios_gates_GateMutex_query__E)
                  2000bfbc    00000004     --HOLE-- [fill = 0]
                  2000bfc0    00000004                  : BIOS.obj (.text:ti_sysbios_knl_Clock_setTimeout__E)
                  2000bfc4    00000004     --HOLE-- [fill = 0]
                  2000bfc8    00000004                  : BIOS.obj (.text:ti_sysbios_knl_Task_startup__E)
                  2000bfcc    00000004     --HOLE-- [fill = 0]
                  2000bfd0    00000002                  : BIOS.obj (.text:ti_sysbios_gates_GateHwi_Instance_init__E)
                  2000bfd2    00000006     --HOLE-- [fill = 0]
                  2000bfd8    00000002                  : BIOS.obj (.text:ti_sysbios_knl_Clock_logTick__E)

.bss       0    2000bfe0    000034f3     UNINITIALIZED
                  2000bfe0    00002710     (.common:task0Stack)
                  2000e6f0    00000400     (.common:ti_sysbios_heaps_HeapMem_Instance_State_0_buf__A)
                  2000eaf0    0000030c     (.common:ti_sysbios_family_arm_m3_Hwi_dispatchTable)
                  2000edfc    00000004     (.common:firstTick$2)
                  2000ee00    00000200     CDIO_CC3200_pem4.oem4 (.bss:taskStackSection)
                  2000f000    0000012c     drivers_cc32xxware.aem4 : PowerCC3200.oem4 (.bss:PowerCC3200_contextSave)
                  2000f12c    00000120     rtsv7M4_T_le_eabi.lib : trgmsg.obj (.bss:_CIOBUF_)
                  2000f24c    00000108     (.common:uartCC3200Objects)
                  2000f354    00000080     (.common:xdc_runtime_SysMin_Module_State_0_outbuf__A)
                  2000f3d4    00000050     (.common:task0Struct)
                  2000f424    00000040     (.common:uartCC3200RingBuffer)
                  2000f464    00000020     (.common:gpioCallbackInfo)
                  2000f484    00000020     (.common:pwmTimerCC3200Objects)
                  2000f4a4    00000014     (.common:powerNotifyObj)
                  2000f4b8    00000008                           : trgdrv.obj (.bss:parmbuf)
                  2000f4c0    00000008     (.common:firstRTC$1)
                  2000f4c8    00000008     (.common:steps)
                  2000f4d0    00000001     (.common:g_ucLED1Pin)
                  2000f4d1    00000001     (.common:g_ucLED2Pin)
                  2000f4d2    00000001     (.common:g_ucLED3Pin)

.const     0    2000f4d4    00002099     
                  2000f4d4    00001771     CDIO_CC3200_pem4.oem4 (.const:xdc_runtime_Text_charTab__A)
                  20010c45    00000001     CDIO_CC3200_pem4.oem4 (.const:ti_sysbios_knl_Clock_tickMode__C)
                  20010c46    00000002     CDIO_CC3200_pem4.oem4 (.const:ti_sysbios_family_arm_m3_Hwi_Module__id__C)
                  20010c48    00000100     driverlib.a : pin.obj (.const:g_ulPinToPadMap)
                  20010d48    000000a8                 : prcm.obj (.const:PRCM_PeriphRegsList)
                  20010df0    000000a0     CDIO_CC3200_pem4.oem4 (.const:xdc_runtime_Text_nodeTab__A)
                  20010e90    0000004c     drivers_cc32xxware.aem4 : UARTCC3200.oem4 (.const)
                  20010edc    00000048     CDIO_CC3200_pem4.oem4 (.const:.string)
                  20010f24    0000003c     CDIO_CC3200_pem4.oem4 (.const:ti_sysbios_knl_Task_Object__PARAMS__C)
                  20010f60    00000034     drivers_cc32xxware.aem4 : GPIOCC3200.oem4 (.const)
                  20010f94    00000030     CDIO_CC3200_pem4.oem4 (.const:ti_sysbios_family_arm_m3_Hwi_Object__PARAMS__C)
                  20010fc4    00000030     CC3200_LAUNCHXL.obj (.const:uartCC3200HWAttrs)
                  20010ff4    0000002a     drivers_cc32xxware.aem4 : GPIOCC3200.oem4 (.const:.string)
                  2001101e    00000002     CDIO_CC3200_pem4.oem4 (.const:ti_sysbios_family_arm_m3_Timer_Module__id__C)
                  20011020    00000028     CC3200_LAUNCHXL.obj (.const:PowerCC3200_config)
                  20011048    00000028     drivers_cc32xxware.aem4 : UARTCC3200.oem4 (.const:UARTCC3200_fxnTable)
                  20011070    00000028     CDIO_CC3200_pem4.oem4 (.const:ti_sysbios_heaps_HeapMem_Module__FXNS__C)
                  20011098    00000024     CC3200_LAUNCHXL.obj (.const:PWM_config)
                  200110bc    00000024     CC3200_LAUNCHXL.obj (.const:UART_config)
                  200110e0    00000024     drivers_cc32xxware.aem4 : UART.oem4 (.const:UART_defaultParams)
                  20011104    00000024     CDIO_CC3200_pem4.oem4 (.const:ti_sysbios_gates_GateHwi_Module__FXNS__C)
                  20011128    00000024     CDIO_CC3200_pem4.oem4 (.const:ti_sysbios_gates_GateMutex_Module__FXNS__C)
                  2001114c    00000024     CDIO_CC3200_pem4.oem4 (.const:ti_sysbios_heaps_HeapMem_Object__PARAMS__C)
                  20011170    00000024     CDIO_CC3200_pem4.oem4 (.const:ti_sysbios_knl_Clock_Object__PARAMS__C)
                  20011194    00000024     CDIO_CC3200_pem4.oem4 (.const:ti_sysbios_knl_Semaphore_Object__PARAMS__C)
                  200111b8    00000020     drivers_cc32xxware.aem4 : PWMTimerCC3200.oem4 (.const)
                  200111d8    00000020     CDIO_CC3200_pem4.oem4 (.const:ti_sysbios_family_arm_m3_Hwi_Object__DESC__C)
                  200111f8    00000020     CDIO_CC3200_pem4.oem4 (.const:ti_sysbios_gates_GateHwi_Object__DESC__C)
                  20011218    00000020     CDIO_CC3200_pem4.oem4 (.const:ti_sysbios_gates_GateMutex_Object__DESC__C)
                  20011238    00000020     CDIO_CC3200_pem4.oem4 (.const:ti_sysbios_heaps_HeapMem_Object__DESC__C)
                  20011258    00000020     CDIO_CC3200_pem4.oem4 (.const:ti_sysbios_knl_Clock_Object__DESC__C)
                  20011278    00000020     CDIO_CC3200_pem4.oem4 (.const:ti_sysbios_knl_Queue_Object__DESC__C)
                  20011298    00000020     CDIO_CC3200_pem4.oem4 (.const:ti_sysbios_knl_Semaphore_Object__DESC__C)
                  200112b8    00000020     CDIO_CC3200_pem4.oem4 (.const:ti_sysbios_knl_Task_Object__DESC__C)
                  200112d8    00000020     CDIO_CC3200_pem4.oem4 (.const:xdc_runtime_Startup_sfxnTab__A)
                  200112f8    00000018     CDIO_CC3200_pem4.oem4 (.const:ti_sysbios_gates_GateHwi_Object__PARAMS__C)
                  20011310    00000018     CDIO_CC3200_pem4.oem4 (.const:ti_sysbios_gates_GateMutex_Object__PARAMS__C)
                  20011328    00000018     CDIO_CC3200_pem4.oem4 (.const:ti_sysbios_knl_Queue_Object__PARAMS__C)
                  20011340    00000014     CC3200_LAUNCHXL.obj (.const:GPIOCC3200_config)
                  20011354    00000010     CC3200_LAUNCHXL.obj (.const:pwmTimerCC3200HWAttrs)
                  20011364    00000010     CDIO_CC3200_pem4.oem4 (.const:xdc_runtime_Startup_sfxnRts__A)
                  20011374    0000000d     CDIO_CC3200.obj (.const:.string:$P$T0$1)
                  20011381    00000001     CDIO_CC3200_pem4.oem4 (.const:ti_sysbios_knl_Clock_tickSource__C)
                  20011382    00000002     CDIO_CC3200_pem4.oem4 (.const:ti_sysbios_gates_GateMutex_Module__id__C)
                  20011384    0000000c     CDIO_CC3200_pem4.oem4 (.const:xdc_runtime_Startup_firstFxns__A)
                  20011390    00000008     CDIO_CC3200_pem4.oem4 (.const:ti_sysbios_family_arm_m3_Hwi_excHookFuncs__A)
                  20011398    00000008     CDIO_CC3200_pem4.oem4 (.const:ti_sysbios_knl_Idle_funcList__A)
                  200113a0    00000008     CDIO_CC3200_pem4.oem4 (.const:ti_sysbios_knl_Idle_funcList__C)
                  200113a8    00000008     CDIO_CC3200_pem4.oem4 (.const:xdc_runtime_Startup_firstFxns__C)
                  200113b0    00000008     CDIO_CC3200_pem4.oem4 (.const:xdc_runtime_Startup_lastFxns__C)
                  200113b8    00000004     CDIO_CC3200_pem4.oem4 (.const:ti_sysbios_family_arm_m3_Hwi_E_NMI__C)
                  200113bc    00000004     CDIO_CC3200_pem4.oem4 (.const:ti_sysbios_family_arm_m3_Hwi_E_alreadyDefined__C)
                  200113c0    00000004     CDIO_CC3200_pem4.oem4 (.const:ti_sysbios_family_arm_m3_Hwi_E_busFault__C)
                  200113c4    00000004     CDIO_CC3200_pem4.oem4 (.const:ti_sysbios_family_arm_m3_Hwi_E_debugMon__C)
                  200113c8    00000004     CDIO_CC3200_pem4.oem4 (.const:ti_sysbios_family_arm_m3_Hwi_E_hardFault__C)
                  200113cc    00000004     CDIO_CC3200_pem4.oem4 (.const:ti_sysbios_family_arm_m3_Hwi_E_memFault__C)
                  200113d0    00000004     CDIO_CC3200_pem4.oem4 (.const:ti_sysbios_family_arm_m3_Hwi_E_noIsr__C)
                  200113d4    00000004     CDIO_CC3200_pem4.oem4 (.const:ti_sysbios_family_arm_m3_Hwi_E_reserved__C)
                  200113d8    00000004     CDIO_CC3200_pem4.oem4 (.const:ti_sysbios_family_arm_m3_Hwi_E_svCall__C)
                  200113dc    00000004     CDIO_CC3200_pem4.oem4 (.const:ti_sysbios_family_arm_m3_Hwi_E_usageFault__C)
                  200113e0    00000004     CDIO_CC3200_pem4.oem4 (.const:ti_sysbios_family_arm_m3_Hwi_NUM_INTERRUPTS__C)
                  200113e4    00000004     CDIO_CC3200_pem4.oem4 (.const:ti_sysbios_family_arm_m3_Hwi_Object__count__C)
                  200113e8    00000004     CDIO_CC3200_pem4.oem4 (.const:ti_sysbios_family_arm_m3_Hwi_ccr__C)
                  200113ec    00000004     CDIO_CC3200_pem4.oem4 (.const:ti_sysbios_family_arm_m3_Hwi_excHandlerFunc__C)
                  200113f0    00000004     CDIO_CC3200_pem4.oem4 (.const:ti_sysbios_family_arm_m3_Hwi_excHookFuncs__C)
                  200113f4    00000004     CDIO_CC3200_pem4.oem4 (.const:ti_sysbios_family_arm_m3_Hwi_nullIsrFunc__C)
                  200113f8    00000004     CDIO_CC3200_pem4.oem4 (.const:ti_sysbios_family_arm_m3_Hwi_priGroup__C)
                  200113fc    00000004     CDIO_CC3200_pem4.oem4 (.const:ti_sysbios_family_arm_m3_TaskSupport_stackAlignment__C)
                  20011400    00000004     CDIO_CC3200_pem4.oem4 (.const:ti_sysbios_family_arm_m3_Timer_E_cannotSupport__C)
                  20011404    00000004     CDIO_CC3200_pem4.oem4 (.const:ti_sysbios_family_arm_m3_Timer_startupNeeded__C)
                  20011408    00000004     CDIO_CC3200_pem4.oem4 (.const:ti_sysbios_gates_GateMutex_A_badContext__C)
                  2001140c    00000004     CDIO_CC3200_pem4.oem4 (.const:ti_sysbios_gates_GateMutex_Instance_State_sem__O)
                  20011410    00000004     CDIO_CC3200_pem4.oem4 (.const:ti_sysbios_gates_GateMutex_Module__diagsEnabled__C)
                  20011414    00000004     CDIO_CC3200_pem4.oem4 (.const:ti_sysbios_gates_GateMutex_Module__diagsIncluded__C)
                  20011418    00000004     CDIO_CC3200_pem4.oem4 (.const:ti_sysbios_gates_GateMutex_Module__diagsMask__C)
                  2001141c    00000004     CDIO_CC3200_pem4.oem4 (.const:ti_sysbios_hal_Hwi_E_stackOverflow__C)
                  20011420    00000004     CDIO_CC3200_pem4.oem4 (.const:ti_sysbios_heaps_HeapMem_A_align__C)
                  20011424    00000004     CDIO_CC3200_pem4.oem4 (.const:ti_sysbios_heaps_HeapMem_A_heapSize__C)
                  20011428    00000004     CDIO_CC3200_pem4.oem4 (.const:ti_sysbios_heaps_HeapMem_A_invalidFree__C)
                  2001142c    00000004     CDIO_CC3200_pem4.oem4 (.const:ti_sysbios_heaps_HeapMem_A_zeroBlock__C)
                  20011430    00000004     CDIO_CC3200_pem4.oem4 (.const:ti_sysbios_heaps_HeapMem_E_memory__C)
                  20011434    00000004     CDIO_CC3200_pem4.oem4 (.const:ti_sysbios_heaps_HeapMem_Module__diagsEnabled__C)
                  20011438    00000004     CDIO_CC3200_pem4.oem4 (.const:ti_sysbios_heaps_HeapMem_Module__diagsIncluded__C)
                  2001143c    00000004     CDIO_CC3200_pem4.oem4 (.const:ti_sysbios_heaps_HeapMem_Module__diagsMask__C)
                  20011440    00000004     CDIO_CC3200_pem4.oem4 (.const:ti_sysbios_heaps_HeapMem_Module__gateObj__C)
                  20011444    00000004     CDIO_CC3200_pem4.oem4 (.const:ti_sysbios_heaps_HeapMem_Object__count__C)
                  20011448    00000004     CDIO_CC3200_pem4.oem4 (.const:ti_sysbios_heaps_HeapMem_reqAlign__C)
                  2001144c    00000004     CDIO_CC3200_pem4.oem4 (.const:ti_sysbios_knl_Clock_A_badThreadType__C)
                  20011450    00000004     CDIO_CC3200_pem4.oem4 (.const:ti_sysbios_knl_Clock_Module_State_clockQ__O)
                  20011454    00000004     CDIO_CC3200_pem4.oem4 (.const:ti_sysbios_knl_Clock_Module__diagsEnabled__C)
                  20011458    00000004     CDIO_CC3200_pem4.oem4 (.const:ti_sysbios_knl_Clock_Module__diagsIncluded__C)
                  2001145c    00000004     CDIO_CC3200_pem4.oem4 (.const:ti_sysbios_knl_Clock_Module__diagsMask__C)
                  20011460    00000004     CDIO_CC3200_pem4.oem4 (.const:ti_sysbios_knl_Clock_tickPeriod__C)
                  20011464    00000004     CDIO_CC3200_pem4.oem4 (.const:ti_sysbios_knl_Semaphore_A_badContext__C)
                  20011468    00000004     CDIO_CC3200_pem4.oem4 (.const:ti_sysbios_knl_Semaphore_A_noEvents__C)
                  2001146c    00000004     CDIO_CC3200_pem4.oem4 (.const:ti_sysbios_knl_Semaphore_A_overflow__C)
                  20011470    00000004     CDIO_CC3200_pem4.oem4 (.const:ti_sysbios_knl_Semaphore_A_pendTaskDisabled__C)
                  20011474    00000004     CDIO_CC3200_pem4.oem4 (.const:ti_sysbios_knl_Semaphore_Instance_State_pendQ__O)
                  20011478    00000004     CDIO_CC3200_pem4.oem4 (.const:ti_sysbios_knl_Semaphore_Module__diagsEnabled__C)
                  2001147c    00000004     CDIO_CC3200_pem4.oem4 (.const:ti_sysbios_knl_Semaphore_Module__diagsIncluded__C)
                  20011480    00000004     CDIO_CC3200_pem4.oem4 (.const:ti_sysbios_knl_Semaphore_Module__diagsMask__C)
                  20011484    00000004     CDIO_CC3200_pem4.oem4 (.const:ti_sysbios_knl_Swi_Object__count__C)
                  20011488    00000004     CDIO_CC3200_pem4.oem4 (.const:ti_sysbios_knl_Task_A_badPriority__C)
                  2001148c    00000004     CDIO_CC3200_pem4.oem4 (.const:ti_sysbios_knl_Task_A_badTaskState__C)
                  20011490    00000004     CDIO_CC3200_pem4.oem4 (.const:ti_sysbios_knl_Task_A_badThreadType__C)
                  20011494    00000004     CDIO_CC3200_pem4.oem4 (.const:ti_sysbios_knl_Task_A_noPendElem__C)
                  20011498    00000004     CDIO_CC3200_pem4.oem4 (.const:ti_sysbios_knl_Task_E_spOutOfBounds__C)
                  2001149c    00000004     CDIO_CC3200_pem4.oem4 (.const:ti_sysbios_knl_Task_E_stackOverflow__C)
                  200114a0    00000004     CDIO_CC3200_pem4.oem4 (.const:ti_sysbios_knl_Task_Module_State_inactiveQ__O)
                  200114a4    00000004     CDIO_CC3200_pem4.oem4 (.const:ti_sysbios_knl_Task_Module__diagsEnabled__C)
                  200114a8    00000004     CDIO_CC3200_pem4.oem4 (.const:ti_sysbios_knl_Task_Module__diagsIncluded__C)
                  200114ac    00000004     CDIO_CC3200_pem4.oem4 (.const:ti_sysbios_knl_Task_Module__diagsMask__C)
                  200114b0    00000004     CDIO_CC3200_pem4.oem4 (.const:ti_sysbios_knl_Task_Object__count__C)
                  200114b4    00000004     CDIO_CC3200_pem4.oem4 (.const:ti_sysbios_knl_Task_allBlockedFunc__C)
                  200114b8    00000004     CDIO_CC3200_pem4.oem4 (.const:ti_sysbios_knl_Task_defaultStackHeap__C)
                  200114bc    00000004     CDIO_CC3200_pem4.oem4 (.const:ti_sysbios_knl_Task_defaultStackSize__C)
                  200114c0    00000004     CDIO_CC3200_pem4.oem4 (.const:ti_sysbios_knl_Task_numConstructedTasks__C)
                  200114c4    00000004     CDIO_CC3200_pem4.oem4 (.const:xdc_runtime_Assert_E_assertFailed__C)
                  200114c8    00000004     CDIO_CC3200_pem4.oem4 (.const:xdc_runtime_Core_A_initializedParams__C)
                  200114cc    00000004     CDIO_CC3200_pem4.oem4 (.const:xdc_runtime_Core_Module__diagsEnabled__C)
                  200114d0    00000004     CDIO_CC3200_pem4.oem4 (.const:xdc_runtime_Core_Module__diagsIncluded__C)
                  200114d4    00000004     CDIO_CC3200_pem4.oem4 (.const:xdc_runtime_Core_Module__diagsMask__C)
                  200114d8    00000004     CDIO_CC3200_pem4.oem4 (.const:xdc_runtime_Error_E_memory__C)
                  200114dc    00000004     CDIO_CC3200_pem4.oem4 (.const:xdc_runtime_Error_Module__diagsEnabled__C)
                  200114e0    00000004     CDIO_CC3200_pem4.oem4 (.const:xdc_runtime_Error_Module__diagsIncluded__C)
                  200114e4    00000004     CDIO_CC3200_pem4.oem4 (.const:xdc_runtime_Error_Module__diagsMask__C)
                  200114e8    00000004     CDIO_CC3200_pem4.oem4 (.const:xdc_runtime_Error_Module__loggerFxn8__C)
                  200114ec    00000004     CDIO_CC3200_pem4.oem4 (.const:xdc_runtime_Error_Module__loggerObj__C)
                  200114f0    00000004     CDIO_CC3200_pem4.oem4 (.const:xdc_runtime_Error_policyFxn__C)
                  200114f4    00000004     CDIO_CC3200_pem4.oem4 (.const:xdc_runtime_Error_raiseHook__C)
                  200114f8    00000004     CDIO_CC3200_pem4.oem4 (.const:xdc_runtime_IGateProvider_Interface__BASE__C)
                  200114fc    00000004     CDIO_CC3200_pem4.oem4 (.const:xdc_runtime_IHeap_Interface__BASE__C)
                  20011500    00000004     CDIO_CC3200_pem4.oem4 (.const:xdc_runtime_IModule_Interface__BASE__C)
                  20011504    00000004     CDIO_CC3200_pem4.oem4 (.const:xdc_runtime_Log_L_error__C)
                  20011508    00000004     CDIO_CC3200_pem4.oem4 (.const:xdc_runtime_Memory_defaultHeapInstance__C)
                  2001150c    00000004     CDIO_CC3200_pem4.oem4 (.const:xdc_runtime_Startup_execImpl__C)
                  20011510    00000004     CDIO_CC3200_pem4.oem4 (.const:xdc_runtime_Startup_maxPasses__C)
                  20011514    00000004     CDIO_CC3200_pem4.oem4 (.const:xdc_runtime_Startup_sfxnRts__C)
                  20011518    00000004     CDIO_CC3200_pem4.oem4 (.const:xdc_runtime_Startup_sfxnTab__C)
                  2001151c    00000004     CDIO_CC3200_pem4.oem4 (.const:xdc_runtime_SysMin_bufSize__C)
                  20011520    00000004     CDIO_CC3200_pem4.oem4 (.const:xdc_runtime_SysMin_outputFunc__C)
                  20011524    00000004     CDIO_CC3200_pem4.oem4 (.const:xdc_runtime_System_Module__gateObj__C)
                  20011528    00000004     CDIO_CC3200_pem4.oem4 (.const:xdc_runtime_System_abortFxn__C)
                  2001152c    00000004     CDIO_CC3200_pem4.oem4 (.const:xdc_runtime_System_exitFxn__C)
                  20011530    00000004     CDIO_CC3200_pem4.oem4 (.const:xdc_runtime_System_extendFxn__C)
                  20011534    00000004     CDIO_CC3200_pem4.oem4 (.const:xdc_runtime_System_maxAtexitHandlers__C)
                  20011538    00000004     CDIO_CC3200_pem4.oem4 (.const:xdc_runtime_Text_charTab__C)
                  2001153c    00000004     CDIO_CC3200_pem4.oem4 (.const:xdc_runtime_Text_nameEmpty__C)
                  20011540    00000004     CDIO_CC3200_pem4.oem4 (.const:xdc_runtime_Text_nameStatic__C)
                  20011544    00000004     CDIO_CC3200_pem4.oem4 (.const:xdc_runtime_Text_nameUnknown__C)
                  20011548    00000004     CDIO_CC3200_pem4.oem4 (.const:xdc_runtime_Text_nodeTab__C)
                  2001154c    00000004     CDIO_CC3200_pem4.oem4 (.const:xdc_runtime_Text_visitRopeFxn__C)
                  20011550    00000002     CDIO_CC3200_pem4.oem4 (.const:ti_sysbios_hal_Hwi_Module__id__C)
                  20011552    00000002     CDIO_CC3200_pem4.oem4 (.const:ti_sysbios_heaps_HeapMem_Module__id__C)
                  20011554    00000002     CDIO_CC3200_pem4.oem4 (.const:ti_sysbios_knl_Clock_Module__id__C)
                  20011556    00000002     CDIO_CC3200_pem4.oem4 (.const:ti_sysbios_knl_Semaphore_Module__id__C)
                  20011558    00000002     CDIO_CC3200_pem4.oem4 (.const:ti_sysbios_knl_Task_Module__id__C)
                  2001155a    00000002     CDIO_CC3200_pem4.oem4 (.const:xdc_runtime_Core_Module__id__C)
                  2001155c    00000002     CDIO_CC3200_pem4.oem4 (.const:xdc_runtime_Error_Module__loggerDefined__C)
                  2001155e    00000002     CDIO_CC3200_pem4.oem4 (.const:xdc_runtime_Error_maxDepth__C)
                  20011560    00000002     CDIO_CC3200_pem4.oem4 (.const:xdc_runtime_Memory_Module__id__C)
                  20011562    00000002     CDIO_CC3200_pem4.oem4 (.const:xdc_runtime_SysMin_flushAtExit__C)
                  20011564    00000002     CDIO_CC3200_pem4.oem4 (.const:xdc_runtime_Text_charCnt__C)
                  20011566    00000002     CDIO_CC3200_pem4.oem4 (.const:xdc_runtime_Text_isLoaded__C)
                  20011568    00000002     CDIO_CC3200_pem4.oem4 (.const:xdc_runtime_Text_registryModsLastId__C)
                  2001156a    00000002     CDIO_CC3200_pem4.oem4 (.const:xdc_runtime_Text_unnamedModsLastId__C)
                  2001156c    00000001     CDIO_CC3200_pem4.oem4 (.const:xdc_runtime_Error_policy__C)

.cinit     0    20011cb0    00000344     
                  20011cb0    00000319     (.cinit..data.load) [load image, compression = rle]
                  20011fc9    00000007     --HOLE-- [fill = 0]
                  20011fd0    0000000b     (.cinit..bss.load) [load image, compression = rle]
                  20011fdb    00000001     --HOLE-- [fill = 0]
                  20011fdc    00000008     (__TI_handler_table)
                  20011fe4    00000010     (__TI_cinit_table)

.init_array 
*          0    20004000    00000000     UNINITIALIZED

.resetVecs 
*          0    20004000    0000030c     
                  20004000    0000030c     CDIO_CC3200_pem4.oem4 (.resetVecs)

.data      0    20011570    0000043d     UNINITIALIZED
                  20011570    00000080     CDIO_CC3200_pem4.oem4 (.data:ti_sysbios_knl_Swi_Module_State_0_readyQ__A)
                  200115f0    00000080     CDIO_CC3200_pem4.oem4 (.data:ti_sysbios_knl_Task_Module_State_0_readyQ__A)
                  20011670    00000054     drivers_cc32xxware.aem4 : PowerCC3200.oem4 (.data:PowerCC3200_module)
                  200116c4    0000004c     CDIO_CC3200_pem4.oem4 (.data:ti_sysbios_knl_Task_Object__table__V)
                  20011710    00000044     CDIO_CC3200_pem4.oem4 (.data:ti_sysbios_knl_Task_Module__state__V)
                  20011754    00000038     CDIO_CC3200_pem4.oem4 (.data:ti_sysbios_gates_GateMutex_Object__table__V)
                  2001178c    00000034     CDIO_CC3200_pem4.oem4 (.data:ti_sysbios_family_arm_m3_Hwi_Module__state__V)
                  200117c0    00000030     CDIO_CC3200_pem4.oem4 (.data:ti_sysbios_family_arm_m3_Timer_Object__table__V)
                  200117f0    00000030     CDIO_CC3200_pem4.oem4 (.data:ti_sysbios_knl_Swi_Object__table__V)
                  20011820    0000002c     CDIO_CC3200_pem4.oem4 (.data:ti_sysbios_knl_Clock_Module__state__V)
                  2001184c    00000024     CDIO_CC3200_pem4.oem4 (.data:ti_sysbios_BIOS_Module__state__V)
                  20011870    0000001c     CDIO_CC3200_pem4.oem4 (.data:ti_sysbios_knl_Swi_Module__state__V)
                  2001188c    00000018     CDIO_CC3200_pem4.oem4 (.data:ti_sysbios_family_arm_m3_Hwi_Object__table__V)
                  200118a4    00000018     CDIO_CC3200_pem4.oem4 (.data:ti_sysbios_heaps_HeapMem_Object__table__V)
                  200118bc    00000014     gpio_if.obj (.data:ulReg)
                  200118d0    0000000c     rtsv7M4_T_le_eabi.lib : exit.obj (.data:$O1$$)
                  200118dc    0000000c     CC3200_LAUNCHXL.obj (.data:gpioPinConfigs)
                  200118e8    0000000c     gpio_if.obj (.data)
                  200118f4    0000000c     CDIO_CC3200_pem4.oem4 (.data:ti_sysbios_family_arm_m3_Timer_Module__state__V)
                  20011900    0000000c     CDIO_CC3200_pem4.oem4 (.data:xdc_runtime_SysMin_Module__state__V)
                  2001190c    00000008     rtsv7M4_T_le_eabi.lib : _lock.obj (.data:$O1$$)
                  20011914    00000008     drivers_cc32xxware.aem4 : GPIOCC3200.oem4 (.data)
                  2001191c    00000008     CC3200_LAUNCHXL.obj (.data:gpioCallbackFunctions)
                  20011924    00000008     CDIO_CC3200_pem4.oem4 (.data:ti_sysbios_family_arm_m3_Hwi_Module__root__V)
                  2001192c    00000008     CDIO_CC3200_pem4.oem4 (.data:ti_sysbios_gates_GateHwi_Module__root__V)
                  20011934    00000008     CDIO_CC3200_pem4.oem4 (.data:ti_sysbios_gates_GateMutex_Module__root__V)
                  2001193c    00000008     CDIO_CC3200_pem4.oem4 (.data:ti_sysbios_heaps_HeapMem_Module__root__V)
                  20011944    00000008     CDIO_CC3200_pem4.oem4 (.data:ti_sysbios_knl_Clock_Module__root__V)
                  2001194c    00000008     CDIO_CC3200_pem4.oem4 (.data:ti_sysbios_knl_Queue_Module__root__V)
                  20011954    00000008     CDIO_CC3200_pem4.oem4 (.data:ti_sysbios_knl_Semaphore_Module__root__V)
                  2001195c    00000008     CDIO_CC3200_pem4.oem4 (.data:ti_sysbios_knl_Task_Module__root__V)
                  20011964    00000008     CDIO_CC3200_pem4.oem4 (.data:xdc_runtime_Registry_Module__state__V)
                  2001196c    00000008     CDIO_CC3200_pem4.oem4 (.data:xdc_runtime_Startup_Module__state__V)
                  20011974    00000008     CDIO_CC3200_pem4.oem4 (.data:xdc_runtime_System_Module_State_0_atexitHandlers__A)
                  2001197c    00000008     CDIO_CC3200_pem4.oem4 (.data:xdc_runtime_System_Module__state__V)
                  20011984    00000004     CDIO_CC3200.obj (.data)
                  20011988    00000004     drivers_cc32xxware.aem4 : PWM.oem4 (.data)
                  2001198c    00000004                             : UART.oem4 (.data)
                  20011990    00000004     rtsv7M4_T_le_eabi.lib : stkdepth_vars.obj (.data)
                  20011994    00000004     CDIO_CC3200_pem4.oem4 (.data:ti_sysbios_family_arm_m3_Hwi_Module_State_0_excContext__A)
                  20011998    00000004     CDIO_CC3200_pem4.oem4 (.data:ti_sysbios_family_arm_m3_Hwi_Module_State_0_excStack__A)
                  2001199c    00000004     CDIO_CC3200_pem4.oem4 (.data:ti_sysbios_gates_GateHwi_Object__table__V)
                  200119a0    00000004     CDIO_CC3200_pem4.oem4 (.data:ti_sysbios_knl_Task_Module_State_0_idleTask__A)
                  200119a4    00000004     CDIO_CC3200_pem4.oem4 (.data:xdc_runtime_Memory_Module__state__V)
                  200119a8    00000002     CDIO_CC3200_pem4.oem4 (.data:ti_sysbios_family_arm_m3_Hwi_Module_State_0_excActive__A)
                  200119aa    00000002     CDIO_CC3200_pem4.oem4 (.data:xdc_runtime_Error_Module__state__V)
                  200119ac    00000001     power_cc3200_tirtos.aem4 : PowerCC3200_tirtos.oem4 (.data)

.stack     0    200119b0    00000300     UNINITIALIZED
                  200119b0    00000300     --HOLE--

.bootVecs 
*          0    00000000    00000008     DSECT
                  00000000    00000008     boot.aem4 : boot.oem4 (.bootVecs)

.vecs      0    20004000    00000000     DSECT

xdc.meta   0    00000000    000000ee     COPY SECTION
                  00000000    000000ee     CDIO_CC3200_pem4.oem4 (xdc.meta)

MODULE SUMMARY

       Module                     code    ro data   rw data
       ------                     ----    -------   -------
    .\
       CDIO_CC3200.obj            1388    13        10092  
       CC3200_LAUNCHXL.obj        40      196       380    
       gpio_if.obj                342     0         35     
       rom_pin_mux_config.obj     184     0         0      
    +--+--------------------------+-------+---------+---------+
       Total:                     1954    209       10507  
                                                           
    C:\Users\Gabriel\workspace_v6_2\CDIO_CC3200\Debug\configPkg\package\cfg\
       CDIO_CC3200_pem4.oem4      1786    8214      3348   
    +--+--------------------------+-------+---------+---------+
       Total:                     1786    8214      3348   
                                                           
    C:/ti/tirex-content/tirtos_cc32xx_2_16_00_08/products/CC3200_driverlib_1.1.0/driverlib/ccs/Release/driverlib.a
       prcm.obj                   1208    168       0      
       pin.obj                    406     256       0      
       uart.obj                   524     0         0      
       gpio.obj                   296     0         0      
       timer.obj                  282     0         0      
       flash.obj                  72      0         0      
       cpu.obj                    52      0         0      
       utils.obj                  6       0         0      
    +--+--------------------------+-------+---------+---------+
       Total:                     2846    424       0      
                                                           
    C:/ti/tirex-content/tirtos_cc32xx_2_16_00_08/products/tidrivers_cc32xx_2_16_00_08/packages/ti/drivers/lib/drivers_cc32xxware.aem4
       UARTCC3200.oem4            2546    116       0      
       PowerCC3200.oem4           940     0         384    
       GPIOCC3200.oem4            1040    94        60     
       PWMTimerCC3200.oem4        642     32        0      
       UART.oem4                  148     36        4      
       RingBuf.oem4               164     0         0      
       PowerCC3200_asm.oem4       134     0         0      
       List.oem4                  82      0         0      
       PWM.oem4                   56      0         4      
    +--+--------------------------+-------+---------+---------+
       Total:                     5752    278       452    
                                                           
    C:/ti/tirex-content/tirtos_cc32xx_2_16_00_08/products/tidrivers_cc32xx_2_16_00_08/packages/ti/drivers/lib/power_cc3200_tirtos.aem4
       PowerCC3200_tirtos.oem4    500     0         13     
    +--+--------------------------+-------+---------+---------+
       Total:                     500     0         13     
                                                           
    C:/ti/tirex-content/tirtos_cc32xx_2_16_00_08/products/tidrivers_cc32xx_2_16_00_08/packages/ti/drivers/ports/lib/tirtosport.aem4
       ClockP_tirtos.oem4         164     0         0      
       SemaphoreP_tirtos.oem4     146     0         0      
       HwiP_tirtos.oem4           138     0         0      
    +--+--------------------------+-------+---------+---------+
       Total:                     448     0         0      
[...]
2000beb5  xdc_runtime_Gate_enterSystem__E                            
2000bec1  xdc_runtime_Memory_calloc__E                               
2000becd  xdc_runtime_Memory_getMaxDefaultTypeAlign__E               
2000bed9  ClockP_stop                                                
2000bed9  ClockP_stopFromISR                                         
2000bee3  List_empty                                                 
2000beed  PWMTimerCC3200_getPeriodCounts                             
2000bef7  SemaphoreP_post                                            
2000bef7  SemaphoreP_postFromClock                                   
2000bef7  SemaphoreP_postFromISR                                     
2000bf01  UART_read                                                  
2000bf0b  UART_write                                                 
2000bf15  xdc_runtime_Memory_HeapProxy_alloc__E                      
2000bf1f  xdc_runtime_Memory_HeapProxy_free__E                       
2000bf29  CC3200_LAUNCHXL_initGPIO                                   
2000bf31  CC3200_LAUNCHXL_initPWM                                    
2000bf39  CC3200_LAUNCHXL_initUART                                   
2000bf41  ClockP_Params_init                                         
2000bf49  PRCMSleepEnter                                             
2000bf51  PWMTimerCC3200_init                                        
2000bf59  SemaphoreP_Params_init                                     
2000bf69  ti_sysbios_family_arm_m3_Hwi_doSwiRestore__I               
2000bf71  ti_sysbios_family_arm_m3_Hwi_startup__E                    
2000bf71  ti_sysbios_hal_Hwi_HwiProxy_startup__E                     
2000bf81  HwiP_restore                                               
2000bf81  ti_sysbios_family_arm_m3_Hwi_restoreFxn__E                 
2000bf81  ti_sysbios_hal_Hwi_HwiProxy_restore__E                     
2000bf89  ti_sysbios_gates_GateHwi_leave__E                          
2000bf91  ti_sysbios_heaps_HeapMem_isBlocking__E                     
2000bf99  ti_sysbios_knl_Clock_stop__E                               
2000bfa1  ti_sysbios_knl_Queue_Instance_init__E                      
2000bfa9  ti_sysbios_family_arm_m3_Timer_getMaxTicks__E              
2000bfb1  ti_sysbios_gates_GateHwi_query__E                          
2000bfb1  xdc_runtime_Main_Module_GateProxy_query__E                 
2000bfb1  xdc_runtime_System_Module_GateProxy_query__E               
2000bfb9  ti_sysbios_BIOS_RtsGateProxy_query__E                      
2000bfb9  ti_sysbios_gates_GateMutex_query__E                        
2000bfb9  ti_sysbios_heaps_HeapMem_Module_GateProxy_query__E         
2000bfc1  ti_sysbios_knl_Clock_setTimeout__E                         
2000bfc9  ti_sysbios_knl_Task_startup__E                             
2000bfd1  ti_sysbios_gates_GateHwi_Instance_init__E                  
2000bfd9  ti_sysbios_knl_Clock_logTick__E                            
2000bfe0  task0Stack                                                 
2000e6f0  ti_sysbios_heaps_HeapMem_Instance_State_0_buf__A           
2000eaf0  ti_sysbios_family_arm_m3_Hwi_dispatchTable                 
2000ee00  ti_sysbios_knl_Task_Instance_State_0_stack__A              
2000f000  PowerCC3200_contextSave                                    
2000f12c  __CIOBUF_                                                  
2000f24c  uartCC3200Objects                                          
2000f354  xdc_runtime_SysMin_Module_State_0_outbuf__A                
2000f3d4  task0Struct                                                
2000f424  uartCC3200RingBuffer                                       
2000f484  pwmTimerCC3200Objects                                      
2000f4c8  steps                                                      
2000f4d0  g_ucLED1Pin                                                
2000f4d1  g_ucLED2Pin                                                
2000f4d2  g_ucLED3Pin                                                
2000f4d4  xdc_runtime_Text_charTab__A                                
20010c45  ti_sysbios_knl_Clock_tickMode__C                           
20010c46  ti_sysbios_family_arm_m3_Hwi_Module__id__C                 
20010df0  xdc_runtime_Text_nodeTab__A                                
20010f24  ti_sysbios_knl_Task_Object__PARAMS__C                      
20010f60  inPinTypes                                                 
20010f66  outPinTypes                                                
20010f6e  outPinStrengths                                            
20010f94  ti_sysbios_family_arm_m3_Hwi_Object__PARAMS__C             
20010fc4  uartCC3200HWAttrs                                          
2001101e  ti_sysbios_family_arm_m3_Timer_Module__id__C               
20011020  PowerCC3200_config                                         
20011048  UARTCC3200_fxnTable                                        
20011070  ti_sysbios_heaps_HeapMem_Module__FXNS__C                   
20011098  PWM_config                                                 
200110bc  UART_config                                                
200110e0  UART_defaultParams                                         
20011104  ti_sysbios_gates_GateHwi_Module__FXNS__C                   
20011128  ti_sysbios_gates_GateMutex_Module__FXNS__C                 
2001114c  ti_sysbios_heaps_HeapMem_Object__PARAMS__C                 
20011170  ti_sysbios_knl_Clock_Object__PARAMS__C                     
20011194  ti_sysbios_knl_Semaphore_Object__PARAMS__C                 
200111b8  PWMTimerCC3200_fxnTable                                    
200111d4  PWMTimerCC3200_MAX_PRESCALAR_VALUE                         
200111d6  PWMTimerCC3200_MAX_MATCH_VALUE                             
200111d8  ti_sysbios_family_arm_m3_Hwi_Object__DESC__C               
200111f8  ti_sysbios_gates_GateHwi_Object__DESC__C                   
20011218  ti_sysbios_gates_GateMutex_Object__DESC__C                 
20011238  ti_sysbios_heaps_HeapMem_Object__DESC__C                   
20011258  ti_sysbios_knl_Clock_Object__DESC__C                       
20011278  ti_sysbios_knl_Queue_Object__DESC__C                       
20011298  ti_sysbios_knl_Semaphore_Object__DESC__C                   
200112b8  ti_sysbios_knl_Task_Object__DESC__C                        
200112d8  xdc_runtime_Startup_sfxnTab__A                             
200112f8  ti_sysbios_gates_GateHwi_Object__PARAMS__C                 
20011310  ti_sysbios_gates_GateMutex_Object__PARAMS__C               
20011328  ti_sysbios_knl_Queue_Object__PARAMS__C                     
20011340  GPIOCC3200_config                                          
20011354  pwmTimerCC3200HWAttrs                                      
20011364  xdc_runtime_Startup_sfxnRts__A                             
20011381  ti_sysbios_knl_Clock_tickSource__C                         
20011382  ti_sysbios_gates_GateMutex_Module__id__C                   
20011384  xdc_runtime_Startup_firstFxns__A                           
20011390  ti_sysbios_family_arm_m3_Hwi_excHookFuncs__A               
20011398  ti_sysbios_knl_Idle_funcList__A                            
200113a0  ti_sysbios_knl_Idle_funcList__C                            
200113a8  xdc_runtime_Startup_firstFxns__C                           
200113b0  xdc_runtime_Startup_lastFxns__C                            
200113b8  ti_sysbios_family_arm_m3_Hwi_E_NMI__C                      
200113bc  ti_sysbios_family_arm_m3_Hwi_E_alreadyDefined__C           
200113c0  ti_sysbios_family_arm_m3_Hwi_E_busFault__C                 
200113c4  ti_sysbios_family_arm_m3_Hwi_E_debugMon__C                 
200113c8  ti_sysbios_family_arm_m3_Hwi_E_hardFault__C                
200113cc  ti_sysbios_family_arm_m3_Hwi_E_memFault__C                 
200113d0  ti_sysbios_family_arm_m3_Hwi_E_noIsr__C                    
200113d4  ti_sysbios_family_arm_m3_Hwi_E_reserved__C                 
200113d8  ti_sysbios_family_arm_m3_Hwi_E_svCall__C                   
200113dc  ti_sysbios_family_arm_m3_Hwi_E_usageFault__C               
200113e0  ti_sysbios_family_arm_m3_Hwi_NUM_INTERRUPTS__C             
200113e4  ti_sysbios_family_arm_m3_Hwi_Object__count__C              
200113e8  ti_sysbios_family_arm_m3_Hwi_ccr__C                        
200113ec  ti_sysbios_family_arm_m3_Hwi_excHandlerFunc__C             
200113f0  ti_sysbios_family_arm_m3_Hwi_excHookFuncs__C               
200113f4  ti_sysbios_family_arm_m3_Hwi_nullIsrFunc__C                
200113f8  ti_sysbios_family_arm_m3_Hwi_priGroup__C                   
200113fc  ti_sysbios_family_arm_m3_TaskSupport_stackAlignment__C     
20011400  ti_sysbios_family_arm_m3_Timer_E_cannotSupport__C          
20011404  ti_sysbios_family_arm_m3_Timer_startupNeeded__C            
20011408  ti_sysbios_gates_GateMutex_A_badContext__C                 
2001140c  ti_sysbios_gates_GateMutex_Instance_State_sem__O           
20011410  ti_sysbios_gates_GateMutex_Module__diagsEnabled__C         
20011414  ti_sysbios_gates_GateMutex_Module__diagsIncluded__C        
20011418  ti_sysbios_gates_GateMutex_Module__diagsMask__C            
2001141c  ti_sysbios_hal_Hwi_E_stackOverflow__C                      
20011420  ti_sysbios_heaps_HeapMem_A_align__C                        
20011424  ti_sysbios_heaps_HeapMem_A_heapSize__C                     
20011428  ti_sysbios_heaps_HeapMem_A_invalidFree__C                  
2001142c  ti_sysbios_heaps_HeapMem_A_zeroBlock__C                    
20011430  ti_sysbios_heaps_HeapMem_E_memory__C                       
20011434  ti_sysbios_heaps_HeapMem_Module__diagsEnabled__C           
20011438  ti_sysbios_heaps_HeapMem_Module__diagsIncluded__C          
2001143c  ti_sysbios_heaps_HeapMem_Module__diagsMask__C              
20011440  ti_sysbios_heaps_HeapMem_Module__gateObj__C                
20011444  ti_sysbios_heaps_HeapMem_Object__count__C                  
20011448  ti_sysbios_heaps_HeapMem_reqAlign__C                       
2001144c  ti_sysbios_knl_Clock_A_badThreadType__C                    
20011450  ti_sysbios_knl_Clock_Module_State_clockQ__O                
20011454  ti_sysbios_knl_Clock_Module__diagsEnabled__C               
20011458  ti_sysbios_knl_Clock_Module__diagsIncluded__C              
2001145c  ti_sysbios_knl_Clock_Module__diagsMask__C                  
20011460  ti_sysbios_knl_Clock_tickPeriod__C                         
20011464  ti_sysbios_knl_Semaphore_A_badContext__C                   
20011468  ti_sysbios_knl_Semaphore_A_noEvents__C                     
2001146c  ti_sysbios_knl_Semaphore_A_overflow__C                     
20011470  ti_sysbios_knl_Semaphore_A_pendTaskDisabled__C             
20011474  ti_sysbios_knl_Semaphore_Instance_State_pendQ__O           
20011478  ti_sysbios_knl_Semaphore_Module__diagsEnabled__C           
2001147c  ti_sysbios_knl_Semaphore_Module__diagsIncluded__C          
20011480  ti_sysbios_knl_Semaphore_Module__diagsMask__C              
20011484  ti_sysbios_knl_Swi_Object__count__C                        
20011488  ti_sysbios_knl_Task_A_badPriority__C                       
2001148c  ti_sysbios_knl_Task_A_badTaskState__C                      
20011490  ti_sysbios_knl_Task_A_badThreadType__C                     
20011494  ti_sysbios_knl_Task_A_noPendElem__C                        
20011498  ti_sysbios_knl_Task_E_spOutOfBounds__C                     
2001149c  ti_sysbios_knl_Task_E_stackOverflow__C                     
200114a0  ti_sysbios_knl_Task_Module_State_inactiveQ__O              
200114a4  ti_sysbios_knl_Task_Module__diagsEnabled__C                
200114a8  ti_sysbios_knl_Task_Module__diagsIncluded__C               
200114ac  ti_sysbios_knl_Task_Module__diagsMask__C                   
200114b0  ti_sysbios_knl_Task_Object__count__C                       
200114b4  ti_sysbios_knl_Task_allBlockedFunc__C                      
200114b8  ti_sysbios_knl_Task_defaultStackHeap__C                    
200114bc  ti_sysbios_knl_Task_defaultStackSize__C                    
200114c0  ti_sysbios_knl_Task_numConstructedTasks__C                 
200114c4  xdc_runtime_Assert_E_assertFailed__C                       
200114c8  xdc_runtime_Core_A_initializedParams__C                    
200114cc  xdc_runtime_Core_Module__diagsEnabled__C                   
200114d0  xdc_runtime_Core_Module__diagsIncluded__C                  
200114d4  xdc_runtime_Core_Module__diagsMask__C                      
200114d8  xdc_runtime_Error_E_memory__C                              
200114dc  xdc_runtime_Error_Module__diagsEnabled__C                  
200114e0  xdc_runtime_Error_Module__diagsIncluded__C                 
200114e4  xdc_runtime_Error_Module__diagsMask__C                     
200114e8  xdc_runtime_Error_Module__loggerFxn8__C                    
200114ec  xdc_runtime_Error_Module__loggerObj__C                     
200114f0  xdc_runtime_Error_policyFxn__C                             
200114f4  xdc_runtime_Error_raiseHook__C                             
200114f8  xdc_runtime_IGateProvider_Interface__BASE__C               
200114fc  xdc_runtime_IHeap_Interface__BASE__C                       
20011500  xdc_runtime_IModule_Interface__BASE__C                     
20011504  xdc_runtime_Log_L_error__C                                 
20011508  xdc_runtime_Memory_defaultHeapInstance__C                  
2001150c  xdc_runtime_Startup_execImpl__C                            
20011510  xdc_runtime_Startup_maxPasses__C                           
20011514  xdc_runtime_Startup_sfxnRts__C                             
20011518  xdc_runtime_Startup_sfxnTab__C                             
2001151c  xdc_runtime_SysMin_bufSize__C                              
20011520  xdc_runtime_SysMin_outputFunc__C                           
20011524  xdc_runtime_System_Module__gateObj__C                      
20011528  xdc_runtime_System_abortFxn__C                             
2001152c  xdc_runtime_System_exitFxn__C                              
20011530  xdc_runtime_System_extendFxn__C                            
20011534  xdc_runtime_System_maxAtexitHandlers__C                    
20011538  xdc_runtime_Text_charTab__C                                
2001153c  xdc_runtime_Text_nameEmpty__C                              
20011540  xdc_runtime_Text_nameStatic__C                             
20011544  xdc_runtime_Text_nameUnknown__C                            
20011548  xdc_runtime_Text_nodeTab__C                                
2001154c  xdc_runtime_Text_visitRopeFxn__C                           
20011550  ti_sysbios_hal_Hwi_Module__id__C                           
20011552  ti_sysbios_heaps_HeapMem_Module__id__C                     
20011554  ti_sysbios_knl_Clock_Module__id__C                         
20011556  ti_sysbios_knl_Semaphore_Module__id__C                     
20011558  ti_sysbios_knl_Task_Module__id__C                          
2001155a  xdc_runtime_Core_Module__id__C                             
2001155c  xdc_runtime_Error_Module__loggerDefined__C                 
2001155e  xdc_runtime_Error_maxDepth__C                              
20011560  xdc_runtime_Memory_Module__id__C                           
20011562  xdc_runtime_SysMin_flushAtExit__C                          
20011564  xdc_runtime_Text_charCnt__C                                
20011566  xdc_runtime_Text_isLoaded__C                               
20011568  xdc_runtime_Text_registryModsLastId__C                     
2001156a  xdc_runtime_Text_unnamedModsLastId__C                      
2001156c  xdc_runtime_Error_policy__C                                
20011570  ti_sysbios_knl_Swi_Module_State_0_readyQ__A                
200115f0  ti_sysbios_knl_Task_Module_State_0_readyQ__A               
20011670  PowerCC3200_module                                         
200116c4  ti_sysbios_knl_Task_Object__table__V                       
20011710  ti_sysbios_knl_Task_Module__state__V                       
20011754  ti_sysbios_gates_GateMutex_Object__table__V                
2001178c  ti_sysbios_family_arm_m3_Hwi_Module__state__V              
200117c0  ti_sysbios_family_arm_m3_Timer_Object__table__V            
200117f0  ti_sysbios_knl_Swi_Object__table__V                        
20011820  ti_sysbios_knl_Clock_Module__state__V                      
2001184c  ti_sysbios_BIOS_Module__state__V                           
20011870  ti_sysbios_knl_Swi_Module__state__V                        
2001188c  ti_sysbios_family_arm_m3_Hwi_Object__table__V              
200118a4  ti_sysbios_heaps_HeapMem_Object__table__V                  
200118d0  __TI_cleanup_ptr                                           
200118d4  __TI_dtors_ptr                                             
200118d8  __TI_enable_exit_profile_output                            
200118dc  gpioPinConfigs                                             
200118e8  g_uiLED1Port                                               
200118ec  g_uiLED2Port                                               
200118f0  g_uiLED3Port                                               
200118f4  ti_sysbios_family_arm_m3_Timer_Module__state__V            
20011900  xdc_runtime_SysMin_Module__state__V                        
2001190c  _lock                                                      
20011910  _unlock                                                    
2001191c  gpioCallbackFunctions                                      
20011924  ti_sysbios_family_arm_m3_Hwi_Module__root__V               
2001192c  ti_sysbios_gates_GateHwi_Module__root__V                   
20011934  ti_sysbios_gates_GateMutex_Module__root__V                 
2001193c  ti_sysbios_heaps_HeapMem_Module__root__V                   
20011944  ti_sysbios_knl_Clock_Module__root__V                       
2001194c  ti_sysbios_knl_Queue_Module__root__V                       
20011954  ti_sysbios_knl_Semaphore_Module__root__V                   
2001195c  ti_sysbios_knl_Task_Module__root__V                        
20011964  xdc_runtime_Registry_Module__state__V                      
2001196c  xdc_runtime_Startup_Module__state__V                       
20011974  xdc_runtime_System_Module_State_0_atexitHandlers__A        
2001197c  xdc_runtime_System_Module__state__V                        
20011984  count                                                      
20011990  main_func_sp                                               
20011994  ti_sysbios_family_arm_m3_Hwi_Module_State_0_excContext__A  
20011998  ti_sysbios_family_arm_m3_Hwi_Module_State_0_excStack__A    
2001199c  ti_sysbios_gates_GateHwi_Object__table__V                  
200119a0  ti_sysbios_knl_Task_Module_State_0_idleTask__A             
200119a4  xdc_runtime_Memory_Module__state__V                        
200119a8  ti_sysbios_family_arm_m3_Hwi_Module_State_0_excActive__A   
200119aa  xdc_runtime_Error_Module__state__V                         
200119b0  __stack                                                    
20011cb0  __STACK_END                                                
20011cb0  __TI_static_base__                                         
20011fdc  __TI_Handler_Table_Base                                    
20011fe4  __TI_CINIT_Base                                            
20011fe4  __TI_Handler_Table_Limit                                   
20011ff4  __TI_CINIT_Limit                                           
e000e000  ti_sysbios_family_arm_m3_Hwi_nvic                          
ffffffff  __TI_pprof_out_hndl                                        
ffffffff  __TI_prof_data_size                                        
ffffffff  __TI_prof_data_start                                       
ffffffff  __binit__                                                  
ffffffff  __c_args__                                                 
ffffffff  binit                                                      
UNDEFED   SHT$$INIT_ARRAY$$Base                                      
UNDEFED   SHT$$INIT_ARRAY$$Limit                                     

[718 symbols]
