******************************************************************************
                  TI ARM Linker PC v15.12.3                    
******************************************************************************
>> Linked Fri Dec 09 16:32:38 2016

OUTPUT FILE NAME:   <CDIO_CC3200.out>
ENTRY POINT SYMBOL: "_c_int00"  address: 2000a0d1


MEMORY CONFIGURATION

         name            origin    length      used     unused   attr    fill
----------------------  --------  ---------  --------  --------  ----  --------
  SRAM                  20004000   0003c000  0000e09b  0002df65  RW X


SEGMENT ALLOCATION MAP

run origin  load origin   length   init length attrs members
----------  ----------- ---------- ----------- ----- -------
20004000    20004000    0000808a   0000808a    r-x
  20004000    20004000    0000030c   0000030c    r-- .resetVecs
  20004310    20004310    00007d7a   00007d7a    r-x .text
2000c090    2000c090    000034f3   00000000    rw-
  2000c090    2000c090    000034f3   00000000    rw- .bss
2000f584    2000f584    00002099   00002099    r--
  2000f584    2000f584    00002099   00002099    r-- .const
20011620    20011620    00000748   00000000    rw-
  20011620    20011620    00000445   00000000    rw- .data
  20011a68    20011a68    00000300   00000000    rw- .stack
20011d68    20011d68    00000344   00000344    r--
  20011d68    20011d68    00000344   00000344    r-- .cinit


SECTION ALLOCATION MAP

 output                                  attributes/
section   page    origin      length       input sections
--------  ----  ----------  ----------   ----------------
.text      0    20004310    00007d7a     
                  20004310    00000430     sysbios.aem4 : BIOS.obj (.text:ti_sysbios_family_arm_m3_Hwi_excDumpRegs__I)
                  20004740    0000034c     ti.targets.arm.rtsarm.aem4 : System.oem4 (.text:xdc_runtime_System_doPrint__I)
                  20004a8c    00000324     rtsv7M4_T_le_eabi.lib : trgdrv.obj (.text)
                  20004db0    000002c0     sysbios.aem4 : BIOS.obj (.text:ti_sysbios_knl_Semaphore_pend__E)
                  20005070    00000254                  : BIOS.obj (.text:ti_sysbios_heaps_HeapMem_free__E)
                  200052c4    00000004     tirtosport.aem4 : ClockP_tirtos.oem4 (.text:ClockP_getCpuFreq)
                  200052c8    00000248     sysbios.aem4 : BIOS.obj (.text:ti_sysbios_heaps_HeapMem_alloc__E)
                  20005510    0000023c     CDIO_CC3200.obj (.text:moveTask)
                  2000574c    00000004     tirtosport.aem4 : HwiP_tirtos.oem4 (.text:HwiP_disable)
                  20005750    0000022c     sysbios.aem4 : BIOS.obj (.text:ti_sysbios_knl_Task_Instance_finalize__E)
                  2000597c    00000208     drivers_cc32xxware.aem4 : UARTCC3200.oem4 (.text:UARTCC3200_open)
                  20005b84    00000004                             : List.oem4 (.text:List_head)
                  20005b88    000001fc     sysbios.aem4 : BIOS.obj (.text:ti_sysbios_family_arm_m3_Hwi_excHandlerMax__I)
                  20005d84    000001f4     rtsv7M4_T_le_eabi.lib : ull_div_t2.obj (.text)
                  20005f78    000001c8     sysbios.aem4 : BIOS.obj (.text:ti_sysbios_knl_Task_Instance_init__E)
                  20006140    00000188     power_cc3200_tirtos.aem4 : PowerCC3200_tirtos.oem4 (.text:PowerCC3200_sleepPolicy)
                  200062c8    0000017c     drivers_cc32xxware.aem4 : GPIOCC3200.oem4 (.text:GPIO_setConfig)
                  20006444    00000176     rom_pin_mux_config.obj (.text:PinMuxConfig)
                  200065ba    00000006     drivers_cc32xxware.aem4 : PWMTimerCC3200.oem4 (.text:PWMTimerCC3200_getPeriodMicroSecs)
                  200065c0    00000174     sysbios.aem4 : BIOS.obj (.text:ti_sysbios_family_arm_m3_Hwi_excBusFault__I)
                  20006734    00000004     drivers_cc32xxware.aem4 : List.oem4 (.text:List_next)
                  20006738    00000164     sysbios.aem4 : BIOS.obj (.text:ti_sysbios_family_arm_m3_Hwi_excUsageFault__I)
                  2000689c    00000004     CDIO_CC3200_pem4.oem4 (.text:ti_sysbios_BIOS_RtsGateProxy_enter__E)
                  200068a0    00000148     sysbios.aem4 : BIOS.obj (.text:ti_sysbios_family_arm_m3_Hwi_excMemFault__I)
                  200069e8    0000013c                  : BIOS.obj (.text:ti_sysbios_heaps_HeapMem_Instance_init__E)
                  20006b24    00000134     driverlib.a : prcm.obj (.text:PRCMCC3200MCUInit)
                  20006c58    0000011c     CDIO_CC3200.obj (.text:move)
                  20006d74    00000004     CDIO_CC3200_pem4.oem4 (.text:ti_sysbios_BIOS_RtsGateProxy_leave__E)
                  20006d78    0000011c     sysbios.aem4 : BIOS.obj (.text:ti_sysbios_knl_Clock_Instance_init__E)
                  20006e94    00000118     ti.targets.arm.rtsarm.aem4 : Error.oem4 (.text:xdc_runtime_Error_policyDefault__E)
                  20006fac    00000100                                : Core-mem.oem4 (.text:xdc_runtime_Core_createObject__I)
                  200070ac    000000f8                                : Startup.oem4 (.text:xdc_runtime_Startup_startMods__I)
                  200071a4    000000f8     CDIO_CC3200_pem4.oem4 (.text:xdc_runtime_System_printfExtend__I)
                  2000729c    000000f6     CDIO_CC3200.obj (.text:charToInt)
                  20007392    00000002     rtsv7M4_T_le_eabi.lib : i_div0.obj (.text)
                  20007394    000000f0     CDIO_CC3200.obj (.text:main)
                  20007484    00000004     CDIO_CC3200_pem4.oem4 (.text:ti_sysbios_family_arm_m3_Hwi_destruct)
                  20007488    000000ec     sysbios.aem4 : BIOS.obj (.text:ti_sysbios_knl_Semaphore_post__E)
                  20007574    000000e0     drivers_cc32xxware.aem4 : PWMTimerCC3200.oem4 (.text:PWMTimerCC3200_open)
                  20007654    000000d0     gpio_if.obj (.text:GPIO_IF_LedOff)
                  20007724    000000d0     drivers_cc32xxware.aem4 : GPIOCC3200.oem4 (.text:powerNotifyFxn)
                  200077f4    000000d0     sysbios.aem4 : m3_Hwi_asm.obj (.text:ti_sysbios_family_arm_m3_Hwi_dispatch__I)
                  200078c4    000000cc     ti.targets.arm.rtsarm.aem4 : Core-smem.oem4 (.text:xdc_runtime_Core_constructObject__I)
                  20007990    000000bc     sysbios.aem4 : BIOS.obj (.text:ti_sysbios_family_arm_m3_Hwi_excDebugMon__I)
                  20007a4c    00000004     CDIO_CC3200_pem4.oem4 (.text:ti_sysbios_family_arm_m3_TaskSupport_Module__startupDone__S)
                  20007a50    000000bc     sysbios.aem4 : BIOS.obj (.text:ti_sysbios_family_arm_m3_Hwi_excHardFault__I)
                  20007b0c    000000b8     drivers_cc32xxware.aem4 : PWMTimerCC3200.oem4 (.text:PWMTimerCC3200_setDuty)
                  20007bc4    00000004     CDIO_CC3200_pem4.oem4 (.text:ti_sysbios_heaps_HeapMem_Module_GateProxy_enter__E)
                  20007bc8    000000b4     sysbios.aem4 : BIOS.obj (.text:ti_sysbios_gates_GateMutex_enter__E)
                  20007c7c    00000004     CDIO_CC3200_pem4.oem4 (.text:ti_sysbios_heaps_HeapMem_Module_GateProxy_leave__E)
                  20007c80    000000b4     sysbios.aem4 : BIOS.obj (.text:ti_sysbios_knl_Task_checkStacks__E)
                  20007d34    00000004     CDIO_CC3200_pem4.oem4 (.text:ti_sysbios_knl_Clock_TimerProxy_getMaxTicks__E)
                  20007d38    000000a8     sysbios.aem4 : BIOS.obj (.text:ti_sysbios_knl_Task_postInit__I)
                  20007de0    000000a4                  : BIOS.obj (.text:ti_sysbios_knl_Clock_Instance_finalize__E)
                  20007e84    000000a2     drivers_cc32xxware.aem4 : UARTCC3200.oem4 (.text:UARTCC3200_write)
                  20007f26    00000002     CDIO_CC3200_pem4.oem4 (.text:ti_sysbios_BIOS_nullFunc__I)
                  20007f28    000000a0     auto_init.aem4 : auto_init.oem4 (.text)
                  20007fc8    000000a0     ti.targets.arm.rtsarm.aem4 : Text.oem4 (.text:xdc_runtime_Text_putMod__E)
                  20008068    0000009e     drivers_cc32xxware.aem4 : UARTCC3200.oem4 (.text:readTaskBlocking)
                  20008106    0000009c     rtsv7M4_T_le_eabi.lib : memcpy_t2.obj (.text)
                  200081a2    00000006     driverlib.a : utils.obj (.text:UtilsDelay)
                  200081a8    0000009c     sysbios.aem4 : BIOS.obj (.text:ti_sysbios_knl_Semaphore_Instance_init__E)
                  20008244    0000009a     ti.targets.arm.rtsarm.aem4 : Text.oem4 (.text:xdc_runtime_Text_putSite__E)
                  200082de    00000098     drivers_cc32xxware.aem4 : UARTCC3200.oem4 (.text:UARTCC3200_control)
                  20008376    00000098                             : UARTCC3200.oem4 (.text:UARTCC3200_readPolling)
                  2000840e    00000002     CDIO_CC3200_pem4.oem4 (.text:xdc_runtime_Startup_reset__I)
                  20008410    00000094     sysbios.aem4 : BIOS.obj (.text:ti_sysbios_family_arm_m3_Hwi_Instance_init__E)
                  200084a4    00000090     drivers_cc32xxware.aem4 : PowerCC3200.oem4 (.text:restoreNVICRegs)
                  20008534    0000008a                             : UARTCC3200.oem4 (.text:readIsrTextBlocking)
                  200085be    00000002     --HOLE-- [fill = 0]
                  200085c0    00000088     driverlib.a : pin.obj (.text:PinConfigSet)
                  20008648    00000088     drivers_cc32xxware.aem4 : UARTCC3200.oem4 (.text:UARTCC3200_close)
                  200086d0    00000088     sysbios.aem4 : BIOS.obj (.text:ti_sysbios_family_arm_m3_Hwi_initNVIC__E)
                  20008758    00000084     drivers_cc32xxware.aem4 : GPIOCC3200.oem4 (.text:GPIO_init)
                  200087dc    00000084                             : PowerCC3200.oem4 (.text:saveNVICRegs)
                  20008860    00000084     sysbios.aem4 : BIOS.obj (.text:ti_sysbios_family_arm_m3_Hwi_postInit__I)
                  200088e4    00000082     driverlib.a : gpio.obj (.text:GPIOIntTypeSet)
                  20008966    00000082     drivers_cc32xxware.aem4 : UARTCC3200.oem4 (.text:readIsrTextCallback)
                  200089e8    0000007a                             : UARTCC3200.oem4 (.text:readTaskCallback)
                  20008a62    0000007a     rtsv7M4_T_le_eabi.lib : memset_t2.obj (.text)
                  20008adc    00000076     driverlib.a : uart.obj (.text:UARTConfigSetExpClk)
                  20008b52    00000006     rtsv7M4_T_le_eabi.lib : copy_decompress_rle.obj (.text:decompress:rle24)
                  20008b58    00000074     sysbios.aem4 : BIOS.obj (.text:ti_sysbios_knl_Clock_start__E)
                  20008bcc    00000070     drivers_cc32xxware.aem4 : PWMTimerCC3200.oem4 (.text:PWMTimerCC3200_control)
                  20008c3c    00000070                             : PowerCC3200.oem4 (.text:Power_sleep)
                  20008cac    0000006d     ti.targets.arm.rtsarm.aem4 : System.oem4 (.text:xdc_runtime_System_formatNum__I)
                  20008d19    00000003     --HOLE-- [fill = 0]
                  20008d1c    0000006c     drivers_cc32xxware.aem4 : UARTCC3200.oem4 (.text:initHw)
                  20008d88    0000006c     sysbios.aem4 : BIOS.obj (.text:ti_sysbios_knl_Clock_workFunc__E)
                  20008df4    00000004     CDIO_CC3200_pem4.oem4 (.text:ti_sysbios_knl_Clock_TimerProxy_setPeriodMicroSecs__E)
                  20008df8    0000006c     sysbios.aem4 : BIOS.obj (.text:ti_sysbios_knl_Swi_restoreHwi__E)
                  20008e64    00000004     CDIO_CC3200_pem4.oem4 (.text:ti_sysbios_knl_Clock_TimerProxy_start__E)
                  20008e68    0000006c     sysbios.aem4 : BIOS.obj (.text:ti_sysbios_knl_Task_exit__E)
                  20008ed4    0000006c     ti.targets.arm.rtsarm.aem4 : Error.oem4 (.text:xdc_runtime_Error_print__E)
                  20008f40    0000006c                                : Memory.oem4 (.text:xdc_runtime_Memory_alloc__E)
                  20008fac    0000006a     rtsv7M4_T_le_eabi.lib : copy_decompress_rle.obj (.text)
                  20009016    00000002     --HOLE-- [fill = 0]
                  20009018    00000068     driverlib.a : prcm.obj (.text:PRCMHibernateWakeUpGPIOSelect)
                  20009080    00000068     rtsv7M4_T_le_eabi.lib : trgmsg.obj (.text)
                  200090e8    00000068     drivers_cc32xxware.aem4 : UARTCC3200.oem4 (.text:writeData)
                  20009150    00000066     ti.targets.arm.rtsarm.aem4 : Core-mem.oem4 (.text:xdc_runtime_Core_deleteObject__I)
                  200091b6    00000002     --HOLE-- [fill = 0]
                  200091b8    00000064     drivers_cc32xxware.aem4 : GPIOCC3200.oem4 (.text:GPIO_hwiIntFxn)
                  2000921c    00000004     CDIO_CC3200_pem4.oem4 (.text:ti_sysbios_knl_Clock_TimerProxy_stop__E)
                  20009220    00000064     sysbios.aem4 : BIOS.obj (.text:ti_sysbios_family_arm_m3_Hwi_dispatchC__I)
                  20009284    00000062     tirtosport.aem4 : HwiP_tirtos.oem4 (.text:HwiP_create)
                  200092e6    00000002     --HOLE-- [fill = 0]
                  200092e8    00000060     sysbios.aem4 : BIOS.obj (.text:ti_sysbios_knl_Task_schedule__I)
                  20009348    0000005e     drivers_cc32xxware.aem4 : UARTCC3200.oem4 (.text:readIsrBinaryBlocking)
                  200093a6    00000002     --HOLE-- [fill = 0]
                  200093a8    0000005c     sysbios.aem4 : BIOS.obj (.text:ti_sysbios_knl_Swi_run__I)
                  20009404    00000004     CDIO_CC3200_pem4.oem4 (.text:ti_sysbios_knl_Clock_destruct)
                  20009408    0000005c     sysbios.aem4 : BIOS.obj (.text:ti_sysbios_knl_Swi_schedule__I)
                  20009464    00000004     CDIO_CC3200_pem4.oem4 (.text:ti_sysbios_knl_Queue_destruct)
                  20009468    0000005c     sysbios.aem4 : BIOS.obj (.text:ti_sysbios_knl_Task_Module_startup__E)
                  200094c4    00000004     CDIO_CC3200_pem4.oem4 (.text:ti_sysbios_knl_Semaphore_destruct)
                  200094c8    0000005c     sysbios.aem4 : BIOS.obj (.text:ti_sysbios_knl_Task_startCore__E)
                  20009524    0000005b     ti.targets.arm.rtsarm.aem4 : Text.oem4 (.text:xdc_runtime_Text_putLab__E)
                  2000957f    00000001     --HOLE-- [fill = 0]
                  20009580    0000005a     tirtosport.aem4 : ClockP_tirtos.oem4 (.text:ClockP_create)
                  200095da    00000002     --HOLE-- [fill = 0]
                  200095dc    00000058     driverlib.a : prcm.obj (.text:PRCMPeripheralReset)
                  20009634    00000058     drivers_cc32xxware.aem4 : PowerCC3200.oem4 (.text:Power_init)
                  2000968c    00000058     tirtosport.aem4 : SemaphoreP_tirtos.oem4 (.text:SemaphoreP_create)
                  200096e4    00000058     CDIO_CC3200_pem4.oem4 (.text:ti_sysbios_family_arm_m3_Hwi_construct)
                  2000973c    00000054     drivers_cc32xxware.aem4 : UARTCC3200.oem4 (.text:UARTCC3200_writeCancel)
                  20009790    00000054                             : UARTCC3200.oem4 (.text:readIsrBinaryCallback)
                  200097e4    00000054     rtsv7M4_T_le_eabi.lib : exit.obj (.text)
                  20009838    00000054     sysbios.aem4 : BIOS.obj (.text:ti_sysbios_family_arm_m3_Timer_setPeriod__E)
                  2000988c    00000004     ti.targets.arm.rtsarm.aem4 : Error.oem4 (.text:xdc_runtime_Error_getSite__E)
                  20009890    00000054     sysbios.aem4 : BIOS.obj (.text:ti_sysbios_family_arm_m3_Timer_start__E)
                  200098e4    00000054     CDIO_CC3200_pem4.oem4 (.text:ti_sysbios_knl_Task_construct)
                  20009938    00000054     ti.targets.arm.rtsarm.aem4 : Assert.oem4 (.text:xdc_runtime_Assert_raise__I)
                  2000998c    00000004     CDIO_CC3200_pem4.oem4 (.text:xdc_runtime_System_Module_GateProxy_enter__E)
                  20009990    00000050     sysbios.aem4 : BIOS.obj (.text:ti_sysbios_family_arm_m3_Hwi_Module_startup__E)
                  200099e0    00000050     ti.targets.arm.rtsarm.aem4 : Startup.oem4 (.text:xdc_runtime_Startup_exec__E)
                  20009a30    00000050                                : Text.oem4 (.text:xdc_runtime_Text_visitRope2__I)
                  20009a80    0000004c     gpio_if.obj (.text:GPIO_IF_GetPortNPin)
                  20009acc    0000004c     drivers_cc32xxware.aem4 : GPIOCC3200.oem4 (.text:GPIO_setCallback)
                  20009b18    0000004c     rtsv7M4_T_le_eabi.lib : cpy_tbl.obj (.text)
                  20009b64    0000004c     sysbios.aem4 : m3_TaskSupport_asm.obj (.text:ti_sysbios_family_arm_m3_TaskSupport_buildTaskStack)
                  20009bb0    0000004c                  : BIOS.obj (.text:ti_sysbios_family_arm_m3_Timer_setPeriodMicroSecs__E)
                  20009bfc    00000004     CDIO_CC3200_pem4.oem4 (.text:xdc_runtime_System_Module_GateProxy_leave__E)
                  20009c00    0000004c     sysbios.aem4 : BIOS.obj (.text:ti_sysbios_heaps_HeapMem_getStats__E)
                  20009c4c    00000004     ti.targets.arm.rtsarm.aem4 : System.oem4 (.text:xdc_runtime_System_aprintf_va__F)
                  20009c50    0000004c     sysbios.aem4 : BIOS.obj (.text:ti_sysbios_knl_Swi_runLoop__I)
                  20009c9c    00000004     ti.targets.arm.rtsarm.aem4 : System.oem4 (.text:xdc_runtime_System_printf_va__F)
                  20009ca0    0000004c     sysbios.aem4 : BIOS.obj (.text:ti_sysbios_knl_Task_allBlockedFunction__I)
                  20009cec    00000048     driverlib.a : flash.obj (.text:FlashDisable)
                  20009d34    00000048                 : prcm.obj (.text:PRCMHibernateWakeupSourceEnable)
                  20009d7c    00000048                 : pin.obj (.text:PinConfigGet)
                  20009dc4    00000048     drivers_cc32xxware.aem4 : PowerCC3200.oem4 (.text:notify)
                  20009e0c    00000004     --HOLE-- [fill = 0]
                  20009e10    00000048     sysbios.aem4 : BIOS.obj (.text:ti_sysbios_family_arm_m3_Hwi_disableInterrupt__E)
                  20009e58    00000048                  : BIOS.obj (.text:ti_sysbios_family_arm_m3_Hwi_enableInterrupt__E)
                  20009ea0    00000048                  : BIOS.obj (.text:ti_sysbios_family_arm_m3_Hwi_excReserved__I)
                  20009ee8    00000048                  : m3_Hwi_asm_switch.obj (.text:ti_sysbios_family_arm_m3_Hwi_initStacks__E)
                  20009f30    00000048                  : BIOS.obj (.text:ti_sysbios_family_arm_m3_Timer_initDevice__I)
                  20009f78    00000046     drivers_cc32xxware.aem4 : RingBuf.oem4 (.text:RingBuf_put)
                  20009fbe    00000046     ti.targets.arm.rtsarm.aem4 : Core-params.oem4 (.text:xdc_runtime_Core_assignParams__I)
                  2000a004    00000044     driverlib.a : prcm.obj (.text:PRCMLPDSEnter)
                  2000a048    00000044     drivers_cc32xxware.aem4 : PowerCC3200_asm.oem4 (.text:PowerCC3200_enterLPDS)
                  2000a08c    00000044                             : UARTCC3200.oem4 (.text:UARTCC3200_hwiIntFxn)
                  2000a0d0    00000044     boot.aem4 : boot.oem4 (.text)
                  2000a114    00000004     --HOLE-- [fill = 0]
                  2000a118    00000044     sysbios.aem4 : BIOS.obj (.text:ti_sysbios_family_arm_m3_Hwi_getStackInfo__E)
                  2000a15c    00000004     --HOLE-- [fill = 0]
                  2000a160    00000044                  : BIOS.obj (.text:ti_sysbios_knl_Swi_post__E)
                  2000a1a4    00000044     ti.targets.arm.rtsarm.aem4 : Error.oem4 (.text:xdc_runtime_Error_setX__E)
                  2000a1e8    00000044                                : SysMin.oem4 (.text:xdc_runtime_SysMin_flush__E)
                  2000a22c    00000044                                : Text.oem4 (.text:xdc_runtime_Text_xprintf__I)
                  2000a270    00000042     drivers_cc32xxware.aem4 : PowerCC3200_asm.oem4 (.text:PowerCC3200_resumeLPDS)
                  2000a2b2    00000042                             : UARTCC3200.oem4 (.text:UARTCC3200_writePolling)
                  2000a2f4    00000040                             : GPIOCC3200.oem4 (.text:GPIO_enableInt)
                  2000a334    00000040     driverlib.a : pin.obj (.text:PinModeSet)
                  2000a374    00000040     drivers_cc32xxware.aem4 : PowerCC3200.oem4 (.text:Power_setDependency)
                  2000a3b4    00000040                             : RingBuf.oem4 (.text:RingBuf_get)
                  2000a3f4    00000040                             : UARTCC3200.oem4 (.text:UARTCC3200_read)
                  2000a434    00000040     rtsv7M4_T_le_eabi.lib : u_divt2.obj (.text)
                  2000a474    00000004     --HOLE-- [fill = 0]
                  2000a478    00000040     sysbios.aem4 : BIOS.obj (.text:ti_sysbios_family_arm_m3_Timer_Module_startup__E)
                  2000a4b8    0000003c     driverlib.a : prcm.obj (.text:PRCMPeripheralClkEnable)
                  2000a4f4    0000003c                 : prcm.obj (.text:PRCMSlowClkCtrFastGet)
                  2000a530    0000003c                 : pin.obj (.text:PinDirModeSet)
                  2000a56c    00000004     --HOLE-- [fill = 0]
                  2000a570    0000003c     sysbios.aem4 : BIOS.obj (.text:ti_sysbios_family_arm_m3_Hwi_excSvCall__I)
                  2000a5ac    00000004     --HOLE-- [fill = 0]
                  2000a5b0    0000003c                  : BIOS.obj (.text:ti_sysbios_heaps_HeapMem_init__I)
                  2000a5ec    00000004     --HOLE-- [fill = 0]
                  2000a5f0    0000003c                  : BIOS.obj (.text:ti_sysbios_knl_Clock_walkQueuePeriodic__E)
                  2000a62c    00000004     --HOLE-- [fill = 0]
                  2000a630    0000003c                  : BIOS.obj (.text:ti_sysbios_knl_Swi_restore__E)
                  2000a66c    00000004     --HOLE-- [fill = 0]
                  2000a670    0000003c                  : BIOS.obj (.text:ti_sysbios_knl_Swi_startup__E)
                  2000a6ac    0000003a     gpio_if.obj (.text:GPIO_IF_Set)
                  2000a6e6    00000002     --HOLE-- [fill = 0]
                  2000a6e8    00000038     driverlib.a : prcm.obj (.text:PRCMIntEnable)
                  2000a720    00000038     drivers_cc32xxware.aem4 : PWM.oem4 (.text:PWM_init)
                  2000a758    00000038     power_cc3200_tirtos.aem4 : PowerCC3200_tirtos.oem4 (.text:PowerCC3200_initPolicy)
                  2000a790    00000038     drivers_cc32xxware.aem4 : UART.oem4 (.text:UART_init)
                  2000a7c8    00000038     sysbios.aem4 : BIOS.obj (.text:ti_sysbios_family_arm_m3_Hwi_excNoIsr__I)
                  2000a800    00000038                  : BIOS.obj (.text:ti_sysbios_knl_Task_processVitalTaskFlag__I)
                  2000a838    00000038     ti.targets.arm.rtsarm.aem4 : SysMin.oem4 (.text:xdc_runtime_SysMin_putch__E)
                  2000a870    00000038                                : System.oem4 (.text:xdc_runtime_System_atexit__E)
                  2000a8a8    00000036     driverlib.a : gpio.obj (.text:GPIODirModeSet)
                  2000a8de    00000036                 : timer.obj (.text:TimerControlLevel)
                  2000a914    00000036     drivers_cc32xxware.aem4 : UARTCC3200.oem4 (.text:UARTCC3200_readCancel)
                  2000a94a    00000002     --HOLE-- [fill = 0]
                  2000a94c    00000034     driverlib.a : prcm.obj (.text:PRCMPeripheralStatusGet)
                  2000a980    00000034                 : prcm.obj (.text:PRCMSRAMRetentionEnable)
                  2000a9b4    00000034     drivers_cc32xxware.aem4 : PowerCC3200.oem4 (.text:Power_releaseDependency)
                  2000a9e8    00000034     power_cc3200_tirtos.aem4 : PowerCC3200_tirtos.oem4 (.text:getCountsRTC)
                  2000aa1c    00000034     drivers_cc32xxware.aem4 : PWMTimerCC3200.oem4 (.text:getPowerMgrId)
                  2000aa50    00000034                             : PowerCC3200.oem4 (.text:restorePeriphClocks)
                  2000aa84    00000004     --HOLE-- [fill = 0]
                  2000aa88    00000034     sysbios.aem4 : BIOS.obj (.text:ti_sysbios_family_arm_m3_Hwi_Instance_finalize__E)
                  2000aabc    00000004     --HOLE-- [fill = 0]
                  2000aac0    00000034                  : BIOS.obj (.text:ti_sysbios_family_arm_m3_Hwi_excNmi__I)
                  2000aaf4    00000004     --HOLE-- [fill = 0]
                  2000aaf8    00000034                  : BIOS.obj (.text:ti_sysbios_family_arm_m3_Timer_periodicStub__I)
                  2000ab2c    00000004     --HOLE-- [fill = 0]
                  2000ab30    00000034                  : BIOS.obj (.text:ti_sysbios_hal_Hwi_checkStack)
                  2000ab64    00000034     CDIO_CC3200_pem4.oem4 (.text:ti_sysbios_knl_Clock_construct)
                  2000ab98    00000034     ti.targets.arm.rtsarm.aem4 : Core-label.oem4 (.text:xdc_runtime_Core_assignLabel__I)
                  2000abcc    00000033                                : Text.oem4 (.text:xdc_runtime_Text_printVisFxn__I)
                  2000abff    00000001     --HOLE-- [fill = 0]
                  2000ac00    00000032     sysbios.aem4 : BIOS.obj (.text:ti_sysbios_hal_Hwi_initStack)
                  2000ac32    00000030     driverlib.a : pin.obj (.text:PinTypeGPIO)
                  2000ac62    00000002     --HOLE-- [fill = 0]
                  2000ac64    00000030     drivers_cc32xxware.aem4 : PowerCC3200.oem4 (.text:Power_releaseConstraint)
                  2000ac94    00000030                             : PowerCC3200.oem4 (.text:Power_setConstraint)
                  2000acc4    00000030     driverlib.a : uart.obj (.text:UARTDisable)
                  2000acf4    00000030     drivers_cc32xxware.aem4 : UART.oem4 (.text:UART_open)
                  2000ad24    00000030     CDIO_CC3200_pem4.oem4 (.text:ti_sysbios_BIOS_atExitFunc__I)
                  2000ad54    00000004     --HOLE-- [fill = 0]
                  2000ad58    00000030     sysbios.aem4 : BIOS.obj (.text:ti_sysbios_family_arm_m3_TaskSupport_start__E)
                  2000ad88    00000030     CDIO_CC3200_pem4.oem4 (.text:ti_sysbios_gates_GateHwi_Object__create__S)
                  2000adb8    00000030     CDIO_CC3200_pem4.oem4 (.text:ti_sysbios_gates_GateMutex_Object__create__S)
                  2000ade8    00000030     CDIO_CC3200_pem4.oem4 (.text:ti_sysbios_heaps_HeapMem_Object__create__S)
                  2000ae18    00000030     CDIO_CC3200_pem4.oem4 (.text:ti_sysbios_knl_Semaphore_construct)
                  2000ae48    00000030     sysbios.aem4 : BIOS.obj (.text:ti_sysbios_knl_Semaphore_pendTimeout__I)
                  2000ae78    00000030                  : BIOS.obj (.text:ti_sysbios_knl_Task_unblockI__E)
                  2000aea8    00000030     ti.targets.arm.rtsarm.aem4 : SysMin.oem4 (.text:xdc_runtime_SysMin_abort__E)
                  2000aed8    00000030                                : System.oem4 (.text:xdc_runtime_System_processAtExit__E)
                  2000af08    0000002e     drivers_cc32xxware.aem4 : PWMTimerCC3200.oem4 (.text:PWMTimerCC3200_close)
                  2000af36    00000002     --HOLE-- [fill = 0]
                  2000af38    0000002c     driverlib.a : prcm.obj (.text:PRCMLPDSIntervalSet)
                  2000af64    0000002c                 : prcm.obj (.text:PRCMSysResetCauseGet)
                  2000af90    0000002c     CDIO_CC3200_pem4.oem4 (.text:ti_sysbios_knl_Clock_doTick__I)
                  2000afbc    0000002c     CDIO_CC3200_pem4.oem4 (.text:ti_sysbios_knl_Queue_construct)
                  2000afe8    0000002c     sysbios.aem4 : BIOS.obj (.text:ti_sysbios_knl_Task_restore__E)
                  2000b014    0000002c     ti.targets.arm.rtsarm.aem4 : Text.oem4 (.text:xdc_runtime_Text_cordText__E)
                  2000b040    0000002a     driverlib.a : timer.obj (.text:TimerLoadSet)
                  2000b06a    0000002a                 : timer.obj (.text:TimerMatchSet)
                  2000b094    0000002a                 : timer.obj (.text:TimerPrescaleMatchSet)
                  2000b0be    0000002a                 : timer.obj (.text:TimerPrescaleSet)
                  2000b0e8    0000002a     ti.targets.arm.rtsarm.aem4 : System.oem4 (.text:xdc_runtime_System_putchar__I)
                  2000b112    00000002     --HOLE-- [fill = 0]
                  2000b114    00000028     driverlib.a : prcm.obj (.text:PRCMLPDSWakeupSourceEnable)
                  2000b13c    00000028                 : prcm.obj (.text:PRCMPeripheralClkDisable)
                  2000b164    00000028     drivers_cc32xxware.aem4 : PowerCC3200.oem4 (.text:Power_registerNotify)
                  2000b18c    00000028                             : UARTCC3200.oem4 (.text:releasePowerConstraint)
                  2000b1b4    00000004     --HOLE-- [fill = 0]
                  2000b1b8    00000028     sysbios.aem4 : BIOS.obj (.text:ti_sysbios_knl_Swi_Module_startup__E)
                  2000b1e0    00000026     drivers_cc32xxware.aem4 : List.oem4 (.text:List_put)
                  2000b206    00000026     ti.targets.arm.rtsarm.aem4 : System.oem4 (.text:xdc_runtime_System_avprintf__E)
                  2000b22c    00000024     driverlib.a : prcm.obj (.text:PRCMLPDSWakeUpGPIOSelect)
                  2000b250    00000024                 : uart.obj (.text:UARTCharPutNonBlocking)
                  2000b274    00000024                 : uart.obj (.text:UARTEnable)
                  2000b298    00000024     CDIO_CC3200_pem4.oem4 (.text:ti_sysbios_BIOS_errorRaiseHook__I)
                  2000b2bc    00000024     CDIO_CC3200_pem4.oem4 (.text:ti_sysbios_BIOS_registerRTSLock__I)
                  2000b2e0    00000024     CDIO_CC3200_pem4.oem4 (.text:ti_sysbios_BIOS_removeRTSLock__I)
                  2000b304    00000024     CDIO_CC3200_pem4.oem4 (.text:ti_sysbios_BIOS_startFunc__I)
                  2000b328    00000024     sysbios.aem4 : BIOS.obj (.text:ti_sysbios_family_arm_m3_Hwi_doTaskRestore__I)
                  2000b34c    00000004     --HOLE-- [fill = 0]
                  2000b350    00000024                  : BIOS.obj (.text:ti_sysbios_family_arm_m3_Timer_startup__E)
                  2000b374    00000024     CDIO_CC3200_pem4.oem4 (.text:ti_sysbios_gates_GateMutex_Object__delete__S)
                  2000b398    00000024     sysbios.aem4 : BIOS.obj (.text:ti_sysbios_knl_Clock_Module_startup__E)
                  2000b3bc    00000024     ti.targets.arm.rtsarm.aem4 : System.oem4 (.text:xdc_runtime_System_vprintf__E)
                  2000b3e0    00000022     driverlib.a : gpio.obj (.text:GPIOIntStatus)
                  2000b402    00000022     CDIO_CC3200_pem4.oem4 (.text:xdc_runtime_SysMin_output__I)
                  2000b424    00000020     driverlib.a : gpio.obj (.text:GPIOPinWrite)
                  2000b444    00000020                 : prcm.obj (.text:PRCMLPDSRestoreInfoSet)
                  2000b464    00000020     drivers_cc32xxware.aem4 : PowerCC3200.oem4 (.text:Power_idleFunc)
                  2000b484    00000020                             : PowerCC3200.oem4 (.text:Power_unregisterNotify)
                  2000b4a4    00000020     CDIO_CC3200.obj (.text:brytarInt)
                  2000b4c4    00000020     CDIO_CC3200.obj (.text:brytarIntYO)
                  2000b4e4    00000020     drivers_cc32xxware.aem4 : UARTCC3200.oem4 (.text:getPowerMgrId)
                  2000b504    00000020     CDIO_CC3200_pem4.oem4 (.text:ti_sysbios_BIOS_rtsLock__I)
                  2000b524    00000020     sysbios.aem4 : m3_Hwi_asm.obj (.text:ti_sysbios_family_arm_m3_Hwi_excHandlerAsm__I)
                  2000b544    00000004     --HOLE-- [fill = 0]
                  2000b548    00000020                  : BIOS.obj (.text:ti_sysbios_family_arm_m3_Hwi_excHandler__I)
                  2000b568    00000020     CDIO_CC3200_pem4.oem4 (.text:ti_sysbios_gates_GateHwi_Object__delete__S)
                  2000b588    00000020     CDIO_CC3200_pem4.oem4 (.text:ti_sysbios_heaps_HeapMem_Object__delete__S)
                  2000b5a8    00000020     CDIO_CC3200_pem4.oem4 (.text:ti_sysbios_knl_Clock_Object__destruct__S)
                  2000b5c8    00000020     sysbios.aem4 : BIOS.obj (.text:ti_sysbios_knl_Idle_run__E)
                  2000b5e8    00000020     CDIO_CC3200_pem4.oem4 (.text:ti_sysbios_knl_Semaphore_Object__destruct__S)
                  2000b608    00000020     ti.targets.arm.rtsarm.aem4 : Registry.oem4 (.text:xdc_runtime_Registry_findById__E)
                  2000b628    00000020                                : SysMin.oem4 (.text:xdc_runtime_SysMin_Module_startup__E)
                  2000b648    0000001e     driverlib.a : timer.obj (.text:TimerDisable)
                  2000b666    0000001e                 : timer.obj (.text:TimerEnable)
                  2000b684    0000001e                 : uart.obj (.text:UARTCharPut)
                  2000b6a2    0000001e                 : uart.obj (.text:UARTIntStatus)
                  2000b6c0    0000001e     sysbios.aem4 : m3_Hwi_asm_switch.obj (.text:ti_sysbios_family_xxx_Hwi_switchAndRunFunc)
                  2000b6de    0000001c     driverlib.a : uart.obj (.text:UARTCharGetNonBlocking)
                  2000b6fa    0000001c                 : uart.obj (.text:UARTFlowControlSet)
                  2000b716    00000002     --HOLE-- [fill = 0]
                  2000b718    0000001c     CDIO_CC3200_pem4.oem4 (.text:ti_sysbios_family_arm_m3_Hwi_Object__destruct__S)
                  2000b734    00000004     --HOLE-- [fill = 0]
                  2000b738    0000001c     sysbios.aem4 : BIOS.obj (.text:ti_sysbios_family_arm_m3_Timer_stop__E)
                  2000b754    00000004     --HOLE-- [fill = 0]
                  2000b758    0000001c                  : BIOS.obj (.text:ti_sysbios_gates_GateMutex_Instance_init__E)
                  2000b774    0000001c     CDIO_CC3200_pem4.oem4 (.text:ti_sysbios_knl_Queue_Object__destruct__S)
                  2000b790    0000001c     sysbios.aem4 : BIOS.obj (.text:ti_sysbios_knl_Task_enter__I)
                  2000b7ac    0000001c     ti.targets.arm.rtsarm.aem4 : Error.oem4 (.text:xdc_runtime_Error_raiseX__E)
                  2000b7c8    0000001c                                : Memory.oem4 (.text:xdc_runtime_Memory_valloc__E)
                  2000b7e4    0000001c                                : SysMin.oem4 (.text:xdc_runtime_SysMin_exit__E)
                  2000b800    0000001c                                : System.oem4 (.text:xdc_runtime_System_abort__E)
                  2000b81c    0000001a     driverlib.a : gpio.obj (.text:GPIOIntEnable)
                  2000b836    0000001a     drivers_cc32xxware.aem4 : List.oem4 (.text:List_remove)
                  2000b850    0000001a     driverlib.a : pin.obj (.text:PinTypeTimer)
                  2000b86a    0000001a                 : pin.obj (.text:PinTypeUART)
                  2000b884    0000001a     CDIO_CC3200_pem4.oem4 (.text:ti_sysbios_family_arm_m3_Hwi_Handle__label__S)
                  2000b89e    0000001a     sysbios.aem4 : m3_Hwi_asm.obj (.text:ti_sysbios_family_arm_m3_Hwi_pendSV__I)
                  2000b8b8    0000001a     CDIO_CC3200_pem4.oem4 (.text:ti_sysbios_gates_GateHwi_Handle__label__S)
                  2000b8d2    0000001a     CDIO_CC3200_pem4.oem4 (.text:ti_sysbios_gates_GateMutex_Handle__label__S)
                  2000b8ec    0000001a     CDIO_CC3200_pem4.oem4 (.text:ti_sysbios_heaps_HeapMem_Handle__label__S)
                  2000b906    0000001a     CDIO_CC3200_pem4.oem4 (.text:ti_sysbios_knl_Swi_Handle__label__S)
                  2000b920    0000001a     CDIO_CC3200_pem4.oem4 (.text:ti_sysbios_knl_Task_Handle__label__S)
                  2000b93a    0000001a     CDIO_CC3200_pem4.oem4 (.text:xdc_runtime_System_aprintf__E)
                  2000b954    0000001a     CDIO_CC3200_pem4.oem4 (.text:xdc_runtime_System_printf__E)
                  2000b96e    00000018     driverlib.a : uart.obj (.text:UARTBusy)
                  2000b986    00000018                 : uart.obj (.text:UARTFIFOLevelSet)
                  2000b99e    00000018                 : uart.obj (.text:UARTIntDisable)
                  2000b9b6    00000018                 : uart.obj (.text:UARTIntEnable)
                  2000b9ce    00000002     --HOLE-- [fill = 0]
                  2000b9d0    00000018     drivers_cc32xxware.aem4 : UART.oem4 (.text:UART_Params_init)
                  2000b9e8    00000018     rtsv7M4_T_le_eabi.lib : args_main.obj (.text)
                  2000ba00    00000018                           : ll_mul_t2.obj (.text)
                  2000ba18    00000018     CDIO_CC3200_pem4.oem4 (.text:ti_sysbios_BIOS_rtsUnlock__I)
                  2000ba30    00000018     CDIO_CC3200_pem4.oem4 (.text:ti_sysbios_family_arm_m3_Hwi_Module__startupDone__F)
                  2000ba48    00000018     CDIO_CC3200_pem4.oem4 (.text:ti_sysbios_family_arm_m3_Timer_Module__startupDone__F)
                  2000ba60    00000018     sysbios.aem4 : BIOS.obj (.text:ti_sysbios_gates_GateMutex_leave__E)
                  2000ba78    00000018     ti.targets.arm.rtsarm.aem4 : Error.oem4 (.text:xdc_runtime_Error_check__E)
                  2000ba90    00000018                                : System.oem4 (.text:xdc_runtime_System_exit__E)
                  2000baa8    00000018                                : Text.oem4 (.text:xdc_runtime_Text_ropeText__E)
                  2000bac0    00000016     tirtosport.aem4 : ClockP_tirtos.oem4 (.text:ClockP_delete)
                  2000bad6    00000016                     : HwiP_tirtos.oem4 (.text:HwiP_delete)
                  2000baec    00000016     driverlib.a : prcm.obj (.text:PRCMHIBRegRead)
                  2000bb02    00000016                 : prcm.obj (.text:PRCMHIBRegWrite)
                  2000bb18    00000016     tirtosport.aem4 : SemaphoreP_tirtos.oem4 (.text:SemaphoreP_delete)
                  2000bb2e    00000016     driverlib.a : uart.obj (.text:UARTCharGet)
                  2000bb44    00000016     drivers_cc32xxware.aem4 : UARTCC3200.oem4 (.text:startTxFifoEmptyClk)
                  2000bb5a    00000016     CDIO_CC3200_pem4.oem4 (.text:ti_sysbios_BIOS_exitFunc__I)
                  2000bb70    00000016     CDIO_CC3200.obj (.text:ti_sysbios_knl_Task_Params_init)
                  2000bb86    00000014     driverlib.a : cpu.obj (.text:CPUcpsid)
                  2000bb9a    00000014                 : cpu.obj (.text:CPUcpsie)
                  2000bbae    00000014                 : gpio.obj (.text:GPIOIntClear)
                  2000bbc2    00000002     --HOLE-- [fill = 0]
                  2000bbc4    00000014     rtsv7M4_T_le_eabi.lib : _lock.obj (.text)
                  2000bbd8    00000014                           : strcpy.obj (.text)
                  2000bbec    00000014                           : strlen.obj (.text)
                  2000bc00    00000014     CDIO_CC3200_pem4.oem4 (.text:ti_sysbios_family_arm_m3_Hwi_Object__get__S)
                  2000bc14    00000004     --HOLE-- [fill = 0]
                  2000bc18    00000014     sysbios.aem4 : BIOS.obj (.text:ti_sysbios_family_arm_m3_Hwi_switchFromBootStack__E)
                  2000bc2c    00000014     CDIO_CC3200_pem4.oem4 (.text:ti_sysbios_heaps_HeapMem_Object__get__S)
                  2000bc40    00000014     sysbios.aem4 : BIOS.obj (.text:ti_sysbios_knl_Clock_tickReconfig__E)
                  2000bc54    00000014     CDIO_CC3200_pem4.oem4 (.text:ti_sysbios_knl_Swi_Object__get__S)
                  2000bc68    00000012     tirtosport.aem4 : ClockP_tirtos.oem4 (.text:ClockP_start)
                  2000bc7a    00000012     drivers_cc32xxware.aem4 : RingBuf.oem4 (.text:RingBuf_construct)
                  2000bc8c    00000012     tirtosport.aem4 : SemaphoreP_tirtos.oem4 (.text:SemaphoreP_pend)
                  2000bc9e    00000012     driverlib.a : uart.obj (.text:UARTIntClear)
                  2000bcb0    00000012                 : uart.obj (.text:UARTRxErrorGet)
                  2000bcc2    00000006     ti.targets.arm.rtsarm.aem4 : System.oem4 (.text:xdc_runtime_System_Module_startup__E)
                  2000bcc8    00000012     sysbios.aem4 : BIOS.obj (.text:ti_sysbios_hal_Hwi_Module_startup__E)
                  2000bcda    00000012     CDIO_CC3200_pem4.oem4 (.text:xdc_runtime_Startup_exec__I)
                  2000bcec    00000010     CC3200_LAUNCHXL.obj (.text:CC3200_LAUNCHXL_initGeneral)
                  2000bcfc    00000010     driverlib.a : uart.obj (.text:UARTRxErrorClear)
                  2000bd0c    00000010     drivers_cc32xxware.aem4 : UARTCC3200.oem4 (.text:readBlockingTimeout)
                  2000bd1c    00000004     --HOLE-- [fill = 0]
                  2000bd20    00000010     sysbios.aem4 : BIOS.obj (.text:ti_sysbios_BIOS_getCpuFreq__E)
                  2000bd30    00000010                  : BIOS.obj (.text:ti_sysbios_BIOS_setThreadType__E)
                  2000bd40    00000010                  : BIOS.obj (.text:ti_sysbios_BIOS_start__E)
                  2000bd50    00000010                  : m3_TaskSupport_asm.obj (.text:ti_sysbios_family_arm_m3_TaskSupport_glue)
                  2000bd60    00000010                  : m3_TaskSupport_asm.obj (.text:ti_sysbios_family_arm_m3_TaskSupport_swap__E)
                  2000bd70    00000010                  : BIOS.obj (.text:ti_sysbios_gates_GateMutex_Instance_finalize__E)
                  2000bd80    00000010                  : BIOS.obj (.text:ti_sysbios_knl_Semaphore_Instance_finalize__E)
                  2000bd90    00000010                  : BIOS.obj (.text:ti_sysbios_knl_Swi_disable__E)
                  2000bda0    00000010     CDIO_CC3200_pem4.oem4 (.text:ti_sysbios_knl_Task_Object__get__S)
                  2000bdb0    00000010     sysbios.aem4 : BIOS.obj (.text:ti_sysbios_knl_Task_disable__E)
                  2000bdc0    00000010     ti.targets.arm.rtsarm.aem4 : Gate.oem4 (.text:xdc_runtime_Gate_leaveSystem__E)
                  2000bdd0    00000010                                : Memory.oem4 (.text:xdc_runtime_Memory_free__E)
                  2000bde0    00000010                                : SysMin.oem4 (.text:xdc_runtime_SysMin_ready__E)
                  2000bdf0    00000010                                : System.oem4 (.text:xdc_runtime_System_vsnprintf__E)
                  2000be00    00000010     CDIO_CC3200_pem4.oem4 (.text:xdc_runtime_Text_visitRope__I)
                  2000be10    0000000e     tirtosport.aem4 : HwiP_tirtos.oem4 (.text:HwiP_Params_init)
                  2000be1e    0000000e     rtsv7M4_T_le_eabi.lib : copy_decompress_none.obj (.text:decompress:none)
                  2000be2c    00000004     --HOLE-- [fill = 0]
                  2000be30    0000000e     sysbios.aem4 : BIOS.obj (.text:ti_sysbios_knl_Idle_loop__E)
                  2000be3e    00000002     --HOLE-- [fill = 0]
                  2000be40    0000000e                  : BIOS.obj (.text:ti_sysbios_knl_Queue_empty__E)
                  2000be4e    0000000c     driverlib.a : cpu.obj (.text:CPUwfi)
                  2000be5a    00000002     --HOLE-- [fill = 0]
                  2000be5c    0000000c     tirtosport.aem4 : ClockP_tirtos.oem4 (.text:ClockP_getSystemTickPeriod)
                  2000be68    0000000c     drivers_cc32xxware.aem4 : PowerCC3200.oem4 (.text:Power_getConstraintMask)
                  2000be74    0000000c                             : PowerCC3200.oem4 (.text:Power_getDependencyCount)
                  2000be80    0000000c                             : RingBuf.oem4 (.text:RingBuf_peek)
                  2000be8c    0000000c                             : UARTCC3200.oem4 (.text:UARTCC3200_init)
                  2000be98    0000000c                             : UARTCC3200.oem4 (.text:postNotifyFxn)
                  2000bea4    0000000c     CDIO_CC3200_pem4.oem4 (.text:ti_sysbios_family_arm_m3_Hwi_Params__init__S)
                  2000beb0    0000000c     sysbios.aem4 : BIOS.obj (.text:ti_sysbios_family_arm_m3_Hwi_disableFxn__E)
                  2000bebc    00000004     --HOLE-- [fill = 0]
                  2000bec0    0000000c                  : BIOS.obj (.text:ti_sysbios_family_arm_m3_TaskSupport_checkStack__E)
                  2000becc    00000004     --HOLE-- [fill = 0]
                  2000bed0    0000000c                  : BIOS.obj (.text:ti_sysbios_family_arm_m3_TaskSupport_getStackAlignment__E)
                  2000bedc    00000004     --HOLE-- [fill = 0]
                  2000bee0    0000000c                  : BIOS.obj (.text:ti_sysbios_gates_GateHwi_enter__E)
                  2000beec    0000000c     CDIO_CC3200_pem4.oem4 (.text:ti_sysbios_knl_Clock_Params__init__S)
                  2000bef8    0000000c     sysbios.aem4 : BIOS.obj (.text:ti_sysbios_knl_Clock_getTicks__E)
                  2000bf04    00000004     --HOLE-- [fill = 0]
                  2000bf08    0000000c                  : BIOS.obj (.text:ti_sysbios_knl_Clock_setTicks__E)
                  2000bf14    00000004     --HOLE-- [fill = 0]
                  2000bf18    0000000c                  : BIOS.obj (.text:ti_sysbios_knl_Clock_tickStart__E)
                  2000bf24    00000004     --HOLE-- [fill = 0]
                  2000bf28    0000000c                  : BIOS.obj (.text:ti_sysbios_knl_Clock_tickStop__E)
                  2000bf34    0000000c     CDIO_CC3200_pem4.oem4 (.text:ti_sysbios_knl_Queue_Object__get__S)
                  2000bf40    0000000c     CDIO_CC3200_pem4.oem4 (.text:ti_sysbios_knl_Semaphore_Params__init__S)
                  2000bf4c    0000000c     CDIO_CC3200_pem4.oem4 (.text:ti_sysbios_knl_Task_Params__init__S)
                  2000bf58    0000000c     ti.targets.arm.rtsarm.aem4 : Error.oem4 (.text:xdc_runtime_Error_init__E)
                  2000bf64    0000000c                                : Gate.oem4 (.text:xdc_runtime_Gate_enterSystem__E)
                  2000bf70    0000000c                                : Memory.oem4 (.text:xdc_runtime_Memory_calloc__E)
                  2000bf7c    0000000c                                : Memory.oem4 (.text:xdc_runtime_Memory_getMaxDefaultTypeAlign__E)
                  2000bf88    0000000a     tirtosport.aem4 : ClockP_tirtos.oem4 (.text:ClockP_stop)
                  2000bf92    0000000a     drivers_cc32xxware.aem4 : List.oem4 (.text:List_empty)
                  2000bf9c    0000000a                             : PWMTimerCC3200.oem4 (.text:PWMTimerCC3200_getPeriodCounts)
                  2000bfa6    0000000a     tirtosport.aem4 : SemaphoreP_tirtos.oem4 (.text:SemaphoreP_post)
                  2000bfb0    0000000a     drivers_cc32xxware.aem4 : UART.oem4 (.text:UART_read)
                  2000bfba    0000000a                             : UART.oem4 (.text:UART_write)
                  2000bfc4    0000000a     CDIO_CC3200_pem4.oem4 (.text:xdc_runtime_IHeap_alloc)
                  2000bfce    0000000a     CDIO_CC3200_pem4.oem4 (.text:xdc_runtime_IHeap_free)
                  2000bfd8    00000008     CC3200_LAUNCHXL.obj (.text:CC3200_LAUNCHXL_initGPIO)
                  2000bfe0    00000008     CC3200_LAUNCHXL.obj (.text:CC3200_LAUNCHXL_initPWM)
                  2000bfe8    00000008     CC3200_LAUNCHXL.obj (.text:CC3200_LAUNCHXL_initUART)
                  2000bff0    00000008     tirtosport.aem4 : ClockP_tirtos.oem4 (.text:ClockP_Params_init)
                  2000bff8    00000008     driverlib.a : prcm.obj (.text:PRCMSleepEnter)
                  2000c000    00000008     drivers_cc32xxware.aem4 : PWMTimerCC3200.oem4 (.text:PWMTimerCC3200_init)
                  2000c008    00000008     tirtosport.aem4 : SemaphoreP_tirtos.oem4 (.text:SemaphoreP_Params_init)
                  2000c010    00000008     drivers_cc32xxware.aem4 : UARTCC3200.oem4 (.text:readSemCallback)
                  2000c018    00000008     sysbios.aem4 : BIOS.obj (.text:ti_sysbios_family_arm_m3_Hwi_doSwiRestore__I)
                  2000c020    00000008                  : BIOS.obj (.text:ti_sysbios_family_arm_m3_Hwi_startup__E)
                  2000c028    00000008     drivers_cc32xxware.aem4 : UARTCC3200.oem4 (.text:writeSemCallback)
                  2000c030    00000006     sysbios.aem4 : BIOS.obj (.text:ti_sysbios_family_arm_m3_Hwi_restoreFxn__E)
                  2000c036    00000002     --HOLE-- [fill = 0]
                  2000c038    00000006                  : BIOS.obj (.text:ti_sysbios_gates_GateHwi_leave__E)
                  2000c03e    00000002     --HOLE-- [fill = 0]
                  2000c040    00000006                  : BIOS.obj (.text:ti_sysbios_heaps_HeapMem_isBlocking__E)
                  2000c046    00000002     --HOLE-- [fill = 0]
                  2000c048    00000006                  : BIOS.obj (.text:ti_sysbios_knl_Clock_stop__E)
                  2000c04e    00000002     --HOLE-- [fill = 0]
                  2000c050    00000006                  : BIOS.obj (.text:ti_sysbios_knl_Queue_Instance_init__E)
                  2000c056    00000002     --HOLE-- [fill = 0]
                  2000c058    00000004                  : BIOS.obj (.text:ti_sysbios_family_arm_m3_Timer_getMaxTicks__E)
                  2000c05c    00000004     --HOLE-- [fill = 0]
                  2000c060    00000004                  : BIOS.obj (.text:ti_sysbios_gates_GateHwi_query__E)
                  2000c064    00000004     --HOLE-- [fill = 0]
                  2000c068    00000004                  : BIOS.obj (.text:ti_sysbios_gates_GateMutex_query__E)
                  2000c06c    00000004     --HOLE-- [fill = 0]
                  2000c070    00000004                  : BIOS.obj (.text:ti_sysbios_knl_Clock_setTimeout__E)
                  2000c074    00000004     --HOLE-- [fill = 0]
                  2000c078    00000004                  : BIOS.obj (.text:ti_sysbios_knl_Task_startup__E)
                  2000c07c    00000004     --HOLE-- [fill = 0]
                  2000c080    00000002                  : BIOS.obj (.text:ti_sysbios_gates_GateHwi_Instance_init__E)
                  2000c082    00000006     --HOLE-- [fill = 0]
                  2000c088    00000002                  : BIOS.obj (.text:ti_sysbios_knl_Clock_logTick__E)

.bss       0    2000c090    000034f3     UNINITIALIZED
                  2000c090    00002710     (.common:task0Stack)
                  2000e7a0    00000400     (.common:ti_sysbios_heaps_HeapMem_Instance_State_0_buf__A)
                  2000eba0    0000030c     (.common:ti_sysbios_family_arm_m3_Hwi_dispatchTable)
                  2000eeac    00000004     (.common:firstTick$2)
                  2000eeb0    00000200     CDIO_CC3200_pem4.oem4 (.bss:taskStackSection)
                  2000f0b0    0000012c     drivers_cc32xxware.aem4 : PowerCC3200.oem4 (.bss:PowerCC3200_contextSave)
                  2000f1dc    00000120     rtsv7M4_T_le_eabi.lib : trgmsg.obj (.bss:_CIOBUF_)
                  2000f2fc    00000108     (.common:uartCC3200Objects)
                  2000f404    00000080     (.common:xdc_runtime_SysMin_Module_State_0_outbuf__A)
                  2000f484    00000050     (.common:task0Struct)
                  2000f4d4    00000040     (.common:uartCC3200RingBuffer)
                  2000f514    00000020     (.common:gpioCallbackInfo)
                  2000f534    00000020     (.common:pwmTimerCC3200Objects)
                  2000f554    00000014     (.common:powerNotifyObj)
                  2000f568    00000008                           : trgdrv.obj (.bss:parmbuf)
                  2000f570    00000008     (.common:firstRTC$1)
                  2000f578    00000008     (.common:steps)
                  2000f580    00000001     (.common:g_ucLED1Pin)
                  2000f581    00000001     (.common:g_ucLED2Pin)
                  2000f582    00000001     (.common:g_ucLED3Pin)

.const     0    2000f584    00002099     
                  2000f584    00001771     CDIO_CC3200_pem4.oem4 (.const:xdc_runtime_Text_charTab__A)
                  20010cf5    00000001     CDIO_CC3200_pem4.oem4 (.const:ti_sysbios_knl_Clock_tickMode__C)
                  20010cf6    00000002     CDIO_CC3200_pem4.oem4 (.const:ti_sysbios_family_arm_m3_Hwi_Module__id__C)
                  20010cf8    00000100     driverlib.a : pin.obj (.const:g_ulPinToPadMap)
                  20010df8    000000a8                 : prcm.obj (.const:PRCM_PeriphRegsList)
                  20010ea0    000000a0     CDIO_CC3200_pem4.oem4 (.const:xdc_runtime_Text_nodeTab__A)
                  20010f40    0000004c     drivers_cc32xxware.aem4 : UARTCC3200.oem4 (.const)
                  20010f8c    00000048     CDIO_CC3200_pem4.oem4 (.const:.string)
                  20010fd4    0000003c     CDIO_CC3200_pem4.oem4 (.const:ti_sysbios_knl_Task_Object__PARAMS__C)
                  20011010    00000034     drivers_cc32xxware.aem4 : GPIOCC3200.oem4 (.const)
                  20011044    00000030     CDIO_CC3200_pem4.oem4 (.const:ti_sysbios_family_arm_m3_Hwi_Object__PARAMS__C)
                  20011074    00000030     CC3200_LAUNCHXL.obj (.const:uartCC3200HWAttrs)
                  200110a4    0000002a     drivers_cc32xxware.aem4 : GPIOCC3200.oem4 (.const:.string)
                  200110ce    00000002     CDIO_CC3200_pem4.oem4 (.const:ti_sysbios_family_arm_m3_Timer_Module__id__C)
                  200110d0    00000028     CC3200_LAUNCHXL.obj (.const:PowerCC3200_config)
                  200110f8    00000028     drivers_cc32xxware.aem4 : UARTCC3200.oem4 (.const:UARTCC3200_fxnTable)
                  20011120    00000028     CDIO_CC3200_pem4.oem4 (.const:ti_sysbios_heaps_HeapMem_Module__FXNS__C)
                  20011148    00000024     CC3200_LAUNCHXL.obj (.const:PWM_config)
                  2001116c    00000024     CC3200_LAUNCHXL.obj (.const:UART_config)
                  20011190    00000024     drivers_cc32xxware.aem4 : UART.oem4 (.const:UART_defaultParams)
                  200111b4    00000024     CDIO_CC3200_pem4.oem4 (.const:ti_sysbios_gates_GateHwi_Module__FXNS__C)
                  200111d8    00000024     CDIO_CC3200_pem4.oem4 (.const:ti_sysbios_gates_GateMutex_Module__FXNS__C)
                  200111fc    00000024     CDIO_CC3200_pem4.oem4 (.const:ti_sysbios_heaps_HeapMem_Object__PARAMS__C)
                  20011220    00000024     CDIO_CC3200_pem4.oem4 (.const:ti_sysbios_knl_Clock_Object__PARAMS__C)
                  20011244    00000024     CDIO_CC3200_pem4.oem4 (.const:ti_sysbios_knl_Semaphore_Object__PARAMS__C)
                  20011268    00000020     drivers_cc32xxware.aem4 : PWMTimerCC3200.oem4 (.const)
                  20011288    00000020     CDIO_CC3200_pem4.oem4 (.const:ti_sysbios_family_arm_m3_Hwi_Object__DESC__C)
                  200112a8    00000020     CDIO_CC3200_pem4.oem4 (.const:ti_sysbios_gates_GateHwi_Object__DESC__C)
                  200112c8    00000020     CDIO_CC3200_pem4.oem4 (.const:ti_sysbios_gates_GateMutex_Object__DESC__C)
                  200112e8    00000020     CDIO_CC3200_pem4.oem4 (.const:ti_sysbios_heaps_HeapMem_Object__DESC__C)
                  20011308    00000020     CDIO_CC3200_pem4.oem4 (.const:ti_sysbios_knl_Clock_Object__DESC__C)
                  20011328    00000020     CDIO_CC3200_pem4.oem4 (.const:ti_sysbios_knl_Queue_Object__DESC__C)
                  20011348    00000020     CDIO_CC3200_pem4.oem4 (.const:ti_sysbios_knl_Semaphore_Object__DESC__C)
                  20011368    00000020     CDIO_CC3200_pem4.oem4 (.const:ti_sysbios_knl_Task_Object__DESC__C)
                  20011388    00000020     CDIO_CC3200_pem4.oem4 (.const:xdc_runtime_Startup_sfxnTab__A)
                  200113a8    00000018     CDIO_CC3200_pem4.oem4 (.const:ti_sysbios_gates_GateHwi_Object__PARAMS__C)
                  200113c0    00000018     CDIO_CC3200_pem4.oem4 (.const:ti_sysbios_gates_GateMutex_Object__PARAMS__C)
                  200113d8    00000018     CDIO_CC3200_pem4.oem4 (.const:ti_sysbios_knl_Queue_Object__PARAMS__C)
                  200113f0    00000014     CC3200_LAUNCHXL.obj (.const:GPIOCC3200_config)
                  20011404    00000010     CC3200_LAUNCHXL.obj (.const:pwmTimerCC3200HWAttrs)
                  20011414    00000010     CDIO_CC3200_pem4.oem4 (.const:xdc_runtime_Startup_sfxnRts__A)
                  20011424    0000000d     CDIO_CC3200.obj (.const:.string:$P$T0$1)
                  20011431    00000001     CDIO_CC3200_pem4.oem4 (.const:ti_sysbios_knl_Clock_tickSource__C)
                  20011432    00000002     CDIO_CC3200_pem4.oem4 (.const:ti_sysbios_gates_GateMutex_Module__id__C)
                  20011434    0000000c     CDIO_CC3200_pem4.oem4 (.const:xdc_runtime_Startup_firstFxns__A)
                  20011440    00000008     CDIO_CC3200_pem4.oem4 (.const:ti_sysbios_family_arm_m3_Hwi_excHookFuncs__A)
                  20011448    00000008     CDIO_CC3200_pem4.oem4 (.const:ti_sysbios_knl_Idle_funcList__A)
                  20011450    00000008     CDIO_CC3200_pem4.oem4 (.const:ti_sysbios_knl_Idle_funcList__C)
                  20011458    00000008     CDIO_CC3200_pem4.oem4 (.const:xdc_runtime_Startup_firstFxns__C)
                  20011460    00000008     CDIO_CC3200_pem4.oem4 (.const:xdc_runtime_Startup_lastFxns__C)
                  20011468    00000004     CDIO_CC3200_pem4.oem4 (.const:ti_sysbios_family_arm_m3_Hwi_E_NMI__C)
                  2001146c    00000004     CDIO_CC3200_pem4.oem4 (.const:ti_sysbios_family_arm_m3_Hwi_E_alreadyDefined__C)
                  20011470    00000004     CDIO_CC3200_pem4.oem4 (.const:ti_sysbios_family_arm_m3_Hwi_E_busFault__C)
                  20011474    00000004     CDIO_CC3200_pem4.oem4 (.const:ti_sysbios_family_arm_m3_Hwi_E_debugMon__C)
                  20011478    00000004     CDIO_CC3200_pem4.oem4 (.const:ti_sysbios_family_arm_m3_Hwi_E_hardFault__C)
                  2001147c    00000004     CDIO_CC3200_pem4.oem4 (.const:ti_sysbios_family_arm_m3_Hwi_E_memFault__C)
                  20011480    00000004     CDIO_CC3200_pem4.oem4 (.const:ti_sysbios_family_arm_m3_Hwi_E_noIsr__C)
                  20011484    00000004     CDIO_CC3200_pem4.oem4 (.const:ti_sysbios_family_arm_m3_Hwi_E_reserved__C)
                  20011488    00000004     CDIO_CC3200_pem4.oem4 (.const:ti_sysbios_family_arm_m3_Hwi_E_svCall__C)
                  2001148c    00000004     CDIO_CC3200_pem4.oem4 (.const:ti_sysbios_family_arm_m3_Hwi_E_usageFault__C)
                  20011490    00000004     CDIO_CC3200_pem4.oem4 (.const:ti_sysbios_family_arm_m3_Hwi_NUM_INTERRUPTS__C)
                  20011494    00000004     CDIO_CC3200_pem4.oem4 (.const:ti_sysbios_family_arm_m3_Hwi_Object__count__C)
                  20011498    00000004     CDIO_CC3200_pem4.oem4 (.const:ti_sysbios_family_arm_m3_Hwi_ccr__C)
                  2001149c    00000004     CDIO_CC3200_pem4.oem4 (.const:ti_sysbios_family_arm_m3_Hwi_excHandlerFunc__C)
                  200114a0    00000004     CDIO_CC3200_pem4.oem4 (.const:ti_sysbios_family_arm_m3_Hwi_excHookFuncs__C)
                  200114a4    00000004     CDIO_CC3200_pem4.oem4 (.const:ti_sysbios_family_arm_m3_Hwi_nullIsrFunc__C)
                  200114a8    00000004     CDIO_CC3200_pem4.oem4 (.const:ti_sysbios_family_arm_m3_Hwi_priGroup__C)
                  200114ac    00000004     CDIO_CC3200_pem4.oem4 (.const:ti_sysbios_family_arm_m3_TaskSupport_stackAlignment__C)
                  200114b0    00000004     CDIO_CC3200_pem4.oem4 (.const:ti_sysbios_family_arm_m3_Timer_E_cannotSupport__C)
                  200114b4    00000004     CDIO_CC3200_pem4.oem4 (.const:ti_sysbios_family_arm_m3_Timer_startupNeeded__C)
                  200114b8    00000004     CDIO_CC3200_pem4.oem4 (.const:ti_sysbios_gates_GateMutex_A_badContext__C)
                  200114bc    00000004     CDIO_CC3200_pem4.oem4 (.const:ti_sysbios_gates_GateMutex_Instance_State_sem__O)
                  200114c0    00000004     CDIO_CC3200_pem4.oem4 (.const:ti_sysbios_gates_GateMutex_Module__diagsEnabled__C)
                  200114c4    00000004     CDIO_CC3200_pem4.oem4 (.const:ti_sysbios_gates_GateMutex_Module__diagsIncluded__C)
                  200114c8    00000004     CDIO_CC3200_pem4.oem4 (.const:ti_sysbios_gates_GateMutex_Module__diagsMask__C)
                  200114cc    00000004     CDIO_CC3200_pem4.oem4 (.const:ti_sysbios_hal_Hwi_E_stackOverflow__C)
                  200114d0    00000004     CDIO_CC3200_pem4.oem4 (.const:ti_sysbios_heaps_HeapMem_A_align__C)
                  200114d4    00000004     CDIO_CC3200_pem4.oem4 (.const:ti_sysbios_heaps_HeapMem_A_heapSize__C)
                  200114d8    00000004     CDIO_CC3200_pem4.oem4 (.const:ti_sysbios_heaps_HeapMem_A_invalidFree__C)
                  200114dc    00000004     CDIO_CC3200_pem4.oem4 (.const:ti_sysbios_heaps_HeapMem_A_zeroBlock__C)
                  200114e0    00000004     CDIO_CC3200_pem4.oem4 (.const:ti_sysbios_heaps_HeapMem_E_memory__C)
                  200114e4    00000004     CDIO_CC3200_pem4.oem4 (.const:ti_sysbios_heaps_HeapMem_Module__diagsEnabled__C)
                  200114e8    00000004     CDIO_CC3200_pem4.oem4 (.const:ti_sysbios_heaps_HeapMem_Module__diagsIncluded__C)
                  200114ec    00000004     CDIO_CC3200_pem4.oem4 (.const:ti_sysbios_heaps_HeapMem_Module__diagsMask__C)
                  200114f0    00000004     CDIO_CC3200_pem4.oem4 (.const:ti_sysbios_heaps_HeapMem_Module__gateObj__C)
                  200114f4    00000004     CDIO_CC3200_pem4.oem4 (.const:ti_sysbios_heaps_HeapMem_Object__count__C)
                  200114f8    00000004     CDIO_CC3200_pem4.oem4 (.const:ti_sysbios_heaps_HeapMem_reqAlign__C)
                  200114fc    00000004     CDIO_CC3200_pem4.oem4 (.const:ti_sysbios_knl_Clock_A_badThreadType__C)
                  20011500    00000004     CDIO_CC3200_pem4.oem4 (.const:ti_sysbios_knl_Clock_Module_State_clockQ__O)
                  20011504    00000004     CDIO_CC3200_pem4.oem4 (.const:ti_sysbios_knl_Clock_Module__diagsEnabled__C)
                  20011508    00000004     CDIO_CC3200_pem4.oem4 (.const:ti_sysbios_knl_Clock_Module__diagsIncluded__C)
                  2001150c    00000004     CDIO_CC3200_pem4.oem4 (.const:ti_sysbios_knl_Clock_Module__diagsMask__C)
                  20011510    00000004     CDIO_CC3200_pem4.oem4 (.const:ti_sysbios_knl_Clock_tickPeriod__C)
                  20011514    00000004     CDIO_CC3200_pem4.oem4 (.const:ti_sysbios_knl_Semaphore_A_badContext__C)
                  20011518    00000004     CDIO_CC3200_pem4.oem4 (.const:ti_sysbios_knl_Semaphore_A_noEvents__C)
                  2001151c    00000004     CDIO_CC3200_pem4.oem4 (.const:ti_sysbios_knl_Semaphore_A_overflow__C)
                  20011520    00000004     CDIO_CC3200_pem4.oem4 (.const:ti_sysbios_knl_Semaphore_A_pendTaskDisabled__C)
                  20011524    00000004     CDIO_CC3200_pem4.oem4 (.const:ti_sysbios_knl_Semaphore_Instance_State_pendQ__O)
                  20011528    00000004     CDIO_CC3200_pem4.oem4 (.const:ti_sysbios_knl_Semaphore_Module__diagsEnabled__C)
                  2001152c    00000004     CDIO_CC3200_pem4.oem4 (.const:ti_sysbios_knl_Semaphore_Module__diagsIncluded__C)
                  20011530    00000004     CDIO_CC3200_pem4.oem4 (.const:ti_sysbios_knl_Semaphore_Module__diagsMask__C)
                  20011534    00000004     CDIO_CC3200_pem4.oem4 (.const:ti_sysbios_knl_Swi_Object__count__C)
                  20011538    00000004     CDIO_CC3200_pem4.oem4 (.const:ti_sysbios_knl_Task_A_badPriority__C)
                  2001153c    00000004     CDIO_CC3200_pem4.oem4 (.const:ti_sysbios_knl_Task_A_badTaskState__C)
                  20011540    00000004     CDIO_CC3200_pem4.oem4 (.const:ti_sysbios_knl_Task_A_badThreadType__C)
                  20011544    00000004     CDIO_CC3200_pem4.oem4 (.const:ti_sysbios_knl_Task_A_noPendElem__C)
                  20011548    00000004     CDIO_CC3200_pem4.oem4 (.const:ti_sysbios_knl_Task_E_spOutOfBounds__C)
                  2001154c    00000004     CDIO_CC3200_pem4.oem4 (.const:ti_sysbios_knl_Task_E_stackOverflow__C)
                  20011550    00000004     CDIO_CC3200_pem4.oem4 (.const:ti_sysbios_knl_Task_Module_State_inactiveQ__O)
                  20011554    00000004     CDIO_CC3200_pem4.oem4 (.const:ti_sysbios_knl_Task_Module__diagsEnabled__C)
                  20011558    00000004     CDIO_CC3200_pem4.oem4 (.const:ti_sysbios_knl_Task_Module__diagsIncluded__C)
                  2001155c    00000004     CDIO_CC3200_pem4.oem4 (.const:ti_sysbios_knl_Task_Module__diagsMask__C)
                  20011560    00000004     CDIO_CC3200_pem4.oem4 (.const:ti_sysbios_knl_Task_Object__count__C)
                  20011564    00000004     CDIO_CC3200_pem4.oem4 (.const:ti_sysbios_knl_Task_allBlockedFunc__C)
                  20011568    00000004     CDIO_CC3200_pem4.oem4 (.const:ti_sysbios_knl_Task_defaultStackHeap__C)
                  2001156c    00000004     CDIO_CC3200_pem4.oem4 (.const:ti_sysbios_knl_Task_defaultStackSize__C)
                  20011570    00000004     CDIO_CC3200_pem4.oem4 (.const:ti_sysbios_knl_Task_numConstructedTasks__C)
                  20011574    00000004     CDIO_CC3200_pem4.oem4 (.const:xdc_runtime_Assert_E_assertFailed__C)
                  20011578    00000004     CDIO_CC3200_pem4.oem4 (.const:xdc_runtime_Core_A_initializedParams__C)
                  2001157c    00000004     CDIO_CC3200_pem4.oem4 (.const:xdc_runtime_Core_Module__diagsEnabled__C)
                  20011580    00000004     CDIO_CC3200_pem4.oem4 (.const:xdc_runtime_Core_Module__diagsIncluded__C)
                  20011584    00000004     CDIO_CC3200_pem4.oem4 (.const:xdc_runtime_Core_Module__diagsMask__C)
                  20011588    00000004     CDIO_CC3200_pem4.oem4 (.const:xdc_runtime_Error_E_memory__C)
                  2001158c    00000004     CDIO_CC3200_pem4.oem4 (.const:xdc_runtime_Error_Module__diagsEnabled__C)
                  20011590    00000004     CDIO_CC3200_pem4.oem4 (.const:xdc_runtime_Error_Module__diagsIncluded__C)
                  20011594    00000004     CDIO_CC3200_pem4.oem4 (.const:xdc_runtime_Error_Module__diagsMask__C)
                  20011598    00000004     CDIO_CC3200_pem4.oem4 (.const:xdc_runtime_Error_Module__loggerFxn8__C)
                  2001159c    00000004     CDIO_CC3200_pem4.oem4 (.const:xdc_runtime_Error_Module__loggerObj__C)
                  200115a0    00000004     CDIO_CC3200_pem4.oem4 (.const:xdc_runtime_Error_policyFxn__C)
                  200115a4    00000004     CDIO_CC3200_pem4.oem4 (.const:xdc_runtime_Error_raiseHook__C)
                  200115a8    00000004     CDIO_CC3200_pem4.oem4 (.const:xdc_runtime_IGateProvider_Interface__BASE__C)
                  200115ac    00000004     CDIO_CC3200_pem4.oem4 (.const:xdc_runtime_IHeap_Interface__BASE__C)
                  200115b0    00000004     CDIO_CC3200_pem4.oem4 (.const:xdc_runtime_IModule_Interface__BASE__C)
                  200115b4    00000004     CDIO_CC3200_pem4.oem4 (.const:xdc_runtime_Log_L_error__C)
                  200115b8    00000004     CDIO_CC3200_pem4.oem4 (.const:xdc_runtime_Memory_defaultHeapInstance__C)
                  200115bc    00000004     CDIO_CC3200_pem4.oem4 (.const:xdc_runtime_Startup_execImpl__C)
                  200115c0    00000004     CDIO_CC3200_pem4.oem4 (.const:xdc_runtime_Startup_maxPasses__C)
                  200115c4    00000004     CDIO_CC3200_pem4.oem4 (.const:xdc_runtime_Startup_sfxnRts__C)
                  200115c8    00000004     CDIO_CC3200_pem4.oem4 (.const:xdc_runtime_Startup_sfxnTab__C)
                  200115cc    00000004     CDIO_CC3200_pem4.oem4 (.const:xdc_runtime_SysMin_bufSize__C)
                  200115d0    00000004     CDIO_CC3200_pem4.oem4 (.const:xdc_runtime_SysMin_outputFunc__C)
                  200115d4    00000004     CDIO_CC3200_pem4.oem4 (.const:xdc_runtime_System_Module__gateObj__C)
                  200115d8    00000004     CDIO_CC3200_pem4.oem4 (.const:xdc_runtime_System_abortFxn__C)
                  200115dc    00000004     CDIO_CC3200_pem4.oem4 (.const:xdc_runtime_System_exitFxn__C)
                  200115e0    00000004     CDIO_CC3200_pem4.oem4 (.const:xdc_runtime_System_extendFxn__C)
                  200115e4    00000004     CDIO_CC3200_pem4.oem4 (.const:xdc_runtime_System_maxAtexitHandlers__C)
                  200115e8    00000004     CDIO_CC3200_pem4.oem4 (.const:xdc_runtime_Text_charTab__C)
                  200115ec    00000004     CDIO_CC3200_pem4.oem4 (.const:xdc_runtime_Text_nameEmpty__C)
                  200115f0    00000004     CDIO_CC3200_pem4.oem4 (.const:xdc_runtime_Text_nameStatic__C)
                  200115f4    00000004     CDIO_CC3200_pem4.oem4 (.const:xdc_runtime_Text_nameUnknown__C)
                  200115f8    00000004     CDIO_CC3200_pem4.oem4 (.const:xdc_runtime_Text_nodeTab__C)
                  200115fc    00000004     CDIO_CC3200_pem4.oem4 (.const:xdc_runtime_Text_visitRopeFxn__C)
                  20011600    00000002     CDIO_CC3200_pem4.oem4 (.const:ti_sysbios_hal_Hwi_Module__id__C)
                  20011602    00000002     CDIO_CC3200_pem4.oem4 (.const:ti_sysbios_heaps_HeapMem_Module__id__C)
                  20011604    00000002     CDIO_CC3200_pem4.oem4 (.const:ti_sysbios_knl_Clock_Module__id__C)
                  20011606    00000002     CDIO_CC3200_pem4.oem4 (.const:ti_sysbios_knl_Semaphore_Module__id__C)
                  20011608    00000002     CDIO_CC3200_pem4.oem4 (.const:ti_sysbios_knl_Task_Module__id__C)
                  2001160a    00000002     CDIO_CC3200_pem4.oem4 (.const:xdc_runtime_Core_Module__id__C)
                  2001160c    00000002     CDIO_CC3200_pem4.oem4 (.const:xdc_runtime_Error_Module__loggerDefined__C)
                  2001160e    00000002     CDIO_CC3200_pem4.oem4 (.const:xdc_runtime_Error_maxDepth__C)
                  20011610    00000002     CDIO_CC3200_pem4.oem4 (.const:xdc_runtime_Memory_Module__id__C)
                  20011612    00000002     CDIO_CC3200_pem4.oem4 (.const:xdc_runtime_SysMin_flushAtExit__C)
                  20011614    00000002     CDIO_CC3200_pem4.oem4 (.const:xdc_runtime_Text_charCnt__C)
                  20011616    00000002     CDIO_CC3200_pem4.oem4 (.const:xdc_runtime_Text_isLoaded__C)
                  20011618    00000002     CDIO_CC3200_pem4.oem4 (.const:xdc_runtime_Text_registryModsLastId__C)
                  2001161a    00000002     CDIO_CC3200_pem4.oem4 (.const:xdc_runtime_Text_unnamedModsLastId__C)
                  2001161c    00000001     CDIO_CC3200_pem4.oem4 (.const:xdc_runtime_Error_policy__C)

.cinit     0    20011d68    00000344     
                  20011d68    00000320     (.cinit..data.load) [load image, compression = rle]
                  20012088    0000000b     (.cinit..bss.load) [load image, compression = rle]
                  20012093    00000001     --HOLE-- [fill = 0]
                  20012094    00000008     (__TI_handler_table)
                  2001209c    00000010     (__TI_cinit_table)

.init_array 
*          0    20004000    00000000     UNINITIALIZED

.resetVecs 
*          0    20004000    0000030c     
                  20004000    0000030c     CDIO_CC3200_pem4.oem4 (.resetVecs)

.data      0    20011620    00000445     UNINITIALIZED
                  20011620    00000080     CDIO_CC3200_pem4.oem4 (.data:ti_sysbios_knl_Swi_Module_State_0_readyQ__A)
                  200116a0    00000080     CDIO_CC3200_pem4.oem4 (.data:ti_sysbios_knl_Task_Module_State_0_readyQ__A)
                  20011720    00000054     drivers_cc32xxware.aem4 : PowerCC3200.oem4 (.data:PowerCC3200_module)
                  20011774    0000004c     CDIO_CC3200_pem4.oem4 (.data:ti_sysbios_knl_Task_Object__table__V)
                  200117c0    00000044     CDIO_CC3200_pem4.oem4 (.data:ti_sysbios_knl_Task_Module__state__V)
                  20011804    00000038     CDIO_CC3200_pem4.oem4 (.data:ti_sysbios_gates_GateMutex_Object__table__V)
                  2001183c    00000034     CDIO_CC3200_pem4.oem4 (.data:ti_sysbios_family_arm_m3_Hwi_Module__state__V)
                  20011870    00000030     CDIO_CC3200_pem4.oem4 (.data:ti_sysbios_family_arm_m3_Timer_Object__table__V)
                  200118a0    00000030     CDIO_CC3200_pem4.oem4 (.data:ti_sysbios_knl_Swi_Object__table__V)
                  200118d0    0000002c     CDIO_CC3200_pem4.oem4 (.data:ti_sysbios_knl_Clock_Module__state__V)
                  200118fc    00000024     CDIO_CC3200_pem4.oem4 (.data:ti_sysbios_BIOS_Module__state__V)
                  20011920    0000001c     CDIO_CC3200_pem4.oem4 (.data:ti_sysbios_knl_Swi_Module__state__V)
                  2001193c    00000018     CDIO_CC3200_pem4.oem4 (.data:ti_sysbios_family_arm_m3_Hwi_Object__table__V)
                  20011954    00000018     CDIO_CC3200_pem4.oem4 (.data:ti_sysbios_heaps_HeapMem_Object__table__V)
                  2001196c    00000014     CC3200_LAUNCHXL.obj (.data:gpioPinConfigs)
                  20011980    00000014     gpio_if.obj (.data:ulReg)
                  20011994    0000000c     rtsv7M4_T_le_eabi.lib : exit.obj (.data:$O1$$)
                  200119a0    0000000c     gpio_if.obj (.data)
                  200119ac    0000000c     CDIO_CC3200_pem4.oem4 (.data:ti_sysbios_family_arm_m3_Timer_Module__state__V)
                  200119b8    0000000c     CDIO_CC3200_pem4.oem4 (.data:xdc_runtime_SysMin_Module__state__V)
                  200119c4    00000008     rtsv7M4_T_le_eabi.lib : _lock.obj (.data:$O1$$)
                  200119cc    00000008     drivers_cc32xxware.aem4 : GPIOCC3200.oem4 (.data)
                  200119d4    00000008     CC3200_LAUNCHXL.obj (.data:gpioCallbackFunctions)
                  200119dc    00000008     CDIO_CC3200_pem4.oem4 (.data:ti_sysbios_family_arm_m3_Hwi_Module__root__V)
                  200119e4    00000008     CDIO_CC3200_pem4.oem4 (.data:ti_sysbios_gates_GateHwi_Module__root__V)
                  200119ec    00000008     CDIO_CC3200_pem4.oem4 (.data:ti_sysbios_gates_GateMutex_Module__root__V)
                  200119f4    00000008     CDIO_CC3200_pem4.oem4 (.data:ti_sysbios_heaps_HeapMem_Module__root__V)
                  200119fc    00000008     CDIO_CC3200_pem4.oem4 (.data:ti_sysbios_knl_Clock_Module__root__V)
                  20011a04    00000008     CDIO_CC3200_pem4.oem4 (.data:ti_sysbios_knl_Queue_Module__root__V)
                  20011a0c    00000008     CDIO_CC3200_pem4.oem4 (.data:ti_sysbios_knl_Semaphore_Module__root__V)
                  20011a14    00000008     CDIO_CC3200_pem4.oem4 (.data:ti_sysbios_knl_Task_Module__root__V)
                  20011a1c    00000008     CDIO_CC3200_pem4.oem4 (.data:xdc_runtime_Registry_Module__state__V)
                  20011a24    00000008     CDIO_CC3200_pem4.oem4 (.data:xdc_runtime_Startup_Module__state__V)
                  20011a2c    00000008     CDIO_CC3200_pem4.oem4 (.data:xdc_runtime_System_Module_State_0_atexitHandlers__A)
                  20011a34    00000008     CDIO_CC3200_pem4.oem4 (.data:xdc_runtime_System_Module__state__V)
                  20011a3c    00000004     CDIO_CC3200.obj (.data)
                  20011a40    00000004     drivers_cc32xxware.aem4 : PWM.oem4 (.data)
                  20011a44    00000004                             : UART.oem4 (.data)
                  20011a48    00000004     rtsv7M4_T_le_eabi.lib : stkdepth_vars.obj (.data)
                  20011a4c    00000004     CDIO_CC3200_pem4.oem4 (.data:ti_sysbios_family_arm_m3_Hwi_Module_State_0_excContext__A)
                  20011a50    00000004     CDIO_CC3200_pem4.oem4 (.data:ti_sysbios_family_arm_m3_Hwi_Module_State_0_excStack__A)
                  20011a54    00000004     CDIO_CC3200_pem4.oem4 (.data:ti_sysbios_gates_GateHwi_Object__table__V)
                  20011a58    00000004     CDIO_CC3200_pem4.oem4 (.data:ti_sysbios_knl_Task_Module_State_0_idleTask__A)
                  20011a5c    00000004     CDIO_CC3200_pem4.oem4 (.data:xdc_runtime_Memory_Module__state__V)
                  20011a60    00000002     CDIO_CC3200_pem4.oem4 (.data:ti_sysbios_family_arm_m3_Hwi_Module_State_0_excActive__A)
                  20011a62    00000002     CDIO_CC3200_pem4.oem4 (.data:xdc_runtime_Error_Module__state__V)
                  20011a64    00000001     power_cc3200_tirtos.aem4 : PowerCC3200_tirtos.oem4 (.data)

.stack     0    20011a68    00000300     UNINITIALIZED
                  20011a68    00000300     --HOLE--

.bootVecs 
*          0    00000000    00000008     DSECT
                  00000000    00000008     boot.aem4 : boot.oem4 (.bootVecs)

.vecs      0    20004000    00000000     DSECT

xdc.meta   0    00000000    000000f4     COPY SECTION
                  00000000    000000f4     CDIO_CC3200_pem4.oem4 (xdc.meta)

MODULE SUMMARY

       Module                     code    ro data   rw data
       ------                     ----    -------   -------
    .\
       CDIO_CC3200.obj            1428    13        10092  
       CC3200_LAUNCHXL.obj        40      196       388    
       gpio_if.obj                342     0         35     
       rom_pin_mux_config.obj     374     0         0      
    +--+--------------------------+-------+---------+---------+
       Total:                     2184    209       10515  
                                                           
    C:\Users\Gabriel\Documents\GitHub\APA\CDIO_CC3200\Debug\configPkg\package\cfg\
       CDIO_CC3200_pem4.oem4      1786    8214      3348   
    +--+--------------------------+-------+---------+---------+
       Total:                     1786    8214      3348   
                                                           
    C:/ti/tirex-content/tirtos_cc32xx_2_16_00_08/products/CC3200_driverlib_1.1.0/driverlib/ccs/Release/driverlib.a
       prcm.obj                   1208    168       0      
       pin.obj                    432     256       0      
       uart.obj                   524     0         0      
       gpio.obj                   296     0         0      
       timer.obj                  282     0         0      
       flash.obj                  72      0         0      
       cpu.obj                    52      0         0      
       utils.obj                  6       0         0      
    +--+--------------------------+-------+---------+---------+
       Total:                     2872    424       0      
                                                           
    C:/ti/tirex-content/tirtos_cc32xx_2_16_00_08/products/tidrivers_cc32xx_2_16_00_08/packages/ti/drivers/lib/drivers_cc32xxware.aem4
       UARTCC3200.oem4            2546    116       0      
       PowerCC3200.oem4           940     0         384    
       GPIOCC3200.oem4            960     94        60     
       PWMTimerCC3200.oem4        642     32        0      
       UART.oem4                  148     36        4      
       RingBuf.oem4               164     0         0      
       PowerCC3200_asm.oem4       134     0         0      
       List.oem4                  82      0         0      
       PWM.oem4                   56      0         4      
    +--+--------------------------+-------+---------+---------+
       Total:                     5672    278       452    
                                                           
    C:/ti/tirex-content/tirtos_cc32xx_2_16_00_08/products/tidrivers_cc32xx_2_16_00_08/packages/ti/drivers/lib/power_cc3200_tirtos.aem4
       PowerCC3200_tirtos.oem4    500     0         13     
    +--+--------------------------+-------+---------+---------+
       Total:                     500     0         13     
                                                           
    C:/ti/tirex-content/tirtos_cc32xx_2_16_00_08/products/tidrivers_cc32xx_2_16_00_08/packages/ti/drivers/ports/lib/tirtosport.aem4
       ClockP_tirtos.oem4         164     0         0      
       SemaphoreP_tirtos.oem4     146     0         0      
       HwiP_tirtos.oem4           138     0         0      
    +--+--------------------------+-------+---------+---------+
[...]
2000bf65  xdc_runtime_Gate_enterSystem__E                            
2000bf71  xdc_runtime_Memory_calloc__E                               
2000bf7d  xdc_runtime_Memory_getMaxDefaultTypeAlign__E               
2000bf89  ClockP_stop                                                
2000bf89  ClockP_stopFromISR                                         
2000bf93  List_empty                                                 
2000bf9d  PWMTimerCC3200_getPeriodCounts                             
2000bfa7  SemaphoreP_post                                            
2000bfa7  SemaphoreP_postFromClock                                   
2000bfa7  SemaphoreP_postFromISR                                     
2000bfb1  UART_read                                                  
2000bfbb  UART_write                                                 
2000bfc5  xdc_runtime_Memory_HeapProxy_alloc__E                      
2000bfcf  xdc_runtime_Memory_HeapProxy_free__E                       
2000bfd9  CC3200_LAUNCHXL_initGPIO                                   
2000bfe1  CC3200_LAUNCHXL_initPWM                                    
2000bfe9  CC3200_LAUNCHXL_initUART                                   
2000bff1  ClockP_Params_init                                         
2000bff9  PRCMSleepEnter                                             
2000c001  PWMTimerCC3200_init                                        
2000c009  SemaphoreP_Params_init                                     
2000c019  ti_sysbios_family_arm_m3_Hwi_doSwiRestore__I               
2000c021  ti_sysbios_family_arm_m3_Hwi_startup__E                    
2000c021  ti_sysbios_hal_Hwi_HwiProxy_startup__E                     
2000c031  HwiP_restore                                               
2000c031  ti_sysbios_family_arm_m3_Hwi_restoreFxn__E                 
2000c031  ti_sysbios_hal_Hwi_HwiProxy_restore__E                     
2000c039  ti_sysbios_gates_GateHwi_leave__E                          
2000c041  ti_sysbios_heaps_HeapMem_isBlocking__E                     
2000c049  ti_sysbios_knl_Clock_stop__E                               
2000c051  ti_sysbios_knl_Queue_Instance_init__E                      
2000c059  ti_sysbios_family_arm_m3_Timer_getMaxTicks__E              
2000c061  ti_sysbios_gates_GateHwi_query__E                          
2000c061  xdc_runtime_Main_Module_GateProxy_query__E                 
2000c061  xdc_runtime_System_Module_GateProxy_query__E               
2000c069  ti_sysbios_BIOS_RtsGateProxy_query__E                      
2000c069  ti_sysbios_gates_GateMutex_query__E                        
2000c069  ti_sysbios_heaps_HeapMem_Module_GateProxy_query__E         
2000c071  ti_sysbios_knl_Clock_setTimeout__E                         
2000c079  ti_sysbios_knl_Task_startup__E                             
2000c081  ti_sysbios_gates_GateHwi_Instance_init__E                  
2000c089  ti_sysbios_knl_Clock_logTick__E                            
2000c090  task0Stack                                                 
2000e7a0  ti_sysbios_heaps_HeapMem_Instance_State_0_buf__A           
2000eba0  ti_sysbios_family_arm_m3_Hwi_dispatchTable                 
2000eeb0  ti_sysbios_knl_Task_Instance_State_0_stack__A              
2000f0b0  PowerCC3200_contextSave                                    
2000f1dc  __CIOBUF_                                                  
2000f2fc  uartCC3200Objects                                          
2000f404  xdc_runtime_SysMin_Module_State_0_outbuf__A                
2000f484  task0Struct                                                
2000f4d4  uartCC3200RingBuffer                                       
2000f534  pwmTimerCC3200Objects                                      
2000f578  steps                                                      
2000f580  g_ucLED1Pin                                                
2000f581  g_ucLED2Pin                                                
2000f582  g_ucLED3Pin                                                
2000f584  xdc_runtime_Text_charTab__A                                
20010cf5  ti_sysbios_knl_Clock_tickMode__C                           
20010cf6  ti_sysbios_family_arm_m3_Hwi_Module__id__C                 
20010ea0  xdc_runtime_Text_nodeTab__A                                
20010fd4  ti_sysbios_knl_Task_Object__PARAMS__C                      
20011010  inPinTypes                                                 
20011016  outPinTypes                                                
2001101e  outPinStrengths                                            
20011044  ti_sysbios_family_arm_m3_Hwi_Object__PARAMS__C             
20011074  uartCC3200HWAttrs                                          
200110ce  ti_sysbios_family_arm_m3_Timer_Module__id__C               
200110d0  PowerCC3200_config                                         
200110f8  UARTCC3200_fxnTable                                        
20011120  ti_sysbios_heaps_HeapMem_Module__FXNS__C                   
20011148  PWM_config                                                 
2001116c  UART_config                                                
20011190  UART_defaultParams                                         
200111b4  ti_sysbios_gates_GateHwi_Module__FXNS__C                   
200111d8  ti_sysbios_gates_GateMutex_Module__FXNS__C                 
200111fc  ti_sysbios_heaps_HeapMem_Object__PARAMS__C                 
20011220  ti_sysbios_knl_Clock_Object__PARAMS__C                     
20011244  ti_sysbios_knl_Semaphore_Object__PARAMS__C                 
20011268  PWMTimerCC3200_fxnTable                                    
20011284  PWMTimerCC3200_MAX_PRESCALAR_VALUE                         
20011286  PWMTimerCC3200_MAX_MATCH_VALUE                             
20011288  ti_sysbios_family_arm_m3_Hwi_Object__DESC__C               
200112a8  ti_sysbios_gates_GateHwi_Object__DESC__C                   
200112c8  ti_sysbios_gates_GateMutex_Object__DESC__C                 
200112e8  ti_sysbios_heaps_HeapMem_Object__DESC__C                   
20011308  ti_sysbios_knl_Clock_Object__DESC__C                       
20011328  ti_sysbios_knl_Queue_Object__DESC__C                       
20011348  ti_sysbios_knl_Semaphore_Object__DESC__C                   
20011368  ti_sysbios_knl_Task_Object__DESC__C                        
20011388  xdc_runtime_Startup_sfxnTab__A                             
200113a8  ti_sysbios_gates_GateHwi_Object__PARAMS__C                 
200113c0  ti_sysbios_gates_GateMutex_Object__PARAMS__C               
200113d8  ti_sysbios_knl_Queue_Object__PARAMS__C                     
200113f0  GPIOCC3200_config                                          
20011404  pwmTimerCC3200HWAttrs                                      
20011414  xdc_runtime_Startup_sfxnRts__A                             
20011431  ti_sysbios_knl_Clock_tickSource__C                         
20011432  ti_sysbios_gates_GateMutex_Module__id__C                   
20011434  xdc_runtime_Startup_firstFxns__A                           
20011440  ti_sysbios_family_arm_m3_Hwi_excHookFuncs__A               
20011448  ti_sysbios_knl_Idle_funcList__A                            
20011450  ti_sysbios_knl_Idle_funcList__C                            
20011458  xdc_runtime_Startup_firstFxns__C                           
20011460  xdc_runtime_Startup_lastFxns__C                            
20011468  ti_sysbios_family_arm_m3_Hwi_E_NMI__C                      
2001146c  ti_sysbios_family_arm_m3_Hwi_E_alreadyDefined__C           
20011470  ti_sysbios_family_arm_m3_Hwi_E_busFault__C                 
20011474  ti_sysbios_family_arm_m3_Hwi_E_debugMon__C                 
20011478  ti_sysbios_family_arm_m3_Hwi_E_hardFault__C                
2001147c  ti_sysbios_family_arm_m3_Hwi_E_memFault__C                 
20011480  ti_sysbios_family_arm_m3_Hwi_E_noIsr__C                    
20011484  ti_sysbios_family_arm_m3_Hwi_E_reserved__C                 
20011488  ti_sysbios_family_arm_m3_Hwi_E_svCall__C                   
2001148c  ti_sysbios_family_arm_m3_Hwi_E_usageFault__C               
20011490  ti_sysbios_family_arm_m3_Hwi_NUM_INTERRUPTS__C             
20011494  ti_sysbios_family_arm_m3_Hwi_Object__count__C              
20011498  ti_sysbios_family_arm_m3_Hwi_ccr__C                        
2001149c  ti_sysbios_family_arm_m3_Hwi_excHandlerFunc__C             
200114a0  ti_sysbios_family_arm_m3_Hwi_excHookFuncs__C               
200114a4  ti_sysbios_family_arm_m3_Hwi_nullIsrFunc__C                
200114a8  ti_sysbios_family_arm_m3_Hwi_priGroup__C                   
200114ac  ti_sysbios_family_arm_m3_TaskSupport_stackAlignment__C     
200114b0  ti_sysbios_family_arm_m3_Timer_E_cannotSupport__C          
200114b4  ti_sysbios_family_arm_m3_Timer_startupNeeded__C            
200114b8  ti_sysbios_gates_GateMutex_A_badContext__C                 
200114bc  ti_sysbios_gates_GateMutex_Instance_State_sem__O           
200114c0  ti_sysbios_gates_GateMutex_Module__diagsEnabled__C         
200114c4  ti_sysbios_gates_GateMutex_Module__diagsIncluded__C        
200114c8  ti_sysbios_gates_GateMutex_Module__diagsMask__C            
200114cc  ti_sysbios_hal_Hwi_E_stackOverflow__C                      
200114d0  ti_sysbios_heaps_HeapMem_A_align__C                        
200114d4  ti_sysbios_heaps_HeapMem_A_heapSize__C                     
200114d8  ti_sysbios_heaps_HeapMem_A_invalidFree__C                  
200114dc  ti_sysbios_heaps_HeapMem_A_zeroBlock__C                    
200114e0  ti_sysbios_heaps_HeapMem_E_memory__C                       
200114e4  ti_sysbios_heaps_HeapMem_Module__diagsEnabled__C           
200114e8  ti_sysbios_heaps_HeapMem_Module__diagsIncluded__C          
200114ec  ti_sysbios_heaps_HeapMem_Module__diagsMask__C              
200114f0  ti_sysbios_heaps_HeapMem_Module__gateObj__C                
200114f4  ti_sysbios_heaps_HeapMem_Object__count__C                  
200114f8  ti_sysbios_heaps_HeapMem_reqAlign__C                       
200114fc  ti_sysbios_knl_Clock_A_badThreadType__C                    
20011500  ti_sysbios_knl_Clock_Module_State_clockQ__O                
20011504  ti_sysbios_knl_Clock_Module__diagsEnabled__C               
20011508  ti_sysbios_knl_Clock_Module__diagsIncluded__C              
2001150c  ti_sysbios_knl_Clock_Module__diagsMask__C                  
20011510  ti_sysbios_knl_Clock_tickPeriod__C                         
20011514  ti_sysbios_knl_Semaphore_A_badContext__C                   
20011518  ti_sysbios_knl_Semaphore_A_noEvents__C                     
2001151c  ti_sysbios_knl_Semaphore_A_overflow__C                     
20011520  ti_sysbios_knl_Semaphore_A_pendTaskDisabled__C             
20011524  ti_sysbios_knl_Semaphore_Instance_State_pendQ__O           
20011528  ti_sysbios_knl_Semaphore_Module__diagsEnabled__C           
2001152c  ti_sysbios_knl_Semaphore_Module__diagsIncluded__C          
20011530  ti_sysbios_knl_Semaphore_Module__diagsMask__C              
20011534  ti_sysbios_knl_Swi_Object__count__C                        
20011538  ti_sysbios_knl_Task_A_badPriority__C                       
2001153c  ti_sysbios_knl_Task_A_badTaskState__C                      
20011540  ti_sysbios_knl_Task_A_badThreadType__C                     
20011544  ti_sysbios_knl_Task_A_noPendElem__C                        
20011548  ti_sysbios_knl_Task_E_spOutOfBounds__C                     
2001154c  ti_sysbios_knl_Task_E_stackOverflow__C                     
20011550  ti_sysbios_knl_Task_Module_State_inactiveQ__O              
20011554  ti_sysbios_knl_Task_Module__diagsEnabled__C                
20011558  ti_sysbios_knl_Task_Module__diagsIncluded__C               
2001155c  ti_sysbios_knl_Task_Module__diagsMask__C                   
20011560  ti_sysbios_knl_Task_Object__count__C                       
20011564  ti_sysbios_knl_Task_allBlockedFunc__C                      
20011568  ti_sysbios_knl_Task_defaultStackHeap__C                    
2001156c  ti_sysbios_knl_Task_defaultStackSize__C                    
20011570  ti_sysbios_knl_Task_numConstructedTasks__C                 
20011574  xdc_runtime_Assert_E_assertFailed__C                       
20011578  xdc_runtime_Core_A_initializedParams__C                    
2001157c  xdc_runtime_Core_Module__diagsEnabled__C                   
20011580  xdc_runtime_Core_Module__diagsIncluded__C                  
20011584  xdc_runtime_Core_Module__diagsMask__C                      
20011588  xdc_runtime_Error_E_memory__C                              
2001158c  xdc_runtime_Error_Module__diagsEnabled__C                  
20011590  xdc_runtime_Error_Module__diagsIncluded__C                 
20011594  xdc_runtime_Error_Module__diagsMask__C                     
20011598  xdc_runtime_Error_Module__loggerFxn8__C                    
2001159c  xdc_runtime_Error_Module__loggerObj__C                     
200115a0  xdc_runtime_Error_policyFxn__C                             
200115a4  xdc_runtime_Error_raiseHook__C                             
200115a8  xdc_runtime_IGateProvider_Interface__BASE__C               
200115ac  xdc_runtime_IHeap_Interface__BASE__C                       
200115b0  xdc_runtime_IModule_Interface__BASE__C                     
200115b4  xdc_runtime_Log_L_error__C                                 
200115b8  xdc_runtime_Memory_defaultHeapInstance__C                  
200115bc  xdc_runtime_Startup_execImpl__C                            
200115c0  xdc_runtime_Startup_maxPasses__C                           
200115c4  xdc_runtime_Startup_sfxnRts__C                             
200115c8  xdc_runtime_Startup_sfxnTab__C                             
200115cc  xdc_runtime_SysMin_bufSize__C                              
200115d0  xdc_runtime_SysMin_outputFunc__C                           
200115d4  xdc_runtime_System_Module__gateObj__C                      
200115d8  xdc_runtime_System_abortFxn__C                             
200115dc  xdc_runtime_System_exitFxn__C                              
200115e0  xdc_runtime_System_extendFxn__C                            
200115e4  xdc_runtime_System_maxAtexitHandlers__C                    
200115e8  xdc_runtime_Text_charTab__C                                
200115ec  xdc_runtime_Text_nameEmpty__C                              
200115f0  xdc_runtime_Text_nameStatic__C                             
200115f4  xdc_runtime_Text_nameUnknown__C                            
200115f8  xdc_runtime_Text_nodeTab__C                                
200115fc  xdc_runtime_Text_visitRopeFxn__C                           
20011600  ti_sysbios_hal_Hwi_Module__id__C                           
20011602  ti_sysbios_heaps_HeapMem_Module__id__C                     
20011604  ti_sysbios_knl_Clock_Module__id__C                         
20011606  ti_sysbios_knl_Semaphore_Module__id__C                     
20011608  ti_sysbios_knl_Task_Module__id__C                          
2001160a  xdc_runtime_Core_Module__id__C                             
2001160c  xdc_runtime_Error_Module__loggerDefined__C                 
2001160e  xdc_runtime_Error_maxDepth__C                              
20011610  xdc_runtime_Memory_Module__id__C                           
20011612  xdc_runtime_SysMin_flushAtExit__C                          
20011614  xdc_runtime_Text_charCnt__C                                
20011616  xdc_runtime_Text_isLoaded__C                               
20011618  xdc_runtime_Text_registryModsLastId__C                     
2001161a  xdc_runtime_Text_unnamedModsLastId__C                      
2001161c  xdc_runtime_Error_policy__C                                
20011620  ti_sysbios_knl_Swi_Module_State_0_readyQ__A                
200116a0  ti_sysbios_knl_Task_Module_State_0_readyQ__A               
20011720  PowerCC3200_module                                         
20011774  ti_sysbios_knl_Task_Object__table__V                       
200117c0  ti_sysbios_knl_Task_Module__state__V                       
20011804  ti_sysbios_gates_GateMutex_Object__table__V                
2001183c  ti_sysbios_family_arm_m3_Hwi_Module__state__V              
20011870  ti_sysbios_family_arm_m3_Timer_Object__table__V            
200118a0  ti_sysbios_knl_Swi_Object__table__V                        
200118d0  ti_sysbios_knl_Clock_Module__state__V                      
200118fc  ti_sysbios_BIOS_Module__state__V                           
20011920  ti_sysbios_knl_Swi_Module__state__V                        
2001193c  ti_sysbios_family_arm_m3_Hwi_Object__table__V              
20011954  ti_sysbios_heaps_HeapMem_Object__table__V                  
2001196c  gpioPinConfigs                                             
20011994  __TI_cleanup_ptr                                           
20011998  __TI_dtors_ptr                                             
2001199c  __TI_enable_exit_profile_output                            
200119a0  g_uiLED1Port                                               
200119a4  g_uiLED2Port                                               
200119a8  g_uiLED3Port                                               
200119ac  ti_sysbios_family_arm_m3_Timer_Module__state__V            
200119b8  xdc_runtime_SysMin_Module__state__V                        
200119c4  _lock                                                      
200119c8  _unlock                                                    
200119d4  gpioCallbackFunctions                                      
200119dc  ti_sysbios_family_arm_m3_Hwi_Module__root__V               
200119e4  ti_sysbios_gates_GateHwi_Module__root__V                   
200119ec  ti_sysbios_gates_GateMutex_Module__root__V                 
200119f4  ti_sysbios_heaps_HeapMem_Module__root__V                   
200119fc  ti_sysbios_knl_Clock_Module__root__V                       
20011a04  ti_sysbios_knl_Queue_Module__root__V                       
20011a0c  ti_sysbios_knl_Semaphore_Module__root__V                   
20011a14  ti_sysbios_knl_Task_Module__root__V                        
20011a1c  xdc_runtime_Registry_Module__state__V                      
20011a24  xdc_runtime_Startup_Module__state__V                       
20011a2c  xdc_runtime_System_Module_State_0_atexitHandlers__A        
20011a34  xdc_runtime_System_Module__state__V                        
20011a3c  count                                                      
20011a48  main_func_sp                                               
20011a4c  ti_sysbios_family_arm_m3_Hwi_Module_State_0_excContext__A  
20011a50  ti_sysbios_family_arm_m3_Hwi_Module_State_0_excStack__A    
20011a54  ti_sysbios_gates_GateHwi_Object__table__V                  
20011a58  ti_sysbios_knl_Task_Module_State_0_idleTask__A             
20011a5c  xdc_runtime_Memory_Module__state__V                        
20011a60  ti_sysbios_family_arm_m3_Hwi_Module_State_0_excActive__A   
20011a62  xdc_runtime_Error_Module__state__V                         
20011a68  __stack                                                    
20011d68  __STACK_END                                                
20011d68  __TI_static_base__                                         
20012094  __TI_Handler_Table_Base                                    
2001209c  __TI_CINIT_Base                                            
2001209c  __TI_Handler_Table_Limit                                   
200120ac  __TI_CINIT_Limit                                           
e000e000  ti_sysbios_family_arm_m3_Hwi_nvic                          
ffffffff  __TI_pprof_out_hndl                                        
ffffffff  __TI_prof_data_size                                        
ffffffff  __TI_prof_data_start                                       
ffffffff  __binit__                                                  
ffffffff  __c_args__                                                 
ffffffff  binit                                                      
UNDEFED   SHT$$INIT_ARRAY$$Base                                      
UNDEFED   SHT$$INIT_ARRAY$$Limit                                     

[719 symbols]
