******************************************************************************
                  TI ARM Linker PC v15.12.3                    
******************************************************************************
>> Linked Mon Dec 12 12:33:17 2016

OUTPUT FILE NAME:   <CDIO_CC3200.out>
ENTRY POINT SYMBOL: "_c_int00"  address: 2000a3e9


MEMORY CONFIGURATION

         name            origin    length      used     unused   attr    fill
----------------------  --------  ---------  --------  --------  ----  --------
  SRAM                  20004000   0003c000  0000e4ff  0002db01  RW X


SEGMENT ALLOCATION MAP

run origin  load origin   length   init length attrs members
----------  ----------- ---------- ----------- ----- -------
20004000    20004000    0000845a   0000845a    r-x
  20004000    20004000    0000030c   0000030c    r-- .resetVecs
  20004310    20004310    0000814a   0000814a    r-x .text
2000c460    2000c460    000034f3   00000000    rw-
  2000c460    2000c460    000034f3   00000000    rw- .bss
2000f954    2000f954    0000212d   0000212d    r--
  2000f954    2000f954    0000212d   0000212d    r-- .const
20011a84    20011a84    00000748   00000000    rw-
  20011a84    20011a84    00000445   00000000    rw- .data
  20011ecc    20011ecc    00000300   00000000    rw- .stack
200121d0    200121d0    00000344   00000344    r--
  200121d0    200121d0    00000344   00000344    r-- .cinit


SECTION ALLOCATION MAP

 output                                  attributes/
section   page    origin      length       input sections
--------  ----  ----------  ----------   ----------------
.text      0    20004310    0000814a     
                  20004310    00000430     sysbios.aem4 : BIOS.obj (.text:ti_sysbios_family_arm_m3_Hwi_excDumpRegs__I)
                  20004740    00000368     CDIO_CC3200.obj (.text:moveTask)
                  20004aa8    0000034c     ti.targets.arm.rtsarm.aem4 : System.oem4 (.text:xdc_runtime_System_doPrint__I)
                  20004df4    00000324     rtsv7M4_T_le_eabi.lib : trgdrv.obj (.text)
                  20005118    000002c0     sysbios.aem4 : BIOS.obj (.text:ti_sysbios_knl_Semaphore_pend__E)
                  200053d8    00000254                  : BIOS.obj (.text:ti_sysbios_heaps_HeapMem_free__E)
                  2000562c    00000004     tirtosport.aem4 : ClockP_tirtos.oem4 (.text:ClockP_getCpuFreq)
                  20005630    00000248     sysbios.aem4 : BIOS.obj (.text:ti_sysbios_heaps_HeapMem_alloc__E)
                  20005878    0000022c                  : BIOS.obj (.text:ti_sysbios_knl_Task_Instance_finalize__E)
                  20005aa4    00000208     drivers_cc32xxware.aem4 : UARTCC3200.oem4 (.text:UARTCC3200_open)
                  20005cac    00000004     tirtosport.aem4 : HwiP_tirtos.oem4 (.text:HwiP_disable)
                  20005cb0    000001fc     sysbios.aem4 : BIOS.obj (.text:ti_sysbios_family_arm_m3_Hwi_excHandlerMax__I)
                  20005eac    000001f4     rtsv7M4_T_le_eabi.lib : ull_div_t2.obj (.text)
                  200060a0    000001e0     sysbios.aem4 : BIOS.obj (.text:ti_sysbios_knl_Task_sleep__E)
                  20006280    000001c8                  : BIOS.obj (.text:ti_sysbios_knl_Task_Instance_init__E)
                  20006448    00000188     power_cc3200_tirtos.aem4 : PowerCC3200_tirtos.oem4 (.text:PowerCC3200_sleepPolicy)
                  200065d0    0000017c     drivers_cc32xxware.aem4 : GPIOCC3200.oem4 (.text:GPIO_setConfig)
                  2000674c    00000004                             : List.oem4 (.text:List_head)
                  20006750    00000174     sysbios.aem4 : BIOS.obj (.text:ti_sysbios_family_arm_m3_Hwi_excBusFault__I)
                  200068c4    00000004     drivers_cc32xxware.aem4 : List.oem4 (.text:List_next)
                  200068c8    00000164     sysbios.aem4 : BIOS.obj (.text:ti_sysbios_family_arm_m3_Hwi_excUsageFault__I)
                  20006a2c    00000154     CDIO_CC3200.obj (.text:move)
                  20006b80    00000148     sysbios.aem4 : BIOS.obj (.text:ti_sysbios_family_arm_m3_Hwi_excMemFault__I)
                  20006cc8    0000013c                  : BIOS.obj (.text:ti_sysbios_heaps_HeapMem_Instance_init__E)
                  20006e04    00000134     driverlib.a : prcm.obj (.text:PRCMCC3200MCUInit)
                  20006f38    0000011c     sysbios.aem4 : BIOS.obj (.text:ti_sysbios_knl_Clock_Instance_init__E)
                  20007054    00000118     ti.targets.arm.rtsarm.aem4 : Error.oem4 (.text:xdc_runtime_Error_policyDefault__E)
                  2000716c    00000102     rom_pin_mux_config.obj (.text:PinMuxConfig)
                  2000726e    00000002     rtsv7M4_T_le_eabi.lib : i_div0.obj (.text)
                  20007270    00000100     ti.targets.arm.rtsarm.aem4 : Core-mem.oem4 (.text:xdc_runtime_Core_createObject__I)
                  20007370    000000f8                                : Startup.oem4 (.text:xdc_runtime_Startup_startMods__I)
                  20007468    000000f8     CDIO_CC3200_pem4.oem4 (.text:xdc_runtime_System_printfExtend__I)
                  20007560    000000f6     CDIO_CC3200.obj (.text:charToInt)
                  20007656    00000002     CDIO_CC3200_pem4.oem4 (.text:ti_sysbios_BIOS_nullFunc__I)
                  20007658    000000f0     CDIO_CC3200.obj (.text:main)
                  20007748    000000ec     sysbios.aem4 : BIOS.obj (.text:ti_sysbios_knl_Semaphore_post__E)
                  20007834    000000e0     drivers_cc32xxware.aem4 : PWMTimerCC3200.oem4 (.text:PWMTimerCC3200_open)
                  20007914    000000d0     gpio_if.obj (.text:GPIO_IF_LedOff)
                  200079e4    000000d0     drivers_cc32xxware.aem4 : GPIOCC3200.oem4 (.text:powerNotifyFxn)
                  20007ab4    000000d0     sysbios.aem4 : m3_Hwi_asm.obj (.text:ti_sysbios_family_arm_m3_Hwi_dispatch__I)
                  20007b84    000000cc     ti.targets.arm.rtsarm.aem4 : Core-smem.oem4 (.text:xdc_runtime_Core_constructObject__I)
                  20007c50    000000bc     sysbios.aem4 : BIOS.obj (.text:ti_sysbios_family_arm_m3_Hwi_excDebugMon__I)
                  20007d0c    00000004     CDIO_CC3200_pem4.oem4 (.text:ti_sysbios_BIOS_RtsGateProxy_enter__E)
                  20007d10    000000bc     sysbios.aem4 : BIOS.obj (.text:ti_sysbios_family_arm_m3_Hwi_excHardFault__I)
                  20007dcc    000000b8     drivers_cc32xxware.aem4 : PWMTimerCC3200.oem4 (.text:PWMTimerCC3200_setDuty)
                  20007e84    00000004     CDIO_CC3200_pem4.oem4 (.text:ti_sysbios_BIOS_RtsGateProxy_leave__E)
                  20007e88    000000b4     sysbios.aem4 : BIOS.obj (.text:ti_sysbios_gates_GateMutex_enter__E)
                  20007f3c    00000004     CDIO_CC3200_pem4.oem4 (.text:ti_sysbios_family_arm_m3_Hwi_destruct)
                  20007f40    000000b4     sysbios.aem4 : BIOS.obj (.text:ti_sysbios_knl_Task_checkStacks__E)
                  20007ff4    00000004     CDIO_CC3200_pem4.oem4 (.text:ti_sysbios_family_arm_m3_TaskSupport_Module__startupDone__S)
                  20007ff8    000000a8     sysbios.aem4 : BIOS.obj (.text:ti_sysbios_knl_Task_postInit__I)
                  200080a0    000000a4                  : BIOS.obj (.text:ti_sysbios_knl_Clock_Instance_finalize__E)
                  20008144    000000a2     drivers_cc32xxware.aem4 : UARTCC3200.oem4 (.text:UARTCC3200_write)
                  200081e6    00000002     CDIO_CC3200_pem4.oem4 (.text:xdc_runtime_Startup_reset__I)
                  200081e8    000000a0     auto_init.aem4 : auto_init.oem4 (.text)
                  20008288    000000a0     ti.targets.arm.rtsarm.aem4 : Text.oem4 (.text:xdc_runtime_Text_putMod__E)
                  20008328    0000009e     drivers_cc32xxware.aem4 : UARTCC3200.oem4 (.text:readTaskBlocking)
                  200083c6    0000009c     rtsv7M4_T_le_eabi.lib : memcpy_t2.obj (.text)
                  20008462    00000006     drivers_cc32xxware.aem4 : PWMTimerCC3200.oem4 (.text:PWMTimerCC3200_getPeriodMicroSecs)
                  20008468    0000009c     sysbios.aem4 : BIOS.obj (.text:ti_sysbios_knl_Semaphore_Instance_init__E)
                  20008504    0000009a     ti.targets.arm.rtsarm.aem4 : Text.oem4 (.text:xdc_runtime_Text_putSite__E)
                  2000859e    00000098     drivers_cc32xxware.aem4 : UARTCC3200.oem4 (.text:UARTCC3200_control)
                  20008636    00000098                             : UARTCC3200.oem4 (.text:UARTCC3200_readPolling)
                  200086ce    00000002     --HOLE-- [fill = 0]
                  200086d0    00000094     sysbios.aem4 : BIOS.obj (.text:ti_sysbios_family_arm_m3_Hwi_Instance_init__E)
                  20008764    00000090     drivers_cc32xxware.aem4 : PowerCC3200.oem4 (.text:restoreNVICRegs)
                  200087f4    0000008a                             : UARTCC3200.oem4 (.text:readIsrTextBlocking)
                  2000887e    00000002     --HOLE-- [fill = 0]
                  20008880    00000088     driverlib.a : pin.obj (.text:PinConfigSet)
                  20008908    00000088     drivers_cc32xxware.aem4 : UARTCC3200.oem4 (.text:UARTCC3200_close)
                  20008990    00000088     sysbios.aem4 : BIOS.obj (.text:ti_sysbios_family_arm_m3_Hwi_initNVIC__E)
                  20008a18    00000084     drivers_cc32xxware.aem4 : GPIOCC3200.oem4 (.text:GPIO_init)
                  20008a9c    00000084                             : PowerCC3200.oem4 (.text:saveNVICRegs)
                  20008b20    00000084     sysbios.aem4 : BIOS.obj (.text:ti_sysbios_family_arm_m3_Hwi_postInit__I)
                  20008ba4    00000082     driverlib.a : gpio.obj (.text:GPIOIntTypeSet)
                  20008c26    00000082     drivers_cc32xxware.aem4 : UARTCC3200.oem4 (.text:readIsrTextCallback)
                  20008ca8    0000007a                             : UARTCC3200.oem4 (.text:readTaskCallback)
                  20008d22    0000007a     rtsv7M4_T_le_eabi.lib : memset_t2.obj (.text)
                  20008d9c    00000076     driverlib.a : uart.obj (.text:UARTConfigSetExpClk)
                  20008e12    00000006                 : utils.obj (.text:UtilsDelay)
                  20008e18    00000074     sysbios.aem4 : BIOS.obj (.text:ti_sysbios_knl_Clock_start__E)
                  20008e8c    00000070     drivers_cc32xxware.aem4 : PWMTimerCC3200.oem4 (.text:PWMTimerCC3200_control)
                  20008efc    00000070                             : PowerCC3200.oem4 (.text:Power_sleep)
                  20008f6c    0000006d     ti.targets.arm.rtsarm.aem4 : System.oem4 (.text:xdc_runtime_System_formatNum__I)
                  20008fd9    00000003     --HOLE-- [fill = 0]
                  20008fdc    0000006c     drivers_cc32xxware.aem4 : UARTCC3200.oem4 (.text:initHw)
                  20009048    0000006c     sysbios.aem4 : BIOS.obj (.text:ti_sysbios_knl_Clock_workFunc__E)
                  200090b4    00000004     CDIO_CC3200_pem4.oem4 (.text:ti_sysbios_heaps_HeapMem_Module_GateProxy_enter__E)
                  200090b8    0000006c     sysbios.aem4 : BIOS.obj (.text:ti_sysbios_knl_Swi_restoreHwi__E)
                  20009124    00000004     CDIO_CC3200_pem4.oem4 (.text:ti_sysbios_heaps_HeapMem_Module_GateProxy_leave__E)
                  20009128    0000006c     sysbios.aem4 : BIOS.obj (.text:ti_sysbios_knl_Task_exit__E)
                  20009194    0000006c     ti.targets.arm.rtsarm.aem4 : Error.oem4 (.text:xdc_runtime_Error_print__E)
                  20009200    0000006c                                : Memory.oem4 (.text:xdc_runtime_Memory_alloc__E)
                  2000926c    0000006a     rtsv7M4_T_le_eabi.lib : copy_decompress_rle.obj (.text)
                  200092d6    00000002     --HOLE-- [fill = 0]
                  200092d8    00000068     driverlib.a : prcm.obj (.text:PRCMHibernateWakeUpGPIOSelect)
                  20009340    00000068     rtsv7M4_T_le_eabi.lib : trgmsg.obj (.text)
                  200093a8    00000068     drivers_cc32xxware.aem4 : UARTCC3200.oem4 (.text:writeData)
                  20009410    00000066     ti.targets.arm.rtsarm.aem4 : Core-mem.oem4 (.text:xdc_runtime_Core_deleteObject__I)
                  20009476    00000002     --HOLE-- [fill = 0]
                  20009478    00000064     drivers_cc32xxware.aem4 : GPIOCC3200.oem4 (.text:GPIO_hwiIntFxn)
                  200094dc    00000004     CDIO_CC3200_pem4.oem4 (.text:ti_sysbios_knl_Clock_TimerProxy_getMaxTicks__E)
                  200094e0    00000064     sysbios.aem4 : BIOS.obj (.text:ti_sysbios_family_arm_m3_Hwi_dispatchC__I)
                  20009544    00000062     tirtosport.aem4 : HwiP_tirtos.oem4 (.text:HwiP_create)
                  200095a6    00000002     --HOLE-- [fill = 0]
                  200095a8    00000060     sysbios.aem4 : BIOS.obj (.text:ti_sysbios_knl_Task_schedule__I)
                  20009608    0000005e     drivers_cc32xxware.aem4 : UARTCC3200.oem4 (.text:readIsrBinaryBlocking)
                  20009666    00000002     --HOLE-- [fill = 0]
                  20009668    0000005c     sysbios.aem4 : BIOS.obj (.text:ti_sysbios_knl_Swi_run__I)
                  200096c4    00000004     CDIO_CC3200_pem4.oem4 (.text:ti_sysbios_knl_Clock_TimerProxy_setPeriodMicroSecs__E)
                  200096c8    0000005c     sysbios.aem4 : BIOS.obj (.text:ti_sysbios_knl_Swi_schedule__I)
                  20009724    00000004     CDIO_CC3200_pem4.oem4 (.text:ti_sysbios_knl_Clock_TimerProxy_start__E)
                  20009728    0000005c     sysbios.aem4 : BIOS.obj (.text:ti_sysbios_knl_Task_Module_startup__E)
                  20009784    00000004     CDIO_CC3200_pem4.oem4 (.text:ti_sysbios_knl_Clock_TimerProxy_stop__E)
                  20009788    0000005c     sysbios.aem4 : BIOS.obj (.text:ti_sysbios_knl_Task_startCore__E)
                  200097e4    0000005b     ti.targets.arm.rtsarm.aem4 : Text.oem4 (.text:xdc_runtime_Text_putLab__E)
                  2000983f    00000001     --HOLE-- [fill = 0]
                  20009840    0000005a     tirtosport.aem4 : ClockP_tirtos.oem4 (.text:ClockP_create)
                  2000989a    00000002     --HOLE-- [fill = 0]
                  2000989c    00000058     driverlib.a : interrupt.obj (.text:IntPendClear)
                  200098f4    00000058                 : prcm.obj (.text:PRCMPeripheralReset)
                  2000994c    00000058     drivers_cc32xxware.aem4 : PowerCC3200.oem4 (.text:Power_init)
                  200099a4    00000058     tirtosport.aem4 : SemaphoreP_tirtos.oem4 (.text:SemaphoreP_create)
                  200099fc    00000058     CDIO_CC3200_pem4.oem4 (.text:ti_sysbios_family_arm_m3_Hwi_construct)
                  20009a54    00000054     drivers_cc32xxware.aem4 : UARTCC3200.oem4 (.text:UARTCC3200_writeCancel)
                  20009aa8    00000054                             : UARTCC3200.oem4 (.text:readIsrBinaryCallback)
                  20009afc    00000054     rtsv7M4_T_le_eabi.lib : exit.obj (.text)
                  20009b50    00000054     sysbios.aem4 : BIOS.obj (.text:ti_sysbios_family_arm_m3_Timer_setPeriod__E)
                  20009ba4    00000004     CDIO_CC3200_pem4.oem4 (.text:ti_sysbios_knl_Clock_destruct)
                  20009ba8    00000054     sysbios.aem4 : BIOS.obj (.text:ti_sysbios_family_arm_m3_Timer_start__E)
                  20009bfc    00000054     CDIO_CC3200_pem4.oem4 (.text:ti_sysbios_knl_Task_construct)
                  20009c50    00000054     ti.targets.arm.rtsarm.aem4 : Assert.oem4 (.text:xdc_runtime_Assert_raise__I)
                  20009ca4    00000004     CDIO_CC3200_pem4.oem4 (.text:ti_sysbios_knl_Queue_destruct)
                  20009ca8    00000050     sysbios.aem4 : BIOS.obj (.text:ti_sysbios_family_arm_m3_Hwi_Module_startup__E)
                  20009cf8    00000050     ti.targets.arm.rtsarm.aem4 : Startup.oem4 (.text:xdc_runtime_Startup_exec__E)
                  20009d48    00000050                                : Text.oem4 (.text:xdc_runtime_Text_visitRope2__I)
                  20009d98    0000004c     gpio_if.obj (.text:GPIO_IF_GetPortNPin)
                  20009de4    0000004c     drivers_cc32xxware.aem4 : GPIOCC3200.oem4 (.text:GPIO_setCallback)
                  20009e30    0000004c     rtsv7M4_T_le_eabi.lib : cpy_tbl.obj (.text)
                  20009e7c    0000004c     sysbios.aem4 : m3_TaskSupport_asm.obj (.text:ti_sysbios_family_arm_m3_TaskSupport_buildTaskStack)
                  20009ec8    0000004c                  : BIOS.obj (.text:ti_sysbios_family_arm_m3_Timer_setPeriodMicroSecs__E)
                  20009f14    00000004     CDIO_CC3200_pem4.oem4 (.text:ti_sysbios_knl_Semaphore_destruct)
                  20009f18    0000004c     sysbios.aem4 : BIOS.obj (.text:ti_sysbios_heaps_HeapMem_getStats__E)
                  20009f64    00000004     ti.targets.arm.rtsarm.aem4 : Error.oem4 (.text:xdc_runtime_Error_getSite__E)
                  20009f68    0000004c     sysbios.aem4 : BIOS.obj (.text:ti_sysbios_knl_Swi_runLoop__I)
                  20009fb4    00000004     CDIO_CC3200_pem4.oem4 (.text:xdc_runtime_System_Module_GateProxy_enter__E)
                  20009fb8    0000004c     sysbios.aem4 : BIOS.obj (.text:ti_sysbios_knl_Task_allBlockedFunction__I)
                  2000a004    00000048     driverlib.a : flash.obj (.text:FlashDisable)
                  2000a04c    00000048                 : prcm.obj (.text:PRCMHibernateWakeupSourceEnable)
                  2000a094    00000048                 : pin.obj (.text:PinConfigGet)
                  2000a0dc    00000048     drivers_cc32xxware.aem4 : PowerCC3200.oem4 (.text:notify)
                  2000a124    00000004     CDIO_CC3200_pem4.oem4 (.text:xdc_runtime_System_Module_GateProxy_leave__E)
                  2000a128    00000048     sysbios.aem4 : BIOS.obj (.text:ti_sysbios_family_arm_m3_Hwi_disableInterrupt__E)
                  2000a170    00000048                  : BIOS.obj (.text:ti_sysbios_family_arm_m3_Hwi_enableInterrupt__E)
                  2000a1b8    00000048                  : BIOS.obj (.text:ti_sysbios_family_arm_m3_Hwi_excReserved__I)
                  2000a200    00000048                  : m3_Hwi_asm_switch.obj (.text:ti_sysbios_family_arm_m3_Hwi_initStacks__E)
                  2000a248    00000048                  : BIOS.obj (.text:ti_sysbios_family_arm_m3_Timer_initDevice__I)
                  2000a290    00000046     drivers_cc32xxware.aem4 : RingBuf.oem4 (.text:RingBuf_put)
                  2000a2d6    00000046     ti.targets.arm.rtsarm.aem4 : Core-params.oem4 (.text:xdc_runtime_Core_assignParams__I)
                  2000a31c    00000044     driverlib.a : prcm.obj (.text:PRCMLPDSEnter)
                  2000a360    00000044     drivers_cc32xxware.aem4 : PowerCC3200_asm.oem4 (.text:PowerCC3200_enterLPDS)
                  2000a3a4    00000044                             : UARTCC3200.oem4 (.text:UARTCC3200_hwiIntFxn)
                  2000a3e8    00000044     boot.aem4 : boot.oem4 (.text)
                  2000a42c    00000004     ti.targets.arm.rtsarm.aem4 : System.oem4 (.text:xdc_runtime_System_aprintf_va__F)
                  2000a430    00000044     sysbios.aem4 : BIOS.obj (.text:ti_sysbios_family_arm_m3_Hwi_getStackInfo__E)
                  2000a474    00000004     ti.targets.arm.rtsarm.aem4 : System.oem4 (.text:xdc_runtime_System_printf_va__F)
                  2000a478    00000044     sysbios.aem4 : BIOS.obj (.text:ti_sysbios_knl_Swi_post__E)
                  2000a4bc    00000044     ti.targets.arm.rtsarm.aem4 : Error.oem4 (.text:xdc_runtime_Error_setX__E)
                  2000a500    00000044                                : SysMin.oem4 (.text:xdc_runtime_SysMin_flush__E)
                  2000a544    00000044                                : Text.oem4 (.text:xdc_runtime_Text_xprintf__I)
                  2000a588    00000042     drivers_cc32xxware.aem4 : PowerCC3200_asm.oem4 (.text:PowerCC3200_resumeLPDS)
                  2000a5ca    00000042                             : UARTCC3200.oem4 (.text:UARTCC3200_writePolling)
                  2000a60c    00000040                             : GPIOCC3200.oem4 (.text:GPIO_enableInt)
                  2000a64c    00000040     driverlib.a : pin.obj (.text:PinModeSet)
                  2000a68c    00000040     drivers_cc32xxware.aem4 : PowerCC3200.oem4 (.text:Power_setDependency)
                  2000a6cc    00000040                             : RingBuf.oem4 (.text:RingBuf_get)
                  2000a70c    00000040                             : UARTCC3200.oem4 (.text:UARTCC3200_read)
                  2000a74c    00000040     rtsv7M4_T_le_eabi.lib : u_divt2.obj (.text)
                  2000a78c    00000004     --HOLE-- [fill = 0]
                  2000a790    00000040     sysbios.aem4 : BIOS.obj (.text:ti_sysbios_family_arm_m3_Timer_Module_startup__E)
                  2000a7d0    0000003c     driverlib.a : prcm.obj (.text:PRCMPeripheralClkEnable)
                  2000a80c    0000003c                 : prcm.obj (.text:PRCMSlowClkCtrFastGet)
                  2000a848    0000003c                 : pin.obj (.text:PinDirModeSet)
                  2000a884    0000003c     CDIO_CC3200.obj (.text:brytarIntX)
                  2000a8c0    0000003c     CDIO_CC3200.obj (.text:brytarIntY)
                  2000a8fc    00000004     --HOLE-- [fill = 0]
                  2000a900    0000003c     sysbios.aem4 : BIOS.obj (.text:ti_sysbios_family_arm_m3_Hwi_excSvCall__I)
                  2000a93c    00000004     --HOLE-- [fill = 0]
                  2000a940    0000003c                  : BIOS.obj (.text:ti_sysbios_heaps_HeapMem_init__I)
                  2000a97c    00000004     --HOLE-- [fill = 0]
                  2000a980    0000003c                  : BIOS.obj (.text:ti_sysbios_knl_Clock_walkQueuePeriodic__E)
                  2000a9bc    00000004     --HOLE-- [fill = 0]
                  2000a9c0    0000003c                  : BIOS.obj (.text:ti_sysbios_knl_Swi_restore__E)
                  2000a9fc    00000004     --HOLE-- [fill = 0]
                  2000aa00    0000003c                  : BIOS.obj (.text:ti_sysbios_knl_Swi_startup__E)
                  2000aa3c    0000003a     gpio_if.obj (.text:GPIO_IF_Set)
                  2000aa76    00000002     --HOLE-- [fill = 0]
                  2000aa78    00000038     driverlib.a : prcm.obj (.text:PRCMIntEnable)
                  2000aab0    00000038     drivers_cc32xxware.aem4 : PWM.oem4 (.text:PWM_init)
                  2000aae8    00000038     power_cc3200_tirtos.aem4 : PowerCC3200_tirtos.oem4 (.text:PowerCC3200_initPolicy)
                  2000ab20    00000038     drivers_cc32xxware.aem4 : UART.oem4 (.text:UART_init)
                  2000ab58    00000038     sysbios.aem4 : BIOS.obj (.text:ti_sysbios_family_arm_m3_Hwi_excNoIsr__I)
                  2000ab90    00000038                  : BIOS.obj (.text:ti_sysbios_knl_Task_processVitalTaskFlag__I)
                  2000abc8    00000038     ti.targets.arm.rtsarm.aem4 : SysMin.oem4 (.text:xdc_runtime_SysMin_putch__E)
                  2000ac00    00000038                                : System.oem4 (.text:xdc_runtime_System_atexit__E)
                  2000ac38    00000036     driverlib.a : gpio.obj (.text:GPIODirModeSet)
                  2000ac6e    00000036                 : timer.obj (.text:TimerControlLevel)
                  2000aca4    00000036     drivers_cc32xxware.aem4 : UARTCC3200.oem4 (.text:UARTCC3200_readCancel)
                  2000acda    00000002     --HOLE-- [fill = 0]
                  2000acdc    00000034     driverlib.a : prcm.obj (.text:PRCMPeripheralStatusGet)
                  2000ad10    00000034                 : prcm.obj (.text:PRCMSRAMRetentionEnable)
                  2000ad44    00000034     drivers_cc32xxware.aem4 : PowerCC3200.oem4 (.text:Power_releaseDependency)
                  2000ad78    00000034     power_cc3200_tirtos.aem4 : PowerCC3200_tirtos.oem4 (.text:getCountsRTC)
                  2000adac    00000034     drivers_cc32xxware.aem4 : PWMTimerCC3200.oem4 (.text:getPowerMgrId)
                  2000ade0    00000034     CDIO_CC3200.obj (.text:moveToOrigin)
                  2000ae14    00000034     drivers_cc32xxware.aem4 : PowerCC3200.oem4 (.text:restorePeriphClocks)
                  2000ae48    00000034     sysbios.aem4 : BIOS.obj (.text:ti_sysbios_family_arm_m3_Hwi_Instance_finalize__E)
                  2000ae7c    00000004     --HOLE-- [fill = 0]
                  2000ae80    00000034                  : BIOS.obj (.text:ti_sysbios_family_arm_m3_Hwi_excNmi__I)
                  2000aeb4    00000004     --HOLE-- [fill = 0]
                  2000aeb8    00000034                  : BIOS.obj (.text:ti_sysbios_family_arm_m3_Timer_periodicStub__I)
                  2000aeec    00000004     --HOLE-- [fill = 0]
                  2000aef0    00000034                  : BIOS.obj (.text:ti_sysbios_hal_Hwi_checkStack)
                  2000af24    00000034     CDIO_CC3200_pem4.oem4 (.text:ti_sysbios_knl_Clock_construct)
                  2000af58    00000034     ti.targets.arm.rtsarm.aem4 : Core-label.oem4 (.text:xdc_runtime_Core_assignLabel__I)
                  2000af8c    00000033                                : Text.oem4 (.text:xdc_runtime_Text_printVisFxn__I)
                  2000afbf    00000001     --HOLE-- [fill = 0]
                  2000afc0    00000032     sysbios.aem4 : BIOS.obj (.text:ti_sysbios_hal_Hwi_initStack)
                  2000aff2    00000002     --HOLE-- [fill = 0]
                  2000aff4    00000030     drivers_cc32xxware.aem4 : PWM.oem4 (.text:PWM_open)
                  2000b024    00000030     driverlib.a : pin.obj (.text:PinTypeGPIO)
                  2000b054    00000030     drivers_cc32xxware.aem4 : PowerCC3200.oem4 (.text:Power_releaseConstraint)
                  2000b084    00000030                             : PowerCC3200.oem4 (.text:Power_setConstraint)
                  2000b0b4    00000030     driverlib.a : uart.obj (.text:UARTDisable)
                  2000b0e4    00000030     drivers_cc32xxware.aem4 : UART.oem4 (.text:UART_open)
                  2000b114    00000030     CDIO_CC3200_pem4.oem4 (.text:ti_sysbios_BIOS_atExitFunc__I)
                  2000b144    00000004     --HOLE-- [fill = 0]
                  2000b148    00000030     sysbios.aem4 : BIOS.obj (.text:ti_sysbios_family_arm_m3_TaskSupport_start__E)
                  2000b178    00000030     CDIO_CC3200_pem4.oem4 (.text:ti_sysbios_gates_GateHwi_Object__create__S)
                  2000b1a8    00000030     CDIO_CC3200_pem4.oem4 (.text:ti_sysbios_gates_GateMutex_Object__create__S)
                  2000b1d8    00000030     CDIO_CC3200_pem4.oem4 (.text:ti_sysbios_heaps_HeapMem_Object__create__S)
                  2000b208    00000030     CDIO_CC3200_pem4.oem4 (.text:ti_sysbios_knl_Semaphore_construct)
                  2000b238    00000030     sysbios.aem4 : BIOS.obj (.text:ti_sysbios_knl_Semaphore_pendTimeout__I)
                  2000b268    00000030                  : BIOS.obj (.text:ti_sysbios_knl_Task_unblockI__E)
                  2000b298    00000030     ti.targets.arm.rtsarm.aem4 : SysMin.oem4 (.text:xdc_runtime_SysMin_abort__E)
                  2000b2c8    00000030                                : System.oem4 (.text:xdc_runtime_System_processAtExit__E)
                  2000b2f8    0000002e     drivers_cc32xxware.aem4 : PWMTimerCC3200.oem4 (.text:PWMTimerCC3200_close)
                  2000b326    00000002     --HOLE-- [fill = 0]
                  2000b328    0000002c     driverlib.a : prcm.obj (.text:PRCMLPDSIntervalSet)
                  2000b354    0000002c                 : prcm.obj (.text:PRCMSysResetCauseGet)
                  2000b380    0000002c     CDIO_CC3200_pem4.oem4 (.text:ti_sysbios_knl_Clock_doTick__I)
                  2000b3ac    0000002c     CDIO_CC3200_pem4.oem4 (.text:ti_sysbios_knl_Queue_construct)
                  2000b3d8    0000002c     sysbios.aem4 : BIOS.obj (.text:ti_sysbios_knl_Task_restore__E)
                  2000b404    0000002c     ti.targets.arm.rtsarm.aem4 : Text.oem4 (.text:xdc_runtime_Text_cordText__E)
                  2000b430    0000002a     driverlib.a : timer.obj (.text:TimerLoadSet)
                  2000b45a    0000002a                 : timer.obj (.text:TimerMatchSet)
                  2000b484    0000002a                 : timer.obj (.text:TimerPrescaleMatchSet)
                  2000b4ae    0000002a                 : timer.obj (.text:TimerPrescaleSet)
                  2000b4d8    0000002a     ti.targets.arm.rtsarm.aem4 : System.oem4 (.text:xdc_runtime_System_putchar__I)
                  2000b502    00000002     --HOLE-- [fill = 0]
                  2000b504    00000028     driverlib.a : prcm.obj (.text:PRCMLPDSWakeupSourceEnable)
                  2000b52c    00000028                 : prcm.obj (.text:PRCMPeripheralClkDisable)
                  2000b554    00000028     drivers_cc32xxware.aem4 : PowerCC3200.oem4 (.text:Power_registerNotify)
                  2000b57c    00000028                             : UARTCC3200.oem4 (.text:releasePowerConstraint)
                  2000b5a4    00000004     --HOLE-- [fill = 0]
                  2000b5a8    00000028     sysbios.aem4 : BIOS.obj (.text:ti_sysbios_knl_Swi_Module_startup__E)
                  2000b5d0    00000026     drivers_cc32xxware.aem4 : List.oem4 (.text:List_put)
                  2000b5f6    00000026     ti.targets.arm.rtsarm.aem4 : System.oem4 (.text:xdc_runtime_System_avprintf__E)
                  2000b61c    00000024     driverlib.a : prcm.obj (.text:PRCMLPDSWakeUpGPIOSelect)
                  2000b640    00000024                 : uart.obj (.text:UARTCharPutNonBlocking)
                  2000b664    00000024                 : uart.obj (.text:UARTEnable)
                  2000b688    00000024     CDIO_CC3200_pem4.oem4 (.text:ti_sysbios_BIOS_errorRaiseHook__I)
                  2000b6ac    00000024     CDIO_CC3200_pem4.oem4 (.text:ti_sysbios_BIOS_registerRTSLock__I)
                  2000b6d0    00000024     CDIO_CC3200_pem4.oem4 (.text:ti_sysbios_BIOS_removeRTSLock__I)
                  2000b6f4    00000024     CDIO_CC3200_pem4.oem4 (.text:ti_sysbios_BIOS_startFunc__I)
                  2000b718    00000024     sysbios.aem4 : BIOS.obj (.text:ti_sysbios_family_arm_m3_Hwi_doTaskRestore__I)
                  2000b73c    00000004     --HOLE-- [fill = 0]
                  2000b740    00000024                  : BIOS.obj (.text:ti_sysbios_family_arm_m3_Timer_startup__E)
                  2000b764    00000024     CDIO_CC3200_pem4.oem4 (.text:ti_sysbios_gates_GateMutex_Object__delete__S)
                  2000b788    00000024     sysbios.aem4 : BIOS.obj (.text:ti_sysbios_knl_Clock_Module_startup__E)
                  2000b7ac    00000024     ti.targets.arm.rtsarm.aem4 : System.oem4 (.text:xdc_runtime_System_vprintf__E)
                  2000b7d0    00000022     driverlib.a : gpio.obj (.text:GPIOIntStatus)
                  2000b7f2    00000022     CDIO_CC3200_pem4.oem4 (.text:xdc_runtime_SysMin_output__I)
                  2000b814    00000020     driverlib.a : gpio.obj (.text:GPIOPinWrite)
                  2000b834    00000020                 : prcm.obj (.text:PRCMLPDSRestoreInfoSet)
                  2000b854    00000020     drivers_cc32xxware.aem4 : PowerCC3200.oem4 (.text:Power_idleFunc)
                  2000b874    00000020                             : PowerCC3200.oem4 (.text:Power_unregisterNotify)
                  2000b894    00000020                             : UARTCC3200.oem4 (.text:getPowerMgrId)
                  2000b8b4    00000020     CDIO_CC3200_pem4.oem4 (.text:ti_sysbios_BIOS_rtsLock__I)
                  2000b8d4    00000020     sysbios.aem4 : m3_Hwi_asm.obj (.text:ti_sysbios_family_arm_m3_Hwi_excHandlerAsm__I)
                  2000b8f4    00000004     --HOLE-- [fill = 0]
                  2000b8f8    00000020                  : BIOS.obj (.text:ti_sysbios_family_arm_m3_Hwi_excHandler__I)
                  2000b918    00000020     CDIO_CC3200_pem4.oem4 (.text:ti_sysbios_gates_GateHwi_Object__delete__S)
                  2000b938    00000020     CDIO_CC3200_pem4.oem4 (.text:ti_sysbios_heaps_HeapMem_Object__delete__S)
                  2000b958    00000020     CDIO_CC3200_pem4.oem4 (.text:ti_sysbios_knl_Clock_Object__destruct__S)
                  2000b978    00000020     sysbios.aem4 : BIOS.obj (.text:ti_sysbios_knl_Idle_run__E)
                  2000b998    00000020     CDIO_CC3200_pem4.oem4 (.text:ti_sysbios_knl_Semaphore_Object__destruct__S)
                  2000b9b8    00000020     ti.targets.arm.rtsarm.aem4 : Registry.oem4 (.text:xdc_runtime_Registry_findById__E)
                  2000b9d8    00000020                                : SysMin.oem4 (.text:xdc_runtime_SysMin_Module_startup__E)
                  2000b9f8    0000001e     driverlib.a : timer.obj (.text:TimerDisable)
                  2000ba16    0000001e                 : timer.obj (.text:TimerEnable)
                  2000ba34    0000001e                 : uart.obj (.text:UARTCharPut)
                  2000ba52    0000001e                 : uart.obj (.text:UARTIntStatus)
                  2000ba70    0000001e     sysbios.aem4 : m3_Hwi_asm_switch.obj (.text:ti_sysbios_family_xxx_Hwi_switchAndRunFunc)
                  2000ba8e    0000001c     driverlib.a : uart.obj (.text:UARTCharGetNonBlocking)
                  2000baaa    0000001c                 : uart.obj (.text:UARTFlowControlSet)
                  2000bac6    00000002     --HOLE-- [fill = 0]
                  2000bac8    0000001c     CDIO_CC3200_pem4.oem4 (.text:ti_sysbios_family_arm_m3_Hwi_Object__destruct__S)
                  2000bae4    00000004     --HOLE-- [fill = 0]
                  2000bae8    0000001c     sysbios.aem4 : BIOS.obj (.text:ti_sysbios_family_arm_m3_Timer_stop__E)
                  2000bb04    00000004     --HOLE-- [fill = 0]
                  2000bb08    0000001c                  : BIOS.obj (.text:ti_sysbios_gates_GateMutex_Instance_init__E)
                  2000bb24    0000001c     CDIO_CC3200_pem4.oem4 (.text:ti_sysbios_knl_Queue_Object__destruct__S)
                  2000bb40    0000001c     sysbios.aem4 : BIOS.obj (.text:ti_sysbios_knl_Task_enter__I)
                  2000bb5c    0000001c     ti.targets.arm.rtsarm.aem4 : Error.oem4 (.text:xdc_runtime_Error_raiseX__E)
                  2000bb78    0000001c                                : Memory.oem4 (.text:xdc_runtime_Memory_valloc__E)
                  2000bb94    0000001c                                : SysMin.oem4 (.text:xdc_runtime_SysMin_exit__E)
                  2000bbb0    0000001c                                : System.oem4 (.text:xdc_runtime_System_abort__E)
                  2000bbcc    0000001a     driverlib.a : gpio.obj (.text:GPIOIntEnable)
                  2000bbe6    0000001a     drivers_cc32xxware.aem4 : List.oem4 (.text:List_remove)
                  2000bc00    0000001a     driverlib.a : pin.obj (.text:PinTypeTimer)
                  2000bc1a    0000001a     CDIO_CC3200_pem4.oem4 (.text:ti_sysbios_family_arm_m3_Hwi_Handle__label__S)
                  2000bc34    0000001a     sysbios.aem4 : m3_Hwi_asm.obj (.text:ti_sysbios_family_arm_m3_Hwi_pendSV__I)
                  2000bc4e    0000001a     CDIO_CC3200_pem4.oem4 (.text:ti_sysbios_gates_GateHwi_Handle__label__S)
                  2000bc68    0000001a     CDIO_CC3200_pem4.oem4 (.text:ti_sysbios_gates_GateMutex_Handle__label__S)
                  2000bc82    0000001a     CDIO_CC3200_pem4.oem4 (.text:ti_sysbios_heaps_HeapMem_Handle__label__S)
                  2000bc9c    0000001a     CDIO_CC3200_pem4.oem4 (.text:ti_sysbios_knl_Swi_Handle__label__S)
                  2000bcb6    0000001a     CDIO_CC3200_pem4.oem4 (.text:ti_sysbios_knl_Task_Handle__label__S)
                  2000bcd0    0000001a     CDIO_CC3200_pem4.oem4 (.text:xdc_runtime_System_aprintf__E)
                  2000bcea    0000001a     CDIO_CC3200_pem4.oem4 (.text:xdc_runtime_System_printf__E)
                  2000bd04    00000018     driverlib.a : uart.obj (.text:UARTBusy)
                  2000bd1c    00000018                 : uart.obj (.text:UARTFIFOLevelSet)
                  2000bd34    00000018                 : uart.obj (.text:UARTIntDisable)
                  2000bd4c    00000018                 : uart.obj (.text:UARTIntEnable)
                  2000bd64    00000018     drivers_cc32xxware.aem4 : UART.oem4 (.text:UART_Params_init)
                  2000bd7c    00000018     rtsv7M4_T_le_eabi.lib : args_main.obj (.text)
                  2000bd94    00000018                           : ll_mul_t2.obj (.text)
                  2000bdac    00000018     CDIO_CC3200_pem4.oem4 (.text:ti_sysbios_BIOS_rtsUnlock__I)
                  2000bdc4    00000018     CDIO_CC3200_pem4.oem4 (.text:ti_sysbios_family_arm_m3_Hwi_Module__startupDone__F)
                  2000bddc    00000018     CDIO_CC3200_pem4.oem4 (.text:ti_sysbios_family_arm_m3_Timer_Module__startupDone__F)
                  2000bdf4    00000004     --HOLE-- [fill = 0]
                  2000bdf8    00000018     sysbios.aem4 : BIOS.obj (.text:ti_sysbios_gates_GateMutex_leave__E)
                  2000be10    00000018                  : BIOS.obj (.text:ti_sysbios_knl_Task_sleepTimeout__I)
                  2000be28    00000018     ti.targets.arm.rtsarm.aem4 : Error.oem4 (.text:xdc_runtime_Error_check__E)
                  2000be40    00000018                                : System.oem4 (.text:xdc_runtime_System_exit__E)
                  2000be58    00000018                                : Text.oem4 (.text:xdc_runtime_Text_ropeText__E)
                  2000be70    00000016     tirtosport.aem4 : ClockP_tirtos.oem4 (.text:ClockP_delete)
                  2000be86    00000016                     : HwiP_tirtos.oem4 (.text:HwiP_delete)
                  2000be9c    00000016     driverlib.a : prcm.obj (.text:PRCMHIBRegRead)
                  2000beb2    00000016                 : prcm.obj (.text:PRCMHIBRegWrite)
                  2000bec8    00000016     tirtosport.aem4 : SemaphoreP_tirtos.oem4 (.text:SemaphoreP_delete)
                  2000bede    00000016     driverlib.a : uart.obj (.text:UARTCharGet)
                  2000bef4    00000016     drivers_cc32xxware.aem4 : UARTCC3200.oem4 (.text:startTxFifoEmptyClk)
                  2000bf0a    00000016     CDIO_CC3200_pem4.oem4 (.text:ti_sysbios_BIOS_exitFunc__I)
                  2000bf20    00000016     CDIO_CC3200.obj (.text:ti_sysbios_knl_Task_Params_init)
                  2000bf36    00000014     driverlib.a : cpu.obj (.text:CPUcpsid)
                  2000bf4a    00000014                 : cpu.obj (.text:CPUcpsie)
                  2000bf5e    00000014                 : gpio.obj (.text:GPIOIntClear)
                  2000bf72    00000002     --HOLE-- [fill = 0]
                  2000bf74    00000014     rtsv7M4_T_le_eabi.lib : _lock.obj (.text)
                  2000bf88    00000014                           : strcpy.obj (.text)
                  2000bf9c    00000014                           : strlen.obj (.text)
                  2000bfb0    00000014     CDIO_CC3200_pem4.oem4 (.text:ti_sysbios_family_arm_m3_Hwi_Object__get__S)
                  2000bfc4    00000004     --HOLE-- [fill = 0]
                  2000bfc8    00000014     sysbios.aem4 : BIOS.obj (.text:ti_sysbios_family_arm_m3_Hwi_switchFromBootStack__E)
                  2000bfdc    00000014     CDIO_CC3200_pem4.oem4 (.text:ti_sysbios_heaps_HeapMem_Object__get__S)
                  2000bff0    00000014     sysbios.aem4 : BIOS.obj (.text:ti_sysbios_knl_Clock_tickReconfig__E)
                  2000c004    00000014     CDIO_CC3200_pem4.oem4 (.text:ti_sysbios_knl_Swi_Object__get__S)
                  2000c018    00000012     tirtosport.aem4 : ClockP_tirtos.oem4 (.text:ClockP_start)
                  2000c02a    00000012     drivers_cc32xxware.aem4 : RingBuf.oem4 (.text:RingBuf_construct)
                  2000c03c    00000012     tirtosport.aem4 : SemaphoreP_tirtos.oem4 (.text:SemaphoreP_pend)
                  2000c04e    00000012     driverlib.a : uart.obj (.text:UARTIntClear)
                  2000c060    00000012                 : uart.obj (.text:UARTRxErrorGet)
                  2000c072    00000006     rtsv7M4_T_le_eabi.lib : copy_decompress_rle.obj (.text:decompress:rle24)
                  2000c078    00000012     sysbios.aem4 : BIOS.obj (.text:ti_sysbios_hal_Hwi_Module_startup__E)
                  2000c08a    00000012     CDIO_CC3200_pem4.oem4 (.text:xdc_runtime_Startup_exec__I)
                  2000c09c    00000010     CC3200_LAUNCHXL.obj (.text:CC3200_LAUNCHXL_initGeneral)
                  2000c0ac    00000010     drivers_cc32xxware.aem4 : PWM.oem4 (.text:PWM_Params_init)
                  2000c0bc    00000010     driverlib.a : uart.obj (.text:UARTRxErrorClear)
                  2000c0cc    00000010     drivers_cc32xxware.aem4 : UARTCC3200.oem4 (.text:readBlockingTimeout)
                  2000c0dc    00000004     --HOLE-- [fill = 0]
                  2000c0e0    00000010     sysbios.aem4 : BIOS.obj (.text:ti_sysbios_BIOS_getCpuFreq__E)
                  2000c0f0    00000010                  : BIOS.obj (.text:ti_sysbios_BIOS_setThreadType__E)
                  2000c100    00000010                  : BIOS.obj (.text:ti_sysbios_BIOS_start__E)
                  2000c110    00000010                  : m3_TaskSupport_asm.obj (.text:ti_sysbios_family_arm_m3_TaskSupport_glue)
                  2000c120    00000010                  : m3_TaskSupport_asm.obj (.text:ti_sysbios_family_arm_m3_TaskSupport_swap__E)
                  2000c130    00000010                  : BIOS.obj (.text:ti_sysbios_gates_GateMutex_Instance_finalize__E)
                  2000c140    00000010                  : BIOS.obj (.text:ti_sysbios_knl_Semaphore_Instance_finalize__E)
                  2000c150    00000010                  : BIOS.obj (.text:ti_sysbios_knl_Swi_disable__E)
                  2000c160    00000010     CDIO_CC3200_pem4.oem4 (.text:ti_sysbios_knl_Task_Object__get__S)
                  2000c170    00000010     sysbios.aem4 : BIOS.obj (.text:ti_sysbios_knl_Task_disable__E)
                  2000c180    00000010     ti.targets.arm.rtsarm.aem4 : Gate.oem4 (.text:xdc_runtime_Gate_leaveSystem__E)
                  2000c190    00000010                                : Memory.oem4 (.text:xdc_runtime_Memory_free__E)
                  2000c1a0    00000010                                : SysMin.oem4 (.text:xdc_runtime_SysMin_ready__E)
                  2000c1b0    00000010                                : System.oem4 (.text:xdc_runtime_System_vsnprintf__E)
                  2000c1c0    00000010     CDIO_CC3200_pem4.oem4 (.text:xdc_runtime_Text_visitRope__I)
                  2000c1d0    0000000e     tirtosport.aem4 : HwiP_tirtos.oem4 (.text:HwiP_Params_init)
                  2000c1de    0000000e     rtsv7M4_T_le_eabi.lib : copy_decompress_none.obj (.text:decompress:none)
                  2000c1ec    00000004     --HOLE-- [fill = 0]
                  2000c1f0    0000000e     sysbios.aem4 : BIOS.obj (.text:ti_sysbios_knl_Idle_loop__E)
                  2000c1fe    00000002     --HOLE-- [fill = 0]
                  2000c200    0000000e                  : BIOS.obj (.text:ti_sysbios_knl_Queue_empty__E)
                  2000c20e    0000000c     driverlib.a : cpu.obj (.text:CPUwfi)
                  2000c21a    00000002     --HOLE-- [fill = 0]
                  2000c21c    0000000c     tirtosport.aem4 : ClockP_tirtos.oem4 (.text:ClockP_getSystemTickPeriod)
                  2000c228    0000000c     drivers_cc32xxware.aem4 : PowerCC3200.oem4 (.text:Power_getConstraintMask)
                  2000c234    0000000c                             : PowerCC3200.oem4 (.text:Power_getDependencyCount)
                  2000c240    0000000c                             : RingBuf.oem4 (.text:RingBuf_peek)
                  2000c24c    0000000c                             : UARTCC3200.oem4 (.text:UARTCC3200_init)
                  2000c258    0000000c                             : UARTCC3200.oem4 (.text:postNotifyFxn)
                  2000c264    0000000c     CDIO_CC3200_pem4.oem4 (.text:ti_sysbios_family_arm_m3_Hwi_Params__init__S)
                  2000c270    0000000c     sysbios.aem4 : BIOS.obj (.text:ti_sysbios_family_arm_m3_Hwi_disableFxn__E)
                  2000c27c    00000004     --HOLE-- [fill = 0]
                  2000c280    0000000c                  : BIOS.obj (.text:ti_sysbios_family_arm_m3_TaskSupport_checkStack__E)
                  2000c28c    00000004     --HOLE-- [fill = 0]
                  2000c290    0000000c                  : BIOS.obj (.text:ti_sysbios_family_arm_m3_TaskSupport_getStackAlignment__E)
                  2000c29c    00000004     --HOLE-- [fill = 0]
                  2000c2a0    0000000c                  : BIOS.obj (.text:ti_sysbios_gates_GateHwi_enter__E)
                  2000c2ac    0000000c     CDIO_CC3200_pem4.oem4 (.text:ti_sysbios_knl_Clock_Params__init__S)
                  2000c2b8    0000000c     sysbios.aem4 : BIOS.obj (.text:ti_sysbios_knl_Clock_getTicks__E)
                  2000c2c4    00000004     --HOLE-- [fill = 0]
                  2000c2c8    0000000c                  : BIOS.obj (.text:ti_sysbios_knl_Clock_setTicks__E)
                  2000c2d4    00000004     --HOLE-- [fill = 0]
                  2000c2d8    0000000c                  : BIOS.obj (.text:ti_sysbios_knl_Clock_tickStart__E)
                  2000c2e4    00000004     --HOLE-- [fill = 0]
                  2000c2e8    0000000c                  : BIOS.obj (.text:ti_sysbios_knl_Clock_tickStop__E)
                  2000c2f4    0000000c     CDIO_CC3200_pem4.oem4 (.text:ti_sysbios_knl_Queue_Object__get__S)
                  2000c300    0000000c     CDIO_CC3200_pem4.oem4 (.text:ti_sysbios_knl_Semaphore_Params__init__S)
                  2000c30c    0000000c     CDIO_CC3200_pem4.oem4 (.text:ti_sysbios_knl_Task_Params__init__S)
                  2000c318    0000000c     ti.targets.arm.rtsarm.aem4 : Error.oem4 (.text:xdc_runtime_Error_init__E)
                  2000c324    0000000c                                : Gate.oem4 (.text:xdc_runtime_Gate_enterSystem__E)
                  2000c330    0000000c                                : Memory.oem4 (.text:xdc_runtime_Memory_calloc__E)
                  2000c33c    0000000c                                : Memory.oem4 (.text:xdc_runtime_Memory_getMaxDefaultTypeAlign__E)
                  2000c348    0000000a     tirtosport.aem4 : ClockP_tirtos.oem4 (.text:ClockP_stop)
                  2000c352    0000000a     drivers_cc32xxware.aem4 : List.oem4 (.text:List_empty)
                  2000c35c    0000000a                             : PWMTimerCC3200.oem4 (.text:PWMTimerCC3200_getPeriodCounts)
                  2000c366    0000000a                             : PWM.oem4 (.text:PWM_setDuty)
                  2000c370    0000000a     tirtosport.aem4 : SemaphoreP_tirtos.oem4 (.text:SemaphoreP_post)
                  2000c37a    0000000a     drivers_cc32xxware.aem4 : UART.oem4 (.text:UART_read)
                  2000c384    0000000a                             : UART.oem4 (.text:UART_write)
                  2000c38e    0000000a     CDIO_CC3200_pem4.oem4 (.text:xdc_runtime_IHeap_alloc)
                  2000c398    0000000a     CDIO_CC3200_pem4.oem4 (.text:xdc_runtime_IHeap_free)
                  2000c3a2    00000008     CC3200_LAUNCHXL.obj (.text:CC3200_LAUNCHXL_initGPIO)
                  2000c3aa    00000008     CC3200_LAUNCHXL.obj (.text:CC3200_LAUNCHXL_initPWM)
                  2000c3b2    00000008     CC3200_LAUNCHXL.obj (.text:CC3200_LAUNCHXL_initUART)
                  2000c3ba    00000008     tirtosport.aem4 : ClockP_tirtos.oem4 (.text:ClockP_Params_init)
                  2000c3c2    00000008     driverlib.a : prcm.obj (.text:PRCMSleepEnter)
                  2000c3ca    00000008     drivers_cc32xxware.aem4 : PWMTimerCC3200.oem4 (.text:PWMTimerCC3200_init)
                  2000c3d2    00000008     tirtosport.aem4 : SemaphoreP_tirtos.oem4 (.text:SemaphoreP_Params_init)
                  2000c3da    00000008     drivers_cc32xxware.aem4 : UARTCC3200.oem4 (.text:readSemCallback)
                  2000c3e2    00000006     ti.targets.arm.rtsarm.aem4 : System.oem4 (.text:xdc_runtime_System_Module_startup__E)
                  2000c3e8    00000008     sysbios.aem4 : BIOS.obj (.text:ti_sysbios_family_arm_m3_Hwi_doSwiRestore__I)
                  2000c3f0    00000008                  : BIOS.obj (.text:ti_sysbios_family_arm_m3_Hwi_startup__E)
                  2000c3f8    00000008     drivers_cc32xxware.aem4 : UARTCC3200.oem4 (.text:writeSemCallback)
                  2000c400    00000006     sysbios.aem4 : BIOS.obj (.text:ti_sysbios_family_arm_m3_Hwi_restoreFxn__E)
                  2000c406    00000002     --HOLE-- [fill = 0]
                  2000c408    00000006                  : BIOS.obj (.text:ti_sysbios_gates_GateHwi_leave__E)
                  2000c40e    00000002     --HOLE-- [fill = 0]
                  2000c410    00000006                  : BIOS.obj (.text:ti_sysbios_heaps_HeapMem_isBlocking__E)
                  2000c416    00000002     --HOLE-- [fill = 0]
                  2000c418    00000006                  : BIOS.obj (.text:ti_sysbios_knl_Clock_stop__E)
                  2000c41e    00000002     --HOLE-- [fill = 0]
                  2000c420    00000006                  : BIOS.obj (.text:ti_sysbios_knl_Queue_Instance_init__E)
                  2000c426    00000002     --HOLE-- [fill = 0]
                  2000c428    00000004                  : BIOS.obj (.text:ti_sysbios_family_arm_m3_Timer_getMaxTicks__E)
                  2000c42c    00000004     --HOLE-- [fill = 0]
                  2000c430    00000004                  : BIOS.obj (.text:ti_sysbios_gates_GateHwi_query__E)
                  2000c434    00000004     --HOLE-- [fill = 0]
                  2000c438    00000004                  : BIOS.obj (.text:ti_sysbios_gates_GateMutex_query__E)
                  2000c43c    00000004     --HOLE-- [fill = 0]
                  2000c440    00000004                  : BIOS.obj (.text:ti_sysbios_knl_Clock_setTimeout__E)
                  2000c444    00000004     --HOLE-- [fill = 0]
                  2000c448    00000004                  : BIOS.obj (.text:ti_sysbios_knl_Task_startup__E)
                  2000c44c    00000004     --HOLE-- [fill = 0]
                  2000c450    00000002                  : BIOS.obj (.text:ti_sysbios_gates_GateHwi_Instance_init__E)
                  2000c452    00000006     --HOLE-- [fill = 0]
                  2000c458    00000002                  : BIOS.obj (.text:ti_sysbios_knl_Clock_logTick__E)

.bss       0    2000c460    000034f3     UNINITIALIZED
                  2000c460    00002710     (.common:task0Stack)
                  2000eb70    00000400     (.common:ti_sysbios_heaps_HeapMem_Instance_State_0_buf__A)
                  2000ef70    0000030c     (.common:ti_sysbios_family_arm_m3_Hwi_dispatchTable)
                  2000f27c    00000004     (.common:firstTick$2)
                  2000f280    00000200     CDIO_CC3200_pem4.oem4 (.bss:taskStackSection)
                  2000f480    0000012c     drivers_cc32xxware.aem4 : PowerCC3200.oem4 (.bss:PowerCC3200_contextSave)
                  2000f5ac    00000120     rtsv7M4_T_le_eabi.lib : trgmsg.obj (.bss:_CIOBUF_)
                  2000f6cc    00000108     (.common:uartCC3200Objects)
                  2000f7d4    00000080     (.common:xdc_runtime_SysMin_Module_State_0_outbuf__A)
                  2000f854    00000050     (.common:task0Struct)
                  2000f8a4    00000040     (.common:uartCC3200RingBuffer)
                  2000f8e4    00000020     (.common:gpioCallbackInfo)
                  2000f904    00000020     (.common:pwmTimerCC3200Objects)
                  2000f924    00000014     (.common:powerNotifyObj)
                  2000f938    00000008                           : trgdrv.obj (.bss:parmbuf)
                  2000f940    00000008     (.common:firstRTC$1)
                  2000f948    00000008     (.common:steps)
                  2000f950    00000001     (.common:g_ucLED1Pin)
                  2000f951    00000001     (.common:g_ucLED2Pin)
                  2000f952    00000001     (.common:g_ucLED3Pin)

.const     0    2000f954    0000212d     
                  2000f954    00001771     CDIO_CC3200_pem4.oem4 (.const:xdc_runtime_Text_charTab__A)
                  200110c5    00000001     CDIO_CC3200_pem4.oem4 (.const:ti_sysbios_knl_Clock_tickMode__C)
                  200110c6    00000002     CDIO_CC3200_pem4.oem4 (.const:ti_sysbios_family_arm_m3_Hwi_Module__id__C)
                  200110c8    00000100     driverlib.a : pin.obj (.const:g_ulPinToPadMap)
                  200111c8    000000a8                 : prcm.obj (.const:PRCM_PeriphRegsList)
                  20011270    000000a0     CDIO_CC3200_pem4.oem4 (.const:xdc_runtime_Text_nodeTab__A)
                  20011310    00000080     driverlib.a : interrupt.obj (.const)
                  20011390    0000004c     drivers_cc32xxware.aem4 : UARTCC3200.oem4 (.const)
                  200113dc    00000048     CDIO_CC3200_pem4.oem4 (.const:.string)
                  20011424    0000003c     CDIO_CC3200_pem4.oem4 (.const:ti_sysbios_knl_Task_Object__PARAMS__C)
                  20011460    00000034     drivers_cc32xxware.aem4 : GPIOCC3200.oem4 (.const)
                  20011494    00000030     CDIO_CC3200_pem4.oem4 (.const:ti_sysbios_family_arm_m3_Hwi_Object__PARAMS__C)
                  200114c4    00000030     CC3200_LAUNCHXL.obj (.const:uartCC3200HWAttrs)
                  200114f4    0000002a     drivers_cc32xxware.aem4 : GPIOCC3200.oem4 (.const:.string)
                  2001151e    00000002     CDIO_CC3200_pem4.oem4 (.const:ti_sysbios_family_arm_m3_Timer_Module__id__C)
                  20011520    00000028     CC3200_LAUNCHXL.obj (.const:PowerCC3200_config)
                  20011548    00000028     drivers_cc32xxware.aem4 : UARTCC3200.oem4 (.const:UARTCC3200_fxnTable)
                  20011570    00000028     CDIO_CC3200_pem4.oem4 (.const:ti_sysbios_heaps_HeapMem_Module__FXNS__C)
                  20011598    00000024     CC3200_LAUNCHXL.obj (.const:PWM_config)
                  200115bc    00000024     CC3200_LAUNCHXL.obj (.const:UART_config)
                  200115e0    00000024     drivers_cc32xxware.aem4 : UART.oem4 (.const:UART_defaultParams)
                  20011604    00000024     CDIO_CC3200_pem4.oem4 (.const:ti_sysbios_gates_GateHwi_Module__FXNS__C)
                  20011628    00000024     CDIO_CC3200_pem4.oem4 (.const:ti_sysbios_gates_GateMutex_Module__FXNS__C)
                  2001164c    00000024     CDIO_CC3200_pem4.oem4 (.const:ti_sysbios_heaps_HeapMem_Object__PARAMS__C)
                  20011670    00000024     CDIO_CC3200_pem4.oem4 (.const:ti_sysbios_knl_Clock_Object__PARAMS__C)
                  20011694    00000024     CDIO_CC3200_pem4.oem4 (.const:ti_sysbios_knl_Semaphore_Object__PARAMS__C)
                  200116b8    00000020     drivers_cc32xxware.aem4 : PWMTimerCC3200.oem4 (.const)
                  200116d8    00000020     CDIO_CC3200_pem4.oem4 (.const:ti_sysbios_family_arm_m3_Hwi_Object__DESC__C)
                  200116f8    00000020     CDIO_CC3200_pem4.oem4 (.const:ti_sysbios_gates_GateHwi_Object__DESC__C)
                  20011718    00000020     CDIO_CC3200_pem4.oem4 (.const:ti_sysbios_gates_GateMutex_Object__DESC__C)
                  20011738    00000020     CDIO_CC3200_pem4.oem4 (.const:ti_sysbios_heaps_HeapMem_Object__DESC__C)
                  20011758    00000020     CDIO_CC3200_pem4.oem4 (.const:ti_sysbios_knl_Clock_Object__DESC__C)
                  20011778    00000020     CDIO_CC3200_pem4.oem4 (.const:ti_sysbios_knl_Queue_Object__DESC__C)
                  20011798    00000020     CDIO_CC3200_pem4.oem4 (.const:ti_sysbios_knl_Semaphore_Object__DESC__C)
                  200117b8    00000020     CDIO_CC3200_pem4.oem4 (.const:ti_sysbios_knl_Task_Object__DESC__C)
                  200117d8    00000020     CDIO_CC3200_pem4.oem4 (.const:xdc_runtime_Startup_sfxnTab__A)
                  200117f8    00000018     CDIO_CC3200_pem4.oem4 (.const:ti_sysbios_gates_GateHwi_Object__PARAMS__C)
                  20011810    00000018     CDIO_CC3200_pem4.oem4 (.const:ti_sysbios_gates_GateMutex_Object__PARAMS__C)
                  20011828    00000018     CDIO_CC3200_pem4.oem4 (.const:ti_sysbios_knl_Queue_Object__PARAMS__C)
                  20011840    00000014     CC3200_LAUNCHXL.obj (.const:GPIOCC3200_config)
                  20011854    00000010     CC3200_LAUNCHXL.obj (.const:pwmTimerCC3200HWAttrs)
                  20011864    00000010     CDIO_CC3200_pem4.oem4 (.const:xdc_runtime_Startup_sfxnRts__A)
                  20011874    0000000d     CDIO_CC3200.obj (.const:.string:$P$T0$1)
                  20011881    00000001     CDIO_CC3200_pem4.oem4 (.const:ti_sysbios_knl_Clock_tickSource__C)
                  20011882    00000002     CDIO_CC3200_pem4.oem4 (.const:ti_sysbios_gates_GateMutex_Module__id__C)
                  20011884    0000000c     drivers_cc32xxware.aem4 : PWM.oem4 (.const)
                  20011890    0000000c     CDIO_CC3200_pem4.oem4 (.const:xdc_runtime_Startup_firstFxns__A)
                  2001189c    00000008     CDIO_CC3200_pem4.oem4 (.const:ti_sysbios_family_arm_m3_Hwi_excHookFuncs__A)
                  200118a4    00000008     CDIO_CC3200_pem4.oem4 (.const:ti_sysbios_knl_Idle_funcList__A)
                  200118ac    00000008     CDIO_CC3200_pem4.oem4 (.const:ti_sysbios_knl_Idle_funcList__C)
                  200118b4    00000008     CDIO_CC3200_pem4.oem4 (.const:xdc_runtime_Startup_firstFxns__C)
                  200118bc    00000008     CDIO_CC3200_pem4.oem4 (.const:xdc_runtime_Startup_lastFxns__C)
                  200118c4    00000004     CDIO_CC3200_pem4.oem4 (.const:ti_sysbios_family_arm_m3_Hwi_E_NMI__C)
                  200118c8    00000004     CDIO_CC3200_pem4.oem4 (.const:ti_sysbios_family_arm_m3_Hwi_E_alreadyDefined__C)
                  200118cc    00000004     CDIO_CC3200_pem4.oem4 (.const:ti_sysbios_family_arm_m3_Hwi_E_busFault__C)
                  200118d0    00000004     CDIO_CC3200_pem4.oem4 (.const:ti_sysbios_family_arm_m3_Hwi_E_debugMon__C)
                  200118d4    00000004     CDIO_CC3200_pem4.oem4 (.const:ti_sysbios_family_arm_m3_Hwi_E_hardFault__C)
                  200118d8    00000004     CDIO_CC3200_pem4.oem4 (.const:ti_sysbios_family_arm_m3_Hwi_E_memFault__C)
                  200118dc    00000004     CDIO_CC3200_pem4.oem4 (.const:ti_sysbios_family_arm_m3_Hwi_E_noIsr__C)
                  200118e0    00000004     CDIO_CC3200_pem4.oem4 (.const:ti_sysbios_family_arm_m3_Hwi_E_reserved__C)
                  200118e4    00000004     CDIO_CC3200_pem4.oem4 (.const:ti_sysbios_family_arm_m3_Hwi_E_svCall__C)
                  200118e8    00000004     CDIO_CC3200_pem4.oem4 (.const:ti_sysbios_family_arm_m3_Hwi_E_usageFault__C)
                  200118ec    00000004     CDIO_CC3200_pem4.oem4 (.const:ti_sysbios_family_arm_m3_Hwi_NUM_INTERRUPTS__C)
                  200118f0    00000004     CDIO_CC3200_pem4.oem4 (.const:ti_sysbios_family_arm_m3_Hwi_Object__count__C)
                  200118f4    00000004     CDIO_CC3200_pem4.oem4 (.const:ti_sysbios_family_arm_m3_Hwi_ccr__C)
                  200118f8    00000004     CDIO_CC3200_pem4.oem4 (.const:ti_sysbios_family_arm_m3_Hwi_excHandlerFunc__C)
                  200118fc    00000004     CDIO_CC3200_pem4.oem4 (.const:ti_sysbios_family_arm_m3_Hwi_excHookFuncs__C)
                  20011900    00000004     CDIO_CC3200_pem4.oem4 (.const:ti_sysbios_family_arm_m3_Hwi_nullIsrFunc__C)
                  20011904    00000004     CDIO_CC3200_pem4.oem4 (.const:ti_sysbios_family_arm_m3_Hwi_priGroup__C)
                  20011908    00000004     CDIO_CC3200_pem4.oem4 (.const:ti_sysbios_family_arm_m3_TaskSupport_stackAlignment__C)
                  2001190c    00000004     CDIO_CC3200_pem4.oem4 (.const:ti_sysbios_family_arm_m3_Timer_E_cannotSupport__C)
                  20011910    00000004     CDIO_CC3200_pem4.oem4 (.const:ti_sysbios_family_arm_m3_Timer_startupNeeded__C)
                  20011914    00000004     CDIO_CC3200_pem4.oem4 (.const:ti_sysbios_gates_GateMutex_A_badContext__C)
                  20011918    00000004     CDIO_CC3200_pem4.oem4 (.const:ti_sysbios_gates_GateMutex_Instance_State_sem__O)
                  2001191c    00000004     CDIO_CC3200_pem4.oem4 (.const:ti_sysbios_gates_GateMutex_Module__diagsEnabled__C)
                  20011920    00000004     CDIO_CC3200_pem4.oem4 (.const:ti_sysbios_gates_GateMutex_Module__diagsIncluded__C)
                  20011924    00000004     CDIO_CC3200_pem4.oem4 (.const:ti_sysbios_gates_GateMutex_Module__diagsMask__C)
                  20011928    00000004     CDIO_CC3200_pem4.oem4 (.const:ti_sysbios_hal_Hwi_E_stackOverflow__C)
                  2001192c    00000004     CDIO_CC3200_pem4.oem4 (.const:ti_sysbios_heaps_HeapMem_A_align__C)
                  20011930    00000004     CDIO_CC3200_pem4.oem4 (.const:ti_sysbios_heaps_HeapMem_A_heapSize__C)
                  20011934    00000004     CDIO_CC3200_pem4.oem4 (.const:ti_sysbios_heaps_HeapMem_A_invalidFree__C)
                  20011938    00000004     CDIO_CC3200_pem4.oem4 (.const:ti_sysbios_heaps_HeapMem_A_zeroBlock__C)
                  2001193c    00000004     CDIO_CC3200_pem4.oem4 (.const:ti_sysbios_heaps_HeapMem_E_memory__C)
                  20011940    00000004     CDIO_CC3200_pem4.oem4 (.const:ti_sysbios_heaps_HeapMem_Module__diagsEnabled__C)
                  20011944    00000004     CDIO_CC3200_pem4.oem4 (.const:ti_sysbios_heaps_HeapMem_Module__diagsIncluded__C)
                  20011948    00000004     CDIO_CC3200_pem4.oem4 (.const:ti_sysbios_heaps_HeapMem_Module__diagsMask__C)
                  2001194c    00000004     CDIO_CC3200_pem4.oem4 (.const:ti_sysbios_heaps_HeapMem_Module__gateObj__C)
                  20011950    00000004     CDIO_CC3200_pem4.oem4 (.const:ti_sysbios_heaps_HeapMem_Object__count__C)
                  20011954    00000004     CDIO_CC3200_pem4.oem4 (.const:ti_sysbios_heaps_HeapMem_reqAlign__C)
                  20011958    00000004     CDIO_CC3200_pem4.oem4 (.const:ti_sysbios_knl_Clock_A_badThreadType__C)
                  2001195c    00000004     CDIO_CC3200_pem4.oem4 (.const:ti_sysbios_knl_Clock_Module_State_clockQ__O)
                  20011960    00000004     CDIO_CC3200_pem4.oem4 (.const:ti_sysbios_knl_Clock_Module__diagsEnabled__C)
                  20011964    00000004     CDIO_CC3200_pem4.oem4 (.const:ti_sysbios_knl_Clock_Module__diagsIncluded__C)
                  20011968    00000004     CDIO_CC3200_pem4.oem4 (.const:ti_sysbios_knl_Clock_Module__diagsMask__C)
                  2001196c    00000004     CDIO_CC3200_pem4.oem4 (.const:ti_sysbios_knl_Clock_tickPeriod__C)
                  20011970    00000004     CDIO_CC3200_pem4.oem4 (.const:ti_sysbios_knl_Semaphore_A_badContext__C)
                  20011974    00000004     CDIO_CC3200_pem4.oem4 (.const:ti_sysbios_knl_Semaphore_A_noEvents__C)
                  20011978    00000004     CDIO_CC3200_pem4.oem4 (.const:ti_sysbios_knl_Semaphore_A_overflow__C)
                  2001197c    00000004     CDIO_CC3200_pem4.oem4 (.const:ti_sysbios_knl_Semaphore_A_pendTaskDisabled__C)
                  20011980    00000004     CDIO_CC3200_pem4.oem4 (.const:ti_sysbios_knl_Semaphore_Instance_State_pendQ__O)
                  20011984    00000004     CDIO_CC3200_pem4.oem4 (.const:ti_sysbios_knl_Semaphore_Module__diagsEnabled__C)
                  20011988    00000004     CDIO_CC3200_pem4.oem4 (.const:ti_sysbios_knl_Semaphore_Module__diagsIncluded__C)
                  2001198c    00000004     CDIO_CC3200_pem4.oem4 (.const:ti_sysbios_knl_Semaphore_Module__diagsMask__C)
                  20011990    00000004     CDIO_CC3200_pem4.oem4 (.const:ti_sysbios_knl_Swi_Object__count__C)
                  20011994    00000004     CDIO_CC3200_pem4.oem4 (.const:ti_sysbios_knl_Task_A_badPriority__C)
                  20011998    00000004     CDIO_CC3200_pem4.oem4 (.const:ti_sysbios_knl_Task_A_badTaskState__C)
                  2001199c    00000004     CDIO_CC3200_pem4.oem4 (.const:ti_sysbios_knl_Task_A_badThreadType__C)
                  200119a0    00000004     CDIO_CC3200_pem4.oem4 (.const:ti_sysbios_knl_Task_A_badTimeout__C)
                  200119a4    00000004     CDIO_CC3200_pem4.oem4 (.const:ti_sysbios_knl_Task_A_noPendElem__C)
                  200119a8    00000004     CDIO_CC3200_pem4.oem4 (.const:ti_sysbios_knl_Task_A_sleepTaskDisabled__C)
                  200119ac    00000004     CDIO_CC3200_pem4.oem4 (.const:ti_sysbios_knl_Task_E_spOutOfBounds__C)
                  200119b0    00000004     CDIO_CC3200_pem4.oem4 (.const:ti_sysbios_knl_Task_E_stackOverflow__C)
                  200119b4    00000004     CDIO_CC3200_pem4.oem4 (.const:ti_sysbios_knl_Task_Module_State_inactiveQ__O)
                  200119b8    00000004     CDIO_CC3200_pem4.oem4 (.const:ti_sysbios_knl_Task_Module__diagsEnabled__C)
                  200119bc    00000004     CDIO_CC3200_pem4.oem4 (.const:ti_sysbios_knl_Task_Module__diagsIncluded__C)
                  200119c0    00000004     CDIO_CC3200_pem4.oem4 (.const:ti_sysbios_knl_Task_Module__diagsMask__C)
                  200119c4    00000004     CDIO_CC3200_pem4.oem4 (.const:ti_sysbios_knl_Task_Object__count__C)
                  200119c8    00000004     CDIO_CC3200_pem4.oem4 (.const:ti_sysbios_knl_Task_allBlockedFunc__C)
                  200119cc    00000004     CDIO_CC3200_pem4.oem4 (.const:ti_sysbios_knl_Task_defaultStackHeap__C)
                  200119d0    00000004     CDIO_CC3200_pem4.oem4 (.const:ti_sysbios_knl_Task_defaultStackSize__C)
                  200119d4    00000004     CDIO_CC3200_pem4.oem4 (.const:ti_sysbios_knl_Task_numConstructedTasks__C)
                  200119d8    00000004     CDIO_CC3200_pem4.oem4 (.const:xdc_runtime_Assert_E_assertFailed__C)
                  200119dc    00000004     CDIO_CC3200_pem4.oem4 (.const:xdc_runtime_Core_A_initializedParams__C)
                  200119e0    00000004     CDIO_CC3200_pem4.oem4 (.const:xdc_runtime_Core_Module__diagsEnabled__C)
                  200119e4    00000004     CDIO_CC3200_pem4.oem4 (.const:xdc_runtime_Core_Module__diagsIncluded__C)
                  200119e8    00000004     CDIO_CC3200_pem4.oem4 (.const:xdc_runtime_Core_Module__diagsMask__C)
                  200119ec    00000004     CDIO_CC3200_pem4.oem4 (.const:xdc_runtime_Error_E_memory__C)
                  200119f0    00000004     CDIO_CC3200_pem4.oem4 (.const:xdc_runtime_Error_Module__diagsEnabled__C)
                  200119f4    00000004     CDIO_CC3200_pem4.oem4 (.const:xdc_runtime_Error_Module__diagsIncluded__C)
                  200119f8    00000004     CDIO_CC3200_pem4.oem4 (.const:xdc_runtime_Error_Module__diagsMask__C)
                  200119fc    00000004     CDIO_CC3200_pem4.oem4 (.const:xdc_runtime_Error_Module__loggerFxn8__C)
                  20011a00    00000004     CDIO_CC3200_pem4.oem4 (.const:xdc_runtime_Error_Module__loggerObj__C)
                  20011a04    00000004     CDIO_CC3200_pem4.oem4 (.const:xdc_runtime_Error_policyFxn__C)
                  20011a08    00000004     CDIO_CC3200_pem4.oem4 (.const:xdc_runtime_Error_raiseHook__C)
                  20011a0c    00000004     CDIO_CC3200_pem4.oem4 (.const:xdc_runtime_IGateProvider_Interface__BASE__C)
                  20011a10    00000004     CDIO_CC3200_pem4.oem4 (.const:xdc_runtime_IHeap_Interface__BASE__C)
                  20011a14    00000004     CDIO_CC3200_pem4.oem4 (.const:xdc_runtime_IModule_Interface__BASE__C)
                  20011a18    00000004     CDIO_CC3200_pem4.oem4 (.const:xdc_runtime_Log_L_error__C)
                  20011a1c    00000004     CDIO_CC3200_pem4.oem4 (.const:xdc_runtime_Memory_defaultHeapInstance__C)
                  20011a20    00000004     CDIO_CC3200_pem4.oem4 (.const:xdc_runtime_Startup_execImpl__C)
                  20011a24    00000004     CDIO_CC3200_pem4.oem4 (.const:xdc_runtime_Startup_maxPasses__C)
                  20011a28    00000004     CDIO_CC3200_pem4.oem4 (.const:xdc_runtime_Startup_sfxnRts__C)
                  20011a2c    00000004     CDIO_CC3200_pem4.oem4 (.const:xdc_runtime_Startup_sfxnTab__C)
                  20011a30    00000004     CDIO_CC3200_pem4.oem4 (.const:xdc_runtime_SysMin_bufSize__C)
                  20011a34    00000004     CDIO_CC3200_pem4.oem4 (.const:xdc_runtime_SysMin_outputFunc__C)
                  20011a38    00000004     CDIO_CC3200_pem4.oem4 (.const:xdc_runtime_System_Module__gateObj__C)
                  20011a3c    00000004     CDIO_CC3200_pem4.oem4 (.const:xdc_runtime_System_abortFxn__C)
                  20011a40    00000004     CDIO_CC3200_pem4.oem4 (.const:xdc_runtime_System_exitFxn__C)
                  20011a44    00000004     CDIO_CC3200_pem4.oem4 (.const:xdc_runtime_System_extendFxn__C)
                  20011a48    00000004     CDIO_CC3200_pem4.oem4 (.const:xdc_runtime_System_maxAtexitHandlers__C)
                  20011a4c    00000004     CDIO_CC3200_pem4.oem4 (.const:xdc_runtime_Text_charTab__C)
                  20011a50    00000004     CDIO_CC3200_pem4.oem4 (.const:xdc_runtime_Text_nameEmpty__C)
                  20011a54    00000004     CDIO_CC3200_pem4.oem4 (.const:xdc_runtime_Text_nameStatic__C)
                  20011a58    00000004     CDIO_CC3200_pem4.oem4 (.const:xdc_runtime_Text_nameUnknown__C)
                  20011a5c    00000004     CDIO_CC3200_pem4.oem4 (.const:xdc_runtime_Text_nodeTab__C)
                  20011a60    00000004     CDIO_CC3200_pem4.oem4 (.const:xdc_runtime_Text_visitRopeFxn__C)
                  20011a64    00000002     CDIO_CC3200_pem4.oem4 (.const:ti_sysbios_hal_Hwi_Module__id__C)
                  20011a66    00000002     CDIO_CC3200_pem4.oem4 (.const:ti_sysbios_heaps_HeapMem_Module__id__C)
                  20011a68    00000002     CDIO_CC3200_pem4.oem4 (.const:ti_sysbios_knl_Clock_Module__id__C)
                  20011a6a    00000002     CDIO_CC3200_pem4.oem4 (.const:ti_sysbios_knl_Semaphore_Module__id__C)
                  20011a6c    00000002     CDIO_CC3200_pem4.oem4 (.const:ti_sysbios_knl_Task_Module__id__C)
                  20011a6e    00000002     CDIO_CC3200_pem4.oem4 (.const:xdc_runtime_Core_Module__id__C)
                  20011a70    00000002     CDIO_CC3200_pem4.oem4 (.const:xdc_runtime_Error_Module__loggerDefined__C)
                  20011a72    00000002     CDIO_CC3200_pem4.oem4 (.const:xdc_runtime_Error_maxDepth__C)
                  20011a74    00000002     CDIO_CC3200_pem4.oem4 (.const:xdc_runtime_Memory_Module__id__C)
                  20011a76    00000002     CDIO_CC3200_pem4.oem4 (.const:xdc_runtime_SysMin_flushAtExit__C)
                  20011a78    00000002     CDIO_CC3200_pem4.oem4 (.const:xdc_runtime_Text_charCnt__C)
                  20011a7a    00000002     CDIO_CC3200_pem4.oem4 (.const:xdc_runtime_Text_isLoaded__C)
                  20011a7c    00000002     CDIO_CC3200_pem4.oem4 (.const:xdc_runtime_Text_registryModsLastId__C)
                  20011a7e    00000002     CDIO_CC3200_pem4.oem4 (.const:xdc_runtime_Text_unnamedModsLastId__C)
                  20011a80    00000001     CDIO_CC3200_pem4.oem4 (.const:xdc_runtime_Error_policy__C)

.cinit     0    200121d0    00000344     
                  200121d0    0000031d     (.cinit..data.load) [load image, compression = rle]
                  200124ed    00000003     --HOLE-- [fill = 0]
                  200124f0    0000000b     (.cinit..bss.load) [load image, compression = rle]
                  200124fb    00000001     --HOLE-- [fill = 0]
                  200124fc    00000008     (__TI_handler_table)
                  20012504    00000010     (__TI_cinit_table)

.init_array 
*          0    20004000    00000000     UNINITIALIZED

.resetVecs 
*          0    20004000    0000030c     
                  20004000    0000030c     CDIO_CC3200_pem4.oem4 (.resetVecs)

.data      0    20011a84    00000445     UNINITIALIZED
                  20011a84    00000080     CDIO_CC3200_pem4.oem4 (.data:ti_sysbios_knl_Swi_Module_State_0_readyQ__A)
                  20011b04    00000080     CDIO_CC3200_pem4.oem4 (.data:ti_sysbios_knl_Task_Module_State_0_readyQ__A)
                  20011b84    00000054     drivers_cc32xxware.aem4 : PowerCC3200.oem4 (.data:PowerCC3200_module)
                  20011bd8    0000004c     CDIO_CC3200_pem4.oem4 (.data:ti_sysbios_knl_Task_Object__table__V)
                  20011c24    00000044     CDIO_CC3200_pem4.oem4 (.data:ti_sysbios_knl_Task_Module__state__V)
                  20011c68    00000038     CDIO_CC3200_pem4.oem4 (.data:ti_sysbios_gates_GateMutex_Object__table__V)
                  20011ca0    00000034     CDIO_CC3200_pem4.oem4 (.data:ti_sysbios_family_arm_m3_Hwi_Module__state__V)
                  20011cd4    00000030     CDIO_CC3200_pem4.oem4 (.data:ti_sysbios_family_arm_m3_Timer_Object__table__V)
                  20011d04    00000030     CDIO_CC3200_pem4.oem4 (.data:ti_sysbios_knl_Swi_Object__table__V)
                  20011d34    0000002c     CDIO_CC3200_pem4.oem4 (.data:ti_sysbios_knl_Clock_Module__state__V)
                  20011d60    00000024     CDIO_CC3200_pem4.oem4 (.data:ti_sysbios_BIOS_Module__state__V)
                  20011d84    0000001c     CDIO_CC3200_pem4.oem4 (.data:ti_sysbios_knl_Swi_Module__state__V)
                  20011da0    00000018     CDIO_CC3200_pem4.oem4 (.data:ti_sysbios_family_arm_m3_Hwi_Object__table__V)
                  20011db8    00000018     CDIO_CC3200_pem4.oem4 (.data:ti_sysbios_heaps_HeapMem_Object__table__V)
                  20011dd0    00000014     gpio_if.obj (.data:ulReg)
                  20011de4    00000010     CC3200_LAUNCHXL.obj (.data:gpioPinConfigs)
                  20011df4    0000000c     rtsv7M4_T_le_eabi.lib : exit.obj (.data:$O1$$)
                  20011e00    0000000c     gpio_if.obj (.data)
                  20011e0c    0000000c     CDIO_CC3200_pem4.oem4 (.data:ti_sysbios_family_arm_m3_Timer_Module__state__V)
                  20011e18    0000000c     CDIO_CC3200_pem4.oem4 (.data:xdc_runtime_SysMin_Module__state__V)
                  20011e24    00000008     rtsv7M4_T_le_eabi.lib : _lock.obj (.data:$O1$$)
                  20011e2c    00000008     CDIO_CC3200.obj (.data)
                  20011e34    00000008     drivers_cc32xxware.aem4 : GPIOCC3200.oem4 (.data)
                  20011e3c    00000008     CC3200_LAUNCHXL.obj (.data:gpioCallbackFunctions)
                  20011e44    00000008     CDIO_CC3200_pem4.oem4 (.data:ti_sysbios_family_arm_m3_Hwi_Module__root__V)
                  20011e4c    00000008     CDIO_CC3200_pem4.oem4 (.data:ti_sysbios_gates_GateHwi_Module__root__V)
                  20011e54    00000008     CDIO_CC3200_pem4.oem4 (.data:ti_sysbios_gates_GateMutex_Module__root__V)
                  20011e5c    00000008     CDIO_CC3200_pem4.oem4 (.data:ti_sysbios_heaps_HeapMem_Module__root__V)
                  20011e64    00000008     CDIO_CC3200_pem4.oem4 (.data:ti_sysbios_knl_Clock_Module__root__V)
                  20011e6c    00000008     CDIO_CC3200_pem4.oem4 (.data:ti_sysbios_knl_Queue_Module__root__V)
                  20011e74    00000008     CDIO_CC3200_pem4.oem4 (.data:ti_sysbios_knl_Semaphore_Module__root__V)
                  20011e7c    00000008     CDIO_CC3200_pem4.oem4 (.data:ti_sysbios_knl_Task_Module__root__V)
                  20011e84    00000008     CDIO_CC3200_pem4.oem4 (.data:xdc_runtime_Registry_Module__state__V)
                  20011e8c    00000008     CDIO_CC3200_pem4.oem4 (.data:xdc_runtime_Startup_Module__state__V)
                  20011e94    00000008     CDIO_CC3200_pem4.oem4 (.data:xdc_runtime_System_Module_State_0_atexitHandlers__A)
                  20011e9c    00000008     CDIO_CC3200_pem4.oem4 (.data:xdc_runtime_System_Module__state__V)
                  20011ea4    00000004     drivers_cc32xxware.aem4 : PWM.oem4 (.data)
                  20011ea8    00000004                             : UART.oem4 (.data)
                  20011eac    00000004     rtsv7M4_T_le_eabi.lib : stkdepth_vars.obj (.data)
                  20011eb0    00000004     CDIO_CC3200_pem4.oem4 (.data:ti_sysbios_family_arm_m3_Hwi_Module_State_0_excContext__A)
                  20011eb4    00000004     CDIO_CC3200_pem4.oem4 (.data:ti_sysbios_family_arm_m3_Hwi_Module_State_0_excStack__A)
                  20011eb8    00000004     CDIO_CC3200_pem4.oem4 (.data:ti_sysbios_gates_GateHwi_Object__table__V)
                  20011ebc    00000004     CDIO_CC3200_pem4.oem4 (.data:ti_sysbios_knl_Task_Module_State_0_idleTask__A)
                  20011ec0    00000004     CDIO_CC3200_pem4.oem4 (.data:xdc_runtime_Memory_Module__state__V)
                  20011ec4    00000002     CDIO_CC3200_pem4.oem4 (.data:ti_sysbios_family_arm_m3_Hwi_Module_State_0_excActive__A)
                  20011ec6    00000002     CDIO_CC3200_pem4.oem4 (.data:xdc_runtime_Error_Module__state__V)
                  20011ec8    00000001     power_cc3200_tirtos.aem4 : PowerCC3200_tirtos.oem4 (.data)

.stack     0    20011ecc    00000300     UNINITIALIZED
                  20011ecc    00000300     --HOLE--

.bootVecs 
*          0    00000000    00000008     DSECT
                  00000000    00000008     boot.aem4 : boot.oem4 (.bootVecs)

.vecs      0    20004000    00000000     DSECT

xdc.meta   0    00000000    000000f4     COPY SECTION
                  00000000    000000f4     CDIO_CC3200_pem4.oem4 (xdc.meta)

MODULE SUMMARY

       Module                     code    ro data   rw data
       ------                     ----    -------   -------
    .\
       CDIO_CC3200.obj            1892    13        10096  
       CC3200_LAUNCHXL.obj        40      196       384    
       gpio_if.obj                342     0         35     
       rom_pin_mux_config.obj     258     0         0      
    +--+--------------------------+-------+---------+---------+
       Total:                     2532    209       10515  
                                                           
    C:\Users\Gabriel\Documents\GitHub\APA\CDIO_CC3200\Debug\configPkg\package\cfg\
       CDIO_CC3200_pem4.oem4      1786    8222      3348   
    +--+--------------------------+-------+---------+---------+
       Total:                     1786    8222      3348   
                                                           
    C:/ti/tirex-content/tirtos_cc32xx_2_16_00_08/products/CC3200_driverlib_1.1.0/driverlib/ccs/Release/driverlib.a
       prcm.obj                   1208    168       0      
       pin.obj                    406     256       0      
       uart.obj                   524     0         0      
       gpio.obj                   296     0         0      
       timer.obj                  282     0         0      
       interrupt.obj              88      128       0      
       flash.obj                  72      0         0      
       cpu.obj                    52      0         0      
       utils.obj                  6       0         0      
    +--+--------------------------+-------+---------+---------+
       Total:                     2934    552       0      
                                                           
    C:/ti/tirex-content/tirtos_cc32xx_2_16_00_08/products/tidrivers_cc32xx_2_16_00_08/packages/ti/drivers/lib/drivers_cc32xxware.aem4
       UARTCC3200.oem4            2546    116       0      
       PowerCC3200.oem4           940     0         384    
       GPIOCC3200.oem4            960     94        60     
       PWMTimerCC3200.oem4        642     32        0      
       UART.oem4                  148     36        4      
       RingBuf.oem4               164     0         0      
       PWM.oem4                   130     12        4      
       PowerCC3200_asm.oem4       134     0         0      
       List.oem4                  82      0         0      
[...]
2000c35d  PWMTimerCC3200_getPeriodCounts                             
2000c367  PWM_setDuty                                                
2000c371  SemaphoreP_post                                            
2000c371  SemaphoreP_postFromClock                                   
2000c371  SemaphoreP_postFromISR                                     
2000c37b  UART_read                                                  
2000c385  UART_write                                                 
2000c38f  xdc_runtime_Memory_HeapProxy_alloc__E                      
2000c399  xdc_runtime_Memory_HeapProxy_free__E                       
2000c3a3  CC3200_LAUNCHXL_initGPIO                                   
2000c3ab  CC3200_LAUNCHXL_initPWM                                    
2000c3b3  CC3200_LAUNCHXL_initUART                                   
2000c3bb  ClockP_Params_init                                         
2000c3c3  PRCMSleepEnter                                             
2000c3cb  PWMTimerCC3200_init                                        
2000c3d3  SemaphoreP_Params_init                                     
2000c3e3  xdc_runtime_System_Module_startup__E                       
2000c3e9  ti_sysbios_family_arm_m3_Hwi_doSwiRestore__I               
2000c3f1  ti_sysbios_family_arm_m3_Hwi_startup__E                    
2000c3f1  ti_sysbios_hal_Hwi_HwiProxy_startup__E                     
2000c401  HwiP_restore                                               
2000c401  ti_sysbios_family_arm_m3_Hwi_restoreFxn__E                 
2000c401  ti_sysbios_hal_Hwi_HwiProxy_restore__E                     
2000c409  ti_sysbios_gates_GateHwi_leave__E                          
2000c411  ti_sysbios_heaps_HeapMem_isBlocking__E                     
2000c419  ti_sysbios_knl_Clock_stop__E                               
2000c421  ti_sysbios_knl_Queue_Instance_init__E                      
2000c429  ti_sysbios_family_arm_m3_Timer_getMaxTicks__E              
2000c431  ti_sysbios_gates_GateHwi_query__E                          
2000c431  xdc_runtime_Main_Module_GateProxy_query__E                 
2000c431  xdc_runtime_System_Module_GateProxy_query__E               
2000c439  ti_sysbios_BIOS_RtsGateProxy_query__E                      
2000c439  ti_sysbios_gates_GateMutex_query__E                        
2000c439  ti_sysbios_heaps_HeapMem_Module_GateProxy_query__E         
2000c441  ti_sysbios_knl_Clock_setTimeout__E                         
2000c449  ti_sysbios_knl_Task_startup__E                             
2000c451  ti_sysbios_gates_GateHwi_Instance_init__E                  
2000c459  ti_sysbios_knl_Clock_logTick__E                            
2000c460  task0Stack                                                 
2000eb70  ti_sysbios_heaps_HeapMem_Instance_State_0_buf__A           
2000ef70  ti_sysbios_family_arm_m3_Hwi_dispatchTable                 
2000f280  ti_sysbios_knl_Task_Instance_State_0_stack__A              
2000f480  PowerCC3200_contextSave                                    
2000f5ac  __CIOBUF_                                                  
2000f6cc  uartCC3200Objects                                          
2000f7d4  xdc_runtime_SysMin_Module_State_0_outbuf__A                
2000f854  task0Struct                                                
2000f8a4  uartCC3200RingBuffer                                       
2000f904  pwmTimerCC3200Objects                                      
2000f948  steps                                                      
2000f950  g_ucLED1Pin                                                
2000f951  g_ucLED2Pin                                                
2000f952  g_ucLED3Pin                                                
2000f954  xdc_runtime_Text_charTab__A                                
200110c5  ti_sysbios_knl_Clock_tickMode__C                           
200110c6  ti_sysbios_family_arm_m3_Hwi_Module__id__C                 
20011270  xdc_runtime_Text_nodeTab__A                                
20011424  ti_sysbios_knl_Task_Object__PARAMS__C                      
20011460  inPinTypes                                                 
20011466  outPinTypes                                                
2001146e  outPinStrengths                                            
20011494  ti_sysbios_family_arm_m3_Hwi_Object__PARAMS__C             
200114c4  uartCC3200HWAttrs                                          
2001151e  ti_sysbios_family_arm_m3_Timer_Module__id__C               
20011520  PowerCC3200_config                                         
20011548  UARTCC3200_fxnTable                                        
20011570  ti_sysbios_heaps_HeapMem_Module__FXNS__C                   
20011598  PWM_config                                                 
200115bc  UART_config                                                
200115e0  UART_defaultParams                                         
20011604  ti_sysbios_gates_GateHwi_Module__FXNS__C                   
20011628  ti_sysbios_gates_GateMutex_Module__FXNS__C                 
2001164c  ti_sysbios_heaps_HeapMem_Object__PARAMS__C                 
20011670  ti_sysbios_knl_Clock_Object__PARAMS__C                     
20011694  ti_sysbios_knl_Semaphore_Object__PARAMS__C                 
200116b8  PWMTimerCC3200_fxnTable                                    
200116d4  PWMTimerCC3200_MAX_PRESCALAR_VALUE                         
200116d6  PWMTimerCC3200_MAX_MATCH_VALUE                             
200116d8  ti_sysbios_family_arm_m3_Hwi_Object__DESC__C               
200116f8  ti_sysbios_gates_GateHwi_Object__DESC__C                   
20011718  ti_sysbios_gates_GateMutex_Object__DESC__C                 
20011738  ti_sysbios_heaps_HeapMem_Object__DESC__C                   
20011758  ti_sysbios_knl_Clock_Object__DESC__C                       
20011778  ti_sysbios_knl_Queue_Object__DESC__C                       
20011798  ti_sysbios_knl_Semaphore_Object__DESC__C                   
200117b8  ti_sysbios_knl_Task_Object__DESC__C                        
200117d8  xdc_runtime_Startup_sfxnTab__A                             
200117f8  ti_sysbios_gates_GateHwi_Object__PARAMS__C                 
20011810  ti_sysbios_gates_GateMutex_Object__PARAMS__C               
20011828  ti_sysbios_knl_Queue_Object__PARAMS__C                     
20011840  GPIOCC3200_config                                          
20011854  pwmTimerCC3200HWAttrs                                      
20011864  xdc_runtime_Startup_sfxnRts__A                             
20011881  ti_sysbios_knl_Clock_tickSource__C                         
20011882  ti_sysbios_gates_GateMutex_Module__id__C                   
20011884  PWM_defaultParams                                          
20011890  xdc_runtime_Startup_firstFxns__A                           
2001189c  ti_sysbios_family_arm_m3_Hwi_excHookFuncs__A               
200118a4  ti_sysbios_knl_Idle_funcList__A                            
200118ac  ti_sysbios_knl_Idle_funcList__C                            
200118b4  xdc_runtime_Startup_firstFxns__C                           
200118bc  xdc_runtime_Startup_lastFxns__C                            
200118c4  ti_sysbios_family_arm_m3_Hwi_E_NMI__C                      
200118c8  ti_sysbios_family_arm_m3_Hwi_E_alreadyDefined__C           
200118cc  ti_sysbios_family_arm_m3_Hwi_E_busFault__C                 
200118d0  ti_sysbios_family_arm_m3_Hwi_E_debugMon__C                 
200118d4  ti_sysbios_family_arm_m3_Hwi_E_hardFault__C                
200118d8  ti_sysbios_family_arm_m3_Hwi_E_memFault__C                 
200118dc  ti_sysbios_family_arm_m3_Hwi_E_noIsr__C                    
200118e0  ti_sysbios_family_arm_m3_Hwi_E_reserved__C                 
200118e4  ti_sysbios_family_arm_m3_Hwi_E_svCall__C                   
200118e8  ti_sysbios_family_arm_m3_Hwi_E_usageFault__C               
200118ec  ti_sysbios_family_arm_m3_Hwi_NUM_INTERRUPTS__C             
200118f0  ti_sysbios_family_arm_m3_Hwi_Object__count__C              
200118f4  ti_sysbios_family_arm_m3_Hwi_ccr__C                        
200118f8  ti_sysbios_family_arm_m3_Hwi_excHandlerFunc__C             
200118fc  ti_sysbios_family_arm_m3_Hwi_excHookFuncs__C               
20011900  ti_sysbios_family_arm_m3_Hwi_nullIsrFunc__C                
20011904  ti_sysbios_family_arm_m3_Hwi_priGroup__C                   
20011908  ti_sysbios_family_arm_m3_TaskSupport_stackAlignment__C     
2001190c  ti_sysbios_family_arm_m3_Timer_E_cannotSupport__C          
20011910  ti_sysbios_family_arm_m3_Timer_startupNeeded__C            
20011914  ti_sysbios_gates_GateMutex_A_badContext__C                 
20011918  ti_sysbios_gates_GateMutex_Instance_State_sem__O           
2001191c  ti_sysbios_gates_GateMutex_Module__diagsEnabled__C         
20011920  ti_sysbios_gates_GateMutex_Module__diagsIncluded__C        
20011924  ti_sysbios_gates_GateMutex_Module__diagsMask__C            
20011928  ti_sysbios_hal_Hwi_E_stackOverflow__C                      
2001192c  ti_sysbios_heaps_HeapMem_A_align__C                        
20011930  ti_sysbios_heaps_HeapMem_A_heapSize__C                     
20011934  ti_sysbios_heaps_HeapMem_A_invalidFree__C                  
20011938  ti_sysbios_heaps_HeapMem_A_zeroBlock__C                    
2001193c  ti_sysbios_heaps_HeapMem_E_memory__C                       
20011940  ti_sysbios_heaps_HeapMem_Module__diagsEnabled__C           
20011944  ti_sysbios_heaps_HeapMem_Module__diagsIncluded__C          
20011948  ti_sysbios_heaps_HeapMem_Module__diagsMask__C              
2001194c  ti_sysbios_heaps_HeapMem_Module__gateObj__C                
20011950  ti_sysbios_heaps_HeapMem_Object__count__C                  
20011954  ti_sysbios_heaps_HeapMem_reqAlign__C                       
20011958  ti_sysbios_knl_Clock_A_badThreadType__C                    
2001195c  ti_sysbios_knl_Clock_Module_State_clockQ__O                
20011960  ti_sysbios_knl_Clock_Module__diagsEnabled__C               
20011964  ti_sysbios_knl_Clock_Module__diagsIncluded__C              
20011968  ti_sysbios_knl_Clock_Module__diagsMask__C                  
2001196c  ti_sysbios_knl_Clock_tickPeriod__C                         
20011970  ti_sysbios_knl_Semaphore_A_badContext__C                   
20011974  ti_sysbios_knl_Semaphore_A_noEvents__C                     
20011978  ti_sysbios_knl_Semaphore_A_overflow__C                     
2001197c  ti_sysbios_knl_Semaphore_A_pendTaskDisabled__C             
20011980  ti_sysbios_knl_Semaphore_Instance_State_pendQ__O           
20011984  ti_sysbios_knl_Semaphore_Module__diagsEnabled__C           
20011988  ti_sysbios_knl_Semaphore_Module__diagsIncluded__C          
2001198c  ti_sysbios_knl_Semaphore_Module__diagsMask__C              
20011990  ti_sysbios_knl_Swi_Object__count__C                        
20011994  ti_sysbios_knl_Task_A_badPriority__C                       
20011998  ti_sysbios_knl_Task_A_badTaskState__C                      
2001199c  ti_sysbios_knl_Task_A_badThreadType__C                     
200119a0  ti_sysbios_knl_Task_A_badTimeout__C                        
200119a4  ti_sysbios_knl_Task_A_noPendElem__C                        
200119a8  ti_sysbios_knl_Task_A_sleepTaskDisabled__C                 
200119ac  ti_sysbios_knl_Task_E_spOutOfBounds__C                     
200119b0  ti_sysbios_knl_Task_E_stackOverflow__C                     
200119b4  ti_sysbios_knl_Task_Module_State_inactiveQ__O              
200119b8  ti_sysbios_knl_Task_Module__diagsEnabled__C                
200119bc  ti_sysbios_knl_Task_Module__diagsIncluded__C               
200119c0  ti_sysbios_knl_Task_Module__diagsMask__C                   
200119c4  ti_sysbios_knl_Task_Object__count__C                       
200119c8  ti_sysbios_knl_Task_allBlockedFunc__C                      
200119cc  ti_sysbios_knl_Task_defaultStackHeap__C                    
200119d0  ti_sysbios_knl_Task_defaultStackSize__C                    
200119d4  ti_sysbios_knl_Task_numConstructedTasks__C                 
200119d8  xdc_runtime_Assert_E_assertFailed__C                       
200119dc  xdc_runtime_Core_A_initializedParams__C                    
200119e0  xdc_runtime_Core_Module__diagsEnabled__C                   
200119e4  xdc_runtime_Core_Module__diagsIncluded__C                  
200119e8  xdc_runtime_Core_Module__diagsMask__C                      
200119ec  xdc_runtime_Error_E_memory__C                              
200119f0  xdc_runtime_Error_Module__diagsEnabled__C                  
200119f4  xdc_runtime_Error_Module__diagsIncluded__C                 
200119f8  xdc_runtime_Error_Module__diagsMask__C                     
200119fc  xdc_runtime_Error_Module__loggerFxn8__C                    
20011a00  xdc_runtime_Error_Module__loggerObj__C                     
20011a04  xdc_runtime_Error_policyFxn__C                             
20011a08  xdc_runtime_Error_raiseHook__C                             
20011a0c  xdc_runtime_IGateProvider_Interface__BASE__C               
20011a10  xdc_runtime_IHeap_Interface__BASE__C                       
20011a14  xdc_runtime_IModule_Interface__BASE__C                     
20011a18  xdc_runtime_Log_L_error__C                                 
20011a1c  xdc_runtime_Memory_defaultHeapInstance__C                  
20011a20  xdc_runtime_Startup_execImpl__C                            
20011a24  xdc_runtime_Startup_maxPasses__C                           
20011a28  xdc_runtime_Startup_sfxnRts__C                             
20011a2c  xdc_runtime_Startup_sfxnTab__C                             
20011a30  xdc_runtime_SysMin_bufSize__C                              
20011a34  xdc_runtime_SysMin_outputFunc__C                           
20011a38  xdc_runtime_System_Module__gateObj__C                      
20011a3c  xdc_runtime_System_abortFxn__C                             
20011a40  xdc_runtime_System_exitFxn__C                              
20011a44  xdc_runtime_System_extendFxn__C                            
20011a48  xdc_runtime_System_maxAtexitHandlers__C                    
20011a4c  xdc_runtime_Text_charTab__C                                
20011a50  xdc_runtime_Text_nameEmpty__C                              
20011a54  xdc_runtime_Text_nameStatic__C                             
20011a58  xdc_runtime_Text_nameUnknown__C                            
20011a5c  xdc_runtime_Text_nodeTab__C                                
20011a60  xdc_runtime_Text_visitRopeFxn__C                           
20011a64  ti_sysbios_hal_Hwi_Module__id__C                           
20011a66  ti_sysbios_heaps_HeapMem_Module__id__C                     
20011a68  ti_sysbios_knl_Clock_Module__id__C                         
20011a6a  ti_sysbios_knl_Semaphore_Module__id__C                     
20011a6c  ti_sysbios_knl_Task_Module__id__C                          
20011a6e  xdc_runtime_Core_Module__id__C                             
20011a70  xdc_runtime_Error_Module__loggerDefined__C                 
20011a72  xdc_runtime_Error_maxDepth__C                              
20011a74  xdc_runtime_Memory_Module__id__C                           
20011a76  xdc_runtime_SysMin_flushAtExit__C                          
20011a78  xdc_runtime_Text_charCnt__C                                
20011a7a  xdc_runtime_Text_isLoaded__C                               
20011a7c  xdc_runtime_Text_registryModsLastId__C                     
20011a7e  xdc_runtime_Text_unnamedModsLastId__C                      
20011a80  xdc_runtime_Error_policy__C                                
20011a84  ti_sysbios_knl_Swi_Module_State_0_readyQ__A                
20011b04  ti_sysbios_knl_Task_Module_State_0_readyQ__A               
20011b84  PowerCC3200_module                                         
20011bd8  ti_sysbios_knl_Task_Object__table__V                       
20011c24  ti_sysbios_knl_Task_Module__state__V                       
20011c68  ti_sysbios_gates_GateMutex_Object__table__V                
20011ca0  ti_sysbios_family_arm_m3_Hwi_Module__state__V              
20011cd4  ti_sysbios_family_arm_m3_Timer_Object__table__V            
20011d04  ti_sysbios_knl_Swi_Object__table__V                        
20011d34  ti_sysbios_knl_Clock_Module__state__V                      
20011d60  ti_sysbios_BIOS_Module__state__V                           
20011d84  ti_sysbios_knl_Swi_Module__state__V                        
20011da0  ti_sysbios_family_arm_m3_Hwi_Object__table__V              
20011db8  ti_sysbios_heaps_HeapMem_Object__table__V                  
20011de4  gpioPinConfigs                                             
20011df4  __TI_cleanup_ptr                                           
20011df8  __TI_dtors_ptr                                             
20011dfc  __TI_enable_exit_profile_output                            
20011e00  g_uiLED1Port                                               
20011e04  g_uiLED2Port                                               
20011e08  g_uiLED3Port                                               
20011e0c  ti_sysbios_family_arm_m3_Timer_Module__state__V            
20011e18  xdc_runtime_SysMin_Module__state__V                        
20011e24  _lock                                                      
20011e28  _unlock                                                    
20011e2c  originFlagX                                                
20011e30  originFlagY                                                
20011e3c  gpioCallbackFunctions                                      
20011e44  ti_sysbios_family_arm_m3_Hwi_Module__root__V               
20011e4c  ti_sysbios_gates_GateHwi_Module__root__V                   
20011e54  ti_sysbios_gates_GateMutex_Module__root__V                 
20011e5c  ti_sysbios_heaps_HeapMem_Module__root__V                   
20011e64  ti_sysbios_knl_Clock_Module__root__V                       
20011e6c  ti_sysbios_knl_Queue_Module__root__V                       
20011e74  ti_sysbios_knl_Semaphore_Module__root__V                   
20011e7c  ti_sysbios_knl_Task_Module__root__V                        
20011e84  xdc_runtime_Registry_Module__state__V                      
20011e8c  xdc_runtime_Startup_Module__state__V                       
20011e94  xdc_runtime_System_Module_State_0_atexitHandlers__A        
20011e9c  xdc_runtime_System_Module__state__V                        
20011eac  main_func_sp                                               
20011eb0  ti_sysbios_family_arm_m3_Hwi_Module_State_0_excContext__A  
20011eb4  ti_sysbios_family_arm_m3_Hwi_Module_State_0_excStack__A    
20011eb8  ti_sysbios_gates_GateHwi_Object__table__V                  
20011ebc  ti_sysbios_knl_Task_Module_State_0_idleTask__A             
20011ec0  xdc_runtime_Memory_Module__state__V                        
20011ec4  ti_sysbios_family_arm_m3_Hwi_Module_State_0_excActive__A   
20011ec6  xdc_runtime_Error_Module__state__V                         
20011ecc  __stack                                                    
200121cc  __STACK_END                                                
200121d0  __TI_static_base__                                         
200124fc  __TI_Handler_Table_Base                                    
20012504  __TI_CINIT_Base                                            
20012504  __TI_Handler_Table_Limit                                   
20012514  __TI_CINIT_Limit                                           
e000e000  ti_sysbios_family_arm_m3_Hwi_nvic                          
ffffffff  __TI_pprof_out_hndl                                        
ffffffff  __TI_prof_data_size                                        
ffffffff  __TI_prof_data_start                                       
ffffffff  __binit__                                                  
ffffffff  __c_args__                                                 
ffffffff  binit                                                      
UNDEFED   SHT$$INIT_ARRAY$$Base                                      
UNDEFED   SHT$$INIT_ARRAY$$Limit                                     

[729 symbols]
