******************************************************************************
                  TI ARM Linker PC v15.12.3                    
******************************************************************************
>> Linked Fri Dec 09 14:30:31 2016

OUTPUT FILE NAME:   <CDIO_CC3200.out>
ENTRY POINT SYMBOL: "_c_int00"  address: 2000a0a9


MEMORY CONFIGURATION

         name            origin    length      used     unused   attr    fill
----------------------  --------  ---------  --------  --------  ----  --------
  SRAM                  20004000   0003c000  0000e057  0002dfa9  RW X


SEGMENT ALLOCATION MAP

run origin  load origin   length   init length attrs members
----------  ----------- ---------- ----------- ----- -------
20004000    20004000    0000804a   0000804a    r-x
  20004000    20004000    0000030c   0000030c    r-- .resetVecs
  20004310    20004310    00007d3a   00007d3a    r-x .text
2000c050    2000c050    000034f3   00000000    rw-
  2000c050    2000c050    000034f3   00000000    rw- .bss
2000f544    2000f544    00002099   00002099    r--
  2000f544    2000f544    00002099   00002099    r-- .const
200115e0    200115e0    00000744   00000000    rw-
  200115e0    200115e0    00000441   00000000    rw- .data
  20011a24    20011a24    00000300   00000000    rw- .stack
20011d28    20011d28    00000344   00000344    r--
  20011d28    20011d28    00000344   00000344    r-- .cinit


SECTION ALLOCATION MAP

 output                                  attributes/
section   page    origin      length       input sections
--------  ----  ----------  ----------   ----------------
.text      0    20004310    00007d3a     
                  20004310    00000430     sysbios.aem4 : BIOS.obj (.text:ti_sysbios_family_arm_m3_Hwi_excDumpRegs__I)
                  20004740    0000034c     ti.targets.arm.rtsarm.aem4 : System.oem4 (.text:xdc_runtime_System_doPrint__I)
                  20004a8c    00000324     rtsv7M4_T_le_eabi.lib : trgdrv.obj (.text)
                  20004db0    000002c0     sysbios.aem4 : BIOS.obj (.text:ti_sysbios_knl_Semaphore_pend__E)
                  20005070    00000254                  : BIOS.obj (.text:ti_sysbios_heaps_HeapMem_free__E)
                  200052c4    00000004     tirtosport.aem4 : ClockP_tirtos.oem4 (.text:ClockP_getCpuFreq)
                  200052c8    00000248     sysbios.aem4 : BIOS.obj (.text:ti_sysbios_heaps_HeapMem_alloc__E)
                  20005510    0000023c     CDIO_CC3200.obj (.text:moveTask)
                  2000574c    00000004     tirtosport.aem4 : HwiP_tirtos.oem4 (.text:HwiP_disable)
                  20005750    0000022c     sysbios.aem4 : BIOS.obj (.text:ti_sysbios_knl_Task_Instance_finalize__E)
                  2000597c    00000208     drivers_cc32xxware.aem4 : UARTCC3200.oem4 (.text:UARTCC3200_open)
                  20005b84    00000004                             : List.oem4 (.text:List_head)
                  20005b88    000001fc     sysbios.aem4 : BIOS.obj (.text:ti_sysbios_family_arm_m3_Hwi_excHandlerMax__I)
                  20005d84    000001f4     rtsv7M4_T_le_eabi.lib : ull_div_t2.obj (.text)
                  20005f78    000001c8     sysbios.aem4 : BIOS.obj (.text:ti_sysbios_knl_Task_Instance_init__E)
                  20006140    00000188     power_cc3200_tirtos.aem4 : PowerCC3200_tirtos.oem4 (.text:PowerCC3200_sleepPolicy)
                  200062c8    0000017c     drivers_cc32xxware.aem4 : GPIOCC3200.oem4 (.text:GPIO_setConfig)
                  20006444    00000004                             : List.oem4 (.text:List_next)
                  20006448    00000174     sysbios.aem4 : BIOS.obj (.text:ti_sysbios_family_arm_m3_Hwi_excBusFault__I)
                  200065bc    00000004     CDIO_CC3200_pem4.oem4 (.text:ti_sysbios_BIOS_RtsGateProxy_enter__E)
                  200065c0    00000164     sysbios.aem4 : BIOS.obj (.text:ti_sysbios_family_arm_m3_Hwi_excUsageFault__I)
                  20006724    00000004     CDIO_CC3200_pem4.oem4 (.text:ti_sysbios_BIOS_RtsGateProxy_leave__E)
                  20006728    00000148     sysbios.aem4 : BIOS.obj (.text:ti_sysbios_family_arm_m3_Hwi_excMemFault__I)
                  20006870    0000013c                  : BIOS.obj (.text:ti_sysbios_heaps_HeapMem_Instance_init__E)
                  200069ac    00000134     driverlib.a : prcm.obj (.text:PRCMCC3200MCUInit)
                  20006ae0    0000011c     CDIO_CC3200.obj (.text:move)
                  20006bfc    00000004     CDIO_CC3200_pem4.oem4 (.text:ti_sysbios_family_arm_m3_Hwi_destruct)
                  20006c00    0000011c     sysbios.aem4 : BIOS.obj (.text:ti_sysbios_knl_Clock_Instance_init__E)
                  20006d1c    00000118     ti.targets.arm.rtsarm.aem4 : Error.oem4 (.text:xdc_runtime_Error_policyDefault__E)
                  20006e34    0000010a     rom_pin_mux_config.obj (.text:PinMuxConfig)
                  20006f3e    00000002     rtsv7M4_T_le_eabi.lib : i_div0.obj (.text)
                  20006f40    00000100     ti.targets.arm.rtsarm.aem4 : Core-mem.oem4 (.text:xdc_runtime_Core_createObject__I)
                  20007040    000000f8                                : Startup.oem4 (.text:xdc_runtime_Startup_startMods__I)
                  20007138    000000f8     CDIO_CC3200_pem4.oem4 (.text:xdc_runtime_System_printfExtend__I)
                  20007230    000000f6     CDIO_CC3200.obj (.text:charToInt)
                  20007326    00000002     CDIO_CC3200_pem4.oem4 (.text:ti_sysbios_BIOS_nullFunc__I)
                  20007328    000000ec     sysbios.aem4 : BIOS.obj (.text:ti_sysbios_knl_Semaphore_post__E)
                  20007414    000000e8     CDIO_CC3200.obj (.text:main)
                  200074fc    000000e0     drivers_cc32xxware.aem4 : PWMTimerCC3200.oem4 (.text:PWMTimerCC3200_open)
                  200075dc    000000d0     gpio_if.obj (.text:GPIO_IF_LedOff)
                  200076ac    000000d0     drivers_cc32xxware.aem4 : GPIOCC3200.oem4 (.text:powerNotifyFxn)
                  2000777c    000000d0     sysbios.aem4 : m3_Hwi_asm.obj (.text:ti_sysbios_family_arm_m3_Hwi_dispatch__I)
                  2000784c    000000cc     ti.targets.arm.rtsarm.aem4 : Core-smem.oem4 (.text:xdc_runtime_Core_constructObject__I)
                  20007918    000000bc     sysbios.aem4 : BIOS.obj (.text:ti_sysbios_family_arm_m3_Hwi_excDebugMon__I)
                  200079d4    00000004     CDIO_CC3200_pem4.oem4 (.text:ti_sysbios_family_arm_m3_TaskSupport_Module__startupDone__S)
                  200079d8    000000bc     sysbios.aem4 : BIOS.obj (.text:ti_sysbios_family_arm_m3_Hwi_excHardFault__I)
                  20007a94    000000b8     drivers_cc32xxware.aem4 : PWMTimerCC3200.oem4 (.text:PWMTimerCC3200_setDuty)
                  20007b4c    00000004     CDIO_CC3200_pem4.oem4 (.text:ti_sysbios_heaps_HeapMem_Module_GateProxy_enter__E)
                  20007b50    000000b4     sysbios.aem4 : BIOS.obj (.text:ti_sysbios_gates_GateMutex_enter__E)
                  20007c04    00000004     CDIO_CC3200_pem4.oem4 (.text:ti_sysbios_heaps_HeapMem_Module_GateProxy_leave__E)
                  20007c08    000000b4     sysbios.aem4 : BIOS.obj (.text:ti_sysbios_knl_Task_checkStacks__E)
                  20007cbc    00000004     CDIO_CC3200_pem4.oem4 (.text:ti_sysbios_knl_Clock_TimerProxy_getMaxTicks__E)
                  20007cc0    000000a8     sysbios.aem4 : BIOS.obj (.text:ti_sysbios_knl_Task_postInit__I)
                  20007d68    000000a4                  : BIOS.obj (.text:ti_sysbios_knl_Clock_Instance_finalize__E)
                  20007e0c    000000a2     drivers_cc32xxware.aem4 : UARTCC3200.oem4 (.text:UARTCC3200_write)
                  20007eae    00000002     CDIO_CC3200_pem4.oem4 (.text:xdc_runtime_Startup_reset__I)
                  20007eb0    000000a0     auto_init.aem4 : auto_init.oem4 (.text)
                  20007f50    000000a0     ti.targets.arm.rtsarm.aem4 : Text.oem4 (.text:xdc_runtime_Text_putMod__E)
                  20007ff0    0000009e     drivers_cc32xxware.aem4 : UARTCC3200.oem4 (.text:readTaskBlocking)
                  2000808e    0000009c     rtsv7M4_T_le_eabi.lib : memcpy_t2.obj (.text)
                  2000812a    00000006     drivers_cc32xxware.aem4 : PWMTimerCC3200.oem4 (.text:PWMTimerCC3200_getPeriodMicroSecs)
                  20008130    0000009c     sysbios.aem4 : BIOS.obj (.text:ti_sysbios_knl_Semaphore_Instance_init__E)
                  200081cc    0000009a     ti.targets.arm.rtsarm.aem4 : Text.oem4 (.text:xdc_runtime_Text_putSite__E)
                  20008266    00000098     drivers_cc32xxware.aem4 : UARTCC3200.oem4 (.text:UARTCC3200_control)
                  200082fe    00000098                             : UARTCC3200.oem4 (.text:UARTCC3200_readPolling)
                  20008396    00000002     --HOLE-- [fill = 0]
                  20008398    00000094     sysbios.aem4 : BIOS.obj (.text:ti_sysbios_family_arm_m3_Hwi_Instance_init__E)
                  2000842c    00000090     drivers_cc32xxware.aem4 : PowerCC3200.oem4 (.text:restoreNVICRegs)
                  200084bc    0000008a                             : UARTCC3200.oem4 (.text:readIsrTextBlocking)
                  20008546    00000002     --HOLE-- [fill = 0]
                  20008548    00000088     driverlib.a : pin.obj (.text:PinConfigSet)
                  200085d0    00000088     drivers_cc32xxware.aem4 : UARTCC3200.oem4 (.text:UARTCC3200_close)
                  20008658    00000088     sysbios.aem4 : BIOS.obj (.text:ti_sysbios_family_arm_m3_Hwi_initNVIC__E)
                  200086e0    00000084     drivers_cc32xxware.aem4 : GPIOCC3200.oem4 (.text:GPIO_init)
                  20008764    00000084                             : PowerCC3200.oem4 (.text:saveNVICRegs)
                  200087e8    00000084     sysbios.aem4 : BIOS.obj (.text:ti_sysbios_family_arm_m3_Hwi_postInit__I)
                  2000886c    00000082     driverlib.a : gpio.obj (.text:GPIOIntTypeSet)
                  200088ee    00000082     drivers_cc32xxware.aem4 : UARTCC3200.oem4 (.text:readIsrTextCallback)
                  20008970    0000007a                             : UARTCC3200.oem4 (.text:readTaskCallback)
                  200089ea    0000007a     rtsv7M4_T_le_eabi.lib : memset_t2.obj (.text)
                  20008a64    00000076     driverlib.a : uart.obj (.text:UARTConfigSetExpClk)
                  20008ada    00000006                 : utils.obj (.text:UtilsDelay)
                  20008ae0    00000074     sysbios.aem4 : BIOS.obj (.text:ti_sysbios_knl_Clock_start__E)
                  20008b54    00000070     drivers_cc32xxware.aem4 : PWMTimerCC3200.oem4 (.text:PWMTimerCC3200_control)
                  20008bc4    00000070                             : PowerCC3200.oem4 (.text:Power_sleep)
                  20008c34    0000006d     ti.targets.arm.rtsarm.aem4 : System.oem4 (.text:xdc_runtime_System_formatNum__I)
                  20008ca1    00000003     --HOLE-- [fill = 0]
                  20008ca4    0000006c     drivers_cc32xxware.aem4 : UARTCC3200.oem4 (.text:initHw)
                  20008d10    0000006c     sysbios.aem4 : BIOS.obj (.text:ti_sysbios_knl_Clock_workFunc__E)
                  20008d7c    00000004     CDIO_CC3200_pem4.oem4 (.text:ti_sysbios_knl_Clock_TimerProxy_setPeriodMicroSecs__E)
                  20008d80    0000006c     sysbios.aem4 : BIOS.obj (.text:ti_sysbios_knl_Swi_restoreHwi__E)
                  20008dec    00000004     CDIO_CC3200_pem4.oem4 (.text:ti_sysbios_knl_Clock_TimerProxy_start__E)
                  20008df0    0000006c     sysbios.aem4 : BIOS.obj (.text:ti_sysbios_knl_Task_exit__E)
                  20008e5c    0000006c     ti.targets.arm.rtsarm.aem4 : Error.oem4 (.text:xdc_runtime_Error_print__E)
                  20008ec8    0000006c                                : Memory.oem4 (.text:xdc_runtime_Memory_alloc__E)
                  20008f34    0000006a     rtsv7M4_T_le_eabi.lib : copy_decompress_rle.obj (.text)
                  20008f9e    00000002     --HOLE-- [fill = 0]
                  20008fa0    00000068     driverlib.a : prcm.obj (.text:PRCMHibernateWakeUpGPIOSelect)
                  20009008    00000068     rtsv7M4_T_le_eabi.lib : trgmsg.obj (.text)
                  20009070    00000068     drivers_cc32xxware.aem4 : UARTCC3200.oem4 (.text:writeData)
                  200090d8    00000066     ti.targets.arm.rtsarm.aem4 : Core-mem.oem4 (.text:xdc_runtime_Core_deleteObject__I)
                  2000913e    00000002     --HOLE-- [fill = 0]
                  20009140    00000064     drivers_cc32xxware.aem4 : GPIOCC3200.oem4 (.text:GPIO_hwiIntFxn)
                  200091a4    00000004     CDIO_CC3200_pem4.oem4 (.text:ti_sysbios_knl_Clock_TimerProxy_stop__E)
                  200091a8    00000064     sysbios.aem4 : BIOS.obj (.text:ti_sysbios_family_arm_m3_Hwi_dispatchC__I)
                  2000920c    00000062     tirtosport.aem4 : HwiP_tirtos.oem4 (.text:HwiP_create)
                  2000926e    00000002     --HOLE-- [fill = 0]
                  20009270    00000060     sysbios.aem4 : BIOS.obj (.text:ti_sysbios_knl_Task_schedule__I)
                  200092d0    0000005e     drivers_cc32xxware.aem4 : UARTCC3200.oem4 (.text:readIsrBinaryBlocking)
                  2000932e    00000002     --HOLE-- [fill = 0]
                  20009330    0000005c     sysbios.aem4 : BIOS.obj (.text:ti_sysbios_knl_Swi_run__I)
                  2000938c    00000004     CDIO_CC3200_pem4.oem4 (.text:ti_sysbios_knl_Clock_destruct)
                  20009390    0000005c     sysbios.aem4 : BIOS.obj (.text:ti_sysbios_knl_Swi_schedule__I)
                  200093ec    00000004     CDIO_CC3200_pem4.oem4 (.text:ti_sysbios_knl_Queue_destruct)
                  200093f0    0000005c     sysbios.aem4 : BIOS.obj (.text:ti_sysbios_knl_Task_Module_startup__E)
                  2000944c    00000004     CDIO_CC3200_pem4.oem4 (.text:ti_sysbios_knl_Semaphore_destruct)
                  20009450    0000005c     sysbios.aem4 : BIOS.obj (.text:ti_sysbios_knl_Task_startCore__E)
                  200094ac    0000005b     ti.targets.arm.rtsarm.aem4 : Text.oem4 (.text:xdc_runtime_Text_putLab__E)
                  20009507    00000001     --HOLE-- [fill = 0]
                  20009508    0000005a     tirtosport.aem4 : ClockP_tirtos.oem4 (.text:ClockP_create)
                  20009562    00000002     --HOLE-- [fill = 0]
                  20009564    00000058     driverlib.a : prcm.obj (.text:PRCMPeripheralReset)
                  200095bc    00000058     drivers_cc32xxware.aem4 : PowerCC3200.oem4 (.text:Power_init)
                  20009614    00000058     tirtosport.aem4 : SemaphoreP_tirtos.oem4 (.text:SemaphoreP_create)
                  2000966c    00000058     CDIO_CC3200_pem4.oem4 (.text:ti_sysbios_family_arm_m3_Hwi_construct)
                  200096c4    00000054     drivers_cc32xxware.aem4 : UARTCC3200.oem4 (.text:UARTCC3200_writeCancel)
                  20009718    00000054                             : UARTCC3200.oem4 (.text:readIsrBinaryCallback)
                  2000976c    00000054     rtsv7M4_T_le_eabi.lib : exit.obj (.text)
                  200097c0    00000054     sysbios.aem4 : BIOS.obj (.text:ti_sysbios_family_arm_m3_Timer_setPeriod__E)
                  20009814    00000004     ti.targets.arm.rtsarm.aem4 : Error.oem4 (.text:xdc_runtime_Error_getSite__E)
                  20009818    00000054     sysbios.aem4 : BIOS.obj (.text:ti_sysbios_family_arm_m3_Timer_start__E)
                  2000986c    00000054     CDIO_CC3200_pem4.oem4 (.text:ti_sysbios_knl_Task_construct)
                  200098c0    00000054     ti.targets.arm.rtsarm.aem4 : Assert.oem4 (.text:xdc_runtime_Assert_raise__I)
                  20009914    00000050     drivers_cc32xxware.aem4 : GPIOCC3200.oem4 (.text:GPIO_write)
                  20009964    00000004     CDIO_CC3200_pem4.oem4 (.text:xdc_runtime_System_Module_GateProxy_enter__E)
                  20009968    00000050     sysbios.aem4 : BIOS.obj (.text:ti_sysbios_family_arm_m3_Hwi_Module_startup__E)
                  200099b8    00000050     ti.targets.arm.rtsarm.aem4 : Startup.oem4 (.text:xdc_runtime_Startup_exec__E)
                  20009a08    00000050                                : Text.oem4 (.text:xdc_runtime_Text_visitRope2__I)
                  20009a58    0000004c     gpio_if.obj (.text:GPIO_IF_GetPortNPin)
                  20009aa4    0000004c     drivers_cc32xxware.aem4 : GPIOCC3200.oem4 (.text:GPIO_setCallback)
                  20009af0    0000004c     rtsv7M4_T_le_eabi.lib : cpy_tbl.obj (.text)
                  20009b3c    0000004c     sysbios.aem4 : m3_TaskSupport_asm.obj (.text:ti_sysbios_family_arm_m3_TaskSupport_buildTaskStack)
                  20009b88    0000004c                  : BIOS.obj (.text:ti_sysbios_family_arm_m3_Timer_setPeriodMicroSecs__E)
                  20009bd4    00000004     CDIO_CC3200_pem4.oem4 (.text:xdc_runtime_System_Module_GateProxy_leave__E)
                  20009bd8    0000004c     sysbios.aem4 : BIOS.obj (.text:ti_sysbios_heaps_HeapMem_getStats__E)
                  20009c24    00000004     ti.targets.arm.rtsarm.aem4 : System.oem4 (.text:xdc_runtime_System_aprintf_va__F)
                  20009c28    0000004c     sysbios.aem4 : BIOS.obj (.text:ti_sysbios_knl_Swi_runLoop__I)
                  20009c74    00000004     ti.targets.arm.rtsarm.aem4 : System.oem4 (.text:xdc_runtime_System_printf_va__F)
                  20009c78    0000004c     sysbios.aem4 : BIOS.obj (.text:ti_sysbios_knl_Task_allBlockedFunction__I)
                  20009cc4    00000048     driverlib.a : flash.obj (.text:FlashDisable)
                  20009d0c    00000048                 : prcm.obj (.text:PRCMHibernateWakeupSourceEnable)
                  20009d54    00000048                 : pin.obj (.text:PinConfigGet)
                  20009d9c    00000048     drivers_cc32xxware.aem4 : PowerCC3200.oem4 (.text:notify)
                  20009de4    00000004     --HOLE-- [fill = 0]
                  20009de8    00000048     sysbios.aem4 : BIOS.obj (.text:ti_sysbios_family_arm_m3_Hwi_disableInterrupt__E)
                  20009e30    00000048                  : BIOS.obj (.text:ti_sysbios_family_arm_m3_Hwi_enableInterrupt__E)
                  20009e78    00000048                  : BIOS.obj (.text:ti_sysbios_family_arm_m3_Hwi_excReserved__I)
                  20009ec0    00000048                  : m3_Hwi_asm_switch.obj (.text:ti_sysbios_family_arm_m3_Hwi_initStacks__E)
                  20009f08    00000048                  : BIOS.obj (.text:ti_sysbios_family_arm_m3_Timer_initDevice__I)
                  20009f50    00000046     drivers_cc32xxware.aem4 : RingBuf.oem4 (.text:RingBuf_put)
                  20009f96    00000046     ti.targets.arm.rtsarm.aem4 : Core-params.oem4 (.text:xdc_runtime_Core_assignParams__I)
                  20009fdc    00000044     driverlib.a : prcm.obj (.text:PRCMLPDSEnter)
                  2000a020    00000044     drivers_cc32xxware.aem4 : PowerCC3200_asm.oem4 (.text:PowerCC3200_enterLPDS)
                  2000a064    00000044                             : UARTCC3200.oem4 (.text:UARTCC3200_hwiIntFxn)
                  2000a0a8    00000044     boot.aem4 : boot.oem4 (.text)
                  2000a0ec    00000004     --HOLE-- [fill = 0]
                  2000a0f0    00000044     sysbios.aem4 : BIOS.obj (.text:ti_sysbios_family_arm_m3_Hwi_getStackInfo__E)
                  2000a134    00000004     --HOLE-- [fill = 0]
                  2000a138    00000044                  : BIOS.obj (.text:ti_sysbios_knl_Swi_post__E)
                  2000a17c    00000044     ti.targets.arm.rtsarm.aem4 : Error.oem4 (.text:xdc_runtime_Error_setX__E)
                  2000a1c0    00000044                                : SysMin.oem4 (.text:xdc_runtime_SysMin_flush__E)
                  2000a204    00000044                                : Text.oem4 (.text:xdc_runtime_Text_xprintf__I)
                  2000a248    00000042     drivers_cc32xxware.aem4 : PowerCC3200_asm.oem4 (.text:PowerCC3200_resumeLPDS)
                  2000a28a    00000042                             : UARTCC3200.oem4 (.text:UARTCC3200_writePolling)
                  2000a2cc    00000040                             : GPIOCC3200.oem4 (.text:GPIO_enableInt)
                  2000a30c    00000040     driverlib.a : pin.obj (.text:PinModeSet)
                  2000a34c    00000040     drivers_cc32xxware.aem4 : PowerCC3200.oem4 (.text:Power_setDependency)
                  2000a38c    00000040                             : RingBuf.oem4 (.text:RingBuf_get)
                  2000a3cc    00000040                             : UARTCC3200.oem4 (.text:UARTCC3200_read)
                  2000a40c    00000040     rtsv7M4_T_le_eabi.lib : u_divt2.obj (.text)
                  2000a44c    00000004     --HOLE-- [fill = 0]
                  2000a450    00000040     sysbios.aem4 : BIOS.obj (.text:ti_sysbios_family_arm_m3_Timer_Module_startup__E)
                  2000a490    0000003c     driverlib.a : prcm.obj (.text:PRCMPeripheralClkEnable)
                  2000a4cc    0000003c                 : prcm.obj (.text:PRCMSlowClkCtrFastGet)
                  2000a508    0000003c                 : pin.obj (.text:PinDirModeSet)
                  2000a544    00000004     --HOLE-- [fill = 0]
                  2000a548    0000003c     sysbios.aem4 : BIOS.obj (.text:ti_sysbios_family_arm_m3_Hwi_excSvCall__I)
                  2000a584    00000004     --HOLE-- [fill = 0]
                  2000a588    0000003c                  : BIOS.obj (.text:ti_sysbios_heaps_HeapMem_init__I)
                  2000a5c4    00000004     --HOLE-- [fill = 0]
                  2000a5c8    0000003c                  : BIOS.obj (.text:ti_sysbios_knl_Clock_walkQueuePeriodic__E)
                  2000a604    00000004     --HOLE-- [fill = 0]
                  2000a608    0000003c                  : BIOS.obj (.text:ti_sysbios_knl_Swi_restore__E)
                  2000a644    00000004     --HOLE-- [fill = 0]
                  2000a648    0000003c                  : BIOS.obj (.text:ti_sysbios_knl_Swi_startup__E)
                  2000a684    0000003a     gpio_if.obj (.text:GPIO_IF_Set)
                  2000a6be    00000002     --HOLE-- [fill = 0]
                  2000a6c0    00000038     driverlib.a : prcm.obj (.text:PRCMIntEnable)
                  2000a6f8    00000038     drivers_cc32xxware.aem4 : PWM.oem4 (.text:PWM_init)
                  2000a730    00000038     power_cc3200_tirtos.aem4 : PowerCC3200_tirtos.oem4 (.text:PowerCC3200_initPolicy)
                  2000a768    00000038     drivers_cc32xxware.aem4 : UART.oem4 (.text:UART_init)
                  2000a7a0    00000038     sysbios.aem4 : BIOS.obj (.text:ti_sysbios_family_arm_m3_Hwi_excNoIsr__I)
                  2000a7d8    00000038                  : BIOS.obj (.text:ti_sysbios_knl_Task_processVitalTaskFlag__I)
                  2000a810    00000038     ti.targets.arm.rtsarm.aem4 : SysMin.oem4 (.text:xdc_runtime_SysMin_putch__E)
                  2000a848    00000038                                : System.oem4 (.text:xdc_runtime_System_atexit__E)
                  2000a880    00000036     driverlib.a : gpio.obj (.text:GPIODirModeSet)
                  2000a8b6    00000036                 : timer.obj (.text:TimerControlLevel)
                  2000a8ec    00000036     drivers_cc32xxware.aem4 : UARTCC3200.oem4 (.text:UARTCC3200_readCancel)
                  2000a922    00000002     --HOLE-- [fill = 0]
                  2000a924    00000034     driverlib.a : prcm.obj (.text:PRCMPeripheralStatusGet)
                  2000a958    00000034                 : prcm.obj (.text:PRCMSRAMRetentionEnable)
                  2000a98c    00000034     drivers_cc32xxware.aem4 : PowerCC3200.oem4 (.text:Power_releaseDependency)
                  2000a9c0    00000034     power_cc3200_tirtos.aem4 : PowerCC3200_tirtos.oem4 (.text:getCountsRTC)
                  2000a9f4    00000034     drivers_cc32xxware.aem4 : PWMTimerCC3200.oem4 (.text:getPowerMgrId)
                  2000aa28    00000034                             : PowerCC3200.oem4 (.text:restorePeriphClocks)
                  2000aa5c    00000004     --HOLE-- [fill = 0]
                  2000aa60    00000034     sysbios.aem4 : BIOS.obj (.text:ti_sysbios_family_arm_m3_Hwi_Instance_finalize__E)
                  2000aa94    00000004     --HOLE-- [fill = 0]
                  2000aa98    00000034                  : BIOS.obj (.text:ti_sysbios_family_arm_m3_Hwi_excNmi__I)
                  2000aacc    00000004     --HOLE-- [fill = 0]
                  2000aad0    00000034                  : BIOS.obj (.text:ti_sysbios_family_arm_m3_Timer_periodicStub__I)
                  2000ab04    00000004     --HOLE-- [fill = 0]
                  2000ab08    00000034                  : BIOS.obj (.text:ti_sysbios_hal_Hwi_checkStack)
                  2000ab3c    00000034     CDIO_CC3200_pem4.oem4 (.text:ti_sysbios_knl_Clock_construct)
                  2000ab70    00000034     ti.targets.arm.rtsarm.aem4 : Core-label.oem4 (.text:xdc_runtime_Core_assignLabel__I)
                  2000aba4    00000033                                : Text.oem4 (.text:xdc_runtime_Text_printVisFxn__I)
                  2000abd7    00000001     --HOLE-- [fill = 0]
                  2000abd8    00000032     sysbios.aem4 : BIOS.obj (.text:ti_sysbios_hal_Hwi_initStack)
                  2000ac0a    00000030     driverlib.a : pin.obj (.text:PinTypeGPIO)
                  2000ac3a    00000002     --HOLE-- [fill = 0]
                  2000ac3c    00000030     drivers_cc32xxware.aem4 : PowerCC3200.oem4 (.text:Power_releaseConstraint)
                  2000ac6c    00000030                             : PowerCC3200.oem4 (.text:Power_setConstraint)
                  2000ac9c    00000030     driverlib.a : uart.obj (.text:UARTDisable)
                  2000accc    00000030     drivers_cc32xxware.aem4 : UART.oem4 (.text:UART_open)
                  2000acfc    00000030     CDIO_CC3200_pem4.oem4 (.text:ti_sysbios_BIOS_atExitFunc__I)
                  2000ad2c    00000004     --HOLE-- [fill = 0]
                  2000ad30    00000030     sysbios.aem4 : BIOS.obj (.text:ti_sysbios_family_arm_m3_TaskSupport_start__E)
                  2000ad60    00000030     CDIO_CC3200_pem4.oem4 (.text:ti_sysbios_gates_GateHwi_Object__create__S)
                  2000ad90    00000030     CDIO_CC3200_pem4.oem4 (.text:ti_sysbios_gates_GateMutex_Object__create__S)
                  2000adc0    00000030     CDIO_CC3200_pem4.oem4 (.text:ti_sysbios_heaps_HeapMem_Object__create__S)
                  2000adf0    00000030     CDIO_CC3200_pem4.oem4 (.text:ti_sysbios_knl_Semaphore_construct)
                  2000ae20    00000030     sysbios.aem4 : BIOS.obj (.text:ti_sysbios_knl_Semaphore_pendTimeout__I)
                  2000ae50    00000030                  : BIOS.obj (.text:ti_sysbios_knl_Task_unblockI__E)
                  2000ae80    00000030     ti.targets.arm.rtsarm.aem4 : SysMin.oem4 (.text:xdc_runtime_SysMin_abort__E)
                  2000aeb0    00000030                                : System.oem4 (.text:xdc_runtime_System_processAtExit__E)
                  2000aee0    0000002e     drivers_cc32xxware.aem4 : PWMTimerCC3200.oem4 (.text:PWMTimerCC3200_close)
                  2000af0e    00000002     --HOLE-- [fill = 0]
                  2000af10    0000002c     driverlib.a : prcm.obj (.text:PRCMLPDSIntervalSet)
                  2000af3c    0000002c                 : prcm.obj (.text:PRCMSysResetCauseGet)
                  2000af68    0000002c     CDIO_CC3200_pem4.oem4 (.text:ti_sysbios_knl_Clock_doTick__I)
                  2000af94    0000002c     CDIO_CC3200_pem4.oem4 (.text:ti_sysbios_knl_Queue_construct)
                  2000afc0    0000002c     sysbios.aem4 : BIOS.obj (.text:ti_sysbios_knl_Task_restore__E)
                  2000afec    0000002c     ti.targets.arm.rtsarm.aem4 : Text.oem4 (.text:xdc_runtime_Text_cordText__E)
                  2000b018    0000002a     driverlib.a : timer.obj (.text:TimerLoadSet)
                  2000b042    0000002a                 : timer.obj (.text:TimerMatchSet)
                  2000b06c    0000002a                 : timer.obj (.text:TimerPrescaleMatchSet)
                  2000b096    0000002a                 : timer.obj (.text:TimerPrescaleSet)
                  2000b0c0    0000002a     ti.targets.arm.rtsarm.aem4 : System.oem4 (.text:xdc_runtime_System_putchar__I)
                  2000b0ea    00000002     --HOLE-- [fill = 0]
                  2000b0ec    00000028     driverlib.a : prcm.obj (.text:PRCMLPDSWakeupSourceEnable)
                  2000b114    00000028                 : prcm.obj (.text:PRCMPeripheralClkDisable)
                  2000b13c    00000028     drivers_cc32xxware.aem4 : PowerCC3200.oem4 (.text:Power_registerNotify)
                  2000b164    00000028                             : UARTCC3200.oem4 (.text:releasePowerConstraint)
                  2000b18c    00000004     --HOLE-- [fill = 0]
                  2000b190    00000028     sysbios.aem4 : BIOS.obj (.text:ti_sysbios_knl_Swi_Module_startup__E)
                  2000b1b8    00000026     drivers_cc32xxware.aem4 : List.oem4 (.text:List_put)
                  2000b1de    00000026     ti.targets.arm.rtsarm.aem4 : System.oem4 (.text:xdc_runtime_System_avprintf__E)
                  2000b204    00000024     driverlib.a : prcm.obj (.text:PRCMLPDSWakeUpGPIOSelect)
                  2000b228    00000024                 : uart.obj (.text:UARTCharPutNonBlocking)
                  2000b24c    00000024                 : uart.obj (.text:UARTEnable)
                  2000b270    00000024     CDIO_CC3200_pem4.oem4 (.text:ti_sysbios_BIOS_errorRaiseHook__I)
                  2000b294    00000024     CDIO_CC3200_pem4.oem4 (.text:ti_sysbios_BIOS_registerRTSLock__I)
                  2000b2b8    00000024     CDIO_CC3200_pem4.oem4 (.text:ti_sysbios_BIOS_removeRTSLock__I)
                  2000b2dc    00000024     CDIO_CC3200_pem4.oem4 (.text:ti_sysbios_BIOS_startFunc__I)
                  2000b300    00000024     sysbios.aem4 : BIOS.obj (.text:ti_sysbios_family_arm_m3_Hwi_doTaskRestore__I)
                  2000b324    00000004     --HOLE-- [fill = 0]
                  2000b328    00000024                  : BIOS.obj (.text:ti_sysbios_family_arm_m3_Timer_startup__E)
                  2000b34c    00000024     CDIO_CC3200_pem4.oem4 (.text:ti_sysbios_gates_GateMutex_Object__delete__S)
                  2000b370    00000024     sysbios.aem4 : BIOS.obj (.text:ti_sysbios_knl_Clock_Module_startup__E)
                  2000b394    00000024     ti.targets.arm.rtsarm.aem4 : System.oem4 (.text:xdc_runtime_System_vprintf__E)
                  2000b3b8    00000022     driverlib.a : gpio.obj (.text:GPIOIntStatus)
                  2000b3da    00000022     CDIO_CC3200_pem4.oem4 (.text:xdc_runtime_SysMin_output__I)
                  2000b3fc    00000020     driverlib.a : gpio.obj (.text:GPIOPinWrite)
                  2000b41c    00000020                 : prcm.obj (.text:PRCMLPDSRestoreInfoSet)
                  2000b43c    00000020     drivers_cc32xxware.aem4 : PowerCC3200.oem4 (.text:Power_idleFunc)
                  2000b45c    00000020                             : PowerCC3200.oem4 (.text:Power_unregisterNotify)
                  2000b47c    00000020     CDIO_CC3200.obj (.text:brytarIntYO)
                  2000b49c    00000020     drivers_cc32xxware.aem4 : UARTCC3200.oem4 (.text:getPowerMgrId)
                  2000b4bc    00000020     CDIO_CC3200_pem4.oem4 (.text:ti_sysbios_BIOS_rtsLock__I)
                  2000b4dc    00000020     sysbios.aem4 : m3_Hwi_asm.obj (.text:ti_sysbios_family_arm_m3_Hwi_excHandlerAsm__I)
                  2000b4fc    00000004     --HOLE-- [fill = 0]
                  2000b500    00000020                  : BIOS.obj (.text:ti_sysbios_family_arm_m3_Hwi_excHandler__I)
                  2000b520    00000020     CDIO_CC3200_pem4.oem4 (.text:ti_sysbios_gates_GateHwi_Object__delete__S)
                  2000b540    00000020     CDIO_CC3200_pem4.oem4 (.text:ti_sysbios_heaps_HeapMem_Object__delete__S)
                  2000b560    00000020     CDIO_CC3200_pem4.oem4 (.text:ti_sysbios_knl_Clock_Object__destruct__S)
                  2000b580    00000020     sysbios.aem4 : BIOS.obj (.text:ti_sysbios_knl_Idle_run__E)
                  2000b5a0    00000020     CDIO_CC3200_pem4.oem4 (.text:ti_sysbios_knl_Semaphore_Object__destruct__S)
                  2000b5c0    00000020     ti.targets.arm.rtsarm.aem4 : Registry.oem4 (.text:xdc_runtime_Registry_findById__E)
                  2000b5e0    00000020                                : SysMin.oem4 (.text:xdc_runtime_SysMin_Module_startup__E)
                  2000b600    0000001e     driverlib.a : timer.obj (.text:TimerDisable)
                  2000b61e    0000001e                 : timer.obj (.text:TimerEnable)
                  2000b63c    0000001e                 : uart.obj (.text:UARTCharPut)
                  2000b65a    0000001e                 : uart.obj (.text:UARTIntStatus)
                  2000b678    0000001e     sysbios.aem4 : m3_Hwi_asm_switch.obj (.text:ti_sysbios_family_xxx_Hwi_switchAndRunFunc)
                  2000b696    0000001c     driverlib.a : uart.obj (.text:UARTCharGetNonBlocking)
                  2000b6b2    0000001c                 : uart.obj (.text:UARTFlowControlSet)
                  2000b6ce    00000002     --HOLE-- [fill = 0]
                  2000b6d0    0000001c     CDIO_CC3200_pem4.oem4 (.text:ti_sysbios_family_arm_m3_Hwi_Object__destruct__S)
                  2000b6ec    00000004     --HOLE-- [fill = 0]
                  2000b6f0    0000001c     sysbios.aem4 : BIOS.obj (.text:ti_sysbios_family_arm_m3_Timer_stop__E)
                  2000b70c    00000004     --HOLE-- [fill = 0]
                  2000b710    0000001c                  : BIOS.obj (.text:ti_sysbios_gates_GateMutex_Instance_init__E)
                  2000b72c    0000001c     CDIO_CC3200_pem4.oem4 (.text:ti_sysbios_knl_Queue_Object__destruct__S)
                  2000b748    0000001c     sysbios.aem4 : BIOS.obj (.text:ti_sysbios_knl_Task_enter__I)
                  2000b764    0000001c     ti.targets.arm.rtsarm.aem4 : Error.oem4 (.text:xdc_runtime_Error_raiseX__E)
                  2000b780    0000001c                                : Memory.oem4 (.text:xdc_runtime_Memory_valloc__E)
                  2000b79c    0000001c                                : SysMin.oem4 (.text:xdc_runtime_SysMin_exit__E)
                  2000b7b8    0000001c                                : System.oem4 (.text:xdc_runtime_System_abort__E)
                  2000b7d4    0000001a     driverlib.a : gpio.obj (.text:GPIOIntEnable)
                  2000b7ee    0000001a     drivers_cc32xxware.aem4 : List.oem4 (.text:List_remove)
                  2000b808    0000001a     driverlib.a : pin.obj (.text:PinTypeTimer)
                  2000b822    0000001a                 : pin.obj (.text:PinTypeUART)
                  2000b83c    0000001a     CDIO_CC3200_pem4.oem4 (.text:ti_sysbios_family_arm_m3_Hwi_Handle__label__S)
                  2000b856    0000001a     sysbios.aem4 : m3_Hwi_asm.obj (.text:ti_sysbios_family_arm_m3_Hwi_pendSV__I)
                  2000b870    0000001a     CDIO_CC3200_pem4.oem4 (.text:ti_sysbios_gates_GateHwi_Handle__label__S)
                  2000b88a    0000001a     CDIO_CC3200_pem4.oem4 (.text:ti_sysbios_gates_GateMutex_Handle__label__S)
                  2000b8a4    0000001a     CDIO_CC3200_pem4.oem4 (.text:ti_sysbios_heaps_HeapMem_Handle__label__S)
                  2000b8be    0000001a     CDIO_CC3200_pem4.oem4 (.text:ti_sysbios_knl_Swi_Handle__label__S)
                  2000b8d8    0000001a     CDIO_CC3200_pem4.oem4 (.text:ti_sysbios_knl_Task_Handle__label__S)
                  2000b8f2    0000001a     CDIO_CC3200_pem4.oem4 (.text:xdc_runtime_System_aprintf__E)
                  2000b90c    0000001a     CDIO_CC3200_pem4.oem4 (.text:xdc_runtime_System_printf__E)
                  2000b926    00000018     driverlib.a : uart.obj (.text:UARTBusy)
                  2000b93e    00000018                 : uart.obj (.text:UARTFIFOLevelSet)
                  2000b956    00000018                 : uart.obj (.text:UARTIntDisable)
                  2000b96e    00000018                 : uart.obj (.text:UARTIntEnable)
                  2000b986    00000002     --HOLE-- [fill = 0]
                  2000b988    00000018     drivers_cc32xxware.aem4 : UART.oem4 (.text:UART_Params_init)
                  2000b9a0    00000018     rtsv7M4_T_le_eabi.lib : args_main.obj (.text)
                  2000b9b8    00000018                           : ll_mul_t2.obj (.text)
                  2000b9d0    00000018     CDIO_CC3200_pem4.oem4 (.text:ti_sysbios_BIOS_rtsUnlock__I)
                  2000b9e8    00000018     CDIO_CC3200_pem4.oem4 (.text:ti_sysbios_family_arm_m3_Hwi_Module__startupDone__F)
                  2000ba00    00000018     CDIO_CC3200_pem4.oem4 (.text:ti_sysbios_family_arm_m3_Timer_Module__startupDone__F)
                  2000ba18    00000018     sysbios.aem4 : BIOS.obj (.text:ti_sysbios_gates_GateMutex_leave__E)
                  2000ba30    00000018     ti.targets.arm.rtsarm.aem4 : Error.oem4 (.text:xdc_runtime_Error_check__E)
                  2000ba48    00000018                                : System.oem4 (.text:xdc_runtime_System_exit__E)
                  2000ba60    00000018                                : Text.oem4 (.text:xdc_runtime_Text_ropeText__E)
                  2000ba78    00000016     tirtosport.aem4 : ClockP_tirtos.oem4 (.text:ClockP_delete)
                  2000ba8e    00000016                     : HwiP_tirtos.oem4 (.text:HwiP_delete)
                  2000baa4    00000016     driverlib.a : prcm.obj (.text:PRCMHIBRegRead)
                  2000baba    00000016                 : prcm.obj (.text:PRCMHIBRegWrite)
                  2000bad0    00000016     tirtosport.aem4 : SemaphoreP_tirtos.oem4 (.text:SemaphoreP_delete)
                  2000bae6    00000016     driverlib.a : uart.obj (.text:UARTCharGet)
                  2000bafc    00000016     drivers_cc32xxware.aem4 : UARTCC3200.oem4 (.text:startTxFifoEmptyClk)
                  2000bb12    00000016     CDIO_CC3200_pem4.oem4 (.text:ti_sysbios_BIOS_exitFunc__I)
                  2000bb28    00000016     CDIO_CC3200.obj (.text:ti_sysbios_knl_Task_Params_init)
                  2000bb3e    00000014     driverlib.a : cpu.obj (.text:CPUcpsid)
                  2000bb52    00000014                 : cpu.obj (.text:CPUcpsie)
                  2000bb66    00000014                 : gpio.obj (.text:GPIOIntClear)
                  2000bb7a    00000002     --HOLE-- [fill = 0]
                  2000bb7c    00000014     rtsv7M4_T_le_eabi.lib : _lock.obj (.text)
                  2000bb90    00000014                           : strcpy.obj (.text)
                  2000bba4    00000014                           : strlen.obj (.text)
                  2000bbb8    00000014     CDIO_CC3200_pem4.oem4 (.text:ti_sysbios_family_arm_m3_Hwi_Object__get__S)
                  2000bbcc    00000004     --HOLE-- [fill = 0]
                  2000bbd0    00000014     sysbios.aem4 : BIOS.obj (.text:ti_sysbios_family_arm_m3_Hwi_switchFromBootStack__E)
                  2000bbe4    00000014     CDIO_CC3200_pem4.oem4 (.text:ti_sysbios_heaps_HeapMem_Object__get__S)
                  2000bbf8    00000014     sysbios.aem4 : BIOS.obj (.text:ti_sysbios_knl_Clock_tickReconfig__E)
                  2000bc0c    00000014     CDIO_CC3200_pem4.oem4 (.text:ti_sysbios_knl_Swi_Object__get__S)
                  2000bc20    00000012     tirtosport.aem4 : ClockP_tirtos.oem4 (.text:ClockP_start)
                  2000bc32    00000012     drivers_cc32xxware.aem4 : RingBuf.oem4 (.text:RingBuf_construct)
                  2000bc44    00000012     tirtosport.aem4 : SemaphoreP_tirtos.oem4 (.text:SemaphoreP_pend)
                  2000bc56    00000012     driverlib.a : uart.obj (.text:UARTIntClear)
                  2000bc68    00000012                 : uart.obj (.text:UARTRxErrorGet)
                  2000bc7a    00000006     rtsv7M4_T_le_eabi.lib : copy_decompress_rle.obj (.text:decompress:rle24)
                  2000bc80    00000012     sysbios.aem4 : BIOS.obj (.text:ti_sysbios_hal_Hwi_Module_startup__E)
                  2000bc92    00000012     CDIO_CC3200_pem4.oem4 (.text:xdc_runtime_Startup_exec__I)
                  2000bca4    00000010     CC3200_LAUNCHXL.obj (.text:CC3200_LAUNCHXL_initGeneral)
                  2000bcb4    00000010     driverlib.a : uart.obj (.text:UARTRxErrorClear)
                  2000bcc4    00000010     drivers_cc32xxware.aem4 : UARTCC3200.oem4 (.text:readBlockingTimeout)
                  2000bcd4    00000004     --HOLE-- [fill = 0]
                  2000bcd8    00000010     sysbios.aem4 : BIOS.obj (.text:ti_sysbios_BIOS_getCpuFreq__E)
                  2000bce8    00000010                  : BIOS.obj (.text:ti_sysbios_BIOS_setThreadType__E)
                  2000bcf8    00000010                  : BIOS.obj (.text:ti_sysbios_BIOS_start__E)
                  2000bd08    00000010                  : m3_TaskSupport_asm.obj (.text:ti_sysbios_family_arm_m3_TaskSupport_glue)
                  2000bd18    00000010                  : m3_TaskSupport_asm.obj (.text:ti_sysbios_family_arm_m3_TaskSupport_swap__E)
                  2000bd28    00000010                  : BIOS.obj (.text:ti_sysbios_gates_GateMutex_Instance_finalize__E)
                  2000bd38    00000010                  : BIOS.obj (.text:ti_sysbios_knl_Semaphore_Instance_finalize__E)
                  2000bd48    00000010                  : BIOS.obj (.text:ti_sysbios_knl_Swi_disable__E)
                  2000bd58    00000010     CDIO_CC3200_pem4.oem4 (.text:ti_sysbios_knl_Task_Object__get__S)
                  2000bd68    00000010     sysbios.aem4 : BIOS.obj (.text:ti_sysbios_knl_Task_disable__E)
                  2000bd78    00000010     ti.targets.arm.rtsarm.aem4 : Gate.oem4 (.text:xdc_runtime_Gate_leaveSystem__E)
                  2000bd88    00000010                                : Memory.oem4 (.text:xdc_runtime_Memory_free__E)
                  2000bd98    00000010                                : SysMin.oem4 (.text:xdc_runtime_SysMin_ready__E)
                  2000bda8    00000010                                : System.oem4 (.text:xdc_runtime_System_vsnprintf__E)
                  2000bdb8    00000010     CDIO_CC3200_pem4.oem4 (.text:xdc_runtime_Text_visitRope__I)
                  2000bdc8    0000000e     tirtosport.aem4 : HwiP_tirtos.oem4 (.text:HwiP_Params_init)
                  2000bdd6    0000000e     rtsv7M4_T_le_eabi.lib : copy_decompress_none.obj (.text:decompress:none)
                  2000bde4    00000004     --HOLE-- [fill = 0]
                  2000bde8    0000000e     sysbios.aem4 : BIOS.obj (.text:ti_sysbios_knl_Idle_loop__E)
                  2000bdf6    00000002     --HOLE-- [fill = 0]
                  2000bdf8    0000000e                  : BIOS.obj (.text:ti_sysbios_knl_Queue_empty__E)
                  2000be06    0000000c     driverlib.a : cpu.obj (.text:CPUwfi)
                  2000be12    00000002     --HOLE-- [fill = 0]
                  2000be14    0000000c     tirtosport.aem4 : ClockP_tirtos.oem4 (.text:ClockP_getSystemTickPeriod)
                  2000be20    0000000c     drivers_cc32xxware.aem4 : PowerCC3200.oem4 (.text:Power_getConstraintMask)
                  2000be2c    0000000c                             : PowerCC3200.oem4 (.text:Power_getDependencyCount)
                  2000be38    0000000c                             : RingBuf.oem4 (.text:RingBuf_peek)
                  2000be44    0000000c                             : UARTCC3200.oem4 (.text:UARTCC3200_init)
                  2000be50    0000000c                             : UARTCC3200.oem4 (.text:postNotifyFxn)
                  2000be5c    0000000c     CDIO_CC3200_pem4.oem4 (.text:ti_sysbios_family_arm_m3_Hwi_Params__init__S)
                  2000be68    0000000c     sysbios.aem4 : BIOS.obj (.text:ti_sysbios_family_arm_m3_Hwi_disableFxn__E)
                  2000be74    00000004     --HOLE-- [fill = 0]
                  2000be78    0000000c                  : BIOS.obj (.text:ti_sysbios_family_arm_m3_TaskSupport_checkStack__E)
                  2000be84    00000004     --HOLE-- [fill = 0]
                  2000be88    0000000c                  : BIOS.obj (.text:ti_sysbios_family_arm_m3_TaskSupport_getStackAlignment__E)
                  2000be94    00000004     --HOLE-- [fill = 0]
                  2000be98    0000000c                  : BIOS.obj (.text:ti_sysbios_gates_GateHwi_enter__E)
                  2000bea4    0000000c     CDIO_CC3200_pem4.oem4 (.text:ti_sysbios_knl_Clock_Params__init__S)
                  2000beb0    0000000c     sysbios.aem4 : BIOS.obj (.text:ti_sysbios_knl_Clock_getTicks__E)
                  2000bebc    00000004     --HOLE-- [fill = 0]
                  2000bec0    0000000c                  : BIOS.obj (.text:ti_sysbios_knl_Clock_setTicks__E)
                  2000becc    00000004     --HOLE-- [fill = 0]
                  2000bed0    0000000c                  : BIOS.obj (.text:ti_sysbios_knl_Clock_tickStart__E)
                  2000bedc    00000004     --HOLE-- [fill = 0]
                  2000bee0    0000000c                  : BIOS.obj (.text:ti_sysbios_knl_Clock_tickStop__E)
                  2000beec    0000000c     CDIO_CC3200_pem4.oem4 (.text:ti_sysbios_knl_Queue_Object__get__S)
                  2000bef8    0000000c     CDIO_CC3200_pem4.oem4 (.text:ti_sysbios_knl_Semaphore_Params__init__S)
                  2000bf04    0000000c     CDIO_CC3200_pem4.oem4 (.text:ti_sysbios_knl_Task_Params__init__S)
                  2000bf10    0000000c     ti.targets.arm.rtsarm.aem4 : Error.oem4 (.text:xdc_runtime_Error_init__E)
                  2000bf1c    0000000c                                : Gate.oem4 (.text:xdc_runtime_Gate_enterSystem__E)
                  2000bf28    0000000c                                : Memory.oem4 (.text:xdc_runtime_Memory_calloc__E)
                  2000bf34    0000000c                                : Memory.oem4 (.text:xdc_runtime_Memory_getMaxDefaultTypeAlign__E)
                  2000bf40    0000000a     tirtosport.aem4 : ClockP_tirtos.oem4 (.text:ClockP_stop)
                  2000bf4a    0000000a     drivers_cc32xxware.aem4 : List.oem4 (.text:List_empty)
                  2000bf54    0000000a                             : PWMTimerCC3200.oem4 (.text:PWMTimerCC3200_getPeriodCounts)
                  2000bf5e    0000000a     tirtosport.aem4 : SemaphoreP_tirtos.oem4 (.text:SemaphoreP_post)
                  2000bf68    0000000a     drivers_cc32xxware.aem4 : UART.oem4 (.text:UART_read)
                  2000bf72    0000000a                             : UART.oem4 (.text:UART_write)
                  2000bf7c    0000000a     CDIO_CC3200_pem4.oem4 (.text:xdc_runtime_IHeap_alloc)
                  2000bf86    0000000a     CDIO_CC3200_pem4.oem4 (.text:xdc_runtime_IHeap_free)
                  2000bf90    00000008     CC3200_LAUNCHXL.obj (.text:CC3200_LAUNCHXL_initGPIO)
                  2000bf98    00000008     CC3200_LAUNCHXL.obj (.text:CC3200_LAUNCHXL_initPWM)
                  2000bfa0    00000008     CC3200_LAUNCHXL.obj (.text:CC3200_LAUNCHXL_initUART)
                  2000bfa8    00000008     tirtosport.aem4 : ClockP_tirtos.oem4 (.text:ClockP_Params_init)
                  2000bfb0    00000008     driverlib.a : prcm.obj (.text:PRCMSleepEnter)
                  2000bfb8    00000008     drivers_cc32xxware.aem4 : PWMTimerCC3200.oem4 (.text:PWMTimerCC3200_init)
                  2000bfc0    00000008     tirtosport.aem4 : SemaphoreP_tirtos.oem4 (.text:SemaphoreP_Params_init)
                  2000bfc8    00000008     drivers_cc32xxware.aem4 : UARTCC3200.oem4 (.text:readSemCallback)
                  2000bfd0    00000008     sysbios.aem4 : BIOS.obj (.text:ti_sysbios_family_arm_m3_Hwi_doSwiRestore__I)
                  2000bfd8    00000008                  : BIOS.obj (.text:ti_sysbios_family_arm_m3_Hwi_startup__E)
                  2000bfe0    00000008     drivers_cc32xxware.aem4 : UARTCC3200.oem4 (.text:writeSemCallback)
                  2000bfe8    00000006     sysbios.aem4 : BIOS.obj (.text:ti_sysbios_family_arm_m3_Hwi_restoreFxn__E)
                  2000bfee    00000002     --HOLE-- [fill = 0]
                  2000bff0    00000006                  : BIOS.obj (.text:ti_sysbios_gates_GateHwi_leave__E)
                  2000bff6    00000002     --HOLE-- [fill = 0]
                  2000bff8    00000006                  : BIOS.obj (.text:ti_sysbios_heaps_HeapMem_isBlocking__E)
                  2000bffe    00000002     --HOLE-- [fill = 0]
                  2000c000    00000006                  : BIOS.obj (.text:ti_sysbios_knl_Clock_stop__E)
                  2000c006    00000002     --HOLE-- [fill = 0]
                  2000c008    00000006                  : BIOS.obj (.text:ti_sysbios_knl_Queue_Instance_init__E)
                  2000c00e    00000006     ti.targets.arm.rtsarm.aem4 : System.oem4 (.text:xdc_runtime_System_Module_startup__E)
                  2000c014    00000004     --HOLE-- [fill = 0]
                  2000c018    00000004     sysbios.aem4 : BIOS.obj (.text:ti_sysbios_family_arm_m3_Timer_getMaxTicks__E)
                  2000c01c    00000004     --HOLE-- [fill = 0]
                  2000c020    00000004                  : BIOS.obj (.text:ti_sysbios_gates_GateHwi_query__E)
                  2000c024    00000004     --HOLE-- [fill = 0]
                  2000c028    00000004                  : BIOS.obj (.text:ti_sysbios_gates_GateMutex_query__E)
                  2000c02c    00000004     --HOLE-- [fill = 0]
                  2000c030    00000004                  : BIOS.obj (.text:ti_sysbios_knl_Clock_setTimeout__E)
                  2000c034    00000004     --HOLE-- [fill = 0]
                  2000c038    00000004                  : BIOS.obj (.text:ti_sysbios_knl_Task_startup__E)
                  2000c03c    00000004     --HOLE-- [fill = 0]
                  2000c040    00000002                  : BIOS.obj (.text:ti_sysbios_gates_GateHwi_Instance_init__E)
                  2000c042    00000006     --HOLE-- [fill = 0]
                  2000c048    00000002                  : BIOS.obj (.text:ti_sysbios_knl_Clock_logTick__E)

.bss       0    2000c050    000034f3     UNINITIALIZED
                  2000c050    00002710     (.common:task0Stack)
                  2000e760    00000400     (.common:ti_sysbios_heaps_HeapMem_Instance_State_0_buf__A)
                  2000eb60    0000030c     (.common:ti_sysbios_family_arm_m3_Hwi_dispatchTable)
                  2000ee6c    00000004     (.common:firstTick$2)
                  2000ee70    00000200     CDIO_CC3200_pem4.oem4 (.bss:taskStackSection)
                  2000f070    0000012c     drivers_cc32xxware.aem4 : PowerCC3200.oem4 (.bss:PowerCC3200_contextSave)
                  2000f19c    00000120     rtsv7M4_T_le_eabi.lib : trgmsg.obj (.bss:_CIOBUF_)
                  2000f2bc    00000108     (.common:uartCC3200Objects)
                  2000f3c4    00000080     (.common:xdc_runtime_SysMin_Module_State_0_outbuf__A)
                  2000f444    00000050     (.common:task0Struct)
                  2000f494    00000040     (.common:uartCC3200RingBuffer)
                  2000f4d4    00000020     (.common:gpioCallbackInfo)
                  2000f4f4    00000020     (.common:pwmTimerCC3200Objects)
                  2000f514    00000014     (.common:powerNotifyObj)
                  2000f528    00000008                           : trgdrv.obj (.bss:parmbuf)
                  2000f530    00000008     (.common:firstRTC$1)
                  2000f538    00000008     (.common:steps)
                  2000f540    00000001     (.common:g_ucLED1Pin)
                  2000f541    00000001     (.common:g_ucLED2Pin)
                  2000f542    00000001     (.common:g_ucLED3Pin)

.const     0    2000f544    00002099     
                  2000f544    00001771     CDIO_CC3200_pem4.oem4 (.const:xdc_runtime_Text_charTab__A)
                  20010cb5    00000001     CDIO_CC3200_pem4.oem4 (.const:ti_sysbios_knl_Clock_tickMode__C)
                  20010cb6    00000002     CDIO_CC3200_pem4.oem4 (.const:ti_sysbios_family_arm_m3_Hwi_Module__id__C)
                  20010cb8    00000100     driverlib.a : pin.obj (.const:g_ulPinToPadMap)
                  20010db8    000000a8                 : prcm.obj (.const:PRCM_PeriphRegsList)
                  20010e60    000000a0     CDIO_CC3200_pem4.oem4 (.const:xdc_runtime_Text_nodeTab__A)
                  20010f00    0000004c     drivers_cc32xxware.aem4 : UARTCC3200.oem4 (.const)
                  20010f4c    00000048     CDIO_CC3200_pem4.oem4 (.const:.string)
                  20010f94    0000003c     CDIO_CC3200_pem4.oem4 (.const:ti_sysbios_knl_Task_Object__PARAMS__C)
                  20010fd0    00000034     drivers_cc32xxware.aem4 : GPIOCC3200.oem4 (.const)
                  20011004    00000030     CDIO_CC3200_pem4.oem4 (.const:ti_sysbios_family_arm_m3_Hwi_Object__PARAMS__C)
                  20011034    00000030     CC3200_LAUNCHXL.obj (.const:uartCC3200HWAttrs)
                  20011064    0000002a     drivers_cc32xxware.aem4 : GPIOCC3200.oem4 (.const:.string)
                  2001108e    00000002     CDIO_CC3200_pem4.oem4 (.const:ti_sysbios_family_arm_m3_Timer_Module__id__C)
                  20011090    00000028     CC3200_LAUNCHXL.obj (.const:PowerCC3200_config)
                  200110b8    00000028     drivers_cc32xxware.aem4 : UARTCC3200.oem4 (.const:UARTCC3200_fxnTable)
                  200110e0    00000028     CDIO_CC3200_pem4.oem4 (.const:ti_sysbios_heaps_HeapMem_Module__FXNS__C)
                  20011108    00000024     CC3200_LAUNCHXL.obj (.const:PWM_config)
                  2001112c    00000024     CC3200_LAUNCHXL.obj (.const:UART_config)
                  20011150    00000024     drivers_cc32xxware.aem4 : UART.oem4 (.const:UART_defaultParams)
                  20011174    00000024     CDIO_CC3200_pem4.oem4 (.const:ti_sysbios_gates_GateHwi_Module__FXNS__C)
                  20011198    00000024     CDIO_CC3200_pem4.oem4 (.const:ti_sysbios_gates_GateMutex_Module__FXNS__C)
                  200111bc    00000024     CDIO_CC3200_pem4.oem4 (.const:ti_sysbios_heaps_HeapMem_Object__PARAMS__C)
                  200111e0    00000024     CDIO_CC3200_pem4.oem4 (.const:ti_sysbios_knl_Clock_Object__PARAMS__C)
                  20011204    00000024     CDIO_CC3200_pem4.oem4 (.const:ti_sysbios_knl_Semaphore_Object__PARAMS__C)
                  20011228    00000020     drivers_cc32xxware.aem4 : PWMTimerCC3200.oem4 (.const)
                  20011248    00000020     CDIO_CC3200_pem4.oem4 (.const:ti_sysbios_family_arm_m3_Hwi_Object__DESC__C)
                  20011268    00000020     CDIO_CC3200_pem4.oem4 (.const:ti_sysbios_gates_GateHwi_Object__DESC__C)
                  20011288    00000020     CDIO_CC3200_pem4.oem4 (.const:ti_sysbios_gates_GateMutex_Object__DESC__C)
                  200112a8    00000020     CDIO_CC3200_pem4.oem4 (.const:ti_sysbios_heaps_HeapMem_Object__DESC__C)
                  200112c8    00000020     CDIO_CC3200_pem4.oem4 (.const:ti_sysbios_knl_Clock_Object__DESC__C)
                  200112e8    00000020     CDIO_CC3200_pem4.oem4 (.const:ti_sysbios_knl_Queue_Object__DESC__C)
                  20011308    00000020     CDIO_CC3200_pem4.oem4 (.const:ti_sysbios_knl_Semaphore_Object__DESC__C)
                  20011328    00000020     CDIO_CC3200_pem4.oem4 (.const:ti_sysbios_knl_Task_Object__DESC__C)
                  20011348    00000020     CDIO_CC3200_pem4.oem4 (.const:xdc_runtime_Startup_sfxnTab__A)
                  20011368    00000018     CDIO_CC3200_pem4.oem4 (.const:ti_sysbios_gates_GateHwi_Object__PARAMS__C)
                  20011380    00000018     CDIO_CC3200_pem4.oem4 (.const:ti_sysbios_gates_GateMutex_Object__PARAMS__C)
                  20011398    00000018     CDIO_CC3200_pem4.oem4 (.const:ti_sysbios_knl_Queue_Object__PARAMS__C)
                  200113b0    00000014     CC3200_LAUNCHXL.obj (.const:GPIOCC3200_config)
                  200113c4    00000010     CC3200_LAUNCHXL.obj (.const:pwmTimerCC3200HWAttrs)
                  200113d4    00000010     CDIO_CC3200_pem4.oem4 (.const:xdc_runtime_Startup_sfxnRts__A)
                  200113e4    0000000d     CDIO_CC3200.obj (.const:.string:$P$T0$1)
                  200113f1    00000001     CDIO_CC3200_pem4.oem4 (.const:ti_sysbios_knl_Clock_tickSource__C)
                  200113f2    00000002     CDIO_CC3200_pem4.oem4 (.const:ti_sysbios_gates_GateMutex_Module__id__C)
                  200113f4    0000000c     CDIO_CC3200_pem4.oem4 (.const:xdc_runtime_Startup_firstFxns__A)
                  20011400    00000008     CDIO_CC3200_pem4.oem4 (.const:ti_sysbios_family_arm_m3_Hwi_excHookFuncs__A)
                  20011408    00000008     CDIO_CC3200_pem4.oem4 (.const:ti_sysbios_knl_Idle_funcList__A)
                  20011410    00000008     CDIO_CC3200_pem4.oem4 (.const:ti_sysbios_knl_Idle_funcList__C)
                  20011418    00000008     CDIO_CC3200_pem4.oem4 (.const:xdc_runtime_Startup_firstFxns__C)
                  20011420    00000008     CDIO_CC3200_pem4.oem4 (.const:xdc_runtime_Startup_lastFxns__C)
                  20011428    00000004     CDIO_CC3200_pem4.oem4 (.const:ti_sysbios_family_arm_m3_Hwi_E_NMI__C)
                  2001142c    00000004     CDIO_CC3200_pem4.oem4 (.const:ti_sysbios_family_arm_m3_Hwi_E_alreadyDefined__C)
                  20011430    00000004     CDIO_CC3200_pem4.oem4 (.const:ti_sysbios_family_arm_m3_Hwi_E_busFault__C)
                  20011434    00000004     CDIO_CC3200_pem4.oem4 (.const:ti_sysbios_family_arm_m3_Hwi_E_debugMon__C)
                  20011438    00000004     CDIO_CC3200_pem4.oem4 (.const:ti_sysbios_family_arm_m3_Hwi_E_hardFault__C)
                  2001143c    00000004     CDIO_CC3200_pem4.oem4 (.const:ti_sysbios_family_arm_m3_Hwi_E_memFault__C)
                  20011440    00000004     CDIO_CC3200_pem4.oem4 (.const:ti_sysbios_family_arm_m3_Hwi_E_noIsr__C)
                  20011444    00000004     CDIO_CC3200_pem4.oem4 (.const:ti_sysbios_family_arm_m3_Hwi_E_reserved__C)
                  20011448    00000004     CDIO_CC3200_pem4.oem4 (.const:ti_sysbios_family_arm_m3_Hwi_E_svCall__C)
                  2001144c    00000004     CDIO_CC3200_pem4.oem4 (.const:ti_sysbios_family_arm_m3_Hwi_E_usageFault__C)
                  20011450    00000004     CDIO_CC3200_pem4.oem4 (.const:ti_sysbios_family_arm_m3_Hwi_NUM_INTERRUPTS__C)
                  20011454    00000004     CDIO_CC3200_pem4.oem4 (.const:ti_sysbios_family_arm_m3_Hwi_Object__count__C)
                  20011458    00000004     CDIO_CC3200_pem4.oem4 (.const:ti_sysbios_family_arm_m3_Hwi_ccr__C)
                  2001145c    00000004     CDIO_CC3200_pem4.oem4 (.const:ti_sysbios_family_arm_m3_Hwi_excHandlerFunc__C)
                  20011460    00000004     CDIO_CC3200_pem4.oem4 (.const:ti_sysbios_family_arm_m3_Hwi_excHookFuncs__C)
                  20011464    00000004     CDIO_CC3200_pem4.oem4 (.const:ti_sysbios_family_arm_m3_Hwi_nullIsrFunc__C)
                  20011468    00000004     CDIO_CC3200_pem4.oem4 (.const:ti_sysbios_family_arm_m3_Hwi_priGroup__C)
                  2001146c    00000004     CDIO_CC3200_pem4.oem4 (.const:ti_sysbios_family_arm_m3_TaskSupport_stackAlignment__C)
                  20011470    00000004     CDIO_CC3200_pem4.oem4 (.const:ti_sysbios_family_arm_m3_Timer_E_cannotSupport__C)
                  20011474    00000004     CDIO_CC3200_pem4.oem4 (.const:ti_sysbios_family_arm_m3_Timer_startupNeeded__C)
                  20011478    00000004     CDIO_CC3200_pem4.oem4 (.const:ti_sysbios_gates_GateMutex_A_badContext__C)
                  2001147c    00000004     CDIO_CC3200_pem4.oem4 (.const:ti_sysbios_gates_GateMutex_Instance_State_sem__O)
                  20011480    00000004     CDIO_CC3200_pem4.oem4 (.const:ti_sysbios_gates_GateMutex_Module__diagsEnabled__C)
                  20011484    00000004     CDIO_CC3200_pem4.oem4 (.const:ti_sysbios_gates_GateMutex_Module__diagsIncluded__C)
                  20011488    00000004     CDIO_CC3200_pem4.oem4 (.const:ti_sysbios_gates_GateMutex_Module__diagsMask__C)
                  2001148c    00000004     CDIO_CC3200_pem4.oem4 (.const:ti_sysbios_hal_Hwi_E_stackOverflow__C)
                  20011490    00000004     CDIO_CC3200_pem4.oem4 (.const:ti_sysbios_heaps_HeapMem_A_align__C)
                  20011494    00000004     CDIO_CC3200_pem4.oem4 (.const:ti_sysbios_heaps_HeapMem_A_heapSize__C)
                  20011498    00000004     CDIO_CC3200_pem4.oem4 (.const:ti_sysbios_heaps_HeapMem_A_invalidFree__C)
                  2001149c    00000004     CDIO_CC3200_pem4.oem4 (.const:ti_sysbios_heaps_HeapMem_A_zeroBlock__C)
                  200114a0    00000004     CDIO_CC3200_pem4.oem4 (.const:ti_sysbios_heaps_HeapMem_E_memory__C)
                  200114a4    00000004     CDIO_CC3200_pem4.oem4 (.const:ti_sysbios_heaps_HeapMem_Module__diagsEnabled__C)
                  200114a8    00000004     CDIO_CC3200_pem4.oem4 (.const:ti_sysbios_heaps_HeapMem_Module__diagsIncluded__C)
                  200114ac    00000004     CDIO_CC3200_pem4.oem4 (.const:ti_sysbios_heaps_HeapMem_Module__diagsMask__C)
                  200114b0    00000004     CDIO_CC3200_pem4.oem4 (.const:ti_sysbios_heaps_HeapMem_Module__gateObj__C)
                  200114b4    00000004     CDIO_CC3200_pem4.oem4 (.const:ti_sysbios_heaps_HeapMem_Object__count__C)
                  200114b8    00000004     CDIO_CC3200_pem4.oem4 (.const:ti_sysbios_heaps_HeapMem_reqAlign__C)
                  200114bc    00000004     CDIO_CC3200_pem4.oem4 (.const:ti_sysbios_knl_Clock_A_badThreadType__C)
                  200114c0    00000004     CDIO_CC3200_pem4.oem4 (.const:ti_sysbios_knl_Clock_Module_State_clockQ__O)
                  200114c4    00000004     CDIO_CC3200_pem4.oem4 (.const:ti_sysbios_knl_Clock_Module__diagsEnabled__C)
                  200114c8    00000004     CDIO_CC3200_pem4.oem4 (.const:ti_sysbios_knl_Clock_Module__diagsIncluded__C)
                  200114cc    00000004     CDIO_CC3200_pem4.oem4 (.const:ti_sysbios_knl_Clock_Module__diagsMask__C)
                  200114d0    00000004     CDIO_CC3200_pem4.oem4 (.const:ti_sysbios_knl_Clock_tickPeriod__C)
                  200114d4    00000004     CDIO_CC3200_pem4.oem4 (.const:ti_sysbios_knl_Semaphore_A_badContext__C)
                  200114d8    00000004     CDIO_CC3200_pem4.oem4 (.const:ti_sysbios_knl_Semaphore_A_noEvents__C)
                  200114dc    00000004     CDIO_CC3200_pem4.oem4 (.const:ti_sysbios_knl_Semaphore_A_overflow__C)
                  200114e0    00000004     CDIO_CC3200_pem4.oem4 (.const:ti_sysbios_knl_Semaphore_A_pendTaskDisabled__C)
                  200114e4    00000004     CDIO_CC3200_pem4.oem4 (.const:ti_sysbios_knl_Semaphore_Instance_State_pendQ__O)
                  200114e8    00000004     CDIO_CC3200_pem4.oem4 (.const:ti_sysbios_knl_Semaphore_Module__diagsEnabled__C)
                  200114ec    00000004     CDIO_CC3200_pem4.oem4 (.const:ti_sysbios_knl_Semaphore_Module__diagsIncluded__C)
                  200114f0    00000004     CDIO_CC3200_pem4.oem4 (.const:ti_sysbios_knl_Semaphore_Module__diagsMask__C)
                  200114f4    00000004     CDIO_CC3200_pem4.oem4 (.const:ti_sysbios_knl_Swi_Object__count__C)
                  200114f8    00000004     CDIO_CC3200_pem4.oem4 (.const:ti_sysbios_knl_Task_A_badPriority__C)
                  200114fc    00000004     CDIO_CC3200_pem4.oem4 (.const:ti_sysbios_knl_Task_A_badTaskState__C)
                  20011500    00000004     CDIO_CC3200_pem4.oem4 (.const:ti_sysbios_knl_Task_A_badThreadType__C)
                  20011504    00000004     CDIO_CC3200_pem4.oem4 (.const:ti_sysbios_knl_Task_A_noPendElem__C)
                  20011508    00000004     CDIO_CC3200_pem4.oem4 (.const:ti_sysbios_knl_Task_E_spOutOfBounds__C)
                  2001150c    00000004     CDIO_CC3200_pem4.oem4 (.const:ti_sysbios_knl_Task_E_stackOverflow__C)
                  20011510    00000004     CDIO_CC3200_pem4.oem4 (.const:ti_sysbios_knl_Task_Module_State_inactiveQ__O)
                  20011514    00000004     CDIO_CC3200_pem4.oem4 (.const:ti_sysbios_knl_Task_Module__diagsEnabled__C)
                  20011518    00000004     CDIO_CC3200_pem4.oem4 (.const:ti_sysbios_knl_Task_Module__diagsIncluded__C)
                  2001151c    00000004     CDIO_CC3200_pem4.oem4 (.const:ti_sysbios_knl_Task_Module__diagsMask__C)
                  20011520    00000004     CDIO_CC3200_pem4.oem4 (.const:ti_sysbios_knl_Task_Object__count__C)
                  20011524    00000004     CDIO_CC3200_pem4.oem4 (.const:ti_sysbios_knl_Task_allBlockedFunc__C)
                  20011528    00000004     CDIO_CC3200_pem4.oem4 (.const:ti_sysbios_knl_Task_defaultStackHeap__C)
                  2001152c    00000004     CDIO_CC3200_pem4.oem4 (.const:ti_sysbios_knl_Task_defaultStackSize__C)
                  20011530    00000004     CDIO_CC3200_pem4.oem4 (.const:ti_sysbios_knl_Task_numConstructedTasks__C)
                  20011534    00000004     CDIO_CC3200_pem4.oem4 (.const:xdc_runtime_Assert_E_assertFailed__C)
                  20011538    00000004     CDIO_CC3200_pem4.oem4 (.const:xdc_runtime_Core_A_initializedParams__C)
                  2001153c    00000004     CDIO_CC3200_pem4.oem4 (.const:xdc_runtime_Core_Module__diagsEnabled__C)
                  20011540    00000004     CDIO_CC3200_pem4.oem4 (.const:xdc_runtime_Core_Module__diagsIncluded__C)
                  20011544    00000004     CDIO_CC3200_pem4.oem4 (.const:xdc_runtime_Core_Module__diagsMask__C)
                  20011548    00000004     CDIO_CC3200_pem4.oem4 (.const:xdc_runtime_Error_E_memory__C)
                  2001154c    00000004     CDIO_CC3200_pem4.oem4 (.const:xdc_runtime_Error_Module__diagsEnabled__C)
                  20011550    00000004     CDIO_CC3200_pem4.oem4 (.const:xdc_runtime_Error_Module__diagsIncluded__C)
                  20011554    00000004     CDIO_CC3200_pem4.oem4 (.const:xdc_runtime_Error_Module__diagsMask__C)
                  20011558    00000004     CDIO_CC3200_pem4.oem4 (.const:xdc_runtime_Error_Module__loggerFxn8__C)
                  2001155c    00000004     CDIO_CC3200_pem4.oem4 (.const:xdc_runtime_Error_Module__loggerObj__C)
                  20011560    00000004     CDIO_CC3200_pem4.oem4 (.const:xdc_runtime_Error_policyFxn__C)
                  20011564    00000004     CDIO_CC3200_pem4.oem4 (.const:xdc_runtime_Error_raiseHook__C)
                  20011568    00000004     CDIO_CC3200_pem4.oem4 (.const:xdc_runtime_IGateProvider_Interface__BASE__C)
                  2001156c    00000004     CDIO_CC3200_pem4.oem4 (.const:xdc_runtime_IHeap_Interface__BASE__C)
                  20011570    00000004     CDIO_CC3200_pem4.oem4 (.const:xdc_runtime_IModule_Interface__BASE__C)
                  20011574    00000004     CDIO_CC3200_pem4.oem4 (.const:xdc_runtime_Log_L_error__C)
                  20011578    00000004     CDIO_CC3200_pem4.oem4 (.const:xdc_runtime_Memory_defaultHeapInstance__C)
                  2001157c    00000004     CDIO_CC3200_pem4.oem4 (.const:xdc_runtime_Startup_execImpl__C)
                  20011580    00000004     CDIO_CC3200_pem4.oem4 (.const:xdc_runtime_Startup_maxPasses__C)
                  20011584    00000004     CDIO_CC3200_pem4.oem4 (.const:xdc_runtime_Startup_sfxnRts__C)
                  20011588    00000004     CDIO_CC3200_pem4.oem4 (.const:xdc_runtime_Startup_sfxnTab__C)
                  2001158c    00000004     CDIO_CC3200_pem4.oem4 (.const:xdc_runtime_SysMin_bufSize__C)
                  20011590    00000004     CDIO_CC3200_pem4.oem4 (.const:xdc_runtime_SysMin_outputFunc__C)
                  20011594    00000004     CDIO_CC3200_pem4.oem4 (.const:xdc_runtime_System_Module__gateObj__C)
                  20011598    00000004     CDIO_CC3200_pem4.oem4 (.const:xdc_runtime_System_abortFxn__C)
                  2001159c    00000004     CDIO_CC3200_pem4.oem4 (.const:xdc_runtime_System_exitFxn__C)
                  200115a0    00000004     CDIO_CC3200_pem4.oem4 (.const:xdc_runtime_System_extendFxn__C)
                  200115a4    00000004     CDIO_CC3200_pem4.oem4 (.const:xdc_runtime_System_maxAtexitHandlers__C)
                  200115a8    00000004     CDIO_CC3200_pem4.oem4 (.const:xdc_runtime_Text_charTab__C)
                  200115ac    00000004     CDIO_CC3200_pem4.oem4 (.const:xdc_runtime_Text_nameEmpty__C)
                  200115b0    00000004     CDIO_CC3200_pem4.oem4 (.const:xdc_runtime_Text_nameStatic__C)
                  200115b4    00000004     CDIO_CC3200_pem4.oem4 (.const:xdc_runtime_Text_nameUnknown__C)
                  200115b8    00000004     CDIO_CC3200_pem4.oem4 (.const:xdc_runtime_Text_nodeTab__C)
                  200115bc    00000004     CDIO_CC3200_pem4.oem4 (.const:xdc_runtime_Text_visitRopeFxn__C)
                  200115c0    00000002     CDIO_CC3200_pem4.oem4 (.const:ti_sysbios_hal_Hwi_Module__id__C)
                  200115c2    00000002     CDIO_CC3200_pem4.oem4 (.const:ti_sysbios_heaps_HeapMem_Module__id__C)
                  200115c4    00000002     CDIO_CC3200_pem4.oem4 (.const:ti_sysbios_knl_Clock_Module__id__C)
                  200115c6    00000002     CDIO_CC3200_pem4.oem4 (.const:ti_sysbios_knl_Semaphore_Module__id__C)
                  200115c8    00000002     CDIO_CC3200_pem4.oem4 (.const:ti_sysbios_knl_Task_Module__id__C)
                  200115ca    00000002     CDIO_CC3200_pem4.oem4 (.const:xdc_runtime_Core_Module__id__C)
                  200115cc    00000002     CDIO_CC3200_pem4.oem4 (.const:xdc_runtime_Error_Module__loggerDefined__C)
                  200115ce    00000002     CDIO_CC3200_pem4.oem4 (.const:xdc_runtime_Error_maxDepth__C)
                  200115d0    00000002     CDIO_CC3200_pem4.oem4 (.const:xdc_runtime_Memory_Module__id__C)
                  200115d2    00000002     CDIO_CC3200_pem4.oem4 (.const:xdc_runtime_SysMin_flushAtExit__C)
                  200115d4    00000002     CDIO_CC3200_pem4.oem4 (.const:xdc_runtime_Text_charCnt__C)
                  200115d6    00000002     CDIO_CC3200_pem4.oem4 (.const:xdc_runtime_Text_isLoaded__C)
                  200115d8    00000002     CDIO_CC3200_pem4.oem4 (.const:xdc_runtime_Text_registryModsLastId__C)
                  200115da    00000002     CDIO_CC3200_pem4.oem4 (.const:xdc_runtime_Text_unnamedModsLastId__C)
                  200115dc    00000001     CDIO_CC3200_pem4.oem4 (.const:xdc_runtime_Error_policy__C)

.cinit     0    20011d28    00000344     
                  20011d28    0000031a     (.cinit..data.load) [load image, compression = rle]
                  20012042    00000006     --HOLE-- [fill = 0]
                  20012048    0000000b     (.cinit..bss.load) [load image, compression = rle]
                  20012053    00000001     --HOLE-- [fill = 0]
                  20012054    00000008     (__TI_handler_table)
                  2001205c    00000010     (__TI_cinit_table)

.init_array 
*          0    20004000    00000000     UNINITIALIZED

.resetVecs 
*          0    20004000    0000030c     
                  20004000    0000030c     CDIO_CC3200_pem4.oem4 (.resetVecs)

.data      0    200115e0    00000441     UNINITIALIZED
                  200115e0    00000080     CDIO_CC3200_pem4.oem4 (.data:ti_sysbios_knl_Swi_Module_State_0_readyQ__A)
                  20011660    00000080     CDIO_CC3200_pem4.oem4 (.data:ti_sysbios_knl_Task_Module_State_0_readyQ__A)
                  200116e0    00000054     drivers_cc32xxware.aem4 : PowerCC3200.oem4 (.data:PowerCC3200_module)
                  20011734    0000004c     CDIO_CC3200_pem4.oem4 (.data:ti_sysbios_knl_Task_Object__table__V)
                  20011780    00000044     CDIO_CC3200_pem4.oem4 (.data:ti_sysbios_knl_Task_Module__state__V)
                  200117c4    00000038     CDIO_CC3200_pem4.oem4 (.data:ti_sysbios_gates_GateMutex_Object__table__V)
                  200117fc    00000034     CDIO_CC3200_pem4.oem4 (.data:ti_sysbios_family_arm_m3_Hwi_Module__state__V)
                  20011830    00000030     CDIO_CC3200_pem4.oem4 (.data:ti_sysbios_family_arm_m3_Timer_Object__table__V)
                  20011860    00000030     CDIO_CC3200_pem4.oem4 (.data:ti_sysbios_knl_Swi_Object__table__V)
                  20011890    0000002c     CDIO_CC3200_pem4.oem4 (.data:ti_sysbios_knl_Clock_Module__state__V)
                  200118bc    00000024     CDIO_CC3200_pem4.oem4 (.data:ti_sysbios_BIOS_Module__state__V)
                  200118e0    0000001c     CDIO_CC3200_pem4.oem4 (.data:ti_sysbios_knl_Swi_Module__state__V)
                  200118fc    00000018     CDIO_CC3200_pem4.oem4 (.data:ti_sysbios_family_arm_m3_Hwi_Object__table__V)
                  20011914    00000018     CDIO_CC3200_pem4.oem4 (.data:ti_sysbios_heaps_HeapMem_Object__table__V)
                  2001192c    00000014     gpio_if.obj (.data:ulReg)
                  20011940    00000010     CC3200_LAUNCHXL.obj (.data:gpioPinConfigs)
                  20011950    0000000c     rtsv7M4_T_le_eabi.lib : exit.obj (.data:$O1$$)
                  2001195c    0000000c     gpio_if.obj (.data)
                  20011968    0000000c     CDIO_CC3200_pem4.oem4 (.data:ti_sysbios_family_arm_m3_Timer_Module__state__V)
                  20011974    0000000c     CDIO_CC3200_pem4.oem4 (.data:xdc_runtime_SysMin_Module__state__V)
                  20011980    00000008     rtsv7M4_T_le_eabi.lib : _lock.obj (.data:$O1$$)
                  20011988    00000008     drivers_cc32xxware.aem4 : GPIOCC3200.oem4 (.data)
                  20011990    00000008     CC3200_LAUNCHXL.obj (.data:gpioCallbackFunctions)
                  20011998    00000008     CDIO_CC3200_pem4.oem4 (.data:ti_sysbios_family_arm_m3_Hwi_Module__root__V)
                  200119a0    00000008     CDIO_CC3200_pem4.oem4 (.data:ti_sysbios_gates_GateHwi_Module__root__V)
                  200119a8    00000008     CDIO_CC3200_pem4.oem4 (.data:ti_sysbios_gates_GateMutex_Module__root__V)
                  200119b0    00000008     CDIO_CC3200_pem4.oem4 (.data:ti_sysbios_heaps_HeapMem_Module__root__V)
                  200119b8    00000008     CDIO_CC3200_pem4.oem4 (.data:ti_sysbios_knl_Clock_Module__root__V)
                  200119c0    00000008     CDIO_CC3200_pem4.oem4 (.data:ti_sysbios_knl_Queue_Module__root__V)
                  200119c8    00000008     CDIO_CC3200_pem4.oem4 (.data:ti_sysbios_knl_Semaphore_Module__root__V)
                  200119d0    00000008     CDIO_CC3200_pem4.oem4 (.data:ti_sysbios_knl_Task_Module__root__V)
                  200119d8    00000008     CDIO_CC3200_pem4.oem4 (.data:xdc_runtime_Registry_Module__state__V)
                  200119e0    00000008     CDIO_CC3200_pem4.oem4 (.data:xdc_runtime_Startup_Module__state__V)
                  200119e8    00000008     CDIO_CC3200_pem4.oem4 (.data:xdc_runtime_System_Module_State_0_atexitHandlers__A)
                  200119f0    00000008     CDIO_CC3200_pem4.oem4 (.data:xdc_runtime_System_Module__state__V)
                  200119f8    00000004     CDIO_CC3200.obj (.data)
                  200119fc    00000004     drivers_cc32xxware.aem4 : PWM.oem4 (.data)
                  20011a00    00000004                             : UART.oem4 (.data)
                  20011a04    00000004     rtsv7M4_T_le_eabi.lib : stkdepth_vars.obj (.data)
                  20011a08    00000004     CDIO_CC3200_pem4.oem4 (.data:ti_sysbios_family_arm_m3_Hwi_Module_State_0_excContext__A)
                  20011a0c    00000004     CDIO_CC3200_pem4.oem4 (.data:ti_sysbios_family_arm_m3_Hwi_Module_State_0_excStack__A)
                  20011a10    00000004     CDIO_CC3200_pem4.oem4 (.data:ti_sysbios_gates_GateHwi_Object__table__V)
                  20011a14    00000004     CDIO_CC3200_pem4.oem4 (.data:ti_sysbios_knl_Task_Module_State_0_idleTask__A)
                  20011a18    00000004     CDIO_CC3200_pem4.oem4 (.data:xdc_runtime_Memory_Module__state__V)
                  20011a1c    00000002     CDIO_CC3200_pem4.oem4 (.data:ti_sysbios_family_arm_m3_Hwi_Module_State_0_excActive__A)
                  20011a1e    00000002     CDIO_CC3200_pem4.oem4 (.data:xdc_runtime_Error_Module__state__V)
                  20011a20    00000001     power_cc3200_tirtos.aem4 : PowerCC3200_tirtos.oem4 (.data)

.stack     0    20011a24    00000300     UNINITIALIZED
                  20011a24    00000300     --HOLE--

.bootVecs 
*          0    00000000    00000008     DSECT
                  00000000    00000008     boot.aem4 : boot.oem4 (.bootVecs)

.vecs      0    20004000    00000000     DSECT

xdc.meta   0    00000000    000000f4     COPY SECTION
                  00000000    000000f4     CDIO_CC3200_pem4.oem4 (xdc.meta)

MODULE SUMMARY

       Module                     code    ro data   rw data
       ------                     ----    -------   -------
    .\
       CDIO_CC3200.obj            1388    13        10092  
       CC3200_LAUNCHXL.obj        40      196       384    
       gpio_if.obj                342     0         35     
       rom_pin_mux_config.obj     266     0         0      
    +--+--------------------------+-------+---------+---------+
       Total:                     2036    209       10511  
                                                           
    C:\Users\Gabriel\Documents\GitHub\APA\CDIO_CC3200\Debug\configPkg\package\cfg\
       CDIO_CC3200_pem4.oem4      1786    8214      3348   
    +--+--------------------------+-------+---------+---------+
       Total:                     1786    8214      3348   
                                                           
    C:/ti/tirex-content/tirtos_cc32xx_2_16_00_08/products/CC3200_driverlib_1.1.0/driverlib/ccs/Release/driverlib.a
       prcm.obj                   1208    168       0      
       pin.obj                    432     256       0      
       uart.obj                   524     0         0      
       gpio.obj                   296     0         0      
       timer.obj                  282     0         0      
       flash.obj                  72      0         0      
       cpu.obj                    52      0         0      
       utils.obj                  6       0         0      
    +--+--------------------------+-------+---------+---------+
       Total:                     2872    424       0      
                                                           
    C:/ti/tirex-content/tirtos_cc32xx_2_16_00_08/products/tidrivers_cc32xx_2_16_00_08/packages/ti/drivers/lib/drivers_cc32xxware.aem4
       UARTCC3200.oem4            2546    116       0      
       PowerCC3200.oem4           940     0         384    
       GPIOCC3200.oem4            1040    94        60     
       PWMTimerCC3200.oem4        642     32        0      
       UART.oem4                  148     36        4      
       RingBuf.oem4               164     0         0      
       PowerCC3200_asm.oem4       134     0         0      
       List.oem4                  82      0         0      
       PWM.oem4                   56      0         4      
    +--+--------------------------+-------+---------+---------+
       Total:                     5752    278       452    
                                                           
    C:/ti/tirex-content/tirtos_cc32xx_2_16_00_08/products/tidrivers_cc32xx_2_16_00_08/packages/ti/drivers/lib/power_cc3200_tirtos.aem4
       PowerCC3200_tirtos.oem4    500     0         13     
    +--+--------------------------+-------+---------+---------+
       Total:                     500     0         13     
                                                           
    C:/ti/tirex-content/tirtos_cc32xx_2_16_00_08/products/tidrivers_cc32xx_2_16_00_08/packages/ti/drivers/ports/lib/tirtosport.aem4
       ClockP_tirtos.oem4         164     0         0      
       SemaphoreP_tirtos.oem4     146     0         0      
[...]
2000bf29  xdc_runtime_Memory_calloc__E                               
2000bf35  xdc_runtime_Memory_getMaxDefaultTypeAlign__E               
2000bf41  ClockP_stop                                                
2000bf41  ClockP_stopFromISR                                         
2000bf4b  List_empty                                                 
2000bf55  PWMTimerCC3200_getPeriodCounts                             
2000bf5f  SemaphoreP_post                                            
2000bf5f  SemaphoreP_postFromClock                                   
2000bf5f  SemaphoreP_postFromISR                                     
2000bf69  UART_read                                                  
2000bf73  UART_write                                                 
2000bf7d  xdc_runtime_Memory_HeapProxy_alloc__E                      
2000bf87  xdc_runtime_Memory_HeapProxy_free__E                       
2000bf91  CC3200_LAUNCHXL_initGPIO                                   
2000bf99  CC3200_LAUNCHXL_initPWM                                    
2000bfa1  CC3200_LAUNCHXL_initUART                                   
2000bfa9  ClockP_Params_init                                         
2000bfb1  PRCMSleepEnter                                             
2000bfb9  PWMTimerCC3200_init                                        
2000bfc1  SemaphoreP_Params_init                                     
2000bfd1  ti_sysbios_family_arm_m3_Hwi_doSwiRestore__I               
2000bfd9  ti_sysbios_family_arm_m3_Hwi_startup__E                    
2000bfd9  ti_sysbios_hal_Hwi_HwiProxy_startup__E                     
2000bfe9  HwiP_restore                                               
2000bfe9  ti_sysbios_family_arm_m3_Hwi_restoreFxn__E                 
2000bfe9  ti_sysbios_hal_Hwi_HwiProxy_restore__E                     
2000bff1  ti_sysbios_gates_GateHwi_leave__E                          
2000bff9  ti_sysbios_heaps_HeapMem_isBlocking__E                     
2000c001  ti_sysbios_knl_Clock_stop__E                               
2000c009  ti_sysbios_knl_Queue_Instance_init__E                      
2000c00f  xdc_runtime_System_Module_startup__E                       
2000c019  ti_sysbios_family_arm_m3_Timer_getMaxTicks__E              
2000c021  ti_sysbios_gates_GateHwi_query__E                          
2000c021  xdc_runtime_Main_Module_GateProxy_query__E                 
2000c021  xdc_runtime_System_Module_GateProxy_query__E               
2000c029  ti_sysbios_BIOS_RtsGateProxy_query__E                      
2000c029  ti_sysbios_gates_GateMutex_query__E                        
2000c029  ti_sysbios_heaps_HeapMem_Module_GateProxy_query__E         
2000c031  ti_sysbios_knl_Clock_setTimeout__E                         
2000c039  ti_sysbios_knl_Task_startup__E                             
2000c041  ti_sysbios_gates_GateHwi_Instance_init__E                  
2000c049  ti_sysbios_knl_Clock_logTick__E                            
2000c050  task0Stack                                                 
2000e760  ti_sysbios_heaps_HeapMem_Instance_State_0_buf__A           
2000eb60  ti_sysbios_family_arm_m3_Hwi_dispatchTable                 
2000ee70  ti_sysbios_knl_Task_Instance_State_0_stack__A              
2000f070  PowerCC3200_contextSave                                    
2000f19c  __CIOBUF_                                                  
2000f2bc  uartCC3200Objects                                          
2000f3c4  xdc_runtime_SysMin_Module_State_0_outbuf__A                
2000f444  task0Struct                                                
2000f494  uartCC3200RingBuffer                                       
2000f4f4  pwmTimerCC3200Objects                                      
2000f538  steps                                                      
2000f540  g_ucLED1Pin                                                
2000f541  g_ucLED2Pin                                                
2000f542  g_ucLED3Pin                                                
2000f544  xdc_runtime_Text_charTab__A                                
20010cb5  ti_sysbios_knl_Clock_tickMode__C                           
20010cb6  ti_sysbios_family_arm_m3_Hwi_Module__id__C                 
20010e60  xdc_runtime_Text_nodeTab__A                                
20010f94  ti_sysbios_knl_Task_Object__PARAMS__C                      
20010fd0  inPinTypes                                                 
20010fd6  outPinTypes                                                
20010fde  outPinStrengths                                            
20011004  ti_sysbios_family_arm_m3_Hwi_Object__PARAMS__C             
20011034  uartCC3200HWAttrs                                          
2001108e  ti_sysbios_family_arm_m3_Timer_Module__id__C               
20011090  PowerCC3200_config                                         
200110b8  UARTCC3200_fxnTable                                        
200110e0  ti_sysbios_heaps_HeapMem_Module__FXNS__C                   
20011108  PWM_config                                                 
2001112c  UART_config                                                
20011150  UART_defaultParams                                         
20011174  ti_sysbios_gates_GateHwi_Module__FXNS__C                   
20011198  ti_sysbios_gates_GateMutex_Module__FXNS__C                 
200111bc  ti_sysbios_heaps_HeapMem_Object__PARAMS__C                 
200111e0  ti_sysbios_knl_Clock_Object__PARAMS__C                     
20011204  ti_sysbios_knl_Semaphore_Object__PARAMS__C                 
20011228  PWMTimerCC3200_fxnTable                                    
20011244  PWMTimerCC3200_MAX_PRESCALAR_VALUE                         
20011246  PWMTimerCC3200_MAX_MATCH_VALUE                             
20011248  ti_sysbios_family_arm_m3_Hwi_Object__DESC__C               
20011268  ti_sysbios_gates_GateHwi_Object__DESC__C                   
20011288  ti_sysbios_gates_GateMutex_Object__DESC__C                 
200112a8  ti_sysbios_heaps_HeapMem_Object__DESC__C                   
200112c8  ti_sysbios_knl_Clock_Object__DESC__C                       
200112e8  ti_sysbios_knl_Queue_Object__DESC__C                       
20011308  ti_sysbios_knl_Semaphore_Object__DESC__C                   
20011328  ti_sysbios_knl_Task_Object__DESC__C                        
20011348  xdc_runtime_Startup_sfxnTab__A                             
20011368  ti_sysbios_gates_GateHwi_Object__PARAMS__C                 
20011380  ti_sysbios_gates_GateMutex_Object__PARAMS__C               
20011398  ti_sysbios_knl_Queue_Object__PARAMS__C                     
200113b0  GPIOCC3200_config                                          
200113c4  pwmTimerCC3200HWAttrs                                      
200113d4  xdc_runtime_Startup_sfxnRts__A                             
200113f1  ti_sysbios_knl_Clock_tickSource__C                         
200113f2  ti_sysbios_gates_GateMutex_Module__id__C                   
200113f4  xdc_runtime_Startup_firstFxns__A                           
20011400  ti_sysbios_family_arm_m3_Hwi_excHookFuncs__A               
20011408  ti_sysbios_knl_Idle_funcList__A                            
20011410  ti_sysbios_knl_Idle_funcList__C                            
20011418  xdc_runtime_Startup_firstFxns__C                           
20011420  xdc_runtime_Startup_lastFxns__C                            
20011428  ti_sysbios_family_arm_m3_Hwi_E_NMI__C                      
2001142c  ti_sysbios_family_arm_m3_Hwi_E_alreadyDefined__C           
20011430  ti_sysbios_family_arm_m3_Hwi_E_busFault__C                 
20011434  ti_sysbios_family_arm_m3_Hwi_E_debugMon__C                 
20011438  ti_sysbios_family_arm_m3_Hwi_E_hardFault__C                
2001143c  ti_sysbios_family_arm_m3_Hwi_E_memFault__C                 
20011440  ti_sysbios_family_arm_m3_Hwi_E_noIsr__C                    
20011444  ti_sysbios_family_arm_m3_Hwi_E_reserved__C                 
20011448  ti_sysbios_family_arm_m3_Hwi_E_svCall__C                   
2001144c  ti_sysbios_family_arm_m3_Hwi_E_usageFault__C               
20011450  ti_sysbios_family_arm_m3_Hwi_NUM_INTERRUPTS__C             
20011454  ti_sysbios_family_arm_m3_Hwi_Object__count__C              
20011458  ti_sysbios_family_arm_m3_Hwi_ccr__C                        
2001145c  ti_sysbios_family_arm_m3_Hwi_excHandlerFunc__C             
20011460  ti_sysbios_family_arm_m3_Hwi_excHookFuncs__C               
20011464  ti_sysbios_family_arm_m3_Hwi_nullIsrFunc__C                
20011468  ti_sysbios_family_arm_m3_Hwi_priGroup__C                   
2001146c  ti_sysbios_family_arm_m3_TaskSupport_stackAlignment__C     
20011470  ti_sysbios_family_arm_m3_Timer_E_cannotSupport__C          
20011474  ti_sysbios_family_arm_m3_Timer_startupNeeded__C            
20011478  ti_sysbios_gates_GateMutex_A_badContext__C                 
2001147c  ti_sysbios_gates_GateMutex_Instance_State_sem__O           
20011480  ti_sysbios_gates_GateMutex_Module__diagsEnabled__C         
20011484  ti_sysbios_gates_GateMutex_Module__diagsIncluded__C        
20011488  ti_sysbios_gates_GateMutex_Module__diagsMask__C            
2001148c  ti_sysbios_hal_Hwi_E_stackOverflow__C                      
20011490  ti_sysbios_heaps_HeapMem_A_align__C                        
20011494  ti_sysbios_heaps_HeapMem_A_heapSize__C                     
20011498  ti_sysbios_heaps_HeapMem_A_invalidFree__C                  
2001149c  ti_sysbios_heaps_HeapMem_A_zeroBlock__C                    
200114a0  ti_sysbios_heaps_HeapMem_E_memory__C                       
200114a4  ti_sysbios_heaps_HeapMem_Module__diagsEnabled__C           
200114a8  ti_sysbios_heaps_HeapMem_Module__diagsIncluded__C          
200114ac  ti_sysbios_heaps_HeapMem_Module__diagsMask__C              
200114b0  ti_sysbios_heaps_HeapMem_Module__gateObj__C                
200114b4  ti_sysbios_heaps_HeapMem_Object__count__C                  
200114b8  ti_sysbios_heaps_HeapMem_reqAlign__C                       
200114bc  ti_sysbios_knl_Clock_A_badThreadType__C                    
200114c0  ti_sysbios_knl_Clock_Module_State_clockQ__O                
200114c4  ti_sysbios_knl_Clock_Module__diagsEnabled__C               
200114c8  ti_sysbios_knl_Clock_Module__diagsIncluded__C              
200114cc  ti_sysbios_knl_Clock_Module__diagsMask__C                  
200114d0  ti_sysbios_knl_Clock_tickPeriod__C                         
200114d4  ti_sysbios_knl_Semaphore_A_badContext__C                   
200114d8  ti_sysbios_knl_Semaphore_A_noEvents__C                     
200114dc  ti_sysbios_knl_Semaphore_A_overflow__C                     
200114e0  ti_sysbios_knl_Semaphore_A_pendTaskDisabled__C             
200114e4  ti_sysbios_knl_Semaphore_Instance_State_pendQ__O           
200114e8  ti_sysbios_knl_Semaphore_Module__diagsEnabled__C           
200114ec  ti_sysbios_knl_Semaphore_Module__diagsIncluded__C          
200114f0  ti_sysbios_knl_Semaphore_Module__diagsMask__C              
200114f4  ti_sysbios_knl_Swi_Object__count__C                        
200114f8  ti_sysbios_knl_Task_A_badPriority__C                       
200114fc  ti_sysbios_knl_Task_A_badTaskState__C                      
20011500  ti_sysbios_knl_Task_A_badThreadType__C                     
20011504  ti_sysbios_knl_Task_A_noPendElem__C                        
20011508  ti_sysbios_knl_Task_E_spOutOfBounds__C                     
2001150c  ti_sysbios_knl_Task_E_stackOverflow__C                     
20011510  ti_sysbios_knl_Task_Module_State_inactiveQ__O              
20011514  ti_sysbios_knl_Task_Module__diagsEnabled__C                
20011518  ti_sysbios_knl_Task_Module__diagsIncluded__C               
2001151c  ti_sysbios_knl_Task_Module__diagsMask__C                   
20011520  ti_sysbios_knl_Task_Object__count__C                       
20011524  ti_sysbios_knl_Task_allBlockedFunc__C                      
20011528  ti_sysbios_knl_Task_defaultStackHeap__C                    
2001152c  ti_sysbios_knl_Task_defaultStackSize__C                    
20011530  ti_sysbios_knl_Task_numConstructedTasks__C                 
20011534  xdc_runtime_Assert_E_assertFailed__C                       
20011538  xdc_runtime_Core_A_initializedParams__C                    
2001153c  xdc_runtime_Core_Module__diagsEnabled__C                   
20011540  xdc_runtime_Core_Module__diagsIncluded__C                  
20011544  xdc_runtime_Core_Module__diagsMask__C                      
20011548  xdc_runtime_Error_E_memory__C                              
2001154c  xdc_runtime_Error_Module__diagsEnabled__C                  
20011550  xdc_runtime_Error_Module__diagsIncluded__C                 
20011554  xdc_runtime_Error_Module__diagsMask__C                     
20011558  xdc_runtime_Error_Module__loggerFxn8__C                    
2001155c  xdc_runtime_Error_Module__loggerObj__C                     
20011560  xdc_runtime_Error_policyFxn__C                             
20011564  xdc_runtime_Error_raiseHook__C                             
20011568  xdc_runtime_IGateProvider_Interface__BASE__C               
2001156c  xdc_runtime_IHeap_Interface__BASE__C                       
20011570  xdc_runtime_IModule_Interface__BASE__C                     
20011574  xdc_runtime_Log_L_error__C                                 
20011578  xdc_runtime_Memory_defaultHeapInstance__C                  
2001157c  xdc_runtime_Startup_execImpl__C                            
20011580  xdc_runtime_Startup_maxPasses__C                           
20011584  xdc_runtime_Startup_sfxnRts__C                             
20011588  xdc_runtime_Startup_sfxnTab__C                             
2001158c  xdc_runtime_SysMin_bufSize__C                              
20011590  xdc_runtime_SysMin_outputFunc__C                           
20011594  xdc_runtime_System_Module__gateObj__C                      
20011598  xdc_runtime_System_abortFxn__C                             
2001159c  xdc_runtime_System_exitFxn__C                              
200115a0  xdc_runtime_System_extendFxn__C                            
200115a4  xdc_runtime_System_maxAtexitHandlers__C                    
200115a8  xdc_runtime_Text_charTab__C                                
200115ac  xdc_runtime_Text_nameEmpty__C                              
200115b0  xdc_runtime_Text_nameStatic__C                             
200115b4  xdc_runtime_Text_nameUnknown__C                            
200115b8  xdc_runtime_Text_nodeTab__C                                
200115bc  xdc_runtime_Text_visitRopeFxn__C                           
200115c0  ti_sysbios_hal_Hwi_Module__id__C                           
200115c2  ti_sysbios_heaps_HeapMem_Module__id__C                     
200115c4  ti_sysbios_knl_Clock_Module__id__C                         
200115c6  ti_sysbios_knl_Semaphore_Module__id__C                     
200115c8  ti_sysbios_knl_Task_Module__id__C                          
200115ca  xdc_runtime_Core_Module__id__C                             
200115cc  xdc_runtime_Error_Module__loggerDefined__C                 
200115ce  xdc_runtime_Error_maxDepth__C                              
200115d0  xdc_runtime_Memory_Module__id__C                           
200115d2  xdc_runtime_SysMin_flushAtExit__C                          
200115d4  xdc_runtime_Text_charCnt__C                                
200115d6  xdc_runtime_Text_isLoaded__C                               
200115d8  xdc_runtime_Text_registryModsLastId__C                     
200115da  xdc_runtime_Text_unnamedModsLastId__C                      
200115dc  xdc_runtime_Error_policy__C                                
200115e0  ti_sysbios_knl_Swi_Module_State_0_readyQ__A                
20011660  ti_sysbios_knl_Task_Module_State_0_readyQ__A               
200116e0  PowerCC3200_module                                         
20011734  ti_sysbios_knl_Task_Object__table__V                       
20011780  ti_sysbios_knl_Task_Module__state__V                       
200117c4  ti_sysbios_gates_GateMutex_Object__table__V                
200117fc  ti_sysbios_family_arm_m3_Hwi_Module__state__V              
20011830  ti_sysbios_family_arm_m3_Timer_Object__table__V            
20011860  ti_sysbios_knl_Swi_Object__table__V                        
20011890  ti_sysbios_knl_Clock_Module__state__V                      
200118bc  ti_sysbios_BIOS_Module__state__V                           
200118e0  ti_sysbios_knl_Swi_Module__state__V                        
200118fc  ti_sysbios_family_arm_m3_Hwi_Object__table__V              
20011914  ti_sysbios_heaps_HeapMem_Object__table__V                  
20011940  gpioPinConfigs                                             
20011950  __TI_cleanup_ptr                                           
20011954  __TI_dtors_ptr                                             
20011958  __TI_enable_exit_profile_output                            
2001195c  g_uiLED1Port                                               
20011960  g_uiLED2Port                                               
20011964  g_uiLED3Port                                               
20011968  ti_sysbios_family_arm_m3_Timer_Module__state__V            
20011974  xdc_runtime_SysMin_Module__state__V                        
20011980  _lock                                                      
20011984  _unlock                                                    
20011990  gpioCallbackFunctions                                      
20011998  ti_sysbios_family_arm_m3_Hwi_Module__root__V               
200119a0  ti_sysbios_gates_GateHwi_Module__root__V                   
200119a8  ti_sysbios_gates_GateMutex_Module__root__V                 
200119b0  ti_sysbios_heaps_HeapMem_Module__root__V                   
200119b8  ti_sysbios_knl_Clock_Module__root__V                       
200119c0  ti_sysbios_knl_Queue_Module__root__V                       
200119c8  ti_sysbios_knl_Semaphore_Module__root__V                   
200119d0  ti_sysbios_knl_Task_Module__root__V                        
200119d8  xdc_runtime_Registry_Module__state__V                      
200119e0  xdc_runtime_Startup_Module__state__V                       
200119e8  xdc_runtime_System_Module_State_0_atexitHandlers__A        
200119f0  xdc_runtime_System_Module__state__V                        
200119f8  count                                                      
20011a04  main_func_sp                                               
20011a08  ti_sysbios_family_arm_m3_Hwi_Module_State_0_excContext__A  
20011a0c  ti_sysbios_family_arm_m3_Hwi_Module_State_0_excStack__A    
20011a10  ti_sysbios_gates_GateHwi_Object__table__V                  
20011a14  ti_sysbios_knl_Task_Module_State_0_idleTask__A             
20011a18  xdc_runtime_Memory_Module__state__V                        
20011a1c  ti_sysbios_family_arm_m3_Hwi_Module_State_0_excActive__A   
20011a1e  xdc_runtime_Error_Module__state__V                         
20011a24  __stack                                                    
20011d24  __STACK_END                                                
20011d28  __TI_static_base__                                         
20012054  __TI_Handler_Table_Base                                    
2001205c  __TI_CINIT_Base                                            
2001205c  __TI_Handler_Table_Limit                                   
2001206c  __TI_CINIT_Limit                                           
e000e000  ti_sysbios_family_arm_m3_Hwi_nvic                          
ffffffff  __TI_pprof_out_hndl                                        
ffffffff  __TI_prof_data_size                                        
ffffffff  __TI_prof_data_start                                       
ffffffff  __binit__                                                  
ffffffff  __c_args__                                                 
ffffffff  binit                                                      
UNDEFED   SHT$$INIT_ARRAY$$Base                                      
UNDEFED   SHT$$INIT_ARRAY$$Limit                                     

[719 symbols]
