******************************************************************************
                  TI ARM Linker PC v15.12.3                    
******************************************************************************
>> Linked Sat Dec 17 18:51:44 2016

OUTPUT FILE NAME:   <CDIO_CC3200.out>
ENTRY POINT SYMBOL: "_c_int00"  address: 20028d8d


MEMORY CONFIGURATION

         name            origin    length      used     unused   attr    fill
----------------------  --------  ---------  --------  --------  ----  --------
  SRAM                  20004000   0003c000  0002adb7  00011249  RW X


SEGMENT ALLOCATION MAP

run origin  load origin   length   init length attrs members
----------  ----------- ---------- ----------- ----- -------
20004000    20004000    0000030c   0000030c    r--
  20004000    20004000    0000030c   0000030c    r-- .resetVecs
20004400    20004400    0001845d   00000000    rw-
  20004400    20004400    0001845d   00000000    rw- .bss
2001c860    2001c860    00011b0c   00011b0c    r-x
  2001c860    2001c860    0000f392   0000f392    r-x .text
  2002bbf4    2002bbf4    00002778   00002778    r-- .const
2002e36c    2002e36c    000007d4   00000000    rw-
  2002e36c    2002e36c    000004d4   00000000    rw- .data
  2002e840    2002e840    00000300   00000000    rw- .stack
2002eb40    2002eb40    00000370   00000370    r--
  2002eb40    2002eb40    00000370   00000370    r-- .cinit


SECTION ALLOCATION MAP

 output                                  attributes/
section   page    origin      length       input sections
--------  ----  ----------  ----------   ----------------
.bss       0    20004400    0001845d     UNINITIALIZED
                  20004400    0000ea60     CDIO_CC3200.obj (.bss:printData)
                  20012e60    00004e20     (.common:task1Stack)
                  20017c80    00002710     (.common:task0Stack)
                  2001a390    00001400     (.common:ti_sysbios_heaps_HeapMem_Instance_State_0_buf__A)
                  2001b790    00000050     (.common:task0Struct)
                  2001b7e0    00000020     (.common:gpioCallbackInfo)
                  2001b800    00000400     CC3200_LAUNCHXL.obj (.bss:dmaControlTable)
                  2001bc00    0000030c     (.common:ti_sysbios_family_arm_m3_Hwi_dispatchTable)
                  2001bf0c    00000004     simplelink_func.obj (.bss)
                  2001bf10    00000200     CDIO_CC3200_pem4.oem4 (.bss:taskStackSection)
                  2001c110    00000200     (.common:xdc_runtime_SysMin_Module_State_0_outbuf__A)
                  2001c310    0000012c     drivers_cc32xxware.aem4 : PowerCC3200.oem4 (.bss:PowerCC3200_contextSave)
                  2001c43c    00000120     rtsv7M4_T_le_eabi.lib : trgmsg.obj (.bss:_CIOBUF_)
                  2001c55c    00000108     (.common:uartCC3200Objects)
                  2001c664    00000078     (.common:SPICC3200DMAObjects)
                  2001c6dc    00000050     (.common:task1Struct)
                  2001c72c    00000040     (.common:uartCC3200RingBuffer)
                  2001c76c    00000030     (.common:wiFiCC3200Objects)
                  2001c79c    00000024     simplelink_func.obj (.bss:g_ucConnectionSSID)
                  2001c7c0    00000020     (.common:pwmTimerCC3200Objects)
                  2001c7e0    0000001c     (.common:semStruct_ReadWrite)
                  2001c7fc    00000014     CDIO_CC3200.obj (.bss:orderToWorkTask)
                  2001c810    00000014     (.common:powerNotifyObj)
                  2001c824    00000008     simplelink_func.obj (.bss:g_ucConnectionBSSID)
                  2001c82c    00000008     rtsv7M4_T_le_eabi.lib : trgdrv.obj (.bss:parmbuf)
                  2001c834    00000004     (.common:SimpleLinkSpawnTaskHndl)
                  2001c838    00000008     (.common:firstRTC$1)
                  2001c840    00000008     (.common:spiCC3200DMAscratchBuf)
                  2001c848    00000008     (.common:steps)
                  2001c850    00000004     (.common:firstTick$2)
                  2001c854    00000004     (.common:semHandle_ReadWrite)
                  2001c858    00000004     (.common:simpleLink_mailbox)
                  2001c85c    00000001     (.common:RxIrqCnt)

.text      0    2001c860    0000f392     
                  2001c860    000010fc     rtsv7M4_T_le_eabi.lib : _printfi.obj (.text)
                  2001d95c    00000fc4     webclient.a : httpcli.obj (.text)
                  2001e920    00000430     sysbios.aem4 : BIOS.obj (.text:ti_sysbios_family_arm_m3_Hwi_excDumpRegs__I)
                  2001ed50    0000040c     simplelink_func.obj (.text:fetchAndParseData)
                  2001f15c    000003b0     simplelink_func.obj (.text:ConfigureSimpleLinkToDefaultState)
                  2001f50c    0000039a     cc3x00_host_driver.aem4 : driver.oem4 (.text:_SlDrvMsgRead)
                  2001f8a6    00000002     drivers_cc32xxware.aem4 : SPICC3200DMA.oem4 (.text:SPICC3200DMA_serviceISR)
                  2001f8a8    0000034c     ti.targets.arm.rtsarm.aem4 : System.oem4 (.text:xdc_runtime_System_doPrint__I)
                  2001fbf4    00000324     rtsv7M4_T_le_eabi.lib : trgdrv.obj (.text)
                  2001ff18    000002ea     webclient.a : ssock.obj (.text)
                  20020202    00000002     drivers_cc32xxware.aem4 : SPICC3200DMA.oem4 (.text:SPICC3200DMA_transferCancel)
                  20020204    000002c0     CDIO_CC3200.obj (.text:moveTask)
                  200204c4    00000004     tirtosport.aem4 : ClockP_tirtos.oem4 (.text:ClockP_getCpuFreq)
                  200204c8    000002c0     sysbios.aem4 : BIOS.obj (.text:ti_sysbios_knl_Semaphore_pend__E)
                  20020788    00000254                  : BIOS.obj (.text:ti_sysbios_heaps_HeapMem_free__E)
                  200209dc    00000004     tirtosport.aem4 : HwiP_tirtos.oem4 (.text:HwiP_clearInterrupt)
                  200209e0    00000248     sysbios.aem4 : BIOS.obj (.text:ti_sysbios_heaps_HeapMem_alloc__E)
                  20020c28    0000022c                  : BIOS.obj (.text:ti_sysbios_knl_Task_Instance_finalize__E)
                  20020e54    00000208     drivers_cc32xxware.aem4 : UARTCC3200.oem4 (.text:UARTCC3200_open)
                  2002105c    00000004     tirtosport.aem4 : HwiP_tirtos.oem4 (.text:HwiP_disable)
                  20021060    000001fc     sysbios.aem4 : BIOS.obj (.text:ti_sysbios_family_arm_m3_Hwi_excHandlerMax__I)
                  2002125c    000001f4     rtsv7M4_T_le_eabi.lib : ull_div_t2.obj (.text)
                  20021450    000001e0     sysbios.aem4 : BIOS.obj (.text:ti_sysbios_knl_Task_sleep__E)
                  20021630    000001d4     simplelink_func.obj (.text:SimpleLinkWlanEventHandler)
                  20021804    00000004     drivers_cc32xxware.aem4 : List.oem4 (.text:List_head)
                  20021808    000001c8     sysbios.aem4 : BIOS.obj (.text:ti_sysbios_knl_Task_Instance_init__E)
                  200219d0    000001b6     rtsv7M4_T_le_eabi.lib : fd_add_t2.obj (.text)
                  20021b86    00000002                           : i_div0.obj (.text)
                  20021b88    000001a8     cc3x00_host_driver.aem4 : wlan.oem4 (.text:sl_WlanConnect)
                  20021d30    00000188     power_cc3200_tirtos.aem4 : PowerCC3200_tirtos.oem4 (.text:PowerCC3200_sleepPolicy)
                  20021eb8    0000017c     drivers_cc32xxware.aem4 : GPIOCC3200.oem4 (.text:GPIO_setConfig)
                  20022034    00000004                             : List.oem4 (.text:List_next)
                  20022038    00000174     sysbios.aem4 : BIOS.obj (.text:ti_sysbios_family_arm_m3_Hwi_excBusFault__I)
                  200221ac    00000168     CDIO_CC3200.obj (.text:main)
                  20022314    00000004     drivers_wifi_cc32xxware.aem4 : osi_tirtos.oem4 (.text:mem_Malloc)
                  20022318    00000164     sysbios.aem4 : BIOS.obj (.text:ti_sysbios_family_arm_m3_Hwi_excUsageFault__I)
                  2002247c    00000004     CDIO_CC3200_pem4.oem4 (.text:ti_sysbios_BIOS_RtsGateProxy_enter__E)
                  20022480    00000158     sysbios.aem4 : BIOS.obj (.text:ti_sysbios_knl_Mailbox_Instance_init__E)
                  200225d8    00000154     drivers_cc32xxware.aem4 : SPICC3200DMA.oem4 (.text:SPICC3200DMA_transfer)
                  2002272c    00000154     CDIO_CC3200.obj (.text:move)
                  20022880    00000150     cc3x00_host_driver.aem4 : driver.oem4 (.text:_SlDrvRxHdrRead)
                  200229d0    00000148     sysbios.aem4 : BIOS.obj (.text:ti_sysbios_family_arm_m3_Hwi_excMemFault__I)
                  20022b18    0000013c                  : BIOS.obj (.text:ti_sysbios_heaps_HeapMem_Instance_init__E)
                  20022c54    00000136     rtsv7M4_T_le_eabi.lib : fd_div_t2.obj (.text)
                  20022d8a    00000002     CDIO_CC3200_pem4.oem4 (.text:ti_sysbios_BIOS_nullFunc__I)
                  20022d8c    00000134     driverlib.a : prcm.obj (.text:PRCMCC3200MCUInit)
                  20022ec0    00000124     drivers_cc32xxware.aem4 : SPICC3200DMA.oem4 (.text:SPICC3200DMA_open)
                  20022fe4    00000120     simplelink_func.obj (.text:flushHTTPResponse)
                  20023104    0000011c     CDIO_CC3200.obj (.text:dataTask)
                  20023220    0000011c     sysbios.aem4 : BIOS.obj (.text:ti_sysbios_knl_Clock_Instance_init__E)
                  2002333c    00000118     cc3x00_host_driver.aem4 : driver.oem4 (.text:_SlDrvMsgWrite)
                  20023454    00000118     ti.targets.arm.rtsarm.aem4 : Error.oem4 (.text:xdc_runtime_Error_policyDefault__E)
                  2002356c    00000114     rtsv7M4_T_le_eabi.lib : strtoul.obj (.text)
                  20023680    0000010c     simplelink_func.obj (.text:SimpleLinkNetAppEventHandler)
                  2002378c    00000102     rom_pin_mux_config.obj (.text:PinMuxConfig)
                  2002388e    00000002     CDIO_CC3200_pem4.oem4 (.text:xdc_runtime_Startup_reset__I)
                  20023890    00000100     ti.targets.arm.rtsarm.aem4 : Core-mem.oem4 (.text:xdc_runtime_Core_createObject__I)
                  20023990    000000fd     simplelink_func.obj (.text:SimpleLinkSockEventHandler)
                  20023a8d    00000001     --HOLE-- [fill = 0]
                  20023a8e    000000fc     rtsv7M4_T_le_eabi.lib : fd_mul_t2.obj (.text)
                  20023b8a    00000002     --HOLE-- [fill = 0]
                  20023b8c    000000f8     ti.targets.arm.rtsarm.aem4 : Startup.oem4 (.text:xdc_runtime_Startup_startMods__I)
                  20023c84    000000f8     CDIO_CC3200_pem4.oem4 (.text:xdc_runtime_System_printfExtend__I)
                  20023d7c    000000f0     driverlib.a : udma.obj (.text:uDMAChannelTransferSet)
                  20023e6c    000000ec     cc3x00_host_driver.aem4 : driver.oem4 (.text:_SlDrvDriverCBInit)
                  20023f58    000000ec     sysbios.aem4 : BIOS.obj (.text:ti_sysbios_knl_Semaphore_post__E)
                  20024044    000000e0     drivers_cc32xxware.aem4 : PWMTimerCC3200.oem4 (.text:PWMTimerCC3200_open)
                  20024124    000000e0     cc3x00_host_driver.aem4 : driver.oem4 (.text:_SlDrvDataReadOp)
                  20024204    000000d8     drivers_cc32xxware.aem4 : SPICC3200DMA.oem4 (.text:configDMA)
                  200242dc    000000d0     cc3x00_host_driver.aem4 : driver.oem4 (.text:_SlDrvWaitForPoolObj)
                  200243ac    000000d0     drivers_cc32xxware.aem4 : GPIOCC3200.oem4 (.text:powerNotifyFxn)
                  2002447c    000000d0     rtsv7M4_T_le_eabi.lib : s_scalbn.obj (.text)
                  2002454c    000000d0     sysbios.aem4 : m3_Hwi_asm.obj (.text:ti_sysbios_family_arm_m3_Hwi_dispatch__I)
                  2002461c    000000cc     ti.targets.arm.rtsarm.aem4 : Core-smem.oem4 (.text:xdc_runtime_Core_constructObject__I)
                  200246e8    000000c8     cc3x00_host_driver.aem4 : driver.oem4 (.text:_SlDrvReleasePoolObj)
                  200247b0    000000bc     sysbios.aem4 : BIOS.obj (.text:ti_sysbios_family_arm_m3_Hwi_excDebugMon__I)
                  2002486c    00000004     CDIO_CC3200_pem4.oem4 (.text:ti_sysbios_BIOS_RtsGateProxy_leave__E)
                  20024870    000000bc     sysbios.aem4 : BIOS.obj (.text:ti_sysbios_family_arm_m3_Hwi_excHardFault__I)
                  2002492c    000000b8     drivers_cc32xxware.aem4 : PWMTimerCC3200.oem4 (.text:PWMTimerCC3200_setDuty)
                  200249e4    000000b8     cc3x00_host_driver.aem4 : netapp.oem4 (.text:sl_NetAppDnsGetHostByName)
                  20024a9c    000000b8     simplelink_func.obj (.text:wlanConnect)
                  20024b54    000000b4     cc3x00_host_driver.aem4 : netapp.oem4 (.text:_SlDrvNetAppEventHandler)
                  20024c08    000000b4     sysbios.aem4 : BIOS.obj (.text:ti_sysbios_gates_GateMutex_enter__E)
                  20024cbc    00000004     CDIO_CC3200_pem4.oem4 (.text:ti_sysbios_family_arm_m3_Hwi_destruct)
                  20024cc0    000000b4     sysbios.aem4 : BIOS.obj (.text:ti_sysbios_knl_Task_checkStacks__E)
                  20024d74    000000b0     cc3x00_host_driver.aem4 : socket.oem4 (.text:sl_Connect)
                  20024e24    000000ac                             : driver.oem4 (.text:_SlDrvDataWriteOp)
                  20024ed0    000000aa     uart_if.obj (.text:Report)
                  20024f7a    000000a8     simplelink_func.obj (.text:charToInt)
                  20025022    00000006     drivers_cc32xxware.aem4 : PWMTimerCC3200.oem4 (.text:PWMTimerCC3200_getPeriodMicroSecs)
                  20025028    000000a8     sysbios.aem4 : BIOS.obj (.text:ti_sysbios_knl_Task_postInit__I)
                  200250d0    000000a4     cc3x00_host_driver.aem4 : socket.oem4 (.text:sl_Send)
                  20025174    00000004     CDIO_CC3200_pem4.oem4 (.text:ti_sysbios_family_arm_m3_TaskSupport_Module__startupDone__S)
                  20025178    000000a4     sysbios.aem4 : BIOS.obj (.text:ti_sysbios_knl_Clock_Instance_finalize__E)
                  2002521c    000000a2     drivers_cc32xxware.aem4 : UARTCC3200.oem4 (.text:UARTCC3200_write)
                  200252be    00000002     --HOLE-- [fill = 0]
                  200252c0    000000a0     driverlib.a : spi.obj (.text:SPIConfigSetExpClk)
                  20025360    000000a0     auto_init.aem4 : auto_init.oem4 (.text)
                  20025400    000000a0     ti.targets.arm.rtsarm.aem4 : Text.oem4 (.text:xdc_runtime_Text_putMod__E)
                  200254a0    0000009e     drivers_cc32xxware.aem4 : UARTCC3200.oem4 (.text:readTaskBlocking)
                  2002553e    0000009c     rtsv7M4_T_le_eabi.lib : memcpy_t2.obj (.text)
                  200255da    00000006     drivers_cc32xxware.aem4 : SPICC3200DMA.oem4 (.text:SPICC3200DMA_control)
                  200255e0    0000009c     sysbios.aem4 : BIOS.obj (.text:ti_sysbios_knl_Semaphore_Instance_init__E)
                  2002567c    0000009a     ti.targets.arm.rtsarm.aem4 : Text.oem4 (.text:xdc_runtime_Text_putSite__E)
                  20025716    00000098     drivers_cc32xxware.aem4 : UARTCC3200.oem4 (.text:UARTCC3200_control)
                  200257ae    00000098                             : UARTCC3200.oem4 (.text:UARTCC3200_readPolling)
                  20025846    00000002     --HOLE-- [fill = 0]
                  20025848    00000098     cc3x00_host_driver.aem4 : driver.oem4 (.text:_SlDrvMsgReadCmdCtx)
                  200258e0    00000098                             : device.oem4 (.text:sl_Stop)
                  20025978    00000098     sysbios.aem4 : BIOS.obj (.text:ti_sysbios_knl_Mailbox_post__E)
                  20025a10    00000094     driverlib.a : prcm.obj (.text:PRCMPeripheralClockGet)
                  20025aa4    00000094     cc3x00_host_driver.aem4 : driver.oem4 (.text:_SlFindAndSetActiveObj)
                  20025b38    00000094     drivers_cc32xxware.aem4 : SPICC3200DMA.oem4 (.text:initHw)
                  20025bcc    00000004     CDIO_CC3200_pem4.oem4 (.text:ti_sysbios_heaps_HeapMem_Module_GateProxy_enter__E)
                  20025bd0    00000094     sysbios.aem4 : BIOS.obj (.text:ti_sysbios_family_arm_m3_Hwi_Instance_init__E)
                  20025c64    00000090     cc3x00_host_driver.aem4 : driver.oem4 (.text:_SlDrvDriverCBDeinit)
                  20025cf4    00000090     drivers_cc32xxware.aem4 : PowerCC3200.oem4 (.text:restoreNVICRegs)
                  20025d84    00000090     cc3x00_host_driver.aem4 : device.oem4 (.text:sl_Start)
                  20025e14    00000004     CDIO_CC3200_pem4.oem4 (.text:ti_sysbios_heaps_HeapMem_Module_GateProxy_leave__E)
                  20025e18    0000008c     sysbios.aem4 : BIOS.obj (.text:ti_sysbios_knl_Mailbox_pend__E)
                  20025ea4    0000008a     drivers_cc32xxware.aem4 : UARTCC3200.oem4 (.text:readIsrTextBlocking)
                  20025f2e    00000002     --HOLE-- [fill = 0]
                  20025f30    00000088     driverlib.a : pin.obj (.text:PinConfigSet)
                  20025fb8    00000088     drivers_cc32xxware.aem4 : UARTCC3200.oem4 (.text:UARTCC3200_close)
                  20026040    00000088     rtsv7M4_T_le_eabi.lib : vsnprintf.obj (.text)
                  200260c8    00000088     drivers_cc32xxware.aem4 : SPICC3200DMA.oem4 (.text:spiHwiFxn)
                  20026150    00000088     sysbios.aem4 : BIOS.obj (.text:ti_sysbios_family_arm_m3_Hwi_initNVIC__E)
                  200261d8    00000088                  : BIOS.obj (.text:ti_sysbios_knl_Mailbox_Module_startup__E)
                  20026260    00000086     rtsv7M4_T_le_eabi.lib : fd_cmp_t2.obj (.text:__aeabi_cdcmple)
                  200262e6    00000086                           : fd_cmp_t2.obj (.text:__aeabi_cdrcmple)
                  2002636c    00000084     drivers_cc32xxware.aem4 : GPIOCC3200.oem4 (.text:GPIO_init)
                  200263f0    00000084                             : PowerCC3200.oem4 (.text:saveNVICRegs)
                  20026474    00000084     cc3x00_host_driver.aem4 : netapp.oem4 (.text:sl_NetAppMDNSRegisterUnregisterService)
                  200264f8    00000084     sysbios.aem4 : BIOS.obj (.text:ti_sysbios_family_arm_m3_Hwi_postInit__I)
                  2002657c    00000082     driverlib.a : gpio.obj (.text:GPIOIntTypeSet)
                  200265fe    00000082     drivers_cc32xxware.aem4 : UARTCC3200.oem4 (.text:readIsrTextCallback)
                  20026680    00000080     drivers_wifi_cc32xxware.aem4 : WiFiCC3200.oem4 (.text:WiFiCC3200_open)
                  20026700    0000007c     driverlib.a : spi.obj (.text:SPIIntStatus)
                  2002677c    0000007a     drivers_cc32xxware.aem4 : UARTCC3200.oem4 (.text:readTaskCallback)
                  200267f6    0000007a     rtsv7M4_T_le_eabi.lib : memset_t2.obj (.text)
                  20026870    00000078     drivers_wifi_cc32xxware.aem4 : osi_tirtos.oem4 (.text:VStartSimpleLinkSpawnTask)
                  200268e8    00000078     cc3x00_host_driver.aem4 : device.oem4 (.text:sl_DevGet)
                  20026960    00000078     simplelink_func.obj (.text:wlanStart)
                  200269d8    00000076     driverlib.a : uart.obj (.text:UARTConfigSetExpClk)
                  20026a4e    00000002     --HOLE-- [fill = 0]
                  20026a50    00000074     cc3x00_host_driver.aem4 : driver.oem4 (.text:_SlDrvClassifyRxMsg)
                  20026ac4    00000004     CDIO_CC3200_pem4.oem4 (.text:ti_sysbios_knl_Clock_TimerProxy_getMaxTicks__E)
                  20026ac8    00000074     sysbios.aem4 : BIOS.obj (.text:ti_sysbios_knl_Clock_start__E)
                  20026b3c    00000070     drivers_cc32xxware.aem4 : PWMTimerCC3200.oem4 (.text:PWMTimerCC3200_control)
                  20026bac    00000070                             : PowerCC3200.oem4 (.text:Power_sleep)
                  20026c1c    00000070     cc3x00_host_driver.aem4 : driver.oem4 (.text:_SlDrvCmdOp)
                  20026c8c    00000004     CDIO_CC3200_pem4.oem4 (.text:ti_sysbios_knl_Clock_TimerProxy_setPeriodMicroSecs__E)
                  20026c90    00000070     sysbios.aem4 : BIOS.obj (.text:ti_sysbios_knl_Mailbox_Instance_finalize__E)
                  20026d00    0000006d     ti.targets.arm.rtsarm.aem4 : System.oem4 (.text:xdc_runtime_System_formatNum__I)
                  20026d6d    00000003     --HOLE-- [fill = 0]
                  20026d70    0000006c     cc3x00_host_driver.aem4 : driver.oem4 (.text:_SlDrvMsgReadSpawnCtx)
                  20026ddc    0000006c     drivers_cc32xxware.aem4 : UARTCC3200.oem4 (.text:initHw)
                  20026e48    0000006c     sysbios.aem4 : BIOS.obj (.text:ti_sysbios_knl_Clock_workFunc__E)
                  20026eb4    00000004     CDIO_CC3200_pem4.oem4 (.text:ti_sysbios_knl_Clock_TimerProxy_start__E)
                  20026eb8    0000006c     sysbios.aem4 : BIOS.obj (.text:ti_sysbios_knl_Swi_restoreHwi__E)
                  20026f24    00000004     CDIO_CC3200_pem4.oem4 (.text:ti_sysbios_knl_Clock_TimerProxy_stop__E)
                  20026f28    0000006c     sysbios.aem4 : BIOS.obj (.text:ti_sysbios_knl_Task_exit__E)
                  20026f94    0000006c     simplelink_func.obj (.text:unPackData)
                  20027000    0000006c     ti.targets.arm.rtsarm.aem4 : Error.oem4 (.text:xdc_runtime_Error_print__E)
                  2002706c    0000006c                                : Memory.oem4 (.text:xdc_runtime_Memory_alloc__E)
                  200270d8    0000006a     rtsv7M4_T_le_eabi.lib : copy_decompress_rle.obj (.text)
                  20027142    00000002     --HOLE-- [fill = 0]
                  20027144    00000068     driverlib.a : prcm.obj (.text:PRCMHibernateWakeUpGPIOSelect)
                  200271ac    00000068     rtsv7M4_T_le_eabi.lib : trgmsg.obj (.text)
                  20027214    00000068     simplelink_func.obj (.text:setupHTTPConnection)
                  2002727c    00000068     drivers_wifi_cc32xxware.aem4 : WiFiCC3200.oem4 (.text:spi_Read)
                  200272e4    00000068                                  : WiFiCC3200.oem4 (.text:spi_Write)
                  2002734c    00000068     drivers_cc32xxware.aem4 : UARTCC3200.oem4 (.text:writeData)
                  200273b4    00000066     ti.targets.arm.rtsarm.aem4 : Core-mem.oem4 (.text:xdc_runtime_Core_deleteObject__I)
                  2002741a    00000002     --HOLE-- [fill = 0]
                  2002741c    00000064     drivers_cc32xxware.aem4 : GPIOCC3200.oem4 (.text:GPIO_hwiIntFxn)
                  20027480    00000064     cc3x00_host_driver.aem4 : netapp.oem4 (.text:_sl_HandleAsync_DnsGetHostByName)
                  200274e4    00000004     CDIO_CC3200_pem4.oem4 (.text:ti_sysbios_knl_Clock_destruct)
                  200274e8    00000064     sysbios.aem4 : BIOS.obj (.text:ti_sysbios_family_arm_m3_Hwi_dispatchC__I)
                  2002754c    00000064     CDIO_CC3200_pem4.oem4 (.text:ti_sysbios_knl_Mailbox_create)
                  200275b0    00000064     driverlib.a : udma.obj (.text:uDMAChannelAttributeDisable)
                  20027614    00000062     tirtosport.aem4 : HwiP_tirtos.oem4 (.text:HwiP_create)
                  20027676    00000002     --HOLE-- [fill = 0]
                  20027678    00000060     cc3x00_host_driver.aem4 : netapp.oem4 (.text:_sl_HandleAsync_DnsGetHostByService)
                  200276d8    00000060                             : device.oem4 (.text:_sl_HandleAsync_InitComplete)
                  20027738    00000060                             : netapp.oem4 (.text:_sl_HandleAsync_PingResponse)
                  20027798    00000060     sysbios.aem4 : BIOS.obj (.text:ti_sysbios_knl_Task_schedule__I)
                  200277f8    0000005e     drivers_cc32xxware.aem4 : UARTCC3200.oem4 (.text:readIsrBinaryBlocking)
                  20027856    00000002     --HOLE-- [fill = 0]
                  20027858    0000005c     rtsv7M4_T_le_eabi.lib : s_frexp.obj (.text)
                  200278b4    00000004     CDIO_CC3200_pem4.oem4 (.text:ti_sysbios_knl_Mailbox_delete)
                  200278b8    0000005c     sysbios.aem4 : BIOS.obj (.text:ti_sysbios_knl_Swi_run__I)
                  20027914    00000004     CDIO_CC3200_pem4.oem4 (.text:ti_sysbios_knl_Queue_destruct)
                  20027918    0000005c     sysbios.aem4 : BIOS.obj (.text:ti_sysbios_knl_Swi_schedule__I)
                  20027974    00000004     CDIO_CC3200_pem4.oem4 (.text:ti_sysbios_knl_Semaphore_delete)
                  20027978    0000005c     sysbios.aem4 : BIOS.obj (.text:ti_sysbios_knl_Task_Module_startup__E)
                  200279d4    0000005c     CDIO_CC3200_pem4.oem4 (.text:ti_sysbios_knl_Task_create)
                  20027a30    0000005c     sysbios.aem4 : BIOS.obj (.text:ti_sysbios_knl_Task_startCore__E)
                  20027a8c    0000005b     ti.targets.arm.rtsarm.aem4 : Text.oem4 (.text:xdc_runtime_Text_putLab__E)
                  20027ae7    00000001     --HOLE-- [fill = 0]
                  20027ae8    0000005a     tirtosport.aem4 : ClockP_tirtos.oem4 (.text:ClockP_create)
                  20027b42    0000005a     drivers_cc32xxware.aem4 : SPICC3200DMA.oem4 (.text:SPICC3200DMA_close)
                  20027b9c    00000058     driverlib.a : interrupt.obj (.text:IntPendClear)
                  20027bf4    00000058                 : prcm.obj (.text:PRCMPeripheralReset)
                  20027c4c    00000058     drivers_cc32xxware.aem4 : PowerCC3200.oem4 (.text:Power_init)
                  20027ca4    00000058     tirtosport.aem4 : SemaphoreP_tirtos.oem4 (.text:SemaphoreP_create)
                  20027cfc    00000058     cc3x00_host_driver.aem4 : driver.oem4 (.text:_SlDrvCmdSend)
                  20027d54    00000058                             : netapp.oem4 (.text:_sl_NetAppSendTokenValue)
                  20027dac    00000058     CDIO_CC3200_pem4.oem4 (.text:ti_sysbios_family_arm_m3_Hwi_construct)
                  20027e04    00000056     rtsv7M4_T_le_eabi.lib : ltoa.obj (.text)
                  20027e5a    00000002     --HOLE-- [fill = 0]
                  20027e5c    00000054     CC3200_LAUNCHXL.obj (.text:CC3200_LAUNCHXL_initDMA)
                  20027eb0    00000054     drivers_cc32xxware.aem4 : UARTCC3200.oem4 (.text:UARTCC3200_writeCancel)
                  20027f04    00000054                             : UARTCC3200.oem4 (.text:readIsrBinaryCallback)
                  20027f58    00000054     rtsv7M4_T_le_eabi.lib : exit.obj (.text)
                  20027fac    00000054     cc3x00_host_driver.aem4 : socket.oem4 (.text:sl_SetSockOpt)
                  20028000    00000054     sysbios.aem4 : BIOS.obj (.text:ti_sysbios_family_arm_m3_Timer_setPeriod__E)
                  20028054    00000004     CDIO_CC3200_pem4.oem4 (.text:ti_sysbios_knl_Semaphore_destruct)
                  20028058    00000054     sysbios.aem4 : BIOS.obj (.text:ti_sysbios_family_arm_m3_Timer_start__E)
                  200280ac    00000054     CDIO_CC3200_pem4.oem4 (.text:ti_sysbios_knl_Task_construct)
                  20028100    00000054     ti.targets.arm.rtsarm.aem4 : Assert.oem4 (.text:xdc_runtime_Assert_raise__I)
                  20028154    00000050     drivers_wifi_cc32xxware.aem4 : WiFiCC3200.oem4 (.text:CC3X00_NWP_enablePreamble)
                  200281a4    00000050     cc3x00_host_driver.aem4 : socket.oem4 (.text:_sl_HandleAsync_Connect)
                  200281f4    00000050                             : netcfg.oem4 (.text:sl_NetCfgSet)
                  20028244    00000050                             : wlan.oem4 (.text:sl_WlanSet)
                  20028294    00000004     CDIO_CC3200_pem4.oem4 (.text:ti_sysbios_knl_Task_delete)
                  20028298    00000050     sysbios.aem4 : BIOS.obj (.text:ti_sysbios_family_arm_m3_Hwi_Module_startup__E)
                  200282e8    00000050     ti.targets.arm.rtsarm.aem4 : Startup.oem4 (.text:xdc_runtime_Startup_exec__E)
                  20028338    00000050                                : Text.oem4 (.text:xdc_runtime_Text_visitRope2__I)
                  20028388    0000004c     gpio_if.obj (.text:GPIO_IF_GetPortNPin)
                  200283d4    0000004c     drivers_cc32xxware.aem4 : GPIOCC3200.oem4 (.text:GPIO_setCallback)
                  20028420    0000004c     driverlib.a : spi.obj (.text:SPIIntDisable)
                  2002846c    0000004c                 : spi.obj (.text:SPIIntEnable)
                  200284b8    0000004c     cc3x00_host_driver.aem4 : device.oem4 (.text:_SlDrvDeviceEventHandler)
                  20028504    0000004c                             : socket.oem4 (.text:_sl_HandleAsync_Accept)
                  20028550    0000004c     rtsv7M4_T_le_eabi.lib : atoi.obj (.text)
                  2002859c    0000004c                           : cpy_tbl.obj (.text)
                  200285e8    0000004c     sysbios.aem4 : m3_TaskSupport_asm.obj (.text:ti_sysbios_family_arm_m3_TaskSupport_buildTaskStack)
                  20028634    00000004     ti.targets.arm.rtsarm.aem4 : Error.oem4 (.text:xdc_runtime_Error_getSite__E)
                  20028638    0000004c     sysbios.aem4 : BIOS.obj (.text:ti_sysbios_family_arm_m3_Timer_setPeriodMicroSecs__E)
                  20028684    00000004     CDIO_CC3200_pem4.oem4 (.text:xdc_runtime_System_Module_GateProxy_enter__E)
                  20028688    0000004c     sysbios.aem4 : BIOS.obj (.text:ti_sysbios_heaps_HeapMem_getStats__E)
                  200286d4    00000004     CDIO_CC3200_pem4.oem4 (.text:xdc_runtime_System_Module_GateProxy_leave__E)
                  200286d8    0000004c     sysbios.aem4 : BIOS.obj (.text:ti_sysbios_knl_Swi_runLoop__I)
                  20028724    00000004     ti.targets.arm.rtsarm.aem4 : System.oem4 (.text:xdc_runtime_System_aprintf_va__F)
                  20028728    0000004c     sysbios.aem4 : BIOS.obj (.text:ti_sysbios_knl_Task_allBlockedFunction__I)
                  20028774    0000004c     driverlib.a : udma.obj (.text:uDMAChannelAssign)
                  200287c0    00000048                 : flash.obj (.text:FlashDisable)
                  20028808    00000048                 : prcm.obj (.text:PRCMHibernateWakeupSourceEnable)
                  20028850    00000048                 : pin.obj (.text:PinConfigGet)
                  20028898    00000048                 : spi.obj (.text:SPIIntClear)
                  200288e0    00000048     cc3x00_host_driver.aem4 : driver.oem4 (.text:_SlRemoveFromList)
                  20028928    00000048     drivers_cc32xxware.aem4 : PowerCC3200.oem4 (.text:notify)
                  20028970    00000048     rtsv7M4_T_le_eabi.lib : fd_toi_t2.obj (.text)
                  200289b8    00000048     cc3x00_host_driver.aem4 : socket.oem4 (.text:sl_Recv)
                  20028a00    00000048     sysbios.aem4 : BIOS.obj (.text:ti_sysbios_family_arm_m3_Hwi_disableInterrupt__E)
                  20028a48    00000048                  : BIOS.obj (.text:ti_sysbios_family_arm_m3_Hwi_enableInterrupt__E)
                  20028a90    00000048                  : BIOS.obj (.text:ti_sysbios_family_arm_m3_Hwi_excReserved__I)
                  20028ad8    00000048                  : m3_Hwi_asm_switch.obj (.text:ti_sysbios_family_arm_m3_Hwi_initStacks__E)
                  20028b20    00000048                  : BIOS.obj (.text:ti_sysbios_family_arm_m3_Timer_initDevice__I)
                  20028b68    00000046     drivers_cc32xxware.aem4 : RingBuf.oem4 (.text:RingBuf_put)
                  20028bae    00000046     ti.targets.arm.rtsarm.aem4 : Core-params.oem4 (.text:xdc_runtime_Core_assignParams__I)
                  20028bf4    00000044     driverlib.a : prcm.obj (.text:PRCMLPDSEnter)
                  20028c38    00000044     drivers_cc32xxware.aem4 : PowerCC3200_asm.oem4 (.text:PowerCC3200_enterLPDS)
                  20028c7c    00000044     driverlib.a : spi.obj (.text:SPIDmaMaskGet)
                  20028cc0    00000044     simplelink_func.obj (.text:SimpleLinkGeneralEventHandler)
                  20028d04    00000044     drivers_cc32xxware.aem4 : UARTCC3200.oem4 (.text:UARTCC3200_hwiIntFxn)
                  20028d48    00000044     cc3x00_host_driver.aem4 : driver.oem4 (.text:_SlAsyncEventGenericHandler)
                  20028d8c    00000044     boot.aem4 : boot.oem4 (.text)
                  20028dd0    00000044     cc3x00_host_driver.aem4 : wlan.oem4 (.text:sl_WlanPolicySet)
                  20028e14    00000004     ti.targets.arm.rtsarm.aem4 : System.oem4 (.text:xdc_runtime_System_printf_va__F)
                  20028e18    00000044     sysbios.aem4 : BIOS.obj (.text:ti_sysbios_family_arm_m3_Hwi_getStackInfo__E)
                  20028e5c    00000004     --HOLE-- [fill = 0]
                  20028e60    00000044                  : BIOS.obj (.text:ti_sysbios_knl_Mailbox_postInit__I)
                  20028ea4    00000004     --HOLE-- [fill = 0]
                  20028ea8    00000044                  : BIOS.obj (.text:ti_sysbios_knl_Swi_post__E)
                  20028eec    00000044     ti.targets.arm.rtsarm.aem4 : Error.oem4 (.text:xdc_runtime_Error_setX__E)
                  20028f30    00000044                                : SysMin.oem4 (.text:xdc_runtime_SysMin_flush__E)
                  20028f74    00000044                                : Text.oem4 (.text:xdc_runtime_Text_xprintf__I)
                  20028fb8    00000042     drivers_cc32xxware.aem4 : PowerCC3200_asm.oem4 (.text:PowerCC3200_resumeLPDS)
                  20028ffa    00000042                             : UARTCC3200.oem4 (.text:UARTCC3200_writePolling)
                  2002903c    00000040                             : GPIOCC3200.oem4 (.text:GPIO_enableInt)
                  2002907c    00000040     driverlib.a : pin.obj (.text:PinModeSet)
                  200290bc    00000040     drivers_cc32xxware.aem4 : PowerCC3200.oem4 (.text:Power_setDependency)
                  200290fc    00000040                             : RingBuf.oem4 (.text:RingBuf_get)
                  2002913c    00000040                             : UARTCC3200.oem4 (.text:UARTCC3200_read)
                  2002917c    00000040     cc3x00_host_driver.aem4 : driver.oem4 (.text:_SlDrvRxIrqHandler)
                  200291bc    00000040                             : socket.oem4 (.text:_sl_HandleAsync_Select)
                  200291fc    00000040     drivers_wifi_cc32xxware.aem4 : osi_tirtos.oem4 (.text:osi_LockObjLock)
                  2002923c    00000040                                  : osi_tirtos.oem4 (.text:osi_SyncObjCreate)
                  2002927c    00000040                                  : osi_tirtos.oem4 (.text:osi_SyncObjWait)
                  200292bc    00000040     rtsv7M4_T_le_eabi.lib : u_divt2.obj (.text)
                  200292fc    00000040     cc3x00_host_driver.aem4 : wlan.oem4 (.text:sl_WlanRxFilterSet)
                  2002933c    00000004     --HOLE-- [fill = 0]
                  20029340    00000040     sysbios.aem4 : BIOS.obj (.text:ti_sysbios_family_arm_m3_Timer_Module_startup__E)
                  20029380    0000003e     CDIO_CC3200_pem4.oem4 (.text:realloc)
                  200293be    00000002     --HOLE-- [fill = 0]
                  200293c0    0000003c     driverlib.a : prcm.obj (.text:PRCMPeripheralClkEnable)
                  200293fc    0000003c                 : prcm.obj (.text:PRCMSlowClkCtrFastGet)
                  20029438    0000003c                 : pin.obj (.text:PinDirModeSet)
                  20029474    0000003c     drivers_cc32xxware.aem4 : WiFi.oem4 (.text:WiFi_open)
                  200294b0    0000003c     cc3x00_host_driver.aem4 : device.oem4 (.text:_sl_HandleAsync_Stop)
                  200294ec    0000003c     CDIO_CC3200.obj (.text:brytarIntX)
                  20029528    0000003c     CDIO_CC3200.obj (.text:brytarIntY)
                  20029564    0000003c     simplelink_func.obj (.text:packData)
                  200295a0    0000003c     drivers_wifi_cc32xxware.aem4 : WiFiCC3200.oem4 (.text:spi_Open)
                  200295dc    00000004     --HOLE-- [fill = 0]
                  200295e0    0000003c     sysbios.aem4 : BIOS.obj (.text:ti_sysbios_family_arm_m3_Hwi_excSvCall__I)
                  2002961c    00000004     --HOLE-- [fill = 0]
                  20029620    0000003c                  : BIOS.obj (.text:ti_sysbios_heaps_HeapMem_init__I)
                  2002965c    00000004     --HOLE-- [fill = 0]
                  20029660    0000003c                  : BIOS.obj (.text:ti_sysbios_knl_Clock_walkQueuePeriodic__E)
                  2002969c    00000004     --HOLE-- [fill = 0]
                  200296a0    0000003c                  : BIOS.obj (.text:ti_sysbios_knl_Swi_restore__E)
                  200296dc    0000003c     driverlib.a : udma.obj (.text:uDMAChannelControlSet)
                  20029718    0000003a     gpio_if.obj (.text:GPIO_IF_Set)
                  20029752    00000002     --HOLE-- [fill = 0]
                  20029754    00000038     driverlib.a : prcm.obj (.text:PRCMIntEnable)
                  2002978c    00000038     drivers_cc32xxware.aem4 : PWM.oem4 (.text:PWM_init)
                  200297c4    00000038     power_cc3200_tirtos.aem4 : PowerCC3200_tirtos.oem4 (.text:PowerCC3200_initPolicy)
                  200297fc    00000038     drivers_cc32xxware.aem4 : SPI.oem4 (.text:SPI_init)
                  20029834    00000038                             : UART.oem4 (.text:UART_init)
                  2002986c    00000038                             : WiFi.oem4 (.text:WiFi_init)
                  200298a4    00000038     drivers_wifi_cc32xxware.aem4 : osi_tirtos.oem4 (.text:osi_LockObjCreate)
                  200298dc    00000038     cc3x00_host_driver.aem4 : socket.oem4 (.text:sl_Htonl)
                  20029914    00000038     drivers_cc32xxware.aem4 : SPICC3200DMA.oem4 (.text:spiPollingTransfer16)
                  2002994c    00000038                             : SPICC3200DMA.oem4 (.text:spiPollingTransfer8)
                  20029984    00000004     --HOLE-- [fill = 0]
                  20029988    00000038     sysbios.aem4 : BIOS.obj (.text:ti_sysbios_family_arm_m3_Hwi_excNoIsr__I)
                  200299c0    00000038                  : BIOS.obj (.text:ti_sysbios_knl_Task_processVitalTaskFlag__I)
                  200299f8    00000038     ti.targets.arm.rtsarm.aem4 : SysMin.oem4 (.text:xdc_runtime_SysMin_putch__E)
                  20029a30    00000038                                : System.oem4 (.text:xdc_runtime_System_atexit__E)
                  20029a68    00000036     driverlib.a : gpio.obj (.text:GPIODirModeSet)
                  20029a9e    00000036                 : timer.obj (.text:TimerControlLevel)
                  20029ad4    00000036     drivers_cc32xxware.aem4 : UARTCC3200.oem4 (.text:UARTCC3200_readCancel)
                  20029b0a    00000002     --HOLE-- [fill = 0]
                  20029b0c    00000034     drivers_wifi_cc32xxware.aem4 : WiFiCC3200.oem4 (.text:CC3X00_NWP_disable)
                  20029b40    00000034     driverlib.a : prcm.obj (.text:PRCMPeripheralStatusGet)
                  20029b74    00000034                 : prcm.obj (.text:PRCMSRAMRetentionEnable)
                  20029ba8    00000034     drivers_cc32xxware.aem4 : PowerCC3200.oem4 (.text:Power_releaseDependency)
                  20029bdc    00000034     driverlib.a : spi.obj (.text:SPIFIFOLevelSet)
                  20029c10    00000034     cc3x00_host_driver.aem4 : driver.oem4 (.text:_SlDrvBasicCmd)
                  20029c44    00000034                             : driver.oem4 (.text:_SlDrvProtectAsyncRespSetting)
                  20029c78    00000034     power_cc3200_tirtos.aem4 : PowerCC3200_tirtos.oem4 (.text:getCountsRTC)
                  20029cac    00000034     drivers_cc32xxware.aem4 : PWMTimerCC3200.oem4 (.text:getPowerMgrId)
                  20029ce0    00000034     CDIO_CC3200.obj (.text:moveToOrigin)
                  20029d14    00000034     drivers_cc32xxware.aem4 : PowerCC3200.oem4 (.text:restorePeriphClocks)
                  20029d48    00000034     cc3x00_host_driver.aem4 : socket.oem4 (.text:sl_Htons)
                  20029d7c    00000004     --HOLE-- [fill = 0]
                  20029d80    00000034     sysbios.aem4 : BIOS.obj (.text:ti_sysbios_family_arm_m3_Hwi_Instance_finalize__E)
                  20029db4    00000004     --HOLE-- [fill = 0]
                  20029db8    00000034                  : BIOS.obj (.text:ti_sysbios_family_arm_m3_Hwi_excNmi__I)
                  20029dec    00000004     --HOLE-- [fill = 0]
                  20029df0    00000034                  : BIOS.obj (.text:ti_sysbios_family_arm_m3_Timer_periodicStub__I)
                  20029e24    00000004     --HOLE-- [fill = 0]
                  20029e28    00000034                  : BIOS.obj (.text:ti_sysbios_hal_Hwi_checkStack)
                  20029e5c    00000034     CDIO_CC3200_pem4.oem4 (.text:ti_sysbios_knl_Clock_construct)
                  20029e90    00000034     CDIO_CC3200_pem4.oem4 (.text:ti_sysbios_knl_Semaphore_create)
                  20029ec4    00000034     ti.targets.arm.rtsarm.aem4 : Core-label.oem4 (.text:xdc_runtime_Core_assignLabel__I)
                  20029ef8    00000033                                : Text.oem4 (.text:xdc_runtime_Text_printVisFxn__I)
                  20029f2b    00000001     --HOLE-- [fill = 0]
                  20029f2c    00000032     drivers_cc32xxware.aem4 : SPICC3200DMA.oem4 (.text:spiPollingTransfer32)
                  20029f5e    00000002     --HOLE-- [fill = 0]
                  20029f60    00000032     sysbios.aem4 : BIOS.obj (.text:ti_sysbios_hal_Hwi_initStack)
                  20029f92    00000002     --HOLE-- [fill = 0]
                  20029f94    00000030     drivers_cc32xxware.aem4 : PWM.oem4 (.text:PWM_open)
                  20029fc4    00000030     driverlib.a : pin.obj (.text:PinTypeGPIO)
                  20029ff4    00000030     drivers_cc32xxware.aem4 : PowerCC3200.oem4 (.text:Power_releaseConstraint)
                  2002a024    00000030                             : PowerCC3200.oem4 (.text:Power_setConstraint)
                  2002a054    00000030                             : SPI.oem4 (.text:SPI_open)
                  2002a084    00000030     driverlib.a : uart.obj (.text:UARTDisable)
                  2002a0b4    00000030     drivers_cc32xxware.aem4 : UART.oem4 (.text:UART_open)
                  2002a0e4    00000030     drivers_wifi_cc32xxware.aem4 : WiFiCC3200.oem4 (.text:registerInterruptHandler)
                  2002a114    00000030     cc3x00_host_driver.aem4 : socket.oem4 (.text:sl_Socket)
                  2002a144    00000030     CDIO_CC3200_pem4.oem4 (.text:ti_sysbios_BIOS_atExitFunc__I)
                  2002a174    00000004     --HOLE-- [fill = 0]
                  2002a178    00000030     sysbios.aem4 : BIOS.obj (.text:ti_sysbios_family_arm_m3_TaskSupport_start__E)
                  2002a1a8    00000030     CDIO_CC3200_pem4.oem4 (.text:ti_sysbios_gates_GateHwi_Object__create__S)
                  2002a1d8    00000030     CDIO_CC3200_pem4.oem4 (.text:ti_sysbios_gates_GateMutex_Object__create__S)
                  2002a208    00000030     CDIO_CC3200_pem4.oem4 (.text:ti_sysbios_heaps_HeapMem_Object__create__S)
                  2002a238    00000030     CDIO_CC3200_pem4.oem4 (.text:ti_sysbios_knl_Semaphore_construct)
                  2002a268    00000030     sysbios.aem4 : BIOS.obj (.text:ti_sysbios_knl_Semaphore_pendTimeout__I)
                  2002a298    00000030                  : BIOS.obj (.text:ti_sysbios_knl_Task_unblockI__E)
                  2002a2c8    00000030     ti.targets.arm.rtsarm.aem4 : SysMin.oem4 (.text:xdc_runtime_SysMin_abort__E)
                  2002a2f8    00000030                                : System.oem4 (.text:xdc_runtime_System_processAtExit__E)
                  2002a328    0000002e     drivers_cc32xxware.aem4 : PWMTimerCC3200.oem4 (.text:PWMTimerCC3200_close)
                  2002a356    0000002e     CDIO_CC3200_pem4.oem4 (.text:malloc)
                  2002a384    0000002e     rtsv7M4_T_le_eabi.lib : i_tofd_t2.obj (.text)
                  2002a3b2    00000002     --HOLE-- [fill = 0]
                  2002a3b4    0000002c     drivers_wifi_cc32xxware.aem4 : WiFiCC3200.oem4 (.text:CC3X00_NWP_enable)
                  2002a3e0    0000002c     driverlib.a : prcm.obj (.text:PRCMLPDSIntervalSet)
                  2002a40c    0000002c                 : prcm.obj (.text:PRCMSysResetCauseGet)
                  2002a438    0000002c     CDIO_CC3200_pem4.oem4 (.text:ti_sysbios_knl_Clock_doTick__I)
                  2002a464    0000002c     CDIO_CC3200_pem4.oem4 (.text:ti_sysbios_knl_Queue_construct)
                  2002a490    0000002c     sysbios.aem4 : BIOS.obj (.text:ti_sysbios_knl_Task_restore__E)
                  2002a4bc    0000002c     ti.targets.arm.rtsarm.aem4 : Text.oem4 (.text:xdc_runtime_Text_cordText__E)
                  2002a4e8    0000002a     driverlib.a : spi.obj (.text:SPIDataGetNonBlocking)
                  2002a512    0000002a                 : timer.obj (.text:TimerLoadSet)
                  2002a53c    0000002a                 : timer.obj (.text:TimerMatchSet)
                  2002a566    0000002a                 : timer.obj (.text:TimerPrescaleMatchSet)
                  2002a590    0000002a                 : timer.obj (.text:TimerPrescaleSet)
                  2002a5ba    0000002a     cc3x00_host_driver.aem4 : socket.oem4 (.text:_sl_BuildAddress)
                  2002a5e4    0000002a     ti.targets.arm.rtsarm.aem4 : System.oem4 (.text:xdc_runtime_System_putchar__I)
                  2002a60e    00000002     --HOLE-- [fill = 0]
                  2002a610    00000028     uart_if.obj (.text:Message)
                  2002a638    00000028     driverlib.a : prcm.obj (.text:PRCMLPDSWakeupSourceEnable)
                  2002a660    00000028                 : prcm.obj (.text:PRCMPeripheralClkDisable)
                  2002a688    00000028     drivers_cc32xxware.aem4 : PowerCC3200.oem4 (.text:Power_registerNotify)
                  2002a6b0    00000028                             : UARTCC3200.oem4 (.text:releasePowerConstraint)
                  2002a6d8    00000028     sysbios.aem4 : BIOS.obj (.text:ti_sysbios_knl_Swi_Module_startup__E)
                  2002a700    00000028     driverlib.a : udma.obj (.text:uDMAChannelIsEnabled)
                  2002a728    00000026     drivers_cc32xxware.aem4 : List.oem4 (.text:List_put)
                  2002a74e    00000026     rtsv7M4_T_le_eabi.lib : strncmp.obj (.text)
                  2002a774    00000026     ti.targets.arm.rtsarm.aem4 : System.oem4 (.text:xdc_runtime_System_avprintf__E)
                  2002a79a    00000002     --HOLE-- [fill = 0]
                  2002a79c    00000024     driverlib.a : prcm.obj (.text:PRCMLPDSWakeUpGPIOSelect)
                  2002a7c0    00000024                 : uart.obj (.text:UARTCharPutNonBlocking)
                  2002a7e4    00000024                 : uart.obj (.text:UARTEnable)
                  2002a808    00000024     drivers_wifi_cc32xxware.aem4 : osi_tirtos.oem4 (.text:osi_Spawn)
                  2002a82c    00000024     cc3x00_host_driver.aem4 : socket.oem4 (.text:sl_Close)
                  2002a850    00000024                             : wlan.oem4 (.text:sl_WlanProfileDel)
                  2002a874    00000024                             : wlan.oem4 (.text:sl_WlanSetMode)
                  2002a898    00000024     CDIO_CC3200_pem4.oem4 (.text:ti_sysbios_BIOS_errorRaiseHook__I)
                  2002a8bc    00000024     CDIO_CC3200_pem4.oem4 (.text:ti_sysbios_BIOS_registerRTSLock__I)
                  2002a8e0    00000024     CDIO_CC3200_pem4.oem4 (.text:ti_sysbios_BIOS_removeRTSLock__I)
                  2002a904    00000024     CDIO_CC3200_pem4.oem4 (.text:ti_sysbios_BIOS_startFunc__I)
                  2002a928    00000024     sysbios.aem4 : BIOS.obj (.text:ti_sysbios_family_arm_m3_Hwi_doTaskRestore__I)
                  2002a94c    00000004     --HOLE-- [fill = 0]
                  2002a950    00000024                  : BIOS.obj (.text:ti_sysbios_family_arm_m3_Timer_startup__E)
                  2002a974    00000024     CDIO_CC3200_pem4.oem4 (.text:ti_sysbios_gates_GateMutex_Object__delete__S)
                  2002a998    00000024     sysbios.aem4 : BIOS.obj (.text:ti_sysbios_knl_Clock_Module_startup__E)
                  2002a9bc    00000024     CDIO_CC3200_pem4.oem4 (.text:ti_sysbios_knl_Semaphore_Object__delete__S)
                  2002a9e0    00000024     ti.targets.arm.rtsarm.aem4 : System.oem4 (.text:xdc_runtime_System_vprintf__E)
                  2002aa04    00000022     driverlib.a : gpio.obj (.text:GPIOIntStatus)
                  2002aa26    00000022                 : spi.obj (.text:SPIReset)
                  2002aa48    00000022                 : spi.obj (.text:SPIWordCountSet)
                  2002aa6a    00000022     CDIO_CC3200_pem4.oem4 (.text:xdc_runtime_SysMin_output__I)
                  2002aa8c    00000020     driverlib.a : gpio.obj (.text:GPIOPinWrite)
                  2002aaac    00000020                 : prcm.obj (.text:PRCMLPDSRestoreInfoSet)
                  2002aacc    00000020     drivers_cc32xxware.aem4 : PowerCC3200.oem4 (.text:Power_idleFunc)
                  2002aaec    00000020                             : PowerCC3200.oem4 (.text:Power_unregisterNotify)
                  2002ab0c    00000020     driverlib.a : spi.obj (.text:SPIDataGet)
                  2002ab2c    00000020     drivers_cc32xxware.aem4 : SPICC3200DMA.oem4 (.text:getPowerMgrId)
                  2002ab4c    00000020                             : UARTCC3200.oem4 (.text:getPowerMgrId)
                  2002ab6c    00000020     CDIO_CC3200_pem4.oem4 (.text:ti_sysbios_BIOS_rtsLock__I)
                  2002ab8c    00000004     --HOLE-- [fill = 0]
                  2002ab90    00000020     sysbios.aem4 : BIOS.obj (.text:ti_sysbios_family_arm_m3_Hwi_clearInterrupt__E)
                  2002abb0    00000020                  : m3_Hwi_asm.obj (.text:ti_sysbios_family_arm_m3_Hwi_excHandlerAsm__I)
                  2002abd0    00000020                  : BIOS.obj (.text:ti_sysbios_family_arm_m3_Hwi_excHandler__I)
                  2002abf0    00000020     CDIO_CC3200_pem4.oem4 (.text:ti_sysbios_gates_GateHwi_Object__delete__S)
                  2002ac10    00000020     CDIO_CC3200_pem4.oem4 (.text:ti_sysbios_heaps_HeapMem_Object__delete__S)
                  2002ac30    00000020     CDIO_CC3200_pem4.oem4 (.text:ti_sysbios_knl_Clock_Object__destruct__S)
                  2002ac50    00000020     sysbios.aem4 : BIOS.obj (.text:ti_sysbios_knl_Idle_run__E)
                  2002ac70    00000020     CDIO_CC3200_pem4.oem4 (.text:ti_sysbios_knl_Mailbox_Object__delete__S)
                  2002ac90    00000020     CDIO_CC3200_pem4.oem4 (.text:ti_sysbios_knl_Semaphore_Object__destruct__S)
                  2002acb0    00000020     CDIO_CC3200_pem4.oem4 (.text:ti_sysbios_knl_Task_Object__delete__S)
                  2002acd0    00000020     ti.targets.arm.rtsarm.aem4 : Registry.oem4 (.text:xdc_runtime_Registry_findById__E)
                  2002acf0    00000020                                : SysMin.oem4 (.text:xdc_runtime_SysMin_Module_startup__E)
                  2002ad10    0000001e     driverlib.a : spi.obj (.text:SPIDataPut)
                  2002ad2e    0000001e                 : timer.obj (.text:TimerDisable)
                  2002ad4c    0000001e                 : timer.obj (.text:TimerEnable)
                  2002ad6a    0000001e                 : uart.obj (.text:UARTCharPut)
                  2002ad88    0000001e                 : uart.obj (.text:UARTIntStatus)
                  2002ada6    0000001e     drivers_wifi_cc32xxware.aem4 : WiFiCC3200.oem4 (.text:WiFiCC3200_close)
                  2002adc4    0000001e     sysbios.aem4 : m3_Hwi_asm_switch.obj (.text:ti_sysbios_family_xxx_Hwi_switchAndRunFunc)
                  2002ade2    00000002     --HOLE-- [fill = 0]
                  2002ade4    0000001c     drivers_cc32xxware.aem4 : SPICC3200DMA.oem4 (.text:SPICC3200DMA_init)
                  2002ae00    0000001c     driverlib.a : uart.obj (.text:UARTCharGetNonBlocking)
                  2002ae1c    0000001c                 : uart.obj (.text:UARTFlowControlSet)
                  2002ae38    0000001c     cc3x00_host_driver.aem4 : driver.oem4 (.text:_SlDrvProtectionObjLockWaitForever)
                  2002ae54    0000001c                             : socket.oem4 (.text:_sl_TruncatePayloadByProtocol)
                  2002ae70    0000001c     rtsv7M4_T_le_eabi.lib : memccpy.obj (.text)
                  2002ae8c    0000001c     CDIO_CC3200_pem4.oem4 (.text:ti_sysbios_family_arm_m3_Hwi_Object__destruct__S)
                  2002aea8    0000001c     sysbios.aem4 : BIOS.obj (.text:ti_sysbios_family_arm_m3_Timer_stop__E)
                  2002aec4    00000004     --HOLE-- [fill = 0]
                  2002aec8    0000001c                  : BIOS.obj (.text:ti_sysbios_gates_GateMutex_Instance_init__E)
                  2002aee4    0000001c     CDIO_CC3200_pem4.oem4 (.text:ti_sysbios_knl_Queue_Object__destruct__S)
                  2002af00    0000001c     sysbios.aem4 : BIOS.obj (.text:ti_sysbios_knl_Task_enter__I)
                  2002af1c    0000001c     driverlib.a : udma.obj (.text:uDMAChannelEnable)
                  2002af38    0000001c     drivers_wifi_cc32xxware.aem4 : osi_tirtos.oem4 (.text:vSimpleLinkSpawnTask)
                  2002af54    0000001c     ti.targets.arm.rtsarm.aem4 : Error.oem4 (.text:xdc_runtime_Error_raiseX__E)
                  2002af70    0000001c                                : Memory.oem4 (.text:xdc_runtime_Memory_valloc__E)
                  2002af8c    0000001c                                : SysMin.oem4 (.text:xdc_runtime_SysMin_exit__E)
                  2002afa8    0000001c                                : System.oem4 (.text:xdc_runtime_System_abort__E)
                  2002afc4    0000001a     cc3x00_host_driver.aem4 : netapp.oem4 (.text:CopyPingResultsToReport)
                  2002afde    0000001a     driverlib.a : gpio.obj (.text:GPIOIntEnable)
                  2002aff8    0000001a     drivers_cc32xxware.aem4 : List.oem4 (.text:List_remove)
                  2002b012    0000001a     driverlib.a : pin.obj (.text:PinTypeTimer)
                  2002b02c    0000001a                 : spi.obj (.text:SPIDmaDisable)
                  2002b046    0000001a                 : spi.obj (.text:SPIDmaEnable)
                  2002b060    0000001a                 : spi.obj (.text:SPIFIFODisable)
                  2002b07a    0000001a                 : spi.obj (.text:SPIFIFOEnable)
                  2002b094    0000001a     CDIO_CC3200_pem4.oem4 (.text:ti_sysbios_family_arm_m3_Hwi_Handle__label__S)
                  2002b0ae    0000001a     sysbios.aem4 : m3_Hwi_asm.obj (.text:ti_sysbios_family_arm_m3_Hwi_pendSV__I)
                  2002b0c8    0000001a     CDIO_CC3200_pem4.oem4 (.text:ti_sysbios_gates_GateHwi_Handle__label__S)
                  2002b0e2    0000001a     CDIO_CC3200_pem4.oem4 (.text:ti_sysbios_gates_GateMutex_Handle__label__S)
                  2002b0fc    0000001a     CDIO_CC3200_pem4.oem4 (.text:ti_sysbios_heaps_HeapMem_Handle__label__S)
                  2002b116    0000001a     CDIO_CC3200_pem4.oem4 (.text:ti_sysbios_knl_Swi_Handle__label__S)
                  2002b130    0000001a     CDIO_CC3200_pem4.oem4 (.text:ti_sysbios_knl_Task_Handle__label__S)
                  2002b14a    0000001a     CDIO_CC3200_pem4.oem4 (.text:xdc_runtime_System_aprintf__E)
                  2002b164    0000001a     CDIO_CC3200_pem4.oem4 (.text:xdc_runtime_System_printf__E)
                  2002b17e    00000002     --HOLE-- [fill = 0]
                  2002b180    00000018     CDIO_CC3200.obj (.text:InsertPenInt)
                  2002b198    00000018     driverlib.a : spi.obj (.text:SPICSDisable)
                  2002b1b0    00000018                 : spi.obj (.text:SPICSEnable)
                  2002b1c8    00000018                 : spi.obj (.text:SPIDisable)
                  2002b1e0    00000018                 : spi.obj (.text:SPIEnable)
                  2002b1f8    00000018                 : uart.obj (.text:UARTBusy)
                  2002b210    00000018                 : uart.obj (.text:UARTFIFOLevelSet)
                  2002b228    00000018                 : uart.obj (.text:UARTIntDisable)
                  2002b240    00000018                 : uart.obj (.text:UARTIntEnable)
                  2002b258    00000018     drivers_cc32xxware.aem4 : UART.oem4 (.text:UART_Params_init)
                  2002b270    00000018     drivers_wifi_cc32xxware.aem4 : osi_tirtos.oem4 (.text:VDeleteSimpleLinkSpawnTask)
                  2002b288    00000018                                  : WiFiCC3200.oem4 (.text:WiFiCC3200_init)
                  2002b2a0    00000018     cc3x00_host_driver.aem4 : driver.oem4 (.text:_SlDrvProtectionObjUnLock)
                  2002b2b8    00000018     CDIO_CC3200_pem4.oem4 (.text:free)
                  2002b2d0    00000018     rtsv7M4_T_le_eabi.lib : args_main.obj (.text)
                  2002b2e8    00000018                           : ll_mul_t2.obj (.text)
                  2002b300    00000018                           : strcmp.obj (.text)
                  2002b318    00000018     drivers_wifi_cc32xxware.aem4 : WiFiCC3200.oem4 (.text:spi_Close)
                  2002b330    00000018     CDIO_CC3200_pem4.oem4 (.text:ti_sysbios_BIOS_rtsUnlock__I)
                  2002b348    00000018     CDIO_CC3200_pem4.oem4 (.text:ti_sysbios_family_arm_m3_Hwi_Module__startupDone__F)
                  2002b360    00000018     CDIO_CC3200_pem4.oem4 (.text:ti_sysbios_family_arm_m3_Timer_Module__startupDone__F)
                  2002b378    00000018     sysbios.aem4 : BIOS.obj (.text:ti_sysbios_gates_GateMutex_leave__E)
                  2002b390    00000018                  : BIOS.obj (.text:ti_sysbios_knl_Task_sleepTimeout__I)
                  2002b3a8    00000018     ti.targets.arm.rtsarm.aem4 : Error.oem4 (.text:xdc_runtime_Error_check__E)
                  2002b3c0    00000018                                : System.oem4 (.text:xdc_runtime_System_exit__E)
                  2002b3d8    00000018                                : Text.oem4 (.text:xdc_runtime_Text_ropeText__E)
                  2002b3f0    00000016     tirtosport.aem4 : ClockP_tirtos.oem4 (.text:ClockP_delete)
                  2002b406    00000016                     : HwiP_tirtos.oem4 (.text:HwiP_delete)
                  2002b41c    00000016     driverlib.a : prcm.obj (.text:PRCMHIBRegRead)
                  2002b432    00000016                 : prcm.obj (.text:PRCMHIBRegWrite)
                  2002b448    00000016     tirtosport.aem4 : SemaphoreP_tirtos.oem4 (.text:SemaphoreP_delete)
                  2002b45e    00000016     driverlib.a : uart.obj (.text:UARTCharGet)
                  2002b474    00000016     rtsv7M4_T_le_eabi.lib : strchr.obj (.text)
                  2002b48a    00000016     drivers_cc32xxware.aem4 : UARTCC3200.oem4 (.text:startTxFifoEmptyClk)
                  2002b4a0    00000016     CDIO_CC3200_pem4.oem4 (.text:ti_sysbios_BIOS_exitFunc__I)
                  2002b4b6    00000016     CDIO_CC3200.obj (.text:ti_sysbios_knl_Semaphore_Params_init)
                  2002b4cc    00000016     CDIO_CC3200.obj (.text:ti_sysbios_knl_Task_Params_init)
                  2002b4e2    00000014     driverlib.a : cpu.obj (.text:CPUcpsid)
                  2002b4f6    00000014                 : cpu.obj (.text:CPUcpsie)
                  2002b50a    00000014                 : gpio.obj (.text:GPIOIntClear)
                  2002b51e    00000002     --HOLE-- [fill = 0]
                  2002b520    00000014     drivers_cc32xxware.aem4 : SPI.oem4 (.text:SPI_Params_init)
                  2002b534    00000014     drivers_wifi_cc32xxware.aem4 : WiFiCC3200.oem4 (.text:hostDriverInterruptHandler)
                  2002b548    00000014                                  : osi_tirtos.oem4 (.text:osi_SyncObjClear)
                  2002b55c    00000014     rtsv7M4_T_le_eabi.lib : _lock.obj (.text)
                  2002b570    00000014                           : strcpy.obj (.text)
                  2002b584    00000014                           : strlen.obj (.text)
                  2002b598    00000014     CDIO_CC3200_pem4.oem4 (.text:ti_sysbios_family_arm_m3_Hwi_Object__get__S)
                  2002b5ac    00000004     --HOLE-- [fill = 0]
                  2002b5b0    00000014     sysbios.aem4 : BIOS.obj (.text:ti_sysbios_family_arm_m3_Hwi_switchFromBootStack__E)
                  2002b5c4    00000014     CDIO_CC3200_pem4.oem4 (.text:ti_sysbios_heaps_HeapMem_Object__get__S)
                  2002b5d8    00000014     sysbios.aem4 : BIOS.obj (.text:ti_sysbios_knl_Clock_tickReconfig__E)
                  2002b5ec    00000014     CDIO_CC3200_pem4.oem4 (.text:ti_sysbios_knl_Swi_Object__get__S)
                  2002b600    00000014     driverlib.a : udma.obj (.text:uDMAControlBaseSet)
                  2002b614    00000012     tirtosport.aem4 : ClockP_tirtos.oem4 (.text:ClockP_start)
                  2002b626    00000012     drivers_cc32xxware.aem4 : RingBuf.oem4 (.text:RingBuf_construct)
                  2002b638    00000012     tirtosport.aem4 : SemaphoreP_tirtos.oem4 (.text:SemaphoreP_pend)
                  2002b64a    00000012     driverlib.a : uart.obj (.text:UARTIntClear)
                  2002b65c    00000012                 : uart.obj (.text:UARTRxErrorGet)
                  2002b66e    00000012     cc3x00_host_driver.aem4 : driver.oem4 (.text:_SlDrvObjLockWaitForever)
                  2002b680    00000012                             : driver.oem4 (.text:_SlDrvSyncObjWaitForever)
                  2002b692    00000012                             : netapp.oem4 (.text:sl_NetAppMDNSUnRegisterService)
                  2002b6a4    00000004     --HOLE-- [fill = 0]
                  2002b6a8    00000012     sysbios.aem4 : BIOS.obj (.text:ti_sysbios_hal_Hwi_Module_startup__E)
                  2002b6ba    00000012     CDIO_CC3200_pem4.oem4 (.text:xdc_runtime_Startup_exec__I)
                  2002b6cc    00000010     CC3200_LAUNCHXL.obj (.text:CC3200_LAUNCHXL_initGeneral)
                  2002b6dc    00000010     CC3200_LAUNCHXL.obj (.text:CC3200_LAUNCHXL_initWiFi)
                  2002b6ec    00000010     drivers_wifi_cc32xxware.aem4 : WiFiCC3200.oem4 (.text:CC3X00_NWP_maskInterrupt)
                  2002b6fc    00000010     drivers_cc32xxware.aem4 : PWM.oem4 (.text:PWM_Params_init)
                  2002b70c    00000010     driverlib.a : uart.obj (.text:UARTRxErrorClear)
                  2002b71c    00000010     drivers_cc32xxware.aem4 : WiFi.oem4 (.text:WiFi_Params_init)
                  2002b72c    00000010     cc3x00_host_driver.aem4 : device.oem4 (.text:_sl_GetStartResponseConvert)
                  2002b73c    00000010     simplelink_func.obj (.text:htons)
                  2002b74c    00000010     drivers_cc32xxware.aem4 : UARTCC3200.oem4 (.text:readBlockingTimeout)
                  2002b75c    00000004     --HOLE-- [fill = 0]
                  2002b760    00000010     sysbios.aem4 : BIOS.obj (.text:ti_sysbios_BIOS_getCpuFreq__E)
                  2002b770    00000010                  : BIOS.obj (.text:ti_sysbios_BIOS_setThreadType__E)
                  2002b780    00000010                  : BIOS.obj (.text:ti_sysbios_BIOS_start__E)
                  2002b790    00000010                  : m3_TaskSupport_asm.obj (.text:ti_sysbios_family_arm_m3_TaskSupport_glue)
                  2002b7a0    00000010                  : m3_TaskSupport_asm.obj (.text:ti_sysbios_family_arm_m3_TaskSupport_swap__E)
                  2002b7b0    00000010                  : BIOS.obj (.text:ti_sysbios_gates_GateMutex_Instance_finalize__E)
                  2002b7c0    00000010     CDIO_CC3200_pem4.oem4 (.text:ti_sysbios_knl_Mailbox_Object__get__S)
                  2002b7d0    00000010     sysbios.aem4 : BIOS.obj (.text:ti_sysbios_knl_Semaphore_Instance_finalize__E)
                  2002b7e0    00000010                  : BIOS.obj (.text:ti_sysbios_knl_Swi_disable__E)
                  2002b7f0    00000010     CDIO_CC3200_pem4.oem4 (.text:ti_sysbios_knl_Task_Object__get__S)
                  2002b800    00000010     sysbios.aem4 : BIOS.obj (.text:ti_sysbios_knl_Task_disable__E)
                  2002b810    00000010     ti.targets.arm.rtsarm.aem4 : Gate.oem4 (.text:xdc_runtime_Gate_leaveSystem__E)
                  2002b820    00000010                                : Memory.oem4 (.text:xdc_runtime_Memory_free__E)
                  2002b830    00000010                                : SysMin.oem4 (.text:xdc_runtime_SysMin_ready__E)
                  2002b840    00000010                                : System.oem4 (.text:xdc_runtime_System_vsnprintf__E)
                  2002b850    00000010     CDIO_CC3200_pem4.oem4 (.text:xdc_runtime_Text_visitRope__I)
                  2002b860    0000000e     tirtosport.aem4 : HwiP_tirtos.oem4 (.text:HwiP_Params_init)
                  2002b86e    0000000e     cc3x00_host_driver.aem4 : driver.oem4 (.text:_SlDrvObjUnLock)
                  2002b87c    0000000e                             : driver.oem4 (.text:_SlDrvSyncObjSignal)
                  2002b88a    0000000e     rtsv7M4_T_le_eabi.lib : copy_decompress_none.obj (.text:decompress:none)
                  2002b898    0000000e     sysbios.aem4 : BIOS.obj (.text:ti_sysbios_knl_Idle_loop__E)
                  2002b8a6    00000002     --HOLE-- [fill = 0]
                  2002b8a8    0000000e                  : BIOS.obj (.text:ti_sysbios_knl_Queue_empty__E)
                  2002b8b6    00000002     --HOLE-- [fill = 0]
                  2002b8b8    0000000c     drivers_wifi_cc32xxware.aem4 : WiFiCC3200.oem4 (.text:CC3X00_NWP_unMaskInterrupt)
                  2002b8c4    0000000c     driverlib.a : cpu.obj (.text:CPUwfi)
                  2002b8d0    0000000c     tirtosport.aem4 : ClockP_tirtos.oem4 (.text:ClockP_getSystemTickPeriod)
                  2002b8dc    0000000c     drivers_cc32xxware.aem4 : PowerCC3200.oem4 (.text:Power_getConstraintMask)
                  2002b8e8    0000000c                             : PowerCC3200.oem4 (.text:Power_getDependencyCount)
                  2002b8f4    0000000c                             : RingBuf.oem4 (.text:RingBuf_peek)
                  2002b900    0000000c     simplelink_func.obj (.text:SimpleLinkHttpServerCallback)
                  2002b90c    0000000c     drivers_cc32xxware.aem4 : UARTCC3200.oem4 (.text:UARTCC3200_init)
                  2002b918    0000000c     drivers_wifi_cc32xxware.aem4 : osi_tirtos.oem4 (.text:osi_LockObjUnlock)
                  2002b924    0000000c                                  : osi_tirtos.oem4 (.text:osi_SyncObjSignal)
                  2002b930    0000000c                                  : osi_tirtos.oem4 (.text:osi_SyncObjSignalFromISR)
                  2002b93c    0000000c     drivers_cc32xxware.aem4 : SPICC3200DMA.oem4 (.text:postNotifyFxn)
                  2002b948    0000000c                             : UARTCC3200.oem4 (.text:postNotifyFxn)
                  2002b954    0000000c     CDIO_CC3200_pem4.oem4 (.text:ti_sysbios_family_arm_m3_Hwi_Params__init__S)
                  2002b960    0000000c     sysbios.aem4 : BIOS.obj (.text:ti_sysbios_family_arm_m3_Hwi_disableFxn__E)
                  2002b96c    00000004     --HOLE-- [fill = 0]
                  2002b970    0000000c                  : BIOS.obj (.text:ti_sysbios_family_arm_m3_TaskSupport_checkStack__E)
                  2002b97c    00000004     --HOLE-- [fill = 0]
                  2002b980    0000000c                  : BIOS.obj (.text:ti_sysbios_family_arm_m3_TaskSupport_getStackAlignment__E)
                  2002b98c    00000004     --HOLE-- [fill = 0]
                  2002b990    0000000c                  : BIOS.obj (.text:ti_sysbios_gates_GateHwi_enter__E)
                  2002b99c    0000000c     CDIO_CC3200_pem4.oem4 (.text:ti_sysbios_knl_Clock_Params__init__S)
                  2002b9a8    0000000c     sysbios.aem4 : BIOS.obj (.text:ti_sysbios_knl_Clock_getTicks__E)
                  2002b9b4    00000004     --HOLE-- [fill = 0]
                  2002b9b8    0000000c                  : BIOS.obj (.text:ti_sysbios_knl_Clock_setTicks__E)
                  2002b9c4    00000004     --HOLE-- [fill = 0]
                  2002b9c8    0000000c                  : BIOS.obj (.text:ti_sysbios_knl_Clock_tickStart__E)
                  2002b9d4    00000004     --HOLE-- [fill = 0]
                  2002b9d8    0000000c                  : BIOS.obj (.text:ti_sysbios_knl_Clock_tickStop__E)
                  2002b9e4    0000000c     CDIO_CC3200_pem4.oem4 (.text:ti_sysbios_knl_Queue_Object__get__S)
                  2002b9f0    0000000c     CDIO_CC3200_pem4.oem4 (.text:ti_sysbios_knl_Semaphore_Params__init__S)
                  2002b9fc    0000000c     CDIO_CC3200.obj (.text:ti_sysbios_knl_Semaphore_handle)
                  2002ba08    0000000c     CDIO_CC3200_pem4.oem4 (.text:ti_sysbios_knl_Task_Params__init__S)
                  2002ba14    0000000c     driverlib.a : udma.obj (.text:uDMAControlBaseGet)
                  2002ba20    0000000c                 : udma.obj (.text:uDMAEnable)
                  2002ba2c    0000000c                 : udma.obj (.text:uDMAErrorStatusClear)
                  2002ba38    0000000c                 : udma.obj (.text:uDMAIntStatus)
                  2002ba44    0000000c     ti.targets.arm.rtsarm.aem4 : Error.oem4 (.text:xdc_runtime_Error_init__E)
                  2002ba50    0000000c                                : Gate.oem4 (.text:xdc_runtime_Gate_enterSystem__E)
                  2002ba5c    0000000c                                : Memory.oem4 (.text:xdc_runtime_Memory_calloc__E)
                  2002ba68    0000000c                                : Memory.oem4 (.text:xdc_runtime_Memory_getMaxDefaultTypeAlign__E)
                  2002ba74    0000000a     tirtosport.aem4 : ClockP_tirtos.oem4 (.text:ClockP_stop)
                  2002ba7e    0000000a     drivers_cc32xxware.aem4 : List.oem4 (.text:List_empty)
                  2002ba88    0000000a                             : PWMTimerCC3200.oem4 (.text:PWMTimerCC3200_getPeriodCounts)
                  2002ba92    0000000a                             : PWM.oem4 (.text:PWM_setDuty)
                  2002ba9c    0000000a                             : SPI.oem4 (.text:SPI_close)
                  2002baa6    0000000a                             : SPI.oem4 (.text:SPI_transfer)
                  2002bab0    0000000a     tirtosport.aem4 : SemaphoreP_tirtos.oem4 (.text:SemaphoreP_post)
                  2002baba    0000000a     drivers_cc32xxware.aem4 : WiFi.oem4 (.text:WiFi_close)
                  2002bac4    0000000a     CC3200_LAUNCHXL.obj (.text:dmaErrorHwi)
                  2002bace    0000000a     drivers_wifi_cc32xxware.aem4 : osi_tirtos.oem4 (.text:osi_LockObjDelete)
                  2002bad8    0000000a                                  : osi_tirtos.oem4 (.text:osi_SyncObjDelete)
                  2002bae2    0000000a     CDIO_CC3200_pem4.oem4 (.text:xdc_runtime_IHeap_alloc)
                  2002baec    0000000a     CDIO_CC3200_pem4.oem4 (.text:xdc_runtime_IHeap_free)
                  2002baf6    00000008     CC3200_LAUNCHXL.obj (.text:CC3200_LAUNCHXL_initGPIO)
                  2002bafe    00000008     CC3200_LAUNCHXL.obj (.text:CC3200_LAUNCHXL_initPWM)
                  2002bb06    00000008     CC3200_LAUNCHXL.obj (.text:CC3200_LAUNCHXL_initUART)
                  2002bb0e    00000008     tirtosport.aem4 : ClockP_tirtos.oem4 (.text:ClockP_Params_init)
                  2002bb16    00000008     driverlib.a : prcm.obj (.text:PRCMSleepEnter)
                  2002bb1e    00000008     drivers_cc32xxware.aem4 : PWMTimerCC3200.oem4 (.text:PWMTimerCC3200_init)
                  2002bb26    00000008     tirtosport.aem4 : SemaphoreP_tirtos.oem4 (.text:SemaphoreP_Params_init)
                  2002bb2e    00000008     cc3x00_host_driver.aem4 : driver.oem4 (.text:_SlDrvMemZero)
                  2002bb36    00000008     drivers_cc32xxware.aem4 : UARTCC3200.oem4 (.text:readSemCallback)
                  2002bb3e    00000008     rtsv7M4_T_le_eabi.lib : s_copysign.obj (.text)
                  2002bb46    00000008     cc3x00_host_driver.aem4 : wlan.oem4 (.text:sl_WlanDisconnect)
                  2002bb4e    00000002     --HOLE-- [fill = 0]
                  2002bb50    00000008     sysbios.aem4 : BIOS.obj (.text:ti_sysbios_family_arm_m3_Hwi_doSwiRestore__I)
                  2002bb58    00000008                  : BIOS.obj (.text:ti_sysbios_family_arm_m3_Hwi_startup__E)
                  2002bb60    00000008     drivers_cc32xxware.aem4 : SPICC3200DMA.oem4 (.text:transferCallback)
                  2002bb68    00000008                             : UARTCC3200.oem4 (.text:writeSemCallback)
                  2002bb70    00000006     driverlib.a : utils.obj (.text:UtilsDelay)
                  2002bb76    00000006     drivers_wifi_cc32xxware.aem4 : WiFiCC3200.oem4 (.text:WiFiCC3200_control)
                  2002bb7c    00000006     cc3x00_host_driver.aem4 : driver.oem4 (.text:_SlDrvResetCmdExt)
                  2002bb82    00000006     rtsv7M4_T_le_eabi.lib : copy_decompress_rle.obj (.text:decompress:rle24)
                  2002bb88    00000006     sysbios.aem4 : BIOS.obj (.text:ti_sysbios_family_arm_m3_Hwi_restoreFxn__E)
                  2002bb8e    00000002     --HOLE-- [fill = 0]
                  2002bb90    00000006                  : BIOS.obj (.text:ti_sysbios_gates_GateHwi_leave__E)
                  2002bb96    00000002     --HOLE-- [fill = 0]
                  2002bb98    00000006                  : BIOS.obj (.text:ti_sysbios_heaps_HeapMem_isBlocking__E)
                  2002bb9e    00000002     --HOLE-- [fill = 0]
                  2002bba0    00000006                  : BIOS.obj (.text:ti_sysbios_knl_Clock_stop__E)
                  2002bba6    00000002     --HOLE-- [fill = 0]
                  2002bba8    00000006                  : BIOS.obj (.text:ti_sysbios_knl_Queue_Instance_init__E)
                  2002bbae    00000002     --HOLE-- [fill = 0]
                  2002bbb0    00000006                  : BIOS.obj (.text:ti_sysbios_knl_Swi_startup__E)
                  2002bbb6    00000006     ti.targets.arm.rtsarm.aem4 : System.oem4 (.text:xdc_runtime_System_Module_startup__E)
                  2002bbbc    00000004     --HOLE-- [fill = 0]
                  2002bbc0    00000004     sysbios.aem4 : BIOS.obj (.text:ti_sysbios_family_arm_m3_Timer_getMaxTicks__E)
                  2002bbc4    00000004     --HOLE-- [fill = 0]
                  2002bbc8    00000004                  : BIOS.obj (.text:ti_sysbios_gates_GateHwi_query__E)
                  2002bbcc    00000004     --HOLE-- [fill = 0]
                  2002bbd0    00000004                  : BIOS.obj (.text:ti_sysbios_gates_GateMutex_query__E)
                  2002bbd4    00000004     --HOLE-- [fill = 0]
                  2002bbd8    00000004                  : BIOS.obj (.text:ti_sysbios_knl_Clock_setTimeout__E)
                  2002bbdc    00000004     --HOLE-- [fill = 0]
                  2002bbe0    00000004                  : BIOS.obj (.text:ti_sysbios_knl_Task_startup__E)
                  2002bbe4    00000004     --HOLE-- [fill = 0]
                  2002bbe8    00000002                  : BIOS.obj (.text:ti_sysbios_gates_GateHwi_Instance_init__E)
                  2002bbea    00000006     --HOLE-- [fill = 0]
                  2002bbf0    00000002                  : BIOS.obj (.text:ti_sysbios_knl_Clock_logTick__E)

.const     0    2002bbf4    00002778     
                  2002bbf4    00001806     CDIO_CC3200_pem4.oem4 (.const:xdc_runtime_Text_charTab__A)
                  2002d3fa    00000101     rtsv7M4_T_le_eabi.lib : ctype.obj (.const:.string:_ctypes_)
                  2002d4fb    00000001     CDIO_CC3200_pem4.oem4 (.const:ti_sysbios_knl_Clock_tickMode__C)
                  2002d4fc    00000100     driverlib.a : pin.obj (.const:g_ulPinToPadMap)
                  2002d5fc    000000b0     cc3x00_host_driver.aem4 : wlan.oem4 (.const:$P$T0$1)
                  2002d6ac    000000a8     driverlib.a : prcm.obj (.const:PRCM_PeriphRegsList)
                  2002d754    000000a8     CDIO_CC3200_pem4.oem4 (.const:xdc_runtime_Text_nodeTab__A)
                  2002d7fc    00000080     driverlib.a : interrupt.obj (.const)
                  2002d87c    00000068     CC3200_LAUNCHXL.obj (.const:spiCC3200DMAHWAttrs)
                  2002d8e4    00000060     drivers_cc32xxware.aem4 : SPICC3200DMA.oem4 (.const)
                  2002d944    0000004c                             : UARTCC3200.oem4 (.const)
                  2002d990    00000048     CDIO_CC3200_pem4.oem4 (.const:.string)
                  2002d9d8    0000003c     cc3x00_host_driver.aem4 : driver.oem4 (.const:OpcodeTranslateTable)
                  2002da14    0000003c                             : wlan.oem4 (.const)
                  2002da50    0000003c     CDIO_CC3200_pem4.oem4 (.const:ti_sysbios_knl_Task_Object__PARAMS__C)
                  2002da8c    00000038     cc3x00_host_driver.aem4 : driver.oem4 (.const:_SlActionLookupTable)
                  2002dac4    00000034                             : socket.oem4 (.const)
                  2002daf8    00000034     drivers_cc32xxware.aem4 : GPIOCC3200.oem4 (.const)
                  2002db2c    00000034     CDIO_CC3200_pem4.oem4 (.const:ti_sysbios_knl_Mailbox_Object__PARAMS__C)
                  2002db60    00000030     CDIO_CC3200_pem4.oem4 (.const:ti_sysbios_family_arm_m3_Hwi_Object__PARAMS__C)
                  2002db90    00000030     CC3200_LAUNCHXL.obj (.const:uartCC3200HWAttrs)
                  2002dbc0    0000002c     simplelink_func.obj (.const:$P$T1$2)
                  2002dbec    0000002a     drivers_cc32xxware.aem4 : GPIOCC3200.oem4 (.const:.string)
                  2002dc16    00000002     CDIO_CC3200_pem4.oem4 (.const:ti_sysbios_family_arm_m3_Hwi_Module__id__C)
                  2002dc18    00000028     CC3200_LAUNCHXL.obj (.const:PowerCC3200_config)
                  2002dc40    00000028     drivers_cc32xxware.aem4 : UARTCC3200.oem4 (.const:UARTCC3200_fxnTable)
                  2002dc68    00000028     cc3x00_host_driver.aem4 : netapp.oem4 (.const)
                  2002dc90    00000028     CDIO_CC3200_pem4.oem4 (.const:ti_sysbios_heaps_HeapMem_Module__FXNS__C)
                  2002dcb8    00000024     CC3200_LAUNCHXL.obj (.const:PWM_config)
                  2002dcdc    00000024     CC3200_LAUNCHXL.obj (.const:SPI_config)
                  2002dd00    00000024     CC3200_LAUNCHXL.obj (.const:UART_config)
                  2002dd24    00000024     drivers_cc32xxware.aem4 : UART.oem4 (.const:UART_defaultParams)
                  2002dd48    00000024     cc3x00_host_driver.aem4 : driver.oem4 (.const)
                  2002dd6c    00000024     CDIO_CC3200_pem4.oem4 (.const:ti_sysbios_gates_GateHwi_Module__FXNS__C)
                  2002dd90    00000024     CDIO_CC3200_pem4.oem4 (.const:ti_sysbios_gates_GateMutex_Module__FXNS__C)
                  2002ddb4    00000024     CDIO_CC3200_pem4.oem4 (.const:ti_sysbios_heaps_HeapMem_Object__PARAMS__C)
                  2002ddd8    00000024     CDIO_CC3200_pem4.oem4 (.const:ti_sysbios_knl_Clock_Object__PARAMS__C)
                  2002ddfc    00000024     CDIO_CC3200_pem4.oem4 (.const:ti_sysbios_knl_Semaphore_Object__PARAMS__C)
                  2002de20    00000024     CDIO_CC3200_pem4.oem4 (.const:xdc_runtime_Startup_sfxnTab__A)
                  2002de44    00000022     simplelink_func.obj (.const:.string:$P$T0$1)
[...]
2002da40  _SlWlanCfgGetCmdCtrl                                       
2002da50  ti_sysbios_knl_Task_Object__PARAMS__C                      
2002da8c  _SlActionLookupTable                                       
2002dac4  _SlSockSocketCmdCtrl                                       
2002dac8  _SlSockCloseCmdCtrl                                        
2002dacc  _SlRecvfomCmdCtrl                                          
2002dad0  _SlSendCmdCtrl                                             
2002dad4  _SlListenCmdCtrl                                           
2002dad8  _SlAcceptCmdCtrl                                           
2002dadc  _SlRecvCmdCtrl                                             
2002dae0  _SlSetSockOptCmdCtrl                                       
2002dae4  _SlGetSockOptCmdCtrl                                       
2002dae8  _SlSelectCmdCtrl                                           
2002daf8  inPinTypes                                                 
2002dafe  outPinTypes                                                
2002db06  outPinStrengths                                            
2002db2c  ti_sysbios_knl_Mailbox_Object__PARAMS__C                   
2002db60  ti_sysbios_family_arm_m3_Hwi_Object__PARAMS__C             
2002db90  uartCC3200HWAttrs                                          
2002dc16  ti_sysbios_family_arm_m3_Hwi_Module__id__C                 
2002dc18  PowerCC3200_config                                         
2002dc40  UARTCC3200_fxnTable                                        
2002dc68  _SlNetAppStartCtrl                                         
2002dc6c  _SlNetAppStopCtrl                                          
2002dc70  _SlGetServiceListeCtrl                                     
2002dc74  _SlRegisterServiceCtrl                                     
2002dc78  _SlGetHostByServiceCtrl                                    
2002dc7c  _SlGetHostByNameCtrl                                       
2002dc80  _SlNetAppSetCmdCtrl                                        
2002dc84  _SlNetAppSendTokenValueCmdCtrl                             
2002dc88  _SlNetAppGetCmdCtrl                                        
2002dc90  ti_sysbios_heaps_HeapMem_Module__FXNS__C                   
2002dcb8  PWM_config                                                 
2002dcdc  SPI_config                                                 
2002dd00  UART_config                                                
2002dd24  UART_defaultParams                                         
2002dd48  RxMsgClassLUT                                              
2002dd6c  ti_sysbios_gates_GateHwi_Module__FXNS__C                   
2002dd90  ti_sysbios_gates_GateMutex_Module__FXNS__C                 
2002ddb4  ti_sysbios_heaps_HeapMem_Object__PARAMS__C                 
2002ddd8  ti_sysbios_knl_Clock_Object__PARAMS__C                     
2002ddfc  ti_sysbios_knl_Semaphore_Object__PARAMS__C                 
2002de20  xdc_runtime_Startup_sfxnTab__A                             
2002de66  ti_sysbios_family_arm_m3_Timer_Module__id__C               
2002de68  PWMTimerCC3200_fxnTable                                    
2002de84  PWMTimerCC3200_MAX_PRESCALAR_VALUE                         
2002de86  PWMTimerCC3200_MAX_MATCH_VALUE                             
2002de88  SPI_defaultParams                                          
2002dea8  ti_sysbios_family_arm_m3_Hwi_Object__DESC__C               
2002dec8  ti_sysbios_gates_GateHwi_Object__DESC__C                   
2002dee8  ti_sysbios_gates_GateMutex_Object__DESC__C                 
2002df08  ti_sysbios_heaps_HeapMem_Object__DESC__C                   
2002df28  ti_sysbios_knl_Clock_Object__DESC__C                       
2002df48  ti_sysbios_knl_Mailbox_Object__DESC__C                     
2002df68  ti_sysbios_knl_Queue_Object__DESC__C                       
2002df88  ti_sysbios_knl_Semaphore_Object__DESC__C                   
2002dfa8  ti_sysbios_knl_Task_Object__DESC__C                        
2002dfe0  WiFi_config                                                
2002e010  ti_sysbios_gates_GateHwi_Object__PARAMS__C                 
2002e028  ti_sysbios_gates_GateMutex_Object__PARAMS__C               
2002e040  ti_sysbios_knl_Queue_Object__PARAMS__C                     
2002e06c  GPIOCC3200_config                                          
2002e080  _SlStopCmdCtrl                                             
2002e084  _SlEventMaskSetCmdCtrl                                     
2002e088  _SlEventMaskGetCmdCtrl                                     
2002e08c  _SlDeviceGetCmdCtrl                                        
2002e090  _SlDeviceSetCmdCtrl                                        
2002e0a6  xdc_runtime_Startup_sfxnRts__A                             
2002e0b8  _SlPayloadByProtocolLUT                                    
2002e0c8  WiFiCC3200_fxnTable                                        
2002e0d8  pwmTimerCC3200HWAttrs                                      
2002e110  PWM_defaultParams                                          
2002e11c  WiFi_defaultParams                                         
2002e128  xdc_runtime_Startup_firstFxns__A                           
2002e13e  StartResponseLUT                                           
2002e14e  _SlNetCfgSetCmdCtrl                                        
2002e152  _SlNetCfgGetCmdCtrl                                        
2002e156  ti_sysbios_gates_GateMutex_Module__id__C                   
2002e158  ti_sysbios_family_arm_m3_Hwi_excHookFuncs__A               
2002e160  ti_sysbios_knl_Idle_funcList__A                            
2002e168  ti_sysbios_knl_Idle_funcList__C                            
2002e170  xdc_runtime_Startup_firstFxns__C                           
2002e178  xdc_runtime_Startup_lastFxns__C                            
2002e180  ti_sysbios_family_arm_m3_Hwi_E_NMI__C                      
2002e184  ti_sysbios_family_arm_m3_Hwi_E_alreadyDefined__C           
2002e188  ti_sysbios_family_arm_m3_Hwi_E_busFault__C                 
2002e18c  ti_sysbios_family_arm_m3_Hwi_E_debugMon__C                 
2002e190  ti_sysbios_family_arm_m3_Hwi_E_hardFault__C                
2002e194  ti_sysbios_family_arm_m3_Hwi_E_memFault__C                 
2002e198  ti_sysbios_family_arm_m3_Hwi_E_noIsr__C                    
2002e19c  ti_sysbios_family_arm_m3_Hwi_E_reserved__C                 
2002e1a0  ti_sysbios_family_arm_m3_Hwi_E_svCall__C                   
2002e1a4  ti_sysbios_family_arm_m3_Hwi_E_usageFault__C               
2002e1a8  ti_sysbios_family_arm_m3_Hwi_NUM_INTERRUPTS__C             
2002e1ac  ti_sysbios_family_arm_m3_Hwi_Object__count__C              
2002e1b0  ti_sysbios_family_arm_m3_Hwi_ccr__C                        
2002e1b4  ti_sysbios_family_arm_m3_Hwi_excHandlerFunc__C             
2002e1b8  ti_sysbios_family_arm_m3_Hwi_excHookFuncs__C               
2002e1bc  ti_sysbios_family_arm_m3_Hwi_nullIsrFunc__C                
2002e1c0  ti_sysbios_family_arm_m3_Hwi_priGroup__C                   
2002e1c4  ti_sysbios_family_arm_m3_TaskSupport_stackAlignment__C     
2002e1c8  ti_sysbios_family_arm_m3_Timer_E_cannotSupport__C          
2002e1cc  ti_sysbios_family_arm_m3_Timer_startupNeeded__C            
2002e1d0  ti_sysbios_gates_GateMutex_A_badContext__C                 
2002e1d4  ti_sysbios_gates_GateMutex_Instance_State_sem__O           
2002e1d8  ti_sysbios_gates_GateMutex_Module__diagsEnabled__C         
2002e1dc  ti_sysbios_gates_GateMutex_Module__diagsIncluded__C        
2002e1e0  ti_sysbios_gates_GateMutex_Module__diagsMask__C            
2002e1e4  ti_sysbios_hal_Hwi_E_stackOverflow__C                      
2002e1e8  ti_sysbios_heaps_HeapMem_A_align__C                        
2002e1ec  ti_sysbios_heaps_HeapMem_A_heapSize__C                     
2002e1f0  ti_sysbios_heaps_HeapMem_A_invalidFree__C                  
2002e1f4  ti_sysbios_heaps_HeapMem_A_zeroBlock__C                    
2002e1f8  ti_sysbios_heaps_HeapMem_E_memory__C                       
2002e1fc  ti_sysbios_heaps_HeapMem_Module__diagsEnabled__C           
2002e200  ti_sysbios_heaps_HeapMem_Module__diagsIncluded__C          
2002e204  ti_sysbios_heaps_HeapMem_Module__diagsMask__C              
2002e208  ti_sysbios_heaps_HeapMem_Module__gateObj__C                
2002e20c  ti_sysbios_heaps_HeapMem_Object__count__C                  
2002e210  ti_sysbios_heaps_HeapMem_reqAlign__C                       
2002e214  ti_sysbios_knl_Clock_A_badThreadType__C                    
2002e218  ti_sysbios_knl_Clock_Module_State_clockQ__O                
2002e21c  ti_sysbios_knl_Clock_Module__diagsEnabled__C               
2002e220  ti_sysbios_knl_Clock_Module__diagsIncluded__C              
2002e224  ti_sysbios_knl_Clock_Module__diagsMask__C                  
2002e228  ti_sysbios_knl_Clock_tickPeriod__C                         
2002e22c  ti_sysbios_knl_Mailbox_A_invalidBufSize__C                 
2002e230  ti_sysbios_knl_Mailbox_Instance_State_dataQue__O           
2002e234  ti_sysbios_knl_Mailbox_Instance_State_dataSem__O           
2002e238  ti_sysbios_knl_Mailbox_Instance_State_freeQue__O           
2002e23c  ti_sysbios_knl_Mailbox_Instance_State_freeSem__O           
2002e240  ti_sysbios_knl_Mailbox_Module__diagsEnabled__C             
2002e244  ti_sysbios_knl_Mailbox_Module__diagsIncluded__C            
2002e248  ti_sysbios_knl_Mailbox_Module__diagsMask__C                
2002e24c  ti_sysbios_knl_Mailbox_Object__count__C                    
2002e250  ti_sysbios_knl_Mailbox_maxTypeAlign__C                     
2002e254  ti_sysbios_knl_Semaphore_A_badContext__C                   
2002e258  ti_sysbios_knl_Semaphore_A_noEvents__C                     
2002e25c  ti_sysbios_knl_Semaphore_A_overflow__C                     
2002e260  ti_sysbios_knl_Semaphore_A_pendTaskDisabled__C             
2002e264  ti_sysbios_knl_Semaphore_Instance_State_pendQ__O           
2002e268  ti_sysbios_knl_Semaphore_Module__diagsEnabled__C           
2002e26c  ti_sysbios_knl_Semaphore_Module__diagsIncluded__C          
2002e270  ti_sysbios_knl_Semaphore_Module__diagsMask__C              
2002e274  ti_sysbios_knl_Swi_Object__count__C                        
2002e278  ti_sysbios_knl_Task_A_badPriority__C                       
2002e27c  ti_sysbios_knl_Task_A_badTaskState__C                      
2002e280  ti_sysbios_knl_Task_A_badThreadType__C                     
2002e284  ti_sysbios_knl_Task_A_badTimeout__C                        
2002e288  ti_sysbios_knl_Task_A_noPendElem__C                        
2002e28c  ti_sysbios_knl_Task_A_sleepTaskDisabled__C                 
2002e290  ti_sysbios_knl_Task_E_spOutOfBounds__C                     
2002e294  ti_sysbios_knl_Task_E_stackOverflow__C                     
2002e298  ti_sysbios_knl_Task_Module_State_inactiveQ__O              
2002e29c  ti_sysbios_knl_Task_Module__diagsEnabled__C                
2002e2a0  ti_sysbios_knl_Task_Module__diagsIncluded__C               
2002e2a4  ti_sysbios_knl_Task_Module__diagsMask__C                   
2002e2a8  ti_sysbios_knl_Task_Object__count__C                       
2002e2ac  ti_sysbios_knl_Task_allBlockedFunc__C                      
2002e2b0  ti_sysbios_knl_Task_defaultStackHeap__C                    
2002e2b4  ti_sysbios_knl_Task_defaultStackSize__C                    
2002e2b8  ti_sysbios_knl_Task_numConstructedTasks__C                 
2002e2bc  wiFiCC3200HWAttrs                                          
2002e2c0  xdc_runtime_Assert_E_assertFailed__C                       
2002e2c4  xdc_runtime_Core_A_initializedParams__C                    
2002e2c8  xdc_runtime_Core_Module__diagsEnabled__C                   
2002e2cc  xdc_runtime_Core_Module__diagsIncluded__C                  
2002e2d0  xdc_runtime_Core_Module__diagsMask__C                      
2002e2d4  xdc_runtime_Error_E_memory__C                              
2002e2d8  xdc_runtime_Error_Module__diagsEnabled__C                  
2002e2dc  xdc_runtime_Error_Module__diagsIncluded__C                 
2002e2e0  xdc_runtime_Error_Module__diagsMask__C                     
2002e2e4  xdc_runtime_Error_Module__loggerFxn8__C                    
2002e2e8  xdc_runtime_Error_Module__loggerObj__C                     
2002e2ec  xdc_runtime_Error_policyFxn__C                             
2002e2f0  xdc_runtime_Error_raiseHook__C                             
2002e2f4  xdc_runtime_IGateProvider_Interface__BASE__C               
2002e2f8  xdc_runtime_IHeap_Interface__BASE__C                       
2002e2fc  xdc_runtime_IModule_Interface__BASE__C                     
2002e300  xdc_runtime_Log_L_error__C                                 
2002e304  xdc_runtime_Memory_defaultHeapInstance__C                  
2002e308  xdc_runtime_Startup_execImpl__C                            
2002e30c  xdc_runtime_Startup_maxPasses__C                           
2002e310  xdc_runtime_Startup_sfxnRts__C                             
2002e314  xdc_runtime_Startup_sfxnTab__C                             
2002e318  xdc_runtime_SysMin_bufSize__C                              
2002e31c  xdc_runtime_SysMin_outputFunc__C                           
2002e320  xdc_runtime_System_Module__gateObj__C                      
2002e324  xdc_runtime_System_abortFxn__C                             
2002e328  xdc_runtime_System_exitFxn__C                              
2002e32c  xdc_runtime_System_extendFxn__C                            
2002e330  xdc_runtime_System_maxAtexitHandlers__C                    
2002e334  xdc_runtime_Text_charTab__C                                
2002e338  xdc_runtime_Text_nameEmpty__C                              
2002e33c  xdc_runtime_Text_nameStatic__C                             
2002e340  xdc_runtime_Text_nameUnknown__C                            
2002e344  xdc_runtime_Text_nodeTab__C                                
2002e348  xdc_runtime_Text_visitRopeFxn__C                           
2002e34c  ti_sysbios_hal_Hwi_Module__id__C                           
2002e34e  ti_sysbios_heaps_HeapMem_Module__id__C                     
2002e350  ti_sysbios_knl_Clock_Module__id__C                         
2002e352  ti_sysbios_knl_Mailbox_Module__id__C                       
2002e354  ti_sysbios_knl_Semaphore_Module__id__C                     
2002e356  ti_sysbios_knl_Task_Module__id__C                          
2002e358  xdc_runtime_Core_Module__id__C                             
2002e35a  xdc_runtime_Error_Module__loggerDefined__C                 
2002e35c  xdc_runtime_Error_maxDepth__C                              
2002e35e  xdc_runtime_Memory_Module__id__C                           
2002e360  xdc_runtime_SysMin_flushAtExit__C                          
2002e362  xdc_runtime_Text_charCnt__C                                
2002e364  xdc_runtime_Text_isLoaded__C                               
2002e366  xdc_runtime_Text_registryModsLastId__C                     
2002e368  xdc_runtime_Text_unnamedModsLastId__C                      
2002e36a  ti_sysbios_knl_Clock_tickSource__C                         
2002e36b  xdc_runtime_Error_policy__C                                
2002e36c  ti_sysbios_knl_Swi_Module_State_0_readyQ__A                
2002e3ec  ti_sysbios_knl_Task_Module_State_0_readyQ__A               
2002e46c  PowerCC3200_module                                         
2002e4c0  ti_sysbios_knl_Task_Object__table__V                       
2002e554  ti_sysbios_knl_Task_Module__state__V                       
2002e598  ti_sysbios_gates_GateMutex_Object__table__V                
2002e5d0  ti_sysbios_family_arm_m3_Hwi_Module__state__V              
2002e604  ti_sysbios_family_arm_m3_Timer_Object__table__V            
2002e634  ti_sysbios_knl_Swi_Object__table__V                        
2002e664  ti_sysbios_knl_Clock_Module__state__V                      
2002e690  ti_sysbios_BIOS_Module__state__V                           
2002e6b4  ti_sysbios_knl_Swi_Module__state__V                        
2002e6d0  g_H2NSyncPattern                                           
2002e6d8  g_H2NCnysPattern                                           
2002e6e0  g_pCB                                                      
2002e6e4  pPingCallBackFunc                                          
2002e6e8  gFirstCmdMode                                              
2002e6ea  ti_sysbios_family_arm_m3_Hwi_Module_State_0_excActive__A   
2002e6ec  ti_sysbios_family_arm_m3_Hwi_Object__table__V              
2002e704  ti_sysbios_heaps_HeapMem_Object__table__V                  
2002e740  originFlagX                                                
2002e744  originFlagY                                                
2002e748  insertPen                                                  
2002e74c  firstTime                                                  
2002e74e  xdc_runtime_Error_Module__state__V                         
2002e750  __TI_cleanup_ptr                                           
2002e754  __TI_dtors_ptr                                             
2002e758  __TI_enable_exit_profile_output                            
2002e75c  gpioCallbackFunctions                                      
2002e768  gpioPinConfigs                                             
2002e774  ti_sysbios_family_arm_m3_Timer_Module__state__V            
2002e780  xdc_runtime_SysMin_Module__state__V                        
2002e78c  _lock                                                      
2002e790  _unlock                                                    
2002e7a4  ti_sysbios_family_arm_m3_Hwi_Module__root__V               
2002e7ac  ti_sysbios_gates_GateHwi_Module__root__V                   
2002e7b4  ti_sysbios_gates_GateMutex_Module__root__V                 
2002e7bc  ti_sysbios_heaps_HeapMem_Module__root__V                   
2002e7c4  ti_sysbios_knl_Clock_Module__root__V                       
2002e7cc  ti_sysbios_knl_Mailbox_Module__root__V                     
2002e7d4  ti_sysbios_knl_Queue_Module__root__V                       
2002e7dc  ti_sysbios_knl_Semaphore_Module__root__V                   
2002e7e4  ti_sysbios_knl_Task_Module__root__V                        
2002e7ec  xdc_runtime_Registry_Module__state__V                      
2002e7f4  xdc_runtime_Startup_Module__state__V                       
2002e7fc  xdc_runtime_System_Module_State_0_atexitHandlers__A        
2002e804  xdc_runtime_System_Module__state__V                        
2002e824  errno                                                      
2002e828  main_func_sp                                               
2002e82c  ti_sysbios_family_arm_m3_Hwi_Module_State_0_excContext__A  
2002e830  ti_sysbios_family_arm_m3_Hwi_Module_State_0_excStack__A    
2002e834  ti_sysbios_gates_GateHwi_Object__table__V                  
2002e838  ti_sysbios_knl_Task_Module_State_0_idleTask__A             
2002e83c  xdc_runtime_Memory_Module__state__V                        
2002e840  __stack                                                    
2002eb40  __STACK_END                                                
2002eb40  __TI_static_base__                                         
2002ee98  __TI_Handler_Table_Base                                    
2002eea0  __TI_CINIT_Base                                            
2002eea0  __TI_Handler_Table_Limit                                   
2002eeb0  __TI_CINIT_Limit                                           
e000e000  ti_sysbios_family_arm_m3_Hwi_nvic                          
ffffffff  __TI_pprof_out_hndl                                        
ffffffff  __TI_prof_data_size                                        
ffffffff  __TI_prof_data_start                                       
ffffffff  __binit__                                                  
ffffffff  __c_args__                                                 
ffffffff  binit                                                      
UNDEFED   SHT$$INIT_ARRAY$$Base                                      
UNDEFED   SHT$$INIT_ARRAY$$Limit                                     

[1038 symbols]
