******************************************************************************
                  TI ARM Linker PC v15.12.3                    
******************************************************************************
>> Linked Sun Dec 18 16:38:10 2016

OUTPUT FILE NAME:   <CDIO_CC3200.out>
ENTRY POINT SYMBOL: "_c_int00"  address: 20030455


MEMORY CONFIGURATION

         name            origin    length      used     unused   attr    fill
----------------------  --------  ---------  --------  --------  ----  --------
  SRAM                  20004000   0003c000  00032440  00009bc0  RW X


SEGMENT ALLOCATION MAP

run origin  load origin   length   init length attrs members
----------  ----------- ---------- ----------- ----- -------
20004000    20004000    0000030c   0000030c    r--
  20004000    20004000    0000030c   0000030c    r-- .resetVecs
20004400    20004400    0001f98d   00000000    rw-
  20004400    20004400    0001f98d   00000000    rw- .bss
20023d90    20023d90    00011c64   00011c64    r-x
  20023d90    20023d90    0000f4ea   0000f4ea    r-x .text
  2003327c    2003327c    00002778   00002778    r-- .const
200359f4    200359f4    000007d8   00000000    rw-
  200359f4    200359f4    000004d5   00000000    rw- .data
  20035ecc    20035ecc    00000300   00000000    rw- .stack
200361d0    200361d0    00000370   00000370    r--
  200361d0    200361d0    00000370   00000370    r-- .cinit


SECTION ALLOCATION MAP

 output                                  attributes/
section   page    origin      length       input sections
--------  ----  ----------  ----------   ----------------
.bss       0    20004400    0001f98d     UNINITIALIZED
                  20004400    00015f90     CDIO_CC3200.obj (.bss:printData)
                  2001a390    00004e20     (.common:task1Stack)
                  2001f1b0    00002710     (.common:task0Stack)
                  200218c0    00001400     (.common:ti_sysbios_heaps_HeapMem_Instance_State_0_buf__A)
                  20022cc0    0000030c     (.common:ti_sysbios_family_arm_m3_Hwi_dispatchTable)
                  20022fcc    00000030     (.common:wiFiCC3200Objects)
                  20022ffc    00000004     simplelink_func.obj (.bss)
                  20023000    00000400     CC3200_LAUNCHXL.obj (.bss:dmaControlTable)
                  20023400    00000200     CDIO_CC3200_pem4.oem4 (.bss:taskStackSection)
                  20023600    00000200     (.common:xdc_runtime_SysMin_Module_State_0_outbuf__A)
                  20023800    0000012c     drivers_cc32xxware.aem4 : PowerCC3200.oem4 (.bss:PowerCC3200_contextSave)
                  2002392c    00000120     rtsv7M4_T_le_eabi.lib : trgmsg.obj (.bss:_CIOBUF_)
                  20023a4c    00000108     (.common:uartCC3200Objects)
                  20023b54    00000078     (.common:SPICC3200DMAObjects)
                  20023bcc    00000050     (.common:task0Struct)
                  20023c1c    00000050     (.common:task1Struct)
                  20023c6c    00000040     (.common:uartCC3200RingBuffer)
                  20023cac    00000024     simplelink_func.obj (.bss:g_ucConnectionSSID)
                  20023cd0    00000020     (.common:gpioCallbackInfo)
                  20023cf0    00000020     (.common:pwmTimerCC3200Objects)
                  20023d10    0000001c     (.common:semStruct_ReadWrite)
                  20023d2c    00000014     CDIO_CC3200.obj (.bss:orderToWorkTask)
                  20023d40    00000014     (.common:powerNotifyObj)
                  20023d54    00000008     simplelink_func.obj (.bss:g_ucConnectionBSSID)
                  20023d5c    00000008     rtsv7M4_T_le_eabi.lib : trgdrv.obj (.bss:parmbuf)
                  20023d64    00000004     (.common:SimpleLinkSpawnTaskHndl)
                  20023d68    00000008     (.common:firstRTC$1)
                  20023d70    00000008     (.common:steps)
                  20023d78    00000004     (.common:firstTick$2)
                  20023d7c    00000004     (.common:semHandle_ReadWrite)
                  20023d80    00000008     (.common:spiCC3200DMAscratchBuf)
                  20023d88    00000004     (.common:simpleLink_mailbox)
                  20023d8c    00000001     (.common:RxIrqCnt)

.text      0    20023d90    0000f4ea     
                  20023d90    000010fc     rtsv7M4_T_le_eabi.lib : _printfi.obj (.text)
                  20024e8c    00000fc4     webclient.a : httpcli.obj (.text)
                  20025e50    00000430     sysbios.aem4 : BIOS.obj (.text:ti_sysbios_family_arm_m3_Hwi_excDumpRegs__I)
                  20026280    0000040c     simplelink_func.obj (.text:fetchAndParseData)
                  2002668c    000003b0     simplelink_func.obj (.text:ConfigureSimpleLinkToDefaultState)
                  20026a3c    0000039a     cc3x00_host_driver.aem4 : driver.oem4 (.text:_SlDrvMsgRead)
                  20026dd6    00000002     drivers_cc32xxware.aem4 : SPICC3200DMA.oem4 (.text:SPICC3200DMA_serviceISR)
                  20026dd8    00000378     CDIO_CC3200.obj (.text:moveTask)
                  20027150    0000034c     ti.targets.arm.rtsarm.aem4 : System.oem4 (.text:xdc_runtime_System_doPrint__I)
                  2002749c    00000324     rtsv7M4_T_le_eabi.lib : trgdrv.obj (.text)
                  200277c0    000002ea     webclient.a : ssock.obj (.text)
                  20027aaa    00000006     drivers_cc32xxware.aem4 : PWMTimerCC3200.oem4 (.text:PWMTimerCC3200_getPeriodMicroSecs)
                  20027ab0    000002c0     sysbios.aem4 : BIOS.obj (.text:ti_sysbios_knl_Semaphore_pend__E)
                  20027d70    00000254                  : BIOS.obj (.text:ti_sysbios_heaps_HeapMem_free__E)
                  20027fc4    00000004     tirtosport.aem4 : ClockP_tirtos.oem4 (.text:ClockP_getCpuFreq)
                  20027fc8    00000248     sysbios.aem4 : BIOS.obj (.text:ti_sysbios_heaps_HeapMem_alloc__E)
                  20028210    0000022c                  : BIOS.obj (.text:ti_sysbios_knl_Task_Instance_finalize__E)
                  2002843c    00000208     drivers_cc32xxware.aem4 : UARTCC3200.oem4 (.text:UARTCC3200_open)
                  20028644    00000004     tirtosport.aem4 : HwiP_tirtos.oem4 (.text:HwiP_clearInterrupt)
                  20028648    000001fc     sysbios.aem4 : BIOS.obj (.text:ti_sysbios_family_arm_m3_Hwi_excHandlerMax__I)
                  20028844    000001f4     rtsv7M4_T_le_eabi.lib : ull_div_t2.obj (.text)
                  20028a38    000001e0     sysbios.aem4 : BIOS.obj (.text:ti_sysbios_knl_Task_sleep__E)
                  20028c18    000001d4     simplelink_func.obj (.text:SimpleLinkWlanEventHandler)
                  20028dec    00000004     tirtosport.aem4 : HwiP_tirtos.oem4 (.text:HwiP_disable)
                  20028df0    000001c8     sysbios.aem4 : BIOS.obj (.text:ti_sysbios_knl_Task_Instance_init__E)
                  20028fb8    000001b6     rtsv7M4_T_le_eabi.lib : fd_add_t2.obj (.text)
                  2002916e    00000002     drivers_cc32xxware.aem4 : SPICC3200DMA.oem4 (.text:SPICC3200DMA_transferCancel)
                  20029170    000001a8     cc3x00_host_driver.aem4 : wlan.oem4 (.text:sl_WlanConnect)
                  20029318    000001a4     CDIO_CC3200.obj (.text:move)
                  200294bc    00000188     power_cc3200_tirtos.aem4 : PowerCC3200_tirtos.oem4 (.text:PowerCC3200_sleepPolicy)
                  20029644    0000017c     drivers_cc32xxware.aem4 : GPIOCC3200.oem4 (.text:GPIO_setConfig)
                  200297c0    00000174     sysbios.aem4 : BIOS.obj (.text:ti_sysbios_family_arm_m3_Hwi_excBusFault__I)
                  20029934    00000168     CDIO_CC3200.obj (.text:main)
                  20029a9c    00000004     drivers_cc32xxware.aem4 : List.oem4 (.text:List_head)
                  20029aa0    00000164     sysbios.aem4 : BIOS.obj (.text:ti_sysbios_family_arm_m3_Hwi_excUsageFault__I)
                  20029c04    00000004     drivers_cc32xxware.aem4 : List.oem4 (.text:List_next)
                  20029c08    00000158     sysbios.aem4 : BIOS.obj (.text:ti_sysbios_knl_Mailbox_Instance_init__E)
                  20029d60    00000154     drivers_cc32xxware.aem4 : SPICC3200DMA.oem4 (.text:SPICC3200DMA_transfer)
                  20029eb4    00000150     cc3x00_host_driver.aem4 : driver.oem4 (.text:_SlDrvRxHdrRead)
                  2002a004    00000004     drivers_wifi_cc32xxware.aem4 : osi_tirtos.oem4 (.text:mem_Malloc)
                  2002a008    00000148     sysbios.aem4 : BIOS.obj (.text:ti_sysbios_family_arm_m3_Hwi_excMemFault__I)
                  2002a150    0000013c                  : BIOS.obj (.text:ti_sysbios_heaps_HeapMem_Instance_init__E)
                  2002a28c    00000136     rtsv7M4_T_le_eabi.lib : fd_div_t2.obj (.text)
                  2002a3c2    00000002                           : i_div0.obj (.text)
                  2002a3c4    00000134     driverlib.a : prcm.obj (.text:PRCMCC3200MCUInit)
                  2002a4f8    00000124     drivers_cc32xxware.aem4 : SPICC3200DMA.oem4 (.text:SPICC3200DMA_open)
                  2002a61c    00000120     simplelink_func.obj (.text:flushHTTPResponse)
                  2002a73c    0000011c     CDIO_CC3200.obj (.text:dataTask)
                  2002a858    0000011c     sysbios.aem4 : BIOS.obj (.text:ti_sysbios_knl_Clock_Instance_init__E)
                  2002a974    00000118     cc3x00_host_driver.aem4 : driver.oem4 (.text:_SlDrvMsgWrite)
                  2002aa8c    00000118     ti.targets.arm.rtsarm.aem4 : Error.oem4 (.text:xdc_runtime_Error_policyDefault__E)
                  2002aba4    00000114     rtsv7M4_T_le_eabi.lib : strtoul.obj (.text)
                  2002acb8    0000010c     simplelink_func.obj (.text:SimpleLinkNetAppEventHandler)
                  2002adc4    00000102     rom_pin_mux_config.obj (.text:PinMuxConfig)
                  2002aec6    00000002     CDIO_CC3200_pem4.oem4 (.text:ti_sysbios_BIOS_nullFunc__I)
                  2002aec8    00000100     ti.targets.arm.rtsarm.aem4 : Core-mem.oem4 (.text:xdc_runtime_Core_createObject__I)
                  2002afc8    000000fd     simplelink_func.obj (.text:SimpleLinkSockEventHandler)
                  2002b0c5    00000001     --HOLE-- [fill = 0]
                  2002b0c6    000000fc     rtsv7M4_T_le_eabi.lib : fd_mul_t2.obj (.text)
                  2002b1c2    00000002     CDIO_CC3200_pem4.oem4 (.text:xdc_runtime_Startup_reset__I)
                  2002b1c4    000000f8     ti.targets.arm.rtsarm.aem4 : Startup.oem4 (.text:xdc_runtime_Startup_startMods__I)
                  2002b2bc    000000f8     CDIO_CC3200_pem4.oem4 (.text:xdc_runtime_System_printfExtend__I)
                  2002b3b4    000000f0     driverlib.a : udma.obj (.text:uDMAChannelTransferSet)
                  2002b4a4    000000ec     cc3x00_host_driver.aem4 : driver.oem4 (.text:_SlDrvDriverCBInit)
                  2002b590    000000ec     sysbios.aem4 : BIOS.obj (.text:ti_sysbios_knl_Semaphore_post__E)
                  2002b67c    000000e0     drivers_cc32xxware.aem4 : PWMTimerCC3200.oem4 (.text:PWMTimerCC3200_open)
                  2002b75c    000000e0     cc3x00_host_driver.aem4 : driver.oem4 (.text:_SlDrvDataReadOp)
                  2002b83c    000000d8     drivers_cc32xxware.aem4 : SPICC3200DMA.oem4 (.text:configDMA)
                  2002b914    000000d0     cc3x00_host_driver.aem4 : driver.oem4 (.text:_SlDrvWaitForPoolObj)
                  2002b9e4    000000d0     drivers_cc32xxware.aem4 : GPIOCC3200.oem4 (.text:powerNotifyFxn)
                  2002bab4    000000d0     rtsv7M4_T_le_eabi.lib : s_scalbn.obj (.text)
                  2002bb84    000000d0     sysbios.aem4 : m3_Hwi_asm.obj (.text:ti_sysbios_family_arm_m3_Hwi_dispatch__I)
                  2002bc54    000000cc     ti.targets.arm.rtsarm.aem4 : Core-smem.oem4 (.text:xdc_runtime_Core_constructObject__I)
                  2002bd20    000000c8     cc3x00_host_driver.aem4 : driver.oem4 (.text:_SlDrvReleasePoolObj)
                  2002bde8    000000bc     sysbios.aem4 : BIOS.obj (.text:ti_sysbios_family_arm_m3_Hwi_excDebugMon__I)
                  2002bea4    00000004     CDIO_CC3200_pem4.oem4 (.text:ti_sysbios_BIOS_RtsGateProxy_enter__E)
                  2002bea8    000000bc     sysbios.aem4 : BIOS.obj (.text:ti_sysbios_family_arm_m3_Hwi_excHardFault__I)
                  2002bf64    000000b8     drivers_cc32xxware.aem4 : PWMTimerCC3200.oem4 (.text:PWMTimerCC3200_setDuty)
                  2002c01c    000000b8     cc3x00_host_driver.aem4 : netapp.oem4 (.text:sl_NetAppDnsGetHostByName)
                  2002c0d4    000000b8     simplelink_func.obj (.text:wlanConnect)
                  2002c18c    000000b4     cc3x00_host_driver.aem4 : netapp.oem4 (.text:_SlDrvNetAppEventHandler)
                  2002c240    000000b4     sysbios.aem4 : BIOS.obj (.text:ti_sysbios_gates_GateMutex_enter__E)
                  2002c2f4    00000004     CDIO_CC3200_pem4.oem4 (.text:ti_sysbios_BIOS_RtsGateProxy_leave__E)
                  2002c2f8    000000b4     sysbios.aem4 : BIOS.obj (.text:ti_sysbios_knl_Task_checkStacks__E)
                  2002c3ac    000000b0     cc3x00_host_driver.aem4 : socket.oem4 (.text:sl_Connect)
                  2002c45c    000000ac                             : driver.oem4 (.text:_SlDrvDataWriteOp)
                  2002c508    000000aa     uart_if.obj (.text:Report)
                  2002c5b2    000000a8     simplelink_func.obj (.text:charToInt)
                  2002c65a    00000006     drivers_cc32xxware.aem4 : SPICC3200DMA.oem4 (.text:SPICC3200DMA_control)
                  2002c660    000000a8     sysbios.aem4 : BIOS.obj (.text:ti_sysbios_knl_Task_postInit__I)
                  2002c708    000000a4     cc3x00_host_driver.aem4 : socket.oem4 (.text:sl_Send)
                  2002c7ac    00000004     CDIO_CC3200_pem4.oem4 (.text:ti_sysbios_family_arm_m3_Hwi_destruct)
                  2002c7b0    000000a4     sysbios.aem4 : BIOS.obj (.text:ti_sysbios_knl_Clock_Instance_finalize__E)
                  2002c854    000000a2     drivers_cc32xxware.aem4 : UARTCC3200.oem4 (.text:UARTCC3200_write)
                  2002c8f6    00000002     --HOLE-- [fill = 0]
                  2002c8f8    000000a0     driverlib.a : spi.obj (.text:SPIConfigSetExpClk)
                  2002c998    000000a0     auto_init.aem4 : auto_init.oem4 (.text)
                  2002ca38    000000a0     ti.targets.arm.rtsarm.aem4 : Text.oem4 (.text:xdc_runtime_Text_putMod__E)
                  2002cad8    0000009e     drivers_cc32xxware.aem4 : UARTCC3200.oem4 (.text:readTaskBlocking)
                  2002cb76    0000009c     rtsv7M4_T_le_eabi.lib : memcpy_t2.obj (.text)
                  2002cc12    00000006     driverlib.a : utils.obj (.text:UtilsDelay)
                  2002cc18    0000009c     sysbios.aem4 : BIOS.obj (.text:ti_sysbios_knl_Semaphore_Instance_init__E)
                  2002ccb4    0000009a     ti.targets.arm.rtsarm.aem4 : Text.oem4 (.text:xdc_runtime_Text_putSite__E)
                  2002cd4e    00000098     drivers_cc32xxware.aem4 : UARTCC3200.oem4 (.text:UARTCC3200_control)
                  2002cde6    00000098                             : UARTCC3200.oem4 (.text:UARTCC3200_readPolling)
                  2002ce7e    00000002     --HOLE-- [fill = 0]
                  2002ce80    00000098     cc3x00_host_driver.aem4 : driver.oem4 (.text:_SlDrvMsgReadCmdCtx)
                  2002cf18    00000098                             : device.oem4 (.text:sl_Stop)
                  2002cfb0    00000098     sysbios.aem4 : BIOS.obj (.text:ti_sysbios_knl_Mailbox_post__E)
                  2002d048    00000094     driverlib.a : prcm.obj (.text:PRCMPeripheralClockGet)
                  2002d0dc    00000094     cc3x00_host_driver.aem4 : driver.oem4 (.text:_SlFindAndSetActiveObj)
                  2002d170    00000094     drivers_cc32xxware.aem4 : SPICC3200DMA.oem4 (.text:initHw)
                  2002d204    00000004     CDIO_CC3200_pem4.oem4 (.text:ti_sysbios_family_arm_m3_TaskSupport_Module__startupDone__S)
                  2002d208    00000094     sysbios.aem4 : BIOS.obj (.text:ti_sysbios_family_arm_m3_Hwi_Instance_init__E)
                  2002d29c    00000090     cc3x00_host_driver.aem4 : driver.oem4 (.text:_SlDrvDriverCBDeinit)
                  2002d32c    00000090     drivers_cc32xxware.aem4 : PowerCC3200.oem4 (.text:restoreNVICRegs)
                  2002d3bc    00000090     cc3x00_host_driver.aem4 : device.oem4 (.text:sl_Start)
                  2002d44c    00000004     CDIO_CC3200_pem4.oem4 (.text:ti_sysbios_heaps_HeapMem_Module_GateProxy_enter__E)
                  2002d450    0000008c     sysbios.aem4 : BIOS.obj (.text:ti_sysbios_knl_Mailbox_pend__E)
                  2002d4dc    0000008a     drivers_cc32xxware.aem4 : UARTCC3200.oem4 (.text:readIsrTextBlocking)
                  2002d566    00000002     --HOLE-- [fill = 0]
                  2002d568    00000088     driverlib.a : pin.obj (.text:PinConfigSet)
                  2002d5f0    00000088     drivers_cc32xxware.aem4 : UARTCC3200.oem4 (.text:UARTCC3200_close)
                  2002d678    00000088     rtsv7M4_T_le_eabi.lib : vsnprintf.obj (.text)
                  2002d700    00000088     drivers_cc32xxware.aem4 : SPICC3200DMA.oem4 (.text:spiHwiFxn)
                  2002d788    00000088     sysbios.aem4 : BIOS.obj (.text:ti_sysbios_family_arm_m3_Hwi_initNVIC__E)
                  2002d810    00000088                  : BIOS.obj (.text:ti_sysbios_knl_Mailbox_Module_startup__E)
                  2002d898    00000086     rtsv7M4_T_le_eabi.lib : fd_cmp_t2.obj (.text:__aeabi_cdcmple)
                  2002d91e    00000086                           : fd_cmp_t2.obj (.text:__aeabi_cdrcmple)
                  2002d9a4    00000084     drivers_cc32xxware.aem4 : GPIOCC3200.oem4 (.text:GPIO_init)
                  2002da28    00000084                             : PowerCC3200.oem4 (.text:saveNVICRegs)
                  2002daac    00000084     cc3x00_host_driver.aem4 : netapp.oem4 (.text:sl_NetAppMDNSRegisterUnregisterService)
                  2002db30    00000084     sysbios.aem4 : BIOS.obj (.text:ti_sysbios_family_arm_m3_Hwi_postInit__I)
                  2002dbb4    00000082     driverlib.a : gpio.obj (.text:GPIOIntTypeSet)
                  2002dc36    00000082     drivers_cc32xxware.aem4 : UARTCC3200.oem4 (.text:readIsrTextCallback)
                  2002dcb8    00000080     drivers_wifi_cc32xxware.aem4 : WiFiCC3200.oem4 (.text:WiFiCC3200_open)
                  2002dd38    0000007c     driverlib.a : spi.obj (.text:SPIIntStatus)
                  2002ddb4    0000007a     drivers_cc32xxware.aem4 : UARTCC3200.oem4 (.text:readTaskCallback)
                  2002de2e    0000007a     rtsv7M4_T_le_eabi.lib : memset_t2.obj (.text)
                  2002dea8    00000078     drivers_wifi_cc32xxware.aem4 : osi_tirtos.oem4 (.text:VStartSimpleLinkSpawnTask)
                  2002df20    00000078     cc3x00_host_driver.aem4 : device.oem4 (.text:sl_DevGet)
                  2002df98    00000078     simplelink_func.obj (.text:wlanStart)
                  2002e010    00000076     driverlib.a : uart.obj (.text:UARTConfigSetExpClk)
                  2002e086    00000002     --HOLE-- [fill = 0]
                  2002e088    00000074     cc3x00_host_driver.aem4 : driver.oem4 (.text:_SlDrvClassifyRxMsg)
                  2002e0fc    00000004     CDIO_CC3200_pem4.oem4 (.text:ti_sysbios_heaps_HeapMem_Module_GateProxy_leave__E)
                  2002e100    00000074     sysbios.aem4 : BIOS.obj (.text:ti_sysbios_knl_Clock_start__E)
                  2002e174    00000070     drivers_cc32xxware.aem4 : PWMTimerCC3200.oem4 (.text:PWMTimerCC3200_control)
                  2002e1e4    00000070                             : PowerCC3200.oem4 (.text:Power_sleep)
                  2002e254    00000070     cc3x00_host_driver.aem4 : driver.oem4 (.text:_SlDrvCmdOp)
                  2002e2c4    00000004     CDIO_CC3200_pem4.oem4 (.text:ti_sysbios_knl_Clock_TimerProxy_getMaxTicks__E)
                  2002e2c8    00000070     sysbios.aem4 : BIOS.obj (.text:ti_sysbios_knl_Mailbox_Instance_finalize__E)
                  2002e338    0000006d     ti.targets.arm.rtsarm.aem4 : System.oem4 (.text:xdc_runtime_System_formatNum__I)
                  2002e3a5    00000003     --HOLE-- [fill = 0]
                  2002e3a8    0000006c     cc3x00_host_driver.aem4 : driver.oem4 (.text:_SlDrvMsgReadSpawnCtx)
                  2002e414    0000006c     drivers_cc32xxware.aem4 : UARTCC3200.oem4 (.text:initHw)
                  2002e480    0000006c     sysbios.aem4 : BIOS.obj (.text:ti_sysbios_knl_Clock_workFunc__E)
                  2002e4ec    00000004     CDIO_CC3200_pem4.oem4 (.text:ti_sysbios_knl_Clock_TimerProxy_setPeriodMicroSecs__E)
                  2002e4f0    0000006c     sysbios.aem4 : BIOS.obj (.text:ti_sysbios_knl_Swi_restoreHwi__E)
                  2002e55c    00000004     CDIO_CC3200_pem4.oem4 (.text:ti_sysbios_knl_Clock_TimerProxy_start__E)
                  2002e560    0000006c     sysbios.aem4 : BIOS.obj (.text:ti_sysbios_knl_Task_exit__E)
                  2002e5cc    0000006c     simplelink_func.obj (.text:unPackData)
                  2002e638    0000006c     ti.targets.arm.rtsarm.aem4 : Error.oem4 (.text:xdc_runtime_Error_print__E)
                  2002e6a4    0000006c                                : Memory.oem4 (.text:xdc_runtime_Memory_alloc__E)
                  2002e710    0000006a     rtsv7M4_T_le_eabi.lib : copy_decompress_rle.obj (.text)
                  2002e77a    00000002     --HOLE-- [fill = 0]
                  2002e77c    00000068     driverlib.a : prcm.obj (.text:PRCMHibernateWakeUpGPIOSelect)
                  2002e7e4    00000068     rtsv7M4_T_le_eabi.lib : trgmsg.obj (.text)
                  2002e84c    00000068     simplelink_func.obj (.text:setupHTTPConnection)
                  2002e8b4    00000068     drivers_wifi_cc32xxware.aem4 : WiFiCC3200.oem4 (.text:spi_Read)
                  2002e91c    00000068                                  : WiFiCC3200.oem4 (.text:spi_Write)
                  2002e984    00000068     drivers_cc32xxware.aem4 : UARTCC3200.oem4 (.text:writeData)
                  2002e9ec    00000066     ti.targets.arm.rtsarm.aem4 : Core-mem.oem4 (.text:xdc_runtime_Core_deleteObject__I)
                  2002ea52    00000002     --HOLE-- [fill = 0]
                  2002ea54    00000064     drivers_cc32xxware.aem4 : GPIOCC3200.oem4 (.text:GPIO_hwiIntFxn)
                  2002eab8    00000064     cc3x00_host_driver.aem4 : netapp.oem4 (.text:_sl_HandleAsync_DnsGetHostByName)
                  2002eb1c    00000004     CDIO_CC3200_pem4.oem4 (.text:ti_sysbios_knl_Clock_TimerProxy_stop__E)
                  2002eb20    00000064     sysbios.aem4 : BIOS.obj (.text:ti_sysbios_family_arm_m3_Hwi_dispatchC__I)
                  2002eb84    00000064     CDIO_CC3200_pem4.oem4 (.text:ti_sysbios_knl_Mailbox_create)
                  2002ebe8    00000064     driverlib.a : udma.obj (.text:uDMAChannelAttributeDisable)
                  2002ec4c    00000062     tirtosport.aem4 : HwiP_tirtos.oem4 (.text:HwiP_create)
                  2002ecae    00000002     --HOLE-- [fill = 0]
                  2002ecb0    00000060     cc3x00_host_driver.aem4 : netapp.oem4 (.text:_sl_HandleAsync_DnsGetHostByService)
                  2002ed10    00000060                             : device.oem4 (.text:_sl_HandleAsync_InitComplete)
                  2002ed70    00000060                             : netapp.oem4 (.text:_sl_HandleAsync_PingResponse)
                  2002edd0    00000060     sysbios.aem4 : BIOS.obj (.text:ti_sysbios_knl_Task_schedule__I)
                  2002ee30    0000005e     drivers_cc32xxware.aem4 : UARTCC3200.oem4 (.text:readIsrBinaryBlocking)
                  2002ee8e    00000002     --HOLE-- [fill = 0]
                  2002ee90    0000005c     rtsv7M4_T_le_eabi.lib : s_frexp.obj (.text)
                  2002eeec    00000004     CDIO_CC3200_pem4.oem4 (.text:ti_sysbios_knl_Clock_destruct)
                  2002eef0    0000005c     sysbios.aem4 : BIOS.obj (.text:ti_sysbios_knl_Swi_run__I)
                  2002ef4c    00000004     CDIO_CC3200_pem4.oem4 (.text:ti_sysbios_knl_Mailbox_delete)
                  2002ef50    0000005c     sysbios.aem4 : BIOS.obj (.text:ti_sysbios_knl_Swi_schedule__I)
                  2002efac    00000004     CDIO_CC3200_pem4.oem4 (.text:ti_sysbios_knl_Queue_destruct)
                  2002efb0    0000005c     sysbios.aem4 : BIOS.obj (.text:ti_sysbios_knl_Task_Module_startup__E)
                  2002f00c    0000005c     CDIO_CC3200_pem4.oem4 (.text:ti_sysbios_knl_Task_create)
                  2002f068    0000005c     sysbios.aem4 : BIOS.obj (.text:ti_sysbios_knl_Task_startCore__E)
                  2002f0c4    0000005b     ti.targets.arm.rtsarm.aem4 : Text.oem4 (.text:xdc_runtime_Text_putLab__E)
                  2002f11f    00000001     --HOLE-- [fill = 0]
                  2002f120    0000005a     tirtosport.aem4 : ClockP_tirtos.oem4 (.text:ClockP_create)
                  2002f17a    0000005a     drivers_cc32xxware.aem4 : SPICC3200DMA.oem4 (.text:SPICC3200DMA_close)
                  2002f1d4    00000058     driverlib.a : interrupt.obj (.text:IntPendClear)
                  2002f22c    00000058                 : prcm.obj (.text:PRCMPeripheralReset)
                  2002f284    00000058     drivers_cc32xxware.aem4 : PowerCC3200.oem4 (.text:Power_init)
                  2002f2dc    00000058     tirtosport.aem4 : SemaphoreP_tirtos.oem4 (.text:SemaphoreP_create)
                  2002f334    00000058     cc3x00_host_driver.aem4 : driver.oem4 (.text:_SlDrvCmdSend)
                  2002f38c    00000058                             : netapp.oem4 (.text:_sl_NetAppSendTokenValue)
                  2002f3e4    00000058     CDIO_CC3200_pem4.oem4 (.text:ti_sysbios_family_arm_m3_Hwi_construct)
                  2002f43c    00000056     rtsv7M4_T_le_eabi.lib : ltoa.obj (.text)
                  2002f492    00000002     --HOLE-- [fill = 0]
                  2002f494    00000054     CC3200_LAUNCHXL.obj (.text:CC3200_LAUNCHXL_initDMA)
                  2002f4e8    00000054     drivers_cc32xxware.aem4 : UARTCC3200.oem4 (.text:UARTCC3200_writeCancel)
                  2002f53c    00000054                             : UARTCC3200.oem4 (.text:readIsrBinaryCallback)
                  2002f590    00000054     rtsv7M4_T_le_eabi.lib : exit.obj (.text)
                  2002f5e4    00000054     cc3x00_host_driver.aem4 : socket.oem4 (.text:sl_SetSockOpt)
                  2002f638    00000054     sysbios.aem4 : BIOS.obj (.text:ti_sysbios_family_arm_m3_Timer_setPeriod__E)
                  2002f68c    00000004     CDIO_CC3200_pem4.oem4 (.text:ti_sysbios_knl_Semaphore_delete)
                  2002f690    00000054     sysbios.aem4 : BIOS.obj (.text:ti_sysbios_family_arm_m3_Timer_start__E)
                  2002f6e4    00000054     CDIO_CC3200_pem4.oem4 (.text:ti_sysbios_knl_Task_construct)
                  2002f738    00000054     ti.targets.arm.rtsarm.aem4 : Assert.oem4 (.text:xdc_runtime_Assert_raise__I)
                  2002f78c    00000050     drivers_wifi_cc32xxware.aem4 : WiFiCC3200.oem4 (.text:CC3X00_NWP_enablePreamble)
                  2002f7dc    00000050     cc3x00_host_driver.aem4 : socket.oem4 (.text:_sl_HandleAsync_Connect)
                  2002f82c    00000050                             : netcfg.oem4 (.text:sl_NetCfgSet)
                  2002f87c    00000050                             : wlan.oem4 (.text:sl_WlanSet)
                  2002f8cc    00000004     CDIO_CC3200_pem4.oem4 (.text:ti_sysbios_knl_Semaphore_destruct)
                  2002f8d0    00000050     sysbios.aem4 : BIOS.obj (.text:ti_sysbios_family_arm_m3_Hwi_Module_startup__E)
                  2002f920    00000050     ti.targets.arm.rtsarm.aem4 : Startup.oem4 (.text:xdc_runtime_Startup_exec__E)
                  2002f970    00000050                                : Text.oem4 (.text:xdc_runtime_Text_visitRope2__I)
                  2002f9c0    0000004c     gpio_if.obj (.text:GPIO_IF_GetPortNPin)
                  2002fa0c    0000004c     drivers_cc32xxware.aem4 : GPIOCC3200.oem4 (.text:GPIO_setCallback)
                  2002fa58    0000004c     driverlib.a : spi.obj (.text:SPIIntDisable)
                  2002faa4    0000004c                 : spi.obj (.text:SPIIntEnable)
                  2002faf0    0000004c     cc3x00_host_driver.aem4 : device.oem4 (.text:_SlDrvDeviceEventHandler)
                  2002fb3c    0000004c                             : socket.oem4 (.text:_sl_HandleAsync_Accept)
                  2002fb88    0000004c     rtsv7M4_T_le_eabi.lib : atoi.obj (.text)
                  2002fbd4    0000004c                           : cpy_tbl.obj (.text)
                  2002fc20    0000004c     sysbios.aem4 : m3_TaskSupport_asm.obj (.text:ti_sysbios_family_arm_m3_TaskSupport_buildTaskStack)
                  2002fc6c    00000004     CDIO_CC3200_pem4.oem4 (.text:ti_sysbios_knl_Task_delete)
                  2002fc70    0000004c     sysbios.aem4 : BIOS.obj (.text:ti_sysbios_family_arm_m3_Timer_setPeriodMicroSecs__E)
                  2002fcbc    00000004     ti.targets.arm.rtsarm.aem4 : Error.oem4 (.text:xdc_runtime_Error_getSite__E)
                  2002fcc0    0000004c     sysbios.aem4 : BIOS.obj (.text:ti_sysbios_heaps_HeapMem_getStats__E)
                  2002fd0c    00000004     CDIO_CC3200_pem4.oem4 (.text:xdc_runtime_System_Module_GateProxy_enter__E)
                  2002fd10    0000004c     sysbios.aem4 : BIOS.obj (.text:ti_sysbios_knl_Swi_runLoop__I)
                  2002fd5c    00000004     CDIO_CC3200_pem4.oem4 (.text:xdc_runtime_System_Module_GateProxy_leave__E)
                  2002fd60    0000004c     sysbios.aem4 : BIOS.obj (.text:ti_sysbios_knl_Task_allBlockedFunction__I)
                  2002fdac    0000004c     driverlib.a : udma.obj (.text:uDMAChannelAssign)
                  2002fdf8    00000048                 : flash.obj (.text:FlashDisable)
                  2002fe40    00000048                 : prcm.obj (.text:PRCMHibernateWakeupSourceEnable)
                  2002fe88    00000048                 : pin.obj (.text:PinConfigGet)
                  2002fed0    00000048                 : spi.obj (.text:SPIIntClear)
                  2002ff18    00000048     cc3x00_host_driver.aem4 : driver.oem4 (.text:_SlRemoveFromList)
                  2002ff60    00000048     CDIO_CC3200.obj (.text:moveToOrigin)
                  2002ffa8    00000048     drivers_cc32xxware.aem4 : PowerCC3200.oem4 (.text:notify)
                  2002fff0    00000048     CDIO_CC3200.obj (.text:pwmDutyDown)
                  20030038    00000048     rtsv7M4_T_le_eabi.lib : fd_toi_t2.obj (.text)
                  20030080    00000048     cc3x00_host_driver.aem4 : socket.oem4 (.text:sl_Recv)
                  200300c8    00000048     sysbios.aem4 : BIOS.obj (.text:ti_sysbios_family_arm_m3_Hwi_disableInterrupt__E)
                  20030110    00000048                  : BIOS.obj (.text:ti_sysbios_family_arm_m3_Hwi_enableInterrupt__E)
                  20030158    00000048                  : BIOS.obj (.text:ti_sysbios_family_arm_m3_Hwi_excReserved__I)
                  200301a0    00000048                  : m3_Hwi_asm_switch.obj (.text:ti_sysbios_family_arm_m3_Hwi_initStacks__E)
                  200301e8    00000048                  : BIOS.obj (.text:ti_sysbios_family_arm_m3_Timer_initDevice__I)
                  20030230    00000046     drivers_cc32xxware.aem4 : RingBuf.oem4 (.text:RingBuf_put)
                  20030276    00000046     ti.targets.arm.rtsarm.aem4 : Core-params.oem4 (.text:xdc_runtime_Core_assignParams__I)
                  200302bc    00000044     driverlib.a : prcm.obj (.text:PRCMLPDSEnter)
                  20030300    00000044     drivers_cc32xxware.aem4 : PowerCC3200_asm.oem4 (.text:PowerCC3200_enterLPDS)
                  20030344    00000044     driverlib.a : spi.obj (.text:SPIDmaMaskGet)
                  20030388    00000044     simplelink_func.obj (.text:SimpleLinkGeneralEventHandler)
                  200303cc    00000044     drivers_cc32xxware.aem4 : UARTCC3200.oem4 (.text:UARTCC3200_hwiIntFxn)
                  20030410    00000044     cc3x00_host_driver.aem4 : driver.oem4 (.text:_SlAsyncEventGenericHandler)
                  20030454    00000044     boot.aem4 : boot.oem4 (.text)
                  20030498    00000044     cc3x00_host_driver.aem4 : wlan.oem4 (.text:sl_WlanPolicySet)
                  200304dc    00000004     ti.targets.arm.rtsarm.aem4 : System.oem4 (.text:xdc_runtime_System_aprintf_va__F)
                  200304e0    00000044     sysbios.aem4 : BIOS.obj (.text:ti_sysbios_family_arm_m3_Hwi_getStackInfo__E)
                  20030524    00000004     ti.targets.arm.rtsarm.aem4 : System.oem4 (.text:xdc_runtime_System_printf_va__F)
                  20030528    00000044     sysbios.aem4 : BIOS.obj (.text:ti_sysbios_knl_Mailbox_postInit__I)
                  2003056c    00000004     --HOLE-- [fill = 0]
                  20030570    00000044                  : BIOS.obj (.text:ti_sysbios_knl_Swi_post__E)
                  200305b4    00000044     ti.targets.arm.rtsarm.aem4 : Error.oem4 (.text:xdc_runtime_Error_setX__E)
                  200305f8    00000044                                : SysMin.oem4 (.text:xdc_runtime_SysMin_flush__E)
                  2003063c    00000044                                : Text.oem4 (.text:xdc_runtime_Text_xprintf__I)
                  20030680    00000042     drivers_cc32xxware.aem4 : PowerCC3200_asm.oem4 (.text:PowerCC3200_resumeLPDS)
                  200306c2    00000042                             : UARTCC3200.oem4 (.text:UARTCC3200_writePolling)
                  20030704    00000040                             : GPIOCC3200.oem4 (.text:GPIO_enableInt)
                  20030744    00000040     driverlib.a : pin.obj (.text:PinModeSet)
                  20030784    00000040     drivers_cc32xxware.aem4 : PowerCC3200.oem4 (.text:Power_setDependency)
                  200307c4    00000040                             : RingBuf.oem4 (.text:RingBuf_get)
                  20030804    00000040                             : UARTCC3200.oem4 (.text:UARTCC3200_read)
                  20030844    00000040     cc3x00_host_driver.aem4 : driver.oem4 (.text:_SlDrvRxIrqHandler)
                  20030884    00000040                             : socket.oem4 (.text:_sl_HandleAsync_Select)
                  200308c4    00000040     drivers_wifi_cc32xxware.aem4 : osi_tirtos.oem4 (.text:osi_LockObjLock)
                  20030904    00000040                                  : osi_tirtos.oem4 (.text:osi_SyncObjCreate)
                  20030944    00000040                                  : osi_tirtos.oem4 (.text:osi_SyncObjWait)
                  20030984    00000040     rtsv7M4_T_le_eabi.lib : u_divt2.obj (.text)
                  200309c4    00000040     cc3x00_host_driver.aem4 : wlan.oem4 (.text:sl_WlanRxFilterSet)
                  20030a04    00000004     --HOLE-- [fill = 0]
                  20030a08    00000040     sysbios.aem4 : BIOS.obj (.text:ti_sysbios_family_arm_m3_Timer_Module_startup__E)
                  20030a48    0000003e     CDIO_CC3200_pem4.oem4 (.text:realloc)
                  20030a86    00000002     --HOLE-- [fill = 0]
                  20030a88    0000003c     driverlib.a : prcm.obj (.text:PRCMPeripheralClkEnable)
                  20030ac4    0000003c                 : prcm.obj (.text:PRCMSlowClkCtrFastGet)
                  20030b00    0000003c                 : pin.obj (.text:PinDirModeSet)
                  20030b3c    0000003c     drivers_cc32xxware.aem4 : WiFi.oem4 (.text:WiFi_open)
                  20030b78    0000003c     cc3x00_host_driver.aem4 : device.oem4 (.text:_sl_HandleAsync_Stop)
                  20030bb4    0000003c     CDIO_CC3200.obj (.text:brytarIntX)
                  20030bf0    0000003c     CDIO_CC3200.obj (.text:brytarIntY)
                  20030c2c    0000003c     simplelink_func.obj (.text:packData)
                  20030c68    0000003c     drivers_wifi_cc32xxware.aem4 : WiFiCC3200.oem4 (.text:spi_Open)
                  20030ca4    00000004     --HOLE-- [fill = 0]
                  20030ca8    0000003c     sysbios.aem4 : BIOS.obj (.text:ti_sysbios_family_arm_m3_Hwi_excSvCall__I)
                  20030ce4    00000004     --HOLE-- [fill = 0]
                  20030ce8    0000003c                  : BIOS.obj (.text:ti_sysbios_heaps_HeapMem_init__I)
                  20030d24    00000004     --HOLE-- [fill = 0]
                  20030d28    0000003c                  : BIOS.obj (.text:ti_sysbios_knl_Clock_walkQueuePeriodic__E)
                  20030d64    00000004     --HOLE-- [fill = 0]
                  20030d68    0000003c                  : BIOS.obj (.text:ti_sysbios_knl_Swi_restore__E)
                  20030da4    0000003c     driverlib.a : udma.obj (.text:uDMAChannelControlSet)
                  20030de0    0000003a     gpio_if.obj (.text:GPIO_IF_Set)
                  20030e1a    00000002     --HOLE-- [fill = 0]
                  20030e1c    00000038     driverlib.a : prcm.obj (.text:PRCMIntEnable)
                  20030e54    00000038     drivers_cc32xxware.aem4 : PWM.oem4 (.text:PWM_init)
                  20030e8c    00000038     power_cc3200_tirtos.aem4 : PowerCC3200_tirtos.oem4 (.text:PowerCC3200_initPolicy)
                  20030ec4    00000038     drivers_cc32xxware.aem4 : SPI.oem4 (.text:SPI_init)
                  20030efc    00000038                             : UART.oem4 (.text:UART_init)
                  20030f34    00000038                             : WiFi.oem4 (.text:WiFi_init)
                  20030f6c    00000038     drivers_wifi_cc32xxware.aem4 : osi_tirtos.oem4 (.text:osi_LockObjCreate)
                  20030fa4    00000038     cc3x00_host_driver.aem4 : socket.oem4 (.text:sl_Htonl)
                  20030fdc    00000038     drivers_cc32xxware.aem4 : SPICC3200DMA.oem4 (.text:spiPollingTransfer16)
                  20031014    00000038                             : SPICC3200DMA.oem4 (.text:spiPollingTransfer8)
                  2003104c    00000004     --HOLE-- [fill = 0]
                  20031050    00000038     sysbios.aem4 : BIOS.obj (.text:ti_sysbios_family_arm_m3_Hwi_excNoIsr__I)
                  20031088    00000038                  : BIOS.obj (.text:ti_sysbios_knl_Task_processVitalTaskFlag__I)
                  200310c0    00000038     ti.targets.arm.rtsarm.aem4 : SysMin.oem4 (.text:xdc_runtime_SysMin_putch__E)
                  200310f8    00000038                                : System.oem4 (.text:xdc_runtime_System_atexit__E)
                  20031130    00000036     driverlib.a : gpio.obj (.text:GPIODirModeSet)
                  20031166    00000036                 : timer.obj (.text:TimerControlLevel)
                  2003119c    00000036     drivers_cc32xxware.aem4 : UARTCC3200.oem4 (.text:UARTCC3200_readCancel)
                  200311d2    00000002     --HOLE-- [fill = 0]
                  200311d4    00000034     drivers_wifi_cc32xxware.aem4 : WiFiCC3200.oem4 (.text:CC3X00_NWP_disable)
                  20031208    00000034     driverlib.a : prcm.obj (.text:PRCMPeripheralStatusGet)
                  2003123c    00000034                 : prcm.obj (.text:PRCMSRAMRetentionEnable)
                  20031270    00000034     drivers_cc32xxware.aem4 : PowerCC3200.oem4 (.text:Power_releaseDependency)
                  200312a4    00000034     driverlib.a : spi.obj (.text:SPIFIFOLevelSet)
                  200312d8    00000034     cc3x00_host_driver.aem4 : driver.oem4 (.text:_SlDrvBasicCmd)
                  2003130c    00000034                             : driver.oem4 (.text:_SlDrvProtectAsyncRespSetting)
                  20031340    00000034     power_cc3200_tirtos.aem4 : PowerCC3200_tirtos.oem4 (.text:getCountsRTC)
                  20031374    00000034     drivers_cc32xxware.aem4 : PWMTimerCC3200.oem4 (.text:getPowerMgrId)
                  200313a8    00000034                             : PowerCC3200.oem4 (.text:restorePeriphClocks)
                  200313dc    00000034     cc3x00_host_driver.aem4 : socket.oem4 (.text:sl_Htons)
                  20031410    00000034     sysbios.aem4 : BIOS.obj (.text:ti_sysbios_family_arm_m3_Hwi_Instance_finalize__E)
                  20031444    00000004     --HOLE-- [fill = 0]
                  20031448    00000034                  : BIOS.obj (.text:ti_sysbios_family_arm_m3_Hwi_excNmi__I)
                  2003147c    00000004     --HOLE-- [fill = 0]
                  20031480    00000034                  : BIOS.obj (.text:ti_sysbios_family_arm_m3_Timer_periodicStub__I)
                  200314b4    00000004     --HOLE-- [fill = 0]
                  200314b8    00000034                  : BIOS.obj (.text:ti_sysbios_hal_Hwi_checkStack)
                  200314ec    00000034     CDIO_CC3200_pem4.oem4 (.text:ti_sysbios_knl_Clock_construct)
                  20031520    00000034     CDIO_CC3200_pem4.oem4 (.text:ti_sysbios_knl_Semaphore_create)
                  20031554    00000034     ti.targets.arm.rtsarm.aem4 : Core-label.oem4 (.text:xdc_runtime_Core_assignLabel__I)
                  20031588    00000033                                : Text.oem4 (.text:xdc_runtime_Text_printVisFxn__I)
                  200315bb    00000001     --HOLE-- [fill = 0]
                  200315bc    00000032     drivers_cc32xxware.aem4 : SPICC3200DMA.oem4 (.text:spiPollingTransfer32)
                  200315ee    00000002     --HOLE-- [fill = 0]
                  200315f0    00000032     sysbios.aem4 : BIOS.obj (.text:ti_sysbios_hal_Hwi_initStack)
                  20031622    00000002     --HOLE-- [fill = 0]
                  20031624    00000030     drivers_cc32xxware.aem4 : PWM.oem4 (.text:PWM_open)
                  20031654    00000030     driverlib.a : pin.obj (.text:PinTypeGPIO)
                  20031684    00000030     drivers_cc32xxware.aem4 : PowerCC3200.oem4 (.text:Power_releaseConstraint)
                  200316b4    00000030                             : PowerCC3200.oem4 (.text:Power_setConstraint)
                  200316e4    00000030                             : SPI.oem4 (.text:SPI_open)
                  20031714    00000030     driverlib.a : uart.obj (.text:UARTDisable)
                  20031744    00000030     drivers_cc32xxware.aem4 : UART.oem4 (.text:UART_open)
                  20031774    00000030     drivers_wifi_cc32xxware.aem4 : WiFiCC3200.oem4 (.text:registerInterruptHandler)
                  200317a4    00000030     cc3x00_host_driver.aem4 : socket.oem4 (.text:sl_Socket)
                  200317d4    00000030     CDIO_CC3200_pem4.oem4 (.text:ti_sysbios_BIOS_atExitFunc__I)
                  20031804    00000004     --HOLE-- [fill = 0]
                  20031808    00000030     sysbios.aem4 : BIOS.obj (.text:ti_sysbios_family_arm_m3_TaskSupport_start__E)
                  20031838    00000030     CDIO_CC3200_pem4.oem4 (.text:ti_sysbios_gates_GateHwi_Object__create__S)
                  20031868    00000030     CDIO_CC3200_pem4.oem4 (.text:ti_sysbios_gates_GateMutex_Object__create__S)
                  20031898    00000030     CDIO_CC3200_pem4.oem4 (.text:ti_sysbios_heaps_HeapMem_Object__create__S)
                  200318c8    00000030     CDIO_CC3200_pem4.oem4 (.text:ti_sysbios_knl_Semaphore_construct)
                  200318f8    00000030     sysbios.aem4 : BIOS.obj (.text:ti_sysbios_knl_Semaphore_pendTimeout__I)
                  20031928    00000030                  : BIOS.obj (.text:ti_sysbios_knl_Task_unblockI__E)
                  20031958    00000030     ti.targets.arm.rtsarm.aem4 : SysMin.oem4 (.text:xdc_runtime_SysMin_abort__E)
                  20031988    00000030                                : System.oem4 (.text:xdc_runtime_System_processAtExit__E)
                  200319b8    0000002e     drivers_cc32xxware.aem4 : PWMTimerCC3200.oem4 (.text:PWMTimerCC3200_close)
                  200319e6    0000002e     CDIO_CC3200_pem4.oem4 (.text:malloc)
                  20031a14    0000002e     rtsv7M4_T_le_eabi.lib : i_tofd_t2.obj (.text)
                  20031a42    00000002     --HOLE-- [fill = 0]
                  20031a44    0000002c     drivers_wifi_cc32xxware.aem4 : WiFiCC3200.oem4 (.text:CC3X00_NWP_enable)
                  20031a70    0000002c     driverlib.a : prcm.obj (.text:PRCMLPDSIntervalSet)
                  20031a9c    0000002c                 : prcm.obj (.text:PRCMSysResetCauseGet)
                  20031ac8    0000002c     CDIO_CC3200_pem4.oem4 (.text:ti_sysbios_knl_Clock_doTick__I)
                  20031af4    0000002c     CDIO_CC3200_pem4.oem4 (.text:ti_sysbios_knl_Queue_construct)
                  20031b20    0000002c     sysbios.aem4 : BIOS.obj (.text:ti_sysbios_knl_Task_restore__E)
                  20031b4c    0000002c     ti.targets.arm.rtsarm.aem4 : Text.oem4 (.text:xdc_runtime_Text_cordText__E)
                  20031b78    0000002a     driverlib.a : spi.obj (.text:SPIDataGetNonBlocking)
                  20031ba2    0000002a                 : timer.obj (.text:TimerLoadSet)
                  20031bcc    0000002a                 : timer.obj (.text:TimerMatchSet)
                  20031bf6    0000002a                 : timer.obj (.text:TimerPrescaleMatchSet)
                  20031c20    0000002a                 : timer.obj (.text:TimerPrescaleSet)
                  20031c4a    0000002a     cc3x00_host_driver.aem4 : socket.oem4 (.text:_sl_BuildAddress)
                  20031c74    0000002a     ti.targets.arm.rtsarm.aem4 : System.oem4 (.text:xdc_runtime_System_putchar__I)
                  20031c9e    00000002     --HOLE-- [fill = 0]
                  20031ca0    00000028     uart_if.obj (.text:Message)
                  20031cc8    00000028     driverlib.a : prcm.obj (.text:PRCMLPDSWakeupSourceEnable)
                  20031cf0    00000028                 : prcm.obj (.text:PRCMPeripheralClkDisable)
                  20031d18    00000028     drivers_cc32xxware.aem4 : PowerCC3200.oem4 (.text:Power_registerNotify)
                  20031d40    00000028                             : UARTCC3200.oem4 (.text:releasePowerConstraint)
                  20031d68    00000028     sysbios.aem4 : BIOS.obj (.text:ti_sysbios_knl_Swi_Module_startup__E)
                  20031d90    00000028     driverlib.a : udma.obj (.text:uDMAChannelIsEnabled)
                  20031db8    00000026     drivers_cc32xxware.aem4 : List.oem4 (.text:List_put)
                  20031dde    00000026     rtsv7M4_T_le_eabi.lib : strncmp.obj (.text)
                  20031e04    00000026     ti.targets.arm.rtsarm.aem4 : System.oem4 (.text:xdc_runtime_System_avprintf__E)
                  20031e2a    00000002     --HOLE-- [fill = 0]
                  20031e2c    00000024     driverlib.a : prcm.obj (.text:PRCMLPDSWakeUpGPIOSelect)
                  20031e50    00000024                 : uart.obj (.text:UARTCharPutNonBlocking)
                  20031e74    00000024                 : uart.obj (.text:UARTEnable)
                  20031e98    00000024     drivers_wifi_cc32xxware.aem4 : osi_tirtos.oem4 (.text:osi_Spawn)
                  20031ebc    00000024     cc3x00_host_driver.aem4 : socket.oem4 (.text:sl_Close)
                  20031ee0    00000024                             : wlan.oem4 (.text:sl_WlanProfileDel)
                  20031f04    00000024                             : wlan.oem4 (.text:sl_WlanSetMode)
                  20031f28    00000024     CDIO_CC3200_pem4.oem4 (.text:ti_sysbios_BIOS_errorRaiseHook__I)
                  20031f4c    00000024     CDIO_CC3200_pem4.oem4 (.text:ti_sysbios_BIOS_registerRTSLock__I)
                  20031f70    00000024     CDIO_CC3200_pem4.oem4 (.text:ti_sysbios_BIOS_removeRTSLock__I)
                  20031f94    00000024     CDIO_CC3200_pem4.oem4 (.text:ti_sysbios_BIOS_startFunc__I)
                  20031fb8    00000024     sysbios.aem4 : BIOS.obj (.text:ti_sysbios_family_arm_m3_Hwi_doTaskRestore__I)
                  20031fdc    00000004     --HOLE-- [fill = 0]
                  20031fe0    00000024                  : BIOS.obj (.text:ti_sysbios_family_arm_m3_Timer_startup__E)
                  20032004    00000024     CDIO_CC3200_pem4.oem4 (.text:ti_sysbios_gates_GateMutex_Object__delete__S)
                  20032028    00000024     sysbios.aem4 : BIOS.obj (.text:ti_sysbios_knl_Clock_Module_startup__E)
                  2003204c    00000024     CDIO_CC3200_pem4.oem4 (.text:ti_sysbios_knl_Semaphore_Object__delete__S)
                  20032070    00000024     ti.targets.arm.rtsarm.aem4 : System.oem4 (.text:xdc_runtime_System_vprintf__E)
                  20032094    00000022     driverlib.a : gpio.obj (.text:GPIOIntStatus)
                  200320b6    00000022                 : spi.obj (.text:SPIReset)
                  200320d8    00000022                 : spi.obj (.text:SPIWordCountSet)
                  200320fa    00000022     CDIO_CC3200_pem4.oem4 (.text:xdc_runtime_SysMin_output__I)
                  2003211c    00000020     driverlib.a : gpio.obj (.text:GPIOPinWrite)
                  2003213c    00000020                 : prcm.obj (.text:PRCMLPDSRestoreInfoSet)
                  2003215c    00000020     drivers_cc32xxware.aem4 : PowerCC3200.oem4 (.text:Power_idleFunc)
                  2003217c    00000020                             : PowerCC3200.oem4 (.text:Power_unregisterNotify)
                  2003219c    00000020     driverlib.a : spi.obj (.text:SPIDataGet)
                  200321bc    00000020     drivers_cc32xxware.aem4 : SPICC3200DMA.oem4 (.text:getPowerMgrId)
                  200321dc    00000020                             : UARTCC3200.oem4 (.text:getPowerMgrId)
                  200321fc    00000020     CDIO_CC3200_pem4.oem4 (.text:ti_sysbios_BIOS_rtsLock__I)
                  2003221c    00000004     --HOLE-- [fill = 0]
                  20032220    00000020     sysbios.aem4 : BIOS.obj (.text:ti_sysbios_family_arm_m3_Hwi_clearInterrupt__E)
                  20032240    00000020                  : m3_Hwi_asm.obj (.text:ti_sysbios_family_arm_m3_Hwi_excHandlerAsm__I)
                  20032260    00000020                  : BIOS.obj (.text:ti_sysbios_family_arm_m3_Hwi_excHandler__I)
                  20032280    00000020     CDIO_CC3200_pem4.oem4 (.text:ti_sysbios_gates_GateHwi_Object__delete__S)
                  200322a0    00000020     CDIO_CC3200_pem4.oem4 (.text:ti_sysbios_heaps_HeapMem_Object__delete__S)
                  200322c0    00000020     CDIO_CC3200_pem4.oem4 (.text:ti_sysbios_knl_Clock_Object__destruct__S)
                  200322e0    00000020     sysbios.aem4 : BIOS.obj (.text:ti_sysbios_knl_Idle_run__E)
                  20032300    00000020     CDIO_CC3200_pem4.oem4 (.text:ti_sysbios_knl_Mailbox_Object__delete__S)
                  20032320    00000020     CDIO_CC3200_pem4.oem4 (.text:ti_sysbios_knl_Semaphore_Object__destruct__S)
                  20032340    00000020     CDIO_CC3200_pem4.oem4 (.text:ti_sysbios_knl_Task_Object__delete__S)
                  20032360    00000020     ti.targets.arm.rtsarm.aem4 : Registry.oem4 (.text:xdc_runtime_Registry_findById__E)
                  20032380    00000020                                : SysMin.oem4 (.text:xdc_runtime_SysMin_Module_startup__E)
                  200323a0    0000001e     driverlib.a : spi.obj (.text:SPIDataPut)
                  200323be    0000001e                 : timer.obj (.text:TimerDisable)
                  200323dc    0000001e                 : timer.obj (.text:TimerEnable)
                  200323fa    0000001e                 : uart.obj (.text:UARTCharPut)
                  20032418    0000001e                 : uart.obj (.text:UARTIntStatus)
                  20032436    0000001e     drivers_wifi_cc32xxware.aem4 : WiFiCC3200.oem4 (.text:WiFiCC3200_close)
                  20032454    0000001e     sysbios.aem4 : m3_Hwi_asm_switch.obj (.text:ti_sysbios_family_xxx_Hwi_switchAndRunFunc)
                  20032472    00000002     --HOLE-- [fill = 0]
                  20032474    0000001c     drivers_cc32xxware.aem4 : SPICC3200DMA.oem4 (.text:SPICC3200DMA_init)
                  20032490    0000001c     driverlib.a : uart.obj (.text:UARTCharGetNonBlocking)
                  200324ac    0000001c                 : uart.obj (.text:UARTFlowControlSet)
                  200324c8    0000001c     cc3x00_host_driver.aem4 : driver.oem4 (.text:_SlDrvProtectionObjLockWaitForever)
                  200324e4    0000001c                             : socket.oem4 (.text:_sl_TruncatePayloadByProtocol)
                  20032500    0000001c     rtsv7M4_T_le_eabi.lib : memccpy.obj (.text)
                  2003251c    0000001c     CDIO_CC3200_pem4.oem4 (.text:ti_sysbios_family_arm_m3_Hwi_Object__destruct__S)
                  20032538    0000001c     sysbios.aem4 : BIOS.obj (.text:ti_sysbios_family_arm_m3_Timer_stop__E)
                  20032554    00000004     --HOLE-- [fill = 0]
                  20032558    0000001c                  : BIOS.obj (.text:ti_sysbios_gates_GateMutex_Instance_init__E)
                  20032574    0000001c     CDIO_CC3200_pem4.oem4 (.text:ti_sysbios_knl_Queue_Object__destruct__S)
                  20032590    0000001c     sysbios.aem4 : BIOS.obj (.text:ti_sysbios_knl_Task_enter__I)
                  200325ac    0000001c     driverlib.a : udma.obj (.text:uDMAChannelEnable)
                  200325c8    0000001c     drivers_wifi_cc32xxware.aem4 : osi_tirtos.oem4 (.text:vSimpleLinkSpawnTask)
                  200325e4    0000001c     ti.targets.arm.rtsarm.aem4 : Error.oem4 (.text:xdc_runtime_Error_raiseX__E)
                  20032600    0000001c                                : Memory.oem4 (.text:xdc_runtime_Memory_valloc__E)
                  2003261c    0000001c                                : SysMin.oem4 (.text:xdc_runtime_SysMin_exit__E)
                  20032638    0000001c                                : System.oem4 (.text:xdc_runtime_System_abort__E)
                  20032654    0000001a     cc3x00_host_driver.aem4 : netapp.oem4 (.text:CopyPingResultsToReport)
                  2003266e    0000001a     driverlib.a : gpio.obj (.text:GPIOIntEnable)
                  20032688    0000001a     drivers_cc32xxware.aem4 : List.oem4 (.text:List_remove)
                  200326a2    0000001a     driverlib.a : pin.obj (.text:PinTypeTimer)
                  200326bc    0000001a                 : spi.obj (.text:SPIDmaDisable)
                  200326d6    0000001a                 : spi.obj (.text:SPIDmaEnable)
                  200326f0    0000001a                 : spi.obj (.text:SPIFIFODisable)
                  2003270a    0000001a                 : spi.obj (.text:SPIFIFOEnable)
                  20032724    0000001a     CDIO_CC3200_pem4.oem4 (.text:ti_sysbios_family_arm_m3_Hwi_Handle__label__S)
                  2003273e    0000001a     sysbios.aem4 : m3_Hwi_asm.obj (.text:ti_sysbios_family_arm_m3_Hwi_pendSV__I)
                  20032758    0000001a     CDIO_CC3200_pem4.oem4 (.text:ti_sysbios_gates_GateHwi_Handle__label__S)
                  20032772    0000001a     CDIO_CC3200_pem4.oem4 (.text:ti_sysbios_gates_GateMutex_Handle__label__S)
                  2003278c    0000001a     CDIO_CC3200_pem4.oem4 (.text:ti_sysbios_heaps_HeapMem_Handle__label__S)
                  200327a6    0000001a     CDIO_CC3200_pem4.oem4 (.text:ti_sysbios_knl_Swi_Handle__label__S)
                  200327c0    0000001a     CDIO_CC3200_pem4.oem4 (.text:ti_sysbios_knl_Task_Handle__label__S)
                  200327da    0000001a     CDIO_CC3200_pem4.oem4 (.text:xdc_runtime_System_aprintf__E)
                  200327f4    0000001a     CDIO_CC3200_pem4.oem4 (.text:xdc_runtime_System_printf__E)
                  2003280e    00000002     --HOLE-- [fill = 0]
                  20032810    00000018     CDIO_CC3200.obj (.text:InsertPenInt)
                  20032828    00000018     driverlib.a : spi.obj (.text:SPICSDisable)
                  20032840    00000018                 : spi.obj (.text:SPICSEnable)
                  20032858    00000018                 : spi.obj (.text:SPIDisable)
                  20032870    00000018                 : spi.obj (.text:SPIEnable)
                  20032888    00000018                 : uart.obj (.text:UARTBusy)
                  200328a0    00000018                 : uart.obj (.text:UARTFIFOLevelSet)
                  200328b8    00000018                 : uart.obj (.text:UARTIntDisable)
                  200328d0    00000018                 : uart.obj (.text:UARTIntEnable)
                  200328e8    00000018     drivers_cc32xxware.aem4 : UART.oem4 (.text:UART_Params_init)
                  20032900    00000018     drivers_wifi_cc32xxware.aem4 : osi_tirtos.oem4 (.text:VDeleteSimpleLinkSpawnTask)
                  20032918    00000018                                  : WiFiCC3200.oem4 (.text:WiFiCC3200_init)
                  20032930    00000018     cc3x00_host_driver.aem4 : driver.oem4 (.text:_SlDrvProtectionObjUnLock)
                  20032948    00000018     CDIO_CC3200_pem4.oem4 (.text:free)
                  20032960    00000018     rtsv7M4_T_le_eabi.lib : args_main.obj (.text)
                  20032978    00000018                           : ll_mul_t2.obj (.text)
                  20032990    00000018                           : strcmp.obj (.text)
                  200329a8    00000018     drivers_wifi_cc32xxware.aem4 : WiFiCC3200.oem4 (.text:spi_Close)
                  200329c0    00000018     CDIO_CC3200_pem4.oem4 (.text:ti_sysbios_BIOS_rtsUnlock__I)
                  200329d8    00000018     CDIO_CC3200_pem4.oem4 (.text:ti_sysbios_family_arm_m3_Hwi_Module__startupDone__F)
                  200329f0    00000018     CDIO_CC3200_pem4.oem4 (.text:ti_sysbios_family_arm_m3_Timer_Module__startupDone__F)
                  20032a08    00000018     sysbios.aem4 : BIOS.obj (.text:ti_sysbios_gates_GateMutex_leave__E)
                  20032a20    00000018                  : BIOS.obj (.text:ti_sysbios_knl_Task_sleepTimeout__I)
                  20032a38    00000018     ti.targets.arm.rtsarm.aem4 : Error.oem4 (.text:xdc_runtime_Error_check__E)
                  20032a50    00000018                                : System.oem4 (.text:xdc_runtime_System_exit__E)
                  20032a68    00000018                                : Text.oem4 (.text:xdc_runtime_Text_ropeText__E)
                  20032a80    00000016     tirtosport.aem4 : ClockP_tirtos.oem4 (.text:ClockP_delete)
                  20032a96    00000016                     : HwiP_tirtos.oem4 (.text:HwiP_delete)
                  20032aac    00000016     driverlib.a : prcm.obj (.text:PRCMHIBRegRead)
                  20032ac2    00000016                 : prcm.obj (.text:PRCMHIBRegWrite)
                  20032ad8    00000016     tirtosport.aem4 : SemaphoreP_tirtos.oem4 (.text:SemaphoreP_delete)
                  20032aee    00000016     driverlib.a : uart.obj (.text:UARTCharGet)
                  20032b04    00000016     rtsv7M4_T_le_eabi.lib : strchr.obj (.text)
                  20032b1a    00000016     drivers_cc32xxware.aem4 : UARTCC3200.oem4 (.text:startTxFifoEmptyClk)
                  20032b30    00000016     CDIO_CC3200_pem4.oem4 (.text:ti_sysbios_BIOS_exitFunc__I)
                  20032b46    00000016     CDIO_CC3200.obj (.text:ti_sysbios_knl_Semaphore_Params_init)
                  20032b5c    00000016     CDIO_CC3200.obj (.text:ti_sysbios_knl_Task_Params_init)
                  20032b72    00000014     driverlib.a : cpu.obj (.text:CPUcpsid)
                  20032b86    00000014                 : cpu.obj (.text:CPUcpsie)
                  20032b9a    00000014                 : gpio.obj (.text:GPIOIntClear)
                  20032bae    00000002     --HOLE-- [fill = 0]
                  20032bb0    00000014     drivers_cc32xxware.aem4 : SPI.oem4 (.text:SPI_Params_init)
                  20032bc4    00000014     drivers_wifi_cc32xxware.aem4 : WiFiCC3200.oem4 (.text:hostDriverInterruptHandler)
                  20032bd8    00000014                                  : osi_tirtos.oem4 (.text:osi_SyncObjClear)
                  20032bec    00000014     rtsv7M4_T_le_eabi.lib : _lock.obj (.text)
                  20032c00    00000014                           : strcpy.obj (.text)
                  20032c14    00000014                           : strlen.obj (.text)
                  20032c28    00000014     CDIO_CC3200_pem4.oem4 (.text:ti_sysbios_family_arm_m3_Hwi_Object__get__S)
                  20032c3c    00000004     --HOLE-- [fill = 0]
                  20032c40    00000014     sysbios.aem4 : BIOS.obj (.text:ti_sysbios_family_arm_m3_Hwi_switchFromBootStack__E)
                  20032c54    00000014     CDIO_CC3200_pem4.oem4 (.text:ti_sysbios_heaps_HeapMem_Object__get__S)
                  20032c68    00000014     sysbios.aem4 : BIOS.obj (.text:ti_sysbios_knl_Clock_tickReconfig__E)
                  20032c7c    00000014     CDIO_CC3200_pem4.oem4 (.text:ti_sysbios_knl_Swi_Object__get__S)
                  20032c90    00000014     driverlib.a : udma.obj (.text:uDMAControlBaseSet)
                  20032ca4    00000012     tirtosport.aem4 : ClockP_tirtos.oem4 (.text:ClockP_start)
                  20032cb6    00000012     drivers_cc32xxware.aem4 : RingBuf.oem4 (.text:RingBuf_construct)
                  20032cc8    00000012     tirtosport.aem4 : SemaphoreP_tirtos.oem4 (.text:SemaphoreP_pend)
                  20032cda    00000012     driverlib.a : uart.obj (.text:UARTIntClear)
                  20032cec    00000012                 : uart.obj (.text:UARTRxErrorGet)
                  20032cfe    00000012     cc3x00_host_driver.aem4 : driver.oem4 (.text:_SlDrvObjLockWaitForever)
                  20032d10    00000012                             : driver.oem4 (.text:_SlDrvSyncObjWaitForever)
                  20032d22    00000012                             : netapp.oem4 (.text:sl_NetAppMDNSUnRegisterService)
                  20032d34    00000004     --HOLE-- [fill = 0]
                  20032d38    00000012     sysbios.aem4 : BIOS.obj (.text:ti_sysbios_hal_Hwi_Module_startup__E)
                  20032d4a    00000012     CDIO_CC3200_pem4.oem4 (.text:xdc_runtime_Startup_exec__I)
                  20032d5c    00000010     CC3200_LAUNCHXL.obj (.text:CC3200_LAUNCHXL_initGeneral)
                  20032d6c    00000010     CC3200_LAUNCHXL.obj (.text:CC3200_LAUNCHXL_initWiFi)
                  20032d7c    00000010     drivers_wifi_cc32xxware.aem4 : WiFiCC3200.oem4 (.text:CC3X00_NWP_maskInterrupt)
                  20032d8c    00000010     drivers_cc32xxware.aem4 : PWM.oem4 (.text:PWM_Params_init)
                  20032d9c    00000010     driverlib.a : uart.obj (.text:UARTRxErrorClear)
                  20032dac    00000010     drivers_cc32xxware.aem4 : WiFi.oem4 (.text:WiFi_Params_init)
                  20032dbc    00000010     cc3x00_host_driver.aem4 : device.oem4 (.text:_sl_GetStartResponseConvert)
                  20032dcc    00000010     simplelink_func.obj (.text:htons)
                  20032ddc    00000010     drivers_cc32xxware.aem4 : UARTCC3200.oem4 (.text:readBlockingTimeout)
                  20032dec    00000004     --HOLE-- [fill = 0]
                  20032df0    00000010     sysbios.aem4 : BIOS.obj (.text:ti_sysbios_BIOS_getCpuFreq__E)
                  20032e00    00000010                  : BIOS.obj (.text:ti_sysbios_BIOS_setThreadType__E)
                  20032e10    00000010                  : BIOS.obj (.text:ti_sysbios_BIOS_start__E)
                  20032e20    00000010                  : m3_TaskSupport_asm.obj (.text:ti_sysbios_family_arm_m3_TaskSupport_glue)
                  20032e30    00000010                  : m3_TaskSupport_asm.obj (.text:ti_sysbios_family_arm_m3_TaskSupport_swap__E)
                  20032e40    00000010                  : BIOS.obj (.text:ti_sysbios_gates_GateMutex_Instance_finalize__E)
                  20032e50    00000010     CDIO_CC3200_pem4.oem4 (.text:ti_sysbios_knl_Mailbox_Object__get__S)
                  20032e60    00000010     sysbios.aem4 : BIOS.obj (.text:ti_sysbios_knl_Semaphore_Instance_finalize__E)
                  20032e70    00000010                  : BIOS.obj (.text:ti_sysbios_knl_Swi_disable__E)
                  20032e80    00000010     CDIO_CC3200_pem4.oem4 (.text:ti_sysbios_knl_Task_Object__get__S)
                  20032e90    00000010     sysbios.aem4 : BIOS.obj (.text:ti_sysbios_knl_Task_disable__E)
                  20032ea0    00000010     ti.targets.arm.rtsarm.aem4 : Gate.oem4 (.text:xdc_runtime_Gate_leaveSystem__E)
                  20032eb0    00000010                                : Memory.oem4 (.text:xdc_runtime_Memory_free__E)
                  20032ec0    00000010                                : SysMin.oem4 (.text:xdc_runtime_SysMin_ready__E)
                  20032ed0    00000010                                : System.oem4 (.text:xdc_runtime_System_vsnprintf__E)
                  20032ee0    00000010     CDIO_CC3200_pem4.oem4 (.text:xdc_runtime_Text_visitRope__I)
                  20032ef0    0000000e     tirtosport.aem4 : HwiP_tirtos.oem4 (.text:HwiP_Params_init)
                  20032efe    0000000e     cc3x00_host_driver.aem4 : driver.oem4 (.text:_SlDrvObjUnLock)
                  20032f0c    0000000e                             : driver.oem4 (.text:_SlDrvSyncObjSignal)
                  20032f1a    0000000e     rtsv7M4_T_le_eabi.lib : copy_decompress_none.obj (.text:decompress:none)
                  20032f28    0000000e     sysbios.aem4 : BIOS.obj (.text:ti_sysbios_knl_Idle_loop__E)
                  20032f36    00000002     --HOLE-- [fill = 0]
                  20032f38    0000000e                  : BIOS.obj (.text:ti_sysbios_knl_Queue_empty__E)
                  20032f46    00000002     --HOLE-- [fill = 0]
                  20032f48    0000000c     drivers_wifi_cc32xxware.aem4 : WiFiCC3200.oem4 (.text:CC3X00_NWP_unMaskInterrupt)
                  20032f54    0000000c     driverlib.a : cpu.obj (.text:CPUwfi)
                  20032f60    0000000c     tirtosport.aem4 : ClockP_tirtos.oem4 (.text:ClockP_getSystemTickPeriod)
                  20032f6c    0000000c     drivers_cc32xxware.aem4 : PowerCC3200.oem4 (.text:Power_getConstraintMask)
                  20032f78    0000000c                             : PowerCC3200.oem4 (.text:Power_getDependencyCount)
                  20032f84    0000000c                             : RingBuf.oem4 (.text:RingBuf_peek)
                  20032f90    0000000c     simplelink_func.obj (.text:SimpleLinkHttpServerCallback)
                  20032f9c    0000000c     drivers_cc32xxware.aem4 : UARTCC3200.oem4 (.text:UARTCC3200_init)
                  20032fa8    0000000c     drivers_wifi_cc32xxware.aem4 : osi_tirtos.oem4 (.text:osi_LockObjUnlock)
                  20032fb4    0000000c                                  : osi_tirtos.oem4 (.text:osi_SyncObjSignal)
                  20032fc0    0000000c                                  : osi_tirtos.oem4 (.text:osi_SyncObjSignalFromISR)
                  20032fcc    0000000c     drivers_cc32xxware.aem4 : SPICC3200DMA.oem4 (.text:postNotifyFxn)
                  20032fd8    0000000c                             : UARTCC3200.oem4 (.text:postNotifyFxn)
                  20032fe4    0000000c     CDIO_CC3200_pem4.oem4 (.text:ti_sysbios_family_arm_m3_Hwi_Params__init__S)
                  20032ff0    0000000c     sysbios.aem4 : BIOS.obj (.text:ti_sysbios_family_arm_m3_Hwi_disableFxn__E)
                  20032ffc    00000004     --HOLE-- [fill = 0]
                  20033000    0000000c                  : BIOS.obj (.text:ti_sysbios_family_arm_m3_TaskSupport_checkStack__E)
                  2003300c    00000004     --HOLE-- [fill = 0]
                  20033010    0000000c                  : BIOS.obj (.text:ti_sysbios_family_arm_m3_TaskSupport_getStackAlignment__E)
                  2003301c    00000004     --HOLE-- [fill = 0]
                  20033020    0000000c                  : BIOS.obj (.text:ti_sysbios_gates_GateHwi_enter__E)
                  2003302c    0000000c     CDIO_CC3200_pem4.oem4 (.text:ti_sysbios_knl_Clock_Params__init__S)
                  20033038    0000000c     sysbios.aem4 : BIOS.obj (.text:ti_sysbios_knl_Clock_getTicks__E)
                  20033044    00000004     --HOLE-- [fill = 0]
                  20033048    0000000c                  : BIOS.obj (.text:ti_sysbios_knl_Clock_setTicks__E)
                  20033054    00000004     --HOLE-- [fill = 0]
                  20033058    0000000c                  : BIOS.obj (.text:ti_sysbios_knl_Clock_tickStart__E)
                  20033064    00000004     --HOLE-- [fill = 0]
                  20033068    0000000c                  : BIOS.obj (.text:ti_sysbios_knl_Clock_tickStop__E)
                  20033074    0000000c     CDIO_CC3200_pem4.oem4 (.text:ti_sysbios_knl_Queue_Object__get__S)
                  20033080    0000000c     CDIO_CC3200_pem4.oem4 (.text:ti_sysbios_knl_Semaphore_Params__init__S)
                  2003308c    0000000c     CDIO_CC3200.obj (.text:ti_sysbios_knl_Semaphore_handle)
                  20033098    0000000c     CDIO_CC3200_pem4.oem4 (.text:ti_sysbios_knl_Task_Params__init__S)
                  200330a4    0000000c     driverlib.a : udma.obj (.text:uDMAControlBaseGet)
                  200330b0    0000000c                 : udma.obj (.text:uDMAEnable)
                  200330bc    0000000c                 : udma.obj (.text:uDMAErrorStatusClear)
                  200330c8    0000000c                 : udma.obj (.text:uDMAIntStatus)
                  200330d4    0000000c     ti.targets.arm.rtsarm.aem4 : Error.oem4 (.text:xdc_runtime_Error_init__E)
                  200330e0    0000000c                                : Gate.oem4 (.text:xdc_runtime_Gate_enterSystem__E)
                  200330ec    0000000c                                : Memory.oem4 (.text:xdc_runtime_Memory_calloc__E)
                  200330f8    0000000c                                : Memory.oem4 (.text:xdc_runtime_Memory_getMaxDefaultTypeAlign__E)
                  20033104    0000000a     tirtosport.aem4 : ClockP_tirtos.oem4 (.text:ClockP_stop)
                  2003310e    0000000a     drivers_cc32xxware.aem4 : List.oem4 (.text:List_empty)
                  20033118    0000000a                             : PWMTimerCC3200.oem4 (.text:PWMTimerCC3200_getPeriodCounts)
                  20033122    0000000a                             : PWM.oem4 (.text:PWM_setDuty)
                  2003312c    0000000a                             : SPI.oem4 (.text:SPI_close)
                  20033136    0000000a                             : SPI.oem4 (.text:SPI_transfer)
                  20033140    0000000a     tirtosport.aem4 : SemaphoreP_tirtos.oem4 (.text:SemaphoreP_post)
                  2003314a    0000000a     drivers_cc32xxware.aem4 : WiFi.oem4 (.text:WiFi_close)
                  20033154    0000000a     CC3200_LAUNCHXL.obj (.text:dmaErrorHwi)
                  2003315e    0000000a     drivers_wifi_cc32xxware.aem4 : osi_tirtos.oem4 (.text:osi_LockObjDelete)
                  20033168    0000000a                                  : osi_tirtos.oem4 (.text:osi_SyncObjDelete)
                  20033172    0000000a     CDIO_CC3200_pem4.oem4 (.text:xdc_runtime_IHeap_alloc)
                  2003317c    0000000a     CDIO_CC3200_pem4.oem4 (.text:xdc_runtime_IHeap_free)
                  20033186    00000008     CC3200_LAUNCHXL.obj (.text:CC3200_LAUNCHXL_initGPIO)
                  2003318e    00000008     CC3200_LAUNCHXL.obj (.text:CC3200_LAUNCHXL_initPWM)
                  20033196    00000008     CC3200_LAUNCHXL.obj (.text:CC3200_LAUNCHXL_initUART)
                  2003319e    00000008     tirtosport.aem4 : ClockP_tirtos.oem4 (.text:ClockP_Params_init)
                  200331a6    00000008     driverlib.a : prcm.obj (.text:PRCMSleepEnter)
                  200331ae    00000008     drivers_cc32xxware.aem4 : PWMTimerCC3200.oem4 (.text:PWMTimerCC3200_init)
                  200331b6    00000008     tirtosport.aem4 : SemaphoreP_tirtos.oem4 (.text:SemaphoreP_Params_init)
                  200331be    00000008     cc3x00_host_driver.aem4 : driver.oem4 (.text:_SlDrvMemZero)
                  200331c6    00000008     drivers_cc32xxware.aem4 : UARTCC3200.oem4 (.text:readSemCallback)
                  200331ce    00000008     rtsv7M4_T_le_eabi.lib : s_copysign.obj (.text)
                  200331d6    00000008     cc3x00_host_driver.aem4 : wlan.oem4 (.text:sl_WlanDisconnect)
                  200331de    00000002     --HOLE-- [fill = 0]
                  200331e0    00000008     sysbios.aem4 : BIOS.obj (.text:ti_sysbios_family_arm_m3_Hwi_doSwiRestore__I)
                  200331e8    00000008                  : BIOS.obj (.text:ti_sysbios_family_arm_m3_Hwi_startup__E)
                  200331f0    00000008     drivers_cc32xxware.aem4 : SPICC3200DMA.oem4 (.text:transferCallback)
                  200331f8    00000008                             : UARTCC3200.oem4 (.text:writeSemCallback)
                  20033200    00000006     drivers_wifi_cc32xxware.aem4 : WiFiCC3200.oem4 (.text:WiFiCC3200_control)
                  20033206    00000006     cc3x00_host_driver.aem4 : driver.oem4 (.text:_SlDrvResetCmdExt)
                  2003320c    00000006     rtsv7M4_T_le_eabi.lib : copy_decompress_rle.obj (.text:decompress:rle24)
                  20033212    00000006     ti.targets.arm.rtsarm.aem4 : System.oem4 (.text:xdc_runtime_System_Module_startup__E)
                  20033218    00000006     sysbios.aem4 : BIOS.obj (.text:ti_sysbios_family_arm_m3_Hwi_restoreFxn__E)
                  2003321e    00000002     --HOLE-- [fill = 0]
                  20033220    00000006                  : BIOS.obj (.text:ti_sysbios_gates_GateHwi_leave__E)
                  20033226    00000002     --HOLE-- [fill = 0]
                  20033228    00000006                  : BIOS.obj (.text:ti_sysbios_heaps_HeapMem_isBlocking__E)
                  2003322e    00000002     --HOLE-- [fill = 0]
                  20033230    00000006                  : BIOS.obj (.text:ti_sysbios_knl_Clock_stop__E)
                  20033236    00000002     --HOLE-- [fill = 0]
                  20033238    00000006                  : BIOS.obj (.text:ti_sysbios_knl_Queue_Instance_init__E)
                  2003323e    00000002     --HOLE-- [fill = 0]
                  20033240    00000006                  : BIOS.obj (.text:ti_sysbios_knl_Swi_startup__E)
                  20033246    00000002     --HOLE-- [fill = 0]
                  20033248    00000004                  : BIOS.obj (.text:ti_sysbios_family_arm_m3_Timer_getMaxTicks__E)
                  2003324c    00000004     --HOLE-- [fill = 0]
                  20033250    00000004                  : BIOS.obj (.text:ti_sysbios_gates_GateHwi_query__E)
                  20033254    00000004     --HOLE-- [fill = 0]
                  20033258    00000004                  : BIOS.obj (.text:ti_sysbios_gates_GateMutex_query__E)
                  2003325c    00000004     --HOLE-- [fill = 0]
                  20033260    00000004                  : BIOS.obj (.text:ti_sysbios_knl_Clock_setTimeout__E)
                  20033264    00000004     --HOLE-- [fill = 0]
                  20033268    00000004                  : BIOS.obj (.text:ti_sysbios_knl_Task_startup__E)
                  2003326c    00000004     --HOLE-- [fill = 0]
                  20033270    00000002                  : BIOS.obj (.text:ti_sysbios_gates_GateHwi_Instance_init__E)
                  20033272    00000006     --HOLE-- [fill = 0]
                  20033278    00000002                  : BIOS.obj (.text:ti_sysbios_knl_Clock_logTick__E)

.const     0    2003327c    00002778     
                  2003327c    00001806     CDIO_CC3200_pem4.oem4 (.const:xdc_runtime_Text_charTab__A)
                  20034a82    00000101     rtsv7M4_T_le_eabi.lib : ctype.obj (.const:.string:_ctypes_)
                  20034b83    00000001     CDIO_CC3200_pem4.oem4 (.const:ti_sysbios_knl_Clock_tickMode__C)
                  20034b84    00000100     driverlib.a : pin.obj (.const:g_ulPinToPadMap)
                  20034c84    000000b0     cc3x00_host_driver.aem4 : wlan.oem4 (.const:$P$T0$1)
                  20034d34    000000a8     driverlib.a : prcm.obj (.const:PRCM_PeriphRegsList)
                  20034ddc    000000a8     CDIO_CC3200_pem4.oem4 (.const:xdc_runtime_Text_nodeTab__A)
                  20034e84    00000080     driverlib.a : interrupt.obj (.const)
                  20034f04    00000068     CC3200_LAUNCHXL.obj (.const:spiCC3200DMAHWAttrs)
                  20034f6c    00000060     drivers_cc32xxware.aem4 : SPICC3200DMA.oem4 (.const)
                  20034fcc    0000004c                             : UARTCC3200.oem4 (.const)
                  20035018    00000048     CDIO_CC3200_pem4.oem4 (.const:.string)
                  20035060    0000003c     cc3x00_host_driver.aem4 : driver.oem4 (.const:OpcodeTranslateTable)
                  2003509c    0000003c                             : wlan.oem4 (.const)
                  200350d8    0000003c     CDIO_CC3200_pem4.oem4 (.const:ti_sysbios_knl_Task_Object__PARAMS__C)
                  20035114    00000038     cc3x00_host_driver.aem4 : driver.oem4 (.const:_SlActionLookupTable)
                  2003514c    00000034                             : socket.oem4 (.const)
                  20035180    00000034     drivers_cc32xxware.aem4 : GPIOCC3200.oem4 (.const)
                  200351b4    00000034     CDIO_CC3200_pem4.oem4 (.const:ti_sysbios_knl_Mailbox_Object__PARAMS__C)
                  200351e8    00000030     CDIO_CC3200_pem4.oem4 (.const:ti_sysbios_family_arm_m3_Hwi_Object__PARAMS__C)
                  20035218    00000030     CC3200_LAUNCHXL.obj (.const:uartCC3200HWAttrs)
                  20035248    0000002c     simplelink_func.obj (.const:$P$T1$2)
                  20035274    0000002a     drivers_cc32xxware.aem4 : GPIOCC3200.oem4 (.const:.string)
                  2003529e    00000002     CDIO_CC3200_pem4.oem4 (.const:ti_sysbios_family_arm_m3_Hwi_Module__id__C)
                  200352a0    00000028     CC3200_LAUNCHXL.obj (.const:PowerCC3200_config)
                  200352c8    00000028     drivers_cc32xxware.aem4 : UARTCC3200.oem4 (.const:UARTCC3200_fxnTable)
                  200352f0    00000028     cc3x00_host_driver.aem4 : netapp.oem4 (.const)
                  20035318    00000028     CDIO_CC3200_pem4.oem4 (.const:ti_sysbios_heaps_HeapMem_Module__FXNS__C)
                  20035340    00000024     CC3200_LAUNCHXL.obj (.const:PWM_config)
                  20035364    00000024     CC3200_LAUNCHXL.obj (.const:SPI_config)
                  20035388    00000024     CC3200_LAUNCHXL.obj (.const:UART_config)
                  200353ac    00000024     drivers_cc32xxware.aem4 : UART.oem4 (.const:UART_defaultParams)
                  200353d0    00000024     cc3x00_host_driver.aem4 : driver.oem4 (.const)
                  200353f4    00000024     CDIO_CC3200_pem4.oem4 (.const:ti_sysbios_gates_GateHwi_Module__FXNS__C)
                  20035418    00000024     CDIO_CC3200_pem4.oem4 (.const:ti_sysbios_gates_GateMutex_Module__FXNS__C)
                  2003543c    00000024     CDIO_CC3200_pem4.oem4 (.const:ti_sysbios_heaps_HeapMem_Object__PARAMS__C)
                  20035460    00000024     CDIO_CC3200_pem4.oem4 (.const:ti_sysbios_knl_Clock_Object__PARAMS__C)
                  20035484    00000024     CDIO_CC3200_pem4.oem4 (.const:ti_sysbios_knl_Semaphore_Object__PARAMS__C)
                  200354a8    00000024     CDIO_CC3200_pem4.oem4 (.const:xdc_runtime_Startup_sfxnTab__A)
                  200354cc    00000022     simplelink_func.obj (.const:.string:$P$T0$1)
                  200354ee    00000002     CDIO_CC3200_pem4.oem4 (.const:ti_sysbios_family_arm_m3_Timer_Module__id__C)
                  200354f0    00000020     drivers_cc32xxware.aem4 : PWMTimerCC3200.oem4 (.const)
[...]
200350d8  ti_sysbios_knl_Task_Object__PARAMS__C                      
20035114  _SlActionLookupTable                                       
2003514c  _SlSockSocketCmdCtrl                                       
20035150  _SlSockCloseCmdCtrl                                        
20035154  _SlRecvfomCmdCtrl                                          
20035158  _SlSendCmdCtrl                                             
2003515c  _SlListenCmdCtrl                                           
20035160  _SlAcceptCmdCtrl                                           
20035164  _SlRecvCmdCtrl                                             
20035168  _SlSetSockOptCmdCtrl                                       
2003516c  _SlGetSockOptCmdCtrl                                       
20035170  _SlSelectCmdCtrl                                           
20035180  inPinTypes                                                 
20035186  outPinTypes                                                
2003518e  outPinStrengths                                            
200351b4  ti_sysbios_knl_Mailbox_Object__PARAMS__C                   
200351e8  ti_sysbios_family_arm_m3_Hwi_Object__PARAMS__C             
20035218  uartCC3200HWAttrs                                          
2003529e  ti_sysbios_family_arm_m3_Hwi_Module__id__C                 
200352a0  PowerCC3200_config                                         
200352c8  UARTCC3200_fxnTable                                        
200352f0  _SlNetAppStartCtrl                                         
200352f4  _SlNetAppStopCtrl                                          
200352f8  _SlGetServiceListeCtrl                                     
200352fc  _SlRegisterServiceCtrl                                     
20035300  _SlGetHostByServiceCtrl                                    
20035304  _SlGetHostByNameCtrl                                       
20035308  _SlNetAppSetCmdCtrl                                        
2003530c  _SlNetAppSendTokenValueCmdCtrl                             
20035310  _SlNetAppGetCmdCtrl                                        
20035318  ti_sysbios_heaps_HeapMem_Module__FXNS__C                   
20035340  PWM_config                                                 
20035364  SPI_config                                                 
20035388  UART_config                                                
200353ac  UART_defaultParams                                         
200353d0  RxMsgClassLUT                                              
200353f4  ti_sysbios_gates_GateHwi_Module__FXNS__C                   
20035418  ti_sysbios_gates_GateMutex_Module__FXNS__C                 
2003543c  ti_sysbios_heaps_HeapMem_Object__PARAMS__C                 
20035460  ti_sysbios_knl_Clock_Object__PARAMS__C                     
20035484  ti_sysbios_knl_Semaphore_Object__PARAMS__C                 
200354a8  xdc_runtime_Startup_sfxnTab__A                             
200354ee  ti_sysbios_family_arm_m3_Timer_Module__id__C               
200354f0  PWMTimerCC3200_fxnTable                                    
2003550c  PWMTimerCC3200_MAX_PRESCALAR_VALUE                         
2003550e  PWMTimerCC3200_MAX_MATCH_VALUE                             
20035510  SPI_defaultParams                                          
20035530  ti_sysbios_family_arm_m3_Hwi_Object__DESC__C               
20035550  ti_sysbios_gates_GateHwi_Object__DESC__C                   
20035570  ti_sysbios_gates_GateMutex_Object__DESC__C                 
20035590  ti_sysbios_heaps_HeapMem_Object__DESC__C                   
200355b0  ti_sysbios_knl_Clock_Object__DESC__C                       
200355d0  ti_sysbios_knl_Mailbox_Object__DESC__C                     
200355f0  ti_sysbios_knl_Queue_Object__DESC__C                       
20035610  ti_sysbios_knl_Semaphore_Object__DESC__C                   
20035630  ti_sysbios_knl_Task_Object__DESC__C                        
20035668  WiFi_config                                                
20035698  ti_sysbios_gates_GateHwi_Object__PARAMS__C                 
200356b0  ti_sysbios_gates_GateMutex_Object__PARAMS__C               
200356c8  ti_sysbios_knl_Queue_Object__PARAMS__C                     
200356f4  GPIOCC3200_config                                          
20035708  _SlStopCmdCtrl                                             
2003570c  _SlEventMaskSetCmdCtrl                                     
20035710  _SlEventMaskGetCmdCtrl                                     
20035714  _SlDeviceGetCmdCtrl                                        
20035718  _SlDeviceSetCmdCtrl                                        
2003572e  xdc_runtime_Startup_sfxnRts__A                             
20035740  _SlPayloadByProtocolLUT                                    
20035750  WiFiCC3200_fxnTable                                        
20035760  pwmTimerCC3200HWAttrs                                      
20035798  PWM_defaultParams                                          
200357a4  WiFi_defaultParams                                         
200357b0  xdc_runtime_Startup_firstFxns__A                           
200357c6  StartResponseLUT                                           
200357d6  _SlNetCfgSetCmdCtrl                                        
200357da  _SlNetCfgGetCmdCtrl                                        
200357de  ti_sysbios_gates_GateMutex_Module__id__C                   
200357e0  ti_sysbios_family_arm_m3_Hwi_excHookFuncs__A               
200357e8  ti_sysbios_knl_Idle_funcList__A                            
200357f0  ti_sysbios_knl_Idle_funcList__C                            
200357f8  xdc_runtime_Startup_firstFxns__C                           
20035800  xdc_runtime_Startup_lastFxns__C                            
20035808  ti_sysbios_family_arm_m3_Hwi_E_NMI__C                      
2003580c  ti_sysbios_family_arm_m3_Hwi_E_alreadyDefined__C           
20035810  ti_sysbios_family_arm_m3_Hwi_E_busFault__C                 
20035814  ti_sysbios_family_arm_m3_Hwi_E_debugMon__C                 
20035818  ti_sysbios_family_arm_m3_Hwi_E_hardFault__C                
2003581c  ti_sysbios_family_arm_m3_Hwi_E_memFault__C                 
20035820  ti_sysbios_family_arm_m3_Hwi_E_noIsr__C                    
20035824  ti_sysbios_family_arm_m3_Hwi_E_reserved__C                 
20035828  ti_sysbios_family_arm_m3_Hwi_E_svCall__C                   
2003582c  ti_sysbios_family_arm_m3_Hwi_E_usageFault__C               
20035830  ti_sysbios_family_arm_m3_Hwi_NUM_INTERRUPTS__C             
20035834  ti_sysbios_family_arm_m3_Hwi_Object__count__C              
20035838  ti_sysbios_family_arm_m3_Hwi_ccr__C                        
2003583c  ti_sysbios_family_arm_m3_Hwi_excHandlerFunc__C             
20035840  ti_sysbios_family_arm_m3_Hwi_excHookFuncs__C               
20035844  ti_sysbios_family_arm_m3_Hwi_nullIsrFunc__C                
20035848  ti_sysbios_family_arm_m3_Hwi_priGroup__C                   
2003584c  ti_sysbios_family_arm_m3_TaskSupport_stackAlignment__C     
20035850  ti_sysbios_family_arm_m3_Timer_E_cannotSupport__C          
20035854  ti_sysbios_family_arm_m3_Timer_startupNeeded__C            
20035858  ti_sysbios_gates_GateMutex_A_badContext__C                 
2003585c  ti_sysbios_gates_GateMutex_Instance_State_sem__O           
20035860  ti_sysbios_gates_GateMutex_Module__diagsEnabled__C         
20035864  ti_sysbios_gates_GateMutex_Module__diagsIncluded__C        
20035868  ti_sysbios_gates_GateMutex_Module__diagsMask__C            
2003586c  ti_sysbios_hal_Hwi_E_stackOverflow__C                      
20035870  ti_sysbios_heaps_HeapMem_A_align__C                        
20035874  ti_sysbios_heaps_HeapMem_A_heapSize__C                     
20035878  ti_sysbios_heaps_HeapMem_A_invalidFree__C                  
2003587c  ti_sysbios_heaps_HeapMem_A_zeroBlock__C                    
20035880  ti_sysbios_heaps_HeapMem_E_memory__C                       
20035884  ti_sysbios_heaps_HeapMem_Module__diagsEnabled__C           
20035888  ti_sysbios_heaps_HeapMem_Module__diagsIncluded__C          
2003588c  ti_sysbios_heaps_HeapMem_Module__diagsMask__C              
20035890  ti_sysbios_heaps_HeapMem_Module__gateObj__C                
20035894  ti_sysbios_heaps_HeapMem_Object__count__C                  
20035898  ti_sysbios_heaps_HeapMem_reqAlign__C                       
2003589c  ti_sysbios_knl_Clock_A_badThreadType__C                    
200358a0  ti_sysbios_knl_Clock_Module_State_clockQ__O                
200358a4  ti_sysbios_knl_Clock_Module__diagsEnabled__C               
200358a8  ti_sysbios_knl_Clock_Module__diagsIncluded__C              
200358ac  ti_sysbios_knl_Clock_Module__diagsMask__C                  
200358b0  ti_sysbios_knl_Clock_tickPeriod__C                         
200358b4  ti_sysbios_knl_Mailbox_A_invalidBufSize__C                 
200358b8  ti_sysbios_knl_Mailbox_Instance_State_dataQue__O           
200358bc  ti_sysbios_knl_Mailbox_Instance_State_dataSem__O           
200358c0  ti_sysbios_knl_Mailbox_Instance_State_freeQue__O           
200358c4  ti_sysbios_knl_Mailbox_Instance_State_freeSem__O           
200358c8  ti_sysbios_knl_Mailbox_Module__diagsEnabled__C             
200358cc  ti_sysbios_knl_Mailbox_Module__diagsIncluded__C            
200358d0  ti_sysbios_knl_Mailbox_Module__diagsMask__C                
200358d4  ti_sysbios_knl_Mailbox_Object__count__C                    
200358d8  ti_sysbios_knl_Mailbox_maxTypeAlign__C                     
200358dc  ti_sysbios_knl_Semaphore_A_badContext__C                   
200358e0  ti_sysbios_knl_Semaphore_A_noEvents__C                     
200358e4  ti_sysbios_knl_Semaphore_A_overflow__C                     
200358e8  ti_sysbios_knl_Semaphore_A_pendTaskDisabled__C             
200358ec  ti_sysbios_knl_Semaphore_Instance_State_pendQ__O           
200358f0  ti_sysbios_knl_Semaphore_Module__diagsEnabled__C           
200358f4  ti_sysbios_knl_Semaphore_Module__diagsIncluded__C          
200358f8  ti_sysbios_knl_Semaphore_Module__diagsMask__C              
200358fc  ti_sysbios_knl_Swi_Object__count__C                        
20035900  ti_sysbios_knl_Task_A_badPriority__C                       
20035904  ti_sysbios_knl_Task_A_badTaskState__C                      
20035908  ti_sysbios_knl_Task_A_badThreadType__C                     
2003590c  ti_sysbios_knl_Task_A_badTimeout__C                        
20035910  ti_sysbios_knl_Task_A_noPendElem__C                        
20035914  ti_sysbios_knl_Task_A_sleepTaskDisabled__C                 
20035918  ti_sysbios_knl_Task_E_spOutOfBounds__C                     
2003591c  ti_sysbios_knl_Task_E_stackOverflow__C                     
20035920  ti_sysbios_knl_Task_Module_State_inactiveQ__O              
20035924  ti_sysbios_knl_Task_Module__diagsEnabled__C                
20035928  ti_sysbios_knl_Task_Module__diagsIncluded__C               
2003592c  ti_sysbios_knl_Task_Module__diagsMask__C                   
20035930  ti_sysbios_knl_Task_Object__count__C                       
20035934  ti_sysbios_knl_Task_allBlockedFunc__C                      
20035938  ti_sysbios_knl_Task_defaultStackHeap__C                    
2003593c  ti_sysbios_knl_Task_defaultStackSize__C                    
20035940  ti_sysbios_knl_Task_numConstructedTasks__C                 
20035944  wiFiCC3200HWAttrs                                          
20035948  xdc_runtime_Assert_E_assertFailed__C                       
2003594c  xdc_runtime_Core_A_initializedParams__C                    
20035950  xdc_runtime_Core_Module__diagsEnabled__C                   
20035954  xdc_runtime_Core_Module__diagsIncluded__C                  
20035958  xdc_runtime_Core_Module__diagsMask__C                      
2003595c  xdc_runtime_Error_E_memory__C                              
20035960  xdc_runtime_Error_Module__diagsEnabled__C                  
20035964  xdc_runtime_Error_Module__diagsIncluded__C                 
20035968  xdc_runtime_Error_Module__diagsMask__C                     
2003596c  xdc_runtime_Error_Module__loggerFxn8__C                    
20035970  xdc_runtime_Error_Module__loggerObj__C                     
20035974  xdc_runtime_Error_policyFxn__C                             
20035978  xdc_runtime_Error_raiseHook__C                             
2003597c  xdc_runtime_IGateProvider_Interface__BASE__C               
20035980  xdc_runtime_IHeap_Interface__BASE__C                       
20035984  xdc_runtime_IModule_Interface__BASE__C                     
20035988  xdc_runtime_Log_L_error__C                                 
2003598c  xdc_runtime_Memory_defaultHeapInstance__C                  
20035990  xdc_runtime_Startup_execImpl__C                            
20035994  xdc_runtime_Startup_maxPasses__C                           
20035998  xdc_runtime_Startup_sfxnRts__C                             
2003599c  xdc_runtime_Startup_sfxnTab__C                             
200359a0  xdc_runtime_SysMin_bufSize__C                              
200359a4  xdc_runtime_SysMin_outputFunc__C                           
200359a8  xdc_runtime_System_Module__gateObj__C                      
200359ac  xdc_runtime_System_abortFxn__C                             
200359b0  xdc_runtime_System_exitFxn__C                              
200359b4  xdc_runtime_System_extendFxn__C                            
200359b8  xdc_runtime_System_maxAtexitHandlers__C                    
200359bc  xdc_runtime_Text_charTab__C                                
200359c0  xdc_runtime_Text_nameEmpty__C                              
200359c4  xdc_runtime_Text_nameStatic__C                             
200359c8  xdc_runtime_Text_nameUnknown__C                            
200359cc  xdc_runtime_Text_nodeTab__C                                
200359d0  xdc_runtime_Text_visitRopeFxn__C                           
200359d4  ti_sysbios_hal_Hwi_Module__id__C                           
200359d6  ti_sysbios_heaps_HeapMem_Module__id__C                     
200359d8  ti_sysbios_knl_Clock_Module__id__C                         
200359da  ti_sysbios_knl_Mailbox_Module__id__C                       
200359dc  ti_sysbios_knl_Semaphore_Module__id__C                     
200359de  ti_sysbios_knl_Task_Module__id__C                          
200359e0  xdc_runtime_Core_Module__id__C                             
200359e2  xdc_runtime_Error_Module__loggerDefined__C                 
200359e4  xdc_runtime_Error_maxDepth__C                              
200359e6  xdc_runtime_Memory_Module__id__C                           
200359e8  xdc_runtime_SysMin_flushAtExit__C                          
200359ea  xdc_runtime_Text_charCnt__C                                
200359ec  xdc_runtime_Text_isLoaded__C                               
200359ee  xdc_runtime_Text_registryModsLastId__C                     
200359f0  xdc_runtime_Text_unnamedModsLastId__C                      
200359f2  ti_sysbios_knl_Clock_tickSource__C                         
200359f3  xdc_runtime_Error_policy__C                                
200359f4  ti_sysbios_knl_Swi_Module_State_0_readyQ__A                
20035a74  ti_sysbios_knl_Task_Module_State_0_readyQ__A               
20035af4  PowerCC3200_module                                         
20035b48  ti_sysbios_knl_Task_Object__table__V                       
20035bdc  ti_sysbios_knl_Task_Module__state__V                       
20035c20  ti_sysbios_gates_GateMutex_Object__table__V                
20035c58  ti_sysbios_family_arm_m3_Hwi_Module__state__V              
20035c8c  ti_sysbios_family_arm_m3_Timer_Object__table__V            
20035cbc  ti_sysbios_knl_Swi_Object__table__V                        
20035cec  ti_sysbios_knl_Clock_Module__state__V                      
20035d18  ti_sysbios_BIOS_Module__state__V                           
20035d3c  ti_sysbios_knl_Swi_Module__state__V                        
20035d58  g_H2NSyncPattern                                           
20035d60  g_H2NCnysPattern                                           
20035d68  g_pCB                                                      
20035d6c  pPingCallBackFunc                                          
20035d70  gFirstCmdMode                                              
20035d72  ti_sysbios_family_arm_m3_Hwi_Module_State_0_excActive__A   
20035d74  ti_sysbios_family_arm_m3_Hwi_Object__table__V              
20035d8c  ti_sysbios_heaps_HeapMem_Object__table__V                  
20035dc8  originFlagX                                                
20035dcc  originFlagY                                                
20035dd0  insertPen                                                  
20035dd4  firstTime                                                  
20035dd5  extremePositions                                           
20035dd6  xdc_runtime_Error_Module__state__V                         
20035dd8  __TI_cleanup_ptr                                           
20035ddc  __TI_dtors_ptr                                             
20035de0  __TI_enable_exit_profile_output                            
20035de4  gpioCallbackFunctions                                      
20035df0  gpioPinConfigs                                             
20035dfc  ti_sysbios_family_arm_m3_Timer_Module__state__V            
20035e08  xdc_runtime_SysMin_Module__state__V                        
20035e14  _lock                                                      
20035e18  _unlock                                                    
20035e2c  ti_sysbios_family_arm_m3_Hwi_Module__root__V               
20035e34  ti_sysbios_gates_GateHwi_Module__root__V                   
20035e3c  ti_sysbios_gates_GateMutex_Module__root__V                 
20035e44  ti_sysbios_heaps_HeapMem_Module__root__V                   
20035e4c  ti_sysbios_knl_Clock_Module__root__V                       
20035e54  ti_sysbios_knl_Mailbox_Module__root__V                     
20035e5c  ti_sysbios_knl_Queue_Module__root__V                       
20035e64  ti_sysbios_knl_Semaphore_Module__root__V                   
20035e6c  ti_sysbios_knl_Task_Module__root__V                        
20035e74  xdc_runtime_Registry_Module__state__V                      
20035e7c  xdc_runtime_Startup_Module__state__V                       
20035e84  xdc_runtime_System_Module_State_0_atexitHandlers__A        
20035e8c  xdc_runtime_System_Module__state__V                        
20035eac  errno                                                      
20035eb0  main_func_sp                                               
20035eb4  ti_sysbios_family_arm_m3_Hwi_Module_State_0_excContext__A  
20035eb8  ti_sysbios_family_arm_m3_Hwi_Module_State_0_excStack__A    
20035ebc  ti_sysbios_gates_GateHwi_Object__table__V                  
20035ec0  ti_sysbios_knl_Task_Module_State_0_idleTask__A             
20035ec4  xdc_runtime_Memory_Module__state__V                        
20035ecc  __stack                                                    
200361cc  __STACK_END                                                
200361d0  __TI_static_base__                                         
20036528  __TI_Handler_Table_Base                                    
20036530  __TI_CINIT_Base                                            
20036530  __TI_Handler_Table_Limit                                   
20036540  __TI_CINIT_Limit                                           
e000e000  ti_sysbios_family_arm_m3_Hwi_nvic                          
ffffffff  __TI_pprof_out_hndl                                        
ffffffff  __TI_prof_data_size                                        
ffffffff  __TI_prof_data_start                                       
ffffffff  __binit__                                                  
ffffffff  __c_args__                                                 
ffffffff  binit                                                      
UNDEFED   SHT$$INIT_ARRAY$$Base                                      
UNDEFED   SHT$$INIT_ARRAY$$Limit                                     

[1040 symbols]
