******************************************************************************
                  TI ARM Linker PC v15.12.3                    
******************************************************************************
>> Linked Sat Dec 17 20:04:26 2016

OUTPUT FILE NAME:   <CDIO_CC3200.out>
ENTRY POINT SYMBOL: "_c_int00"  address: 20028df5


MEMORY CONFIGURATION

         name            origin    length      used     unused   attr    fill
----------------------  --------  ---------  --------  --------  ----  --------
  SRAM                  20004000   0003c000  0002ae24  000111dc  RW X


SEGMENT ALLOCATION MAP

run origin  load origin   length   init length attrs members
----------  ----------- ---------- ----------- ----- -------
20004000    20004000    0000030c   0000030c    r--
  20004000    20004000    0000030c   0000030c    r-- .resetVecs
20004400    20004400    0001845d   00000000    rw-
  20004400    20004400    0001845d   00000000    rw- .bss
2001c860    2001c860    00011b79   00011b79    r-x
  2001c860    2001c860    0000f3fa   0000f3fa    r-x .text
  2002bc5c    2002bc5c    0000277d   0000277d    r-- .const
2002e3dc    2002e3dc    000007d4   00000000    rw-
  2002e3dc    2002e3dc    000004d4   00000000    rw- .data
  2002e8b0    2002e8b0    00000300   00000000    rw- .stack
2002ebb0    2002ebb0    00000370   00000370    r--
  2002ebb0    2002ebb0    00000370   00000370    r-- .cinit


SECTION ALLOCATION MAP

 output                                  attributes/
section   page    origin      length       input sections
--------  ----  ----------  ----------   ----------------
.bss       0    20004400    0001845d     UNINITIALIZED
                  20004400    0000ea60     CDIO_CC3200.obj (.bss:printData)
                  20012e60    00004e20     (.common:task1Stack)
                  20017c80    00002710     (.common:task0Stack)
                  2001a390    00001400     (.common:ti_sysbios_heaps_HeapMem_Instance_State_0_buf__A)
                  2001b790    00000050     (.common:task0Struct)
                  2001b7e0    00000020     (.common:gpioCallbackInfo)
                  2001b800    00000400     CC3200_LAUNCHXL.obj (.bss:dmaControlTable)
                  2001bc00    0000030c     (.common:ti_sysbios_family_arm_m3_Hwi_dispatchTable)
                  2001bf0c    00000004     simplelink_func.obj (.bss)
                  2001bf10    00000200     CDIO_CC3200_pem4.oem4 (.bss:taskStackSection)
                  2001c110    00000200     (.common:xdc_runtime_SysMin_Module_State_0_outbuf__A)
                  2001c310    0000012c     drivers_cc32xxware.aem4 : PowerCC3200.oem4 (.bss:PowerCC3200_contextSave)
                  2001c43c    00000120     rtsv7M4_T_le_eabi.lib : trgmsg.obj (.bss:_CIOBUF_)
                  2001c55c    00000108     (.common:uartCC3200Objects)
                  2001c664    00000078     (.common:SPICC3200DMAObjects)
                  2001c6dc    00000050     (.common:task1Struct)
                  2001c72c    00000040     (.common:uartCC3200RingBuffer)
                  2001c76c    00000030     (.common:wiFiCC3200Objects)
                  2001c79c    00000024     simplelink_func.obj (.bss:g_ucConnectionSSID)
                  2001c7c0    00000020     (.common:pwmTimerCC3200Objects)
                  2001c7e0    0000001c     (.common:semStruct_ReadWrite)
                  2001c7fc    00000014     CDIO_CC3200.obj (.bss:orderToWorkTask)
                  2001c810    00000014     (.common:powerNotifyObj)
                  2001c824    00000008     simplelink_func.obj (.bss:g_ucConnectionBSSID)
                  2001c82c    00000008     rtsv7M4_T_le_eabi.lib : trgdrv.obj (.bss:parmbuf)
                  2001c834    00000004     (.common:SimpleLinkSpawnTaskHndl)
                  2001c838    00000008     (.common:firstRTC$1)
                  2001c840    00000008     (.common:spiCC3200DMAscratchBuf)
                  2001c848    00000008     (.common:steps)
                  2001c850    00000004     (.common:firstTick$2)
                  2001c854    00000004     (.common:semHandle_ReadWrite)
                  2001c858    00000004     (.common:simpleLink_mailbox)
                  2001c85c    00000001     (.common:RxIrqCnt)

.text      0    2001c860    0000f3fa     
                  2001c860    000010fc     rtsv7M4_T_le_eabi.lib : _printfi.obj (.text)
                  2001d95c    00000fc4     webclient.a : httpcli.obj (.text)
                  2001e920    00000430     sysbios.aem4 : BIOS.obj (.text:ti_sysbios_family_arm_m3_Hwi_excDumpRegs__I)
                  2001ed50    0000040c     simplelink_func.obj (.text:fetchAndParseData)
                  2001f15c    000003b0     simplelink_func.obj (.text:ConfigureSimpleLinkToDefaultState)
                  2001f50c    0000039a     cc3x00_host_driver.aem4 : driver.oem4 (.text:_SlDrvMsgRead)
                  2001f8a6    00000002     drivers_cc32xxware.aem4 : SPICC3200DMA.oem4 (.text:SPICC3200DMA_serviceISR)
                  2001f8a8    0000034c     ti.targets.arm.rtsarm.aem4 : System.oem4 (.text:xdc_runtime_System_doPrint__I)
                  2001fbf4    00000328     CDIO_CC3200.obj (.text:moveTask)
                  2001ff1c    00000324     rtsv7M4_T_le_eabi.lib : trgdrv.obj (.text)
                  20020240    000002ea     webclient.a : ssock.obj (.text)
                  2002052a    00000006     drivers_cc32xxware.aem4 : PWMTimerCC3200.oem4 (.text:PWMTimerCC3200_getPeriodMicroSecs)
                  20020530    000002c0     sysbios.aem4 : BIOS.obj (.text:ti_sysbios_knl_Semaphore_pend__E)
                  200207f0    00000254                  : BIOS.obj (.text:ti_sysbios_heaps_HeapMem_free__E)
                  20020a44    00000004     tirtosport.aem4 : ClockP_tirtos.oem4 (.text:ClockP_getCpuFreq)
                  20020a48    00000248     sysbios.aem4 : BIOS.obj (.text:ti_sysbios_heaps_HeapMem_alloc__E)
                  20020c90    0000022c                  : BIOS.obj (.text:ti_sysbios_knl_Task_Instance_finalize__E)
                  20020ebc    00000208     drivers_cc32xxware.aem4 : UARTCC3200.oem4 (.text:UARTCC3200_open)
                  200210c4    00000004     tirtosport.aem4 : HwiP_tirtos.oem4 (.text:HwiP_clearInterrupt)
                  200210c8    000001fc     sysbios.aem4 : BIOS.obj (.text:ti_sysbios_family_arm_m3_Hwi_excHandlerMax__I)
                  200212c4    000001f4     rtsv7M4_T_le_eabi.lib : ull_div_t2.obj (.text)
                  200214b8    000001e0     sysbios.aem4 : BIOS.obj (.text:ti_sysbios_knl_Task_sleep__E)
                  20021698    000001d4     simplelink_func.obj (.text:SimpleLinkWlanEventHandler)
                  2002186c    00000004     tirtosport.aem4 : HwiP_tirtos.oem4 (.text:HwiP_disable)
                  20021870    000001c8     sysbios.aem4 : BIOS.obj (.text:ti_sysbios_knl_Task_Instance_init__E)
                  20021a38    000001b6     rtsv7M4_T_le_eabi.lib : fd_add_t2.obj (.text)
                  20021bee    00000002     drivers_cc32xxware.aem4 : SPICC3200DMA.oem4 (.text:SPICC3200DMA_transferCancel)
                  20021bf0    000001a8     cc3x00_host_driver.aem4 : wlan.oem4 (.text:sl_WlanConnect)
                  20021d98    00000188     power_cc3200_tirtos.aem4 : PowerCC3200_tirtos.oem4 (.text:PowerCC3200_sleepPolicy)
                  20021f20    0000017c     drivers_cc32xxware.aem4 : GPIOCC3200.oem4 (.text:GPIO_setConfig)
                  2002209c    00000004                             : List.oem4 (.text:List_head)
                  200220a0    00000174     sysbios.aem4 : BIOS.obj (.text:ti_sysbios_family_arm_m3_Hwi_excBusFault__I)
                  20022214    00000168     CDIO_CC3200.obj (.text:main)
                  2002237c    00000004     drivers_cc32xxware.aem4 : List.oem4 (.text:List_next)
                  20022380    00000164     sysbios.aem4 : BIOS.obj (.text:ti_sysbios_family_arm_m3_Hwi_excUsageFault__I)
                  200224e4    00000004     drivers_wifi_cc32xxware.aem4 : osi_tirtos.oem4 (.text:mem_Malloc)
                  200224e8    00000158     sysbios.aem4 : BIOS.obj (.text:ti_sysbios_knl_Mailbox_Instance_init__E)
                  20022640    00000154     drivers_cc32xxware.aem4 : SPICC3200DMA.oem4 (.text:SPICC3200DMA_transfer)
                  20022794    00000150     cc3x00_host_driver.aem4 : driver.oem4 (.text:_SlDrvRxHdrRead)
                  200228e4    00000150     CDIO_CC3200.obj (.text:move)
                  20022a34    00000004     CDIO_CC3200_pem4.oem4 (.text:ti_sysbios_BIOS_RtsGateProxy_enter__E)
                  20022a38    00000148     sysbios.aem4 : BIOS.obj (.text:ti_sysbios_family_arm_m3_Hwi_excMemFault__I)
                  20022b80    0000013c                  : BIOS.obj (.text:ti_sysbios_heaps_HeapMem_Instance_init__E)
                  20022cbc    00000136     rtsv7M4_T_le_eabi.lib : fd_div_t2.obj (.text)
                  20022df2    00000002                           : i_div0.obj (.text)
                  20022df4    00000134     driverlib.a : prcm.obj (.text:PRCMCC3200MCUInit)
                  20022f28    00000124     drivers_cc32xxware.aem4 : SPICC3200DMA.oem4 (.text:SPICC3200DMA_open)
                  2002304c    00000120     simplelink_func.obj (.text:flushHTTPResponse)
                  2002316c    0000011c     CDIO_CC3200.obj (.text:dataTask)
                  20023288    0000011c     sysbios.aem4 : BIOS.obj (.text:ti_sysbios_knl_Clock_Instance_init__E)
                  200233a4    00000118     cc3x00_host_driver.aem4 : driver.oem4 (.text:_SlDrvMsgWrite)
                  200234bc    00000118     ti.targets.arm.rtsarm.aem4 : Error.oem4 (.text:xdc_runtime_Error_policyDefault__E)
                  200235d4    00000114     rtsv7M4_T_le_eabi.lib : strtoul.obj (.text)
                  200236e8    0000010c     simplelink_func.obj (.text:SimpleLinkNetAppEventHandler)
                  200237f4    00000102     rom_pin_mux_config.obj (.text:PinMuxConfig)
                  200238f6    00000002     CDIO_CC3200_pem4.oem4 (.text:ti_sysbios_BIOS_nullFunc__I)
                  200238f8    00000100     ti.targets.arm.rtsarm.aem4 : Core-mem.oem4 (.text:xdc_runtime_Core_createObject__I)
                  200239f8    000000fd     simplelink_func.obj (.text:SimpleLinkSockEventHandler)
                  20023af5    00000001     --HOLE-- [fill = 0]
                  20023af6    000000fc     rtsv7M4_T_le_eabi.lib : fd_mul_t2.obj (.text)
                  20023bf2    00000002     CDIO_CC3200_pem4.oem4 (.text:xdc_runtime_Startup_reset__I)
                  20023bf4    000000f8     ti.targets.arm.rtsarm.aem4 : Startup.oem4 (.text:xdc_runtime_Startup_startMods__I)
                  20023cec    000000f8     CDIO_CC3200_pem4.oem4 (.text:xdc_runtime_System_printfExtend__I)
                  20023de4    000000f0     driverlib.a : udma.obj (.text:uDMAChannelTransferSet)
                  20023ed4    000000ec     cc3x00_host_driver.aem4 : driver.oem4 (.text:_SlDrvDriverCBInit)
                  20023fc0    000000ec     sysbios.aem4 : BIOS.obj (.text:ti_sysbios_knl_Semaphore_post__E)
                  200240ac    000000e0     drivers_cc32xxware.aem4 : PWMTimerCC3200.oem4 (.text:PWMTimerCC3200_open)
                  2002418c    000000e0     cc3x00_host_driver.aem4 : driver.oem4 (.text:_SlDrvDataReadOp)
                  2002426c    000000d8     drivers_cc32xxware.aem4 : SPICC3200DMA.oem4 (.text:configDMA)
                  20024344    000000d0     cc3x00_host_driver.aem4 : driver.oem4 (.text:_SlDrvWaitForPoolObj)
                  20024414    000000d0     drivers_cc32xxware.aem4 : GPIOCC3200.oem4 (.text:powerNotifyFxn)
                  200244e4    000000d0     rtsv7M4_T_le_eabi.lib : s_scalbn.obj (.text)
                  200245b4    000000d0     sysbios.aem4 : m3_Hwi_asm.obj (.text:ti_sysbios_family_arm_m3_Hwi_dispatch__I)
                  20024684    000000cc     ti.targets.arm.rtsarm.aem4 : Core-smem.oem4 (.text:xdc_runtime_Core_constructObject__I)
                  20024750    000000c8     cc3x00_host_driver.aem4 : driver.oem4 (.text:_SlDrvReleasePoolObj)
                  20024818    000000bc     sysbios.aem4 : BIOS.obj (.text:ti_sysbios_family_arm_m3_Hwi_excDebugMon__I)
                  200248d4    00000004     CDIO_CC3200_pem4.oem4 (.text:ti_sysbios_BIOS_RtsGateProxy_leave__E)
                  200248d8    000000bc     sysbios.aem4 : BIOS.obj (.text:ti_sysbios_family_arm_m3_Hwi_excHardFault__I)
                  20024994    000000b8     drivers_cc32xxware.aem4 : PWMTimerCC3200.oem4 (.text:PWMTimerCC3200_setDuty)
                  20024a4c    000000b8     cc3x00_host_driver.aem4 : netapp.oem4 (.text:sl_NetAppDnsGetHostByName)
                  20024b04    000000b8     simplelink_func.obj (.text:wlanConnect)
                  20024bbc    000000b4     cc3x00_host_driver.aem4 : netapp.oem4 (.text:_SlDrvNetAppEventHandler)
                  20024c70    000000b4     sysbios.aem4 : BIOS.obj (.text:ti_sysbios_gates_GateMutex_enter__E)
                  20024d24    00000004     CDIO_CC3200_pem4.oem4 (.text:ti_sysbios_family_arm_m3_Hwi_destruct)
                  20024d28    000000b4     sysbios.aem4 : BIOS.obj (.text:ti_sysbios_knl_Task_checkStacks__E)
                  20024ddc    000000b0     cc3x00_host_driver.aem4 : socket.oem4 (.text:sl_Connect)
                  20024e8c    000000ac                             : driver.oem4 (.text:_SlDrvDataWriteOp)
                  20024f38    000000aa     uart_if.obj (.text:Report)
                  20024fe2    000000a8     simplelink_func.obj (.text:charToInt)
                  2002508a    00000006     drivers_cc32xxware.aem4 : SPICC3200DMA.oem4 (.text:SPICC3200DMA_control)
                  20025090    000000a8     sysbios.aem4 : BIOS.obj (.text:ti_sysbios_knl_Task_postInit__I)
                  20025138    000000a4     cc3x00_host_driver.aem4 : socket.oem4 (.text:sl_Send)
                  200251dc    00000004     CDIO_CC3200_pem4.oem4 (.text:ti_sysbios_family_arm_m3_TaskSupport_Module__startupDone__S)
                  200251e0    000000a4     sysbios.aem4 : BIOS.obj (.text:ti_sysbios_knl_Clock_Instance_finalize__E)
                  20025284    000000a2     drivers_cc32xxware.aem4 : UARTCC3200.oem4 (.text:UARTCC3200_write)
                  20025326    00000002     --HOLE-- [fill = 0]
                  20025328    000000a0     driverlib.a : spi.obj (.text:SPIConfigSetExpClk)
                  200253c8    000000a0     auto_init.aem4 : auto_init.oem4 (.text)
                  20025468    000000a0     ti.targets.arm.rtsarm.aem4 : Text.oem4 (.text:xdc_runtime_Text_putMod__E)
                  20025508    0000009e     drivers_cc32xxware.aem4 : UARTCC3200.oem4 (.text:readTaskBlocking)
                  200255a6    0000009c     rtsv7M4_T_le_eabi.lib : memcpy_t2.obj (.text)
                  20025642    00000006     driverlib.a : utils.obj (.text:UtilsDelay)
                  20025648    0000009c     sysbios.aem4 : BIOS.obj (.text:ti_sysbios_knl_Semaphore_Instance_init__E)
                  200256e4    0000009a     ti.targets.arm.rtsarm.aem4 : Text.oem4 (.text:xdc_runtime_Text_putSite__E)
                  2002577e    00000098     drivers_cc32xxware.aem4 : UARTCC3200.oem4 (.text:UARTCC3200_control)
                  20025816    00000098                             : UARTCC3200.oem4 (.text:UARTCC3200_readPolling)
                  200258ae    00000002     --HOLE-- [fill = 0]
                  200258b0    00000098     cc3x00_host_driver.aem4 : driver.oem4 (.text:_SlDrvMsgReadCmdCtx)
                  20025948    00000098                             : device.oem4 (.text:sl_Stop)
                  200259e0    00000098     sysbios.aem4 : BIOS.obj (.text:ti_sysbios_knl_Mailbox_post__E)
                  20025a78    00000094     driverlib.a : prcm.obj (.text:PRCMPeripheralClockGet)
                  20025b0c    00000094     cc3x00_host_driver.aem4 : driver.oem4 (.text:_SlFindAndSetActiveObj)
                  20025ba0    00000094     drivers_cc32xxware.aem4 : SPICC3200DMA.oem4 (.text:initHw)
                  20025c34    00000004     CDIO_CC3200_pem4.oem4 (.text:ti_sysbios_heaps_HeapMem_Module_GateProxy_enter__E)
                  20025c38    00000094     sysbios.aem4 : BIOS.obj (.text:ti_sysbios_family_arm_m3_Hwi_Instance_init__E)
                  20025ccc    00000090     cc3x00_host_driver.aem4 : driver.oem4 (.text:_SlDrvDriverCBDeinit)
                  20025d5c    00000090     drivers_cc32xxware.aem4 : PowerCC3200.oem4 (.text:restoreNVICRegs)
                  20025dec    00000090     cc3x00_host_driver.aem4 : device.oem4 (.text:sl_Start)
                  20025e7c    00000004     CDIO_CC3200_pem4.oem4 (.text:ti_sysbios_heaps_HeapMem_Module_GateProxy_leave__E)
                  20025e80    0000008c     sysbios.aem4 : BIOS.obj (.text:ti_sysbios_knl_Mailbox_pend__E)
                  20025f0c    0000008a     drivers_cc32xxware.aem4 : UARTCC3200.oem4 (.text:readIsrTextBlocking)
                  20025f96    00000002     --HOLE-- [fill = 0]
                  20025f98    00000088     driverlib.a : pin.obj (.text:PinConfigSet)
                  20026020    00000088     drivers_cc32xxware.aem4 : UARTCC3200.oem4 (.text:UARTCC3200_close)
                  200260a8    00000088     rtsv7M4_T_le_eabi.lib : vsnprintf.obj (.text)
                  20026130    00000088     drivers_cc32xxware.aem4 : SPICC3200DMA.oem4 (.text:spiHwiFxn)
                  200261b8    00000088     sysbios.aem4 : BIOS.obj (.text:ti_sysbios_family_arm_m3_Hwi_initNVIC__E)
                  20026240    00000088                  : BIOS.obj (.text:ti_sysbios_knl_Mailbox_Module_startup__E)
                  200262c8    00000086     rtsv7M4_T_le_eabi.lib : fd_cmp_t2.obj (.text:__aeabi_cdcmple)
                  2002634e    00000086                           : fd_cmp_t2.obj (.text:__aeabi_cdrcmple)
                  200263d4    00000084     drivers_cc32xxware.aem4 : GPIOCC3200.oem4 (.text:GPIO_init)
                  20026458    00000084                             : PowerCC3200.oem4 (.text:saveNVICRegs)
                  200264dc    00000084     cc3x00_host_driver.aem4 : netapp.oem4 (.text:sl_NetAppMDNSRegisterUnregisterService)
                  20026560    00000084     sysbios.aem4 : BIOS.obj (.text:ti_sysbios_family_arm_m3_Hwi_postInit__I)
                  200265e4    00000082     driverlib.a : gpio.obj (.text:GPIOIntTypeSet)
                  20026666    00000082     drivers_cc32xxware.aem4 : UARTCC3200.oem4 (.text:readIsrTextCallback)
                  200266e8    00000080     drivers_wifi_cc32xxware.aem4 : WiFiCC3200.oem4 (.text:WiFiCC3200_open)
                  20026768    0000007c     driverlib.a : spi.obj (.text:SPIIntStatus)
                  200267e4    0000007a     drivers_cc32xxware.aem4 : UARTCC3200.oem4 (.text:readTaskCallback)
                  2002685e    0000007a     rtsv7M4_T_le_eabi.lib : memset_t2.obj (.text)
                  200268d8    00000078     drivers_wifi_cc32xxware.aem4 : osi_tirtos.oem4 (.text:VStartSimpleLinkSpawnTask)
                  20026950    00000078     cc3x00_host_driver.aem4 : device.oem4 (.text:sl_DevGet)
                  200269c8    00000078     simplelink_func.obj (.text:wlanStart)
                  20026a40    00000076     driverlib.a : uart.obj (.text:UARTConfigSetExpClk)
                  20026ab6    00000002     --HOLE-- [fill = 0]
                  20026ab8    00000074     cc3x00_host_driver.aem4 : driver.oem4 (.text:_SlDrvClassifyRxMsg)
                  20026b2c    00000004     CDIO_CC3200_pem4.oem4 (.text:ti_sysbios_knl_Clock_TimerProxy_getMaxTicks__E)
                  20026b30    00000074     sysbios.aem4 : BIOS.obj (.text:ti_sysbios_knl_Clock_start__E)
                  20026ba4    00000070     drivers_cc32xxware.aem4 : PWMTimerCC3200.oem4 (.text:PWMTimerCC3200_control)
                  20026c14    00000070                             : PowerCC3200.oem4 (.text:Power_sleep)
                  20026c84    00000070     cc3x00_host_driver.aem4 : driver.oem4 (.text:_SlDrvCmdOp)
                  20026cf4    00000004     CDIO_CC3200_pem4.oem4 (.text:ti_sysbios_knl_Clock_TimerProxy_setPeriodMicroSecs__E)
                  20026cf8    00000070     sysbios.aem4 : BIOS.obj (.text:ti_sysbios_knl_Mailbox_Instance_finalize__E)
                  20026d68    0000006d     ti.targets.arm.rtsarm.aem4 : System.oem4 (.text:xdc_runtime_System_formatNum__I)
                  20026dd5    00000003     --HOLE-- [fill = 0]
                  20026dd8    0000006c     cc3x00_host_driver.aem4 : driver.oem4 (.text:_SlDrvMsgReadSpawnCtx)
                  20026e44    0000006c     drivers_cc32xxware.aem4 : UARTCC3200.oem4 (.text:initHw)
                  20026eb0    0000006c     sysbios.aem4 : BIOS.obj (.text:ti_sysbios_knl_Clock_workFunc__E)
                  20026f1c    00000004     CDIO_CC3200_pem4.oem4 (.text:ti_sysbios_knl_Clock_TimerProxy_start__E)
                  20026f20    0000006c     sysbios.aem4 : BIOS.obj (.text:ti_sysbios_knl_Swi_restoreHwi__E)
                  20026f8c    00000004     CDIO_CC3200_pem4.oem4 (.text:ti_sysbios_knl_Clock_TimerProxy_stop__E)
                  20026f90    0000006c     sysbios.aem4 : BIOS.obj (.text:ti_sysbios_knl_Task_exit__E)
                  20026ffc    0000006c     simplelink_func.obj (.text:unPackData)
                  20027068    0000006c     ti.targets.arm.rtsarm.aem4 : Error.oem4 (.text:xdc_runtime_Error_print__E)
                  200270d4    0000006c                                : Memory.oem4 (.text:xdc_runtime_Memory_alloc__E)
                  20027140    0000006a     rtsv7M4_T_le_eabi.lib : copy_decompress_rle.obj (.text)
                  200271aa    00000002     --HOLE-- [fill = 0]
                  200271ac    00000068     driverlib.a : prcm.obj (.text:PRCMHibernateWakeUpGPIOSelect)
                  20027214    00000068     rtsv7M4_T_le_eabi.lib : trgmsg.obj (.text)
                  2002727c    00000068     simplelink_func.obj (.text:setupHTTPConnection)
                  200272e4    00000068     drivers_wifi_cc32xxware.aem4 : WiFiCC3200.oem4 (.text:spi_Read)
                  2002734c    00000068                                  : WiFiCC3200.oem4 (.text:spi_Write)
                  200273b4    00000068     drivers_cc32xxware.aem4 : UARTCC3200.oem4 (.text:writeData)
                  2002741c    00000066     ti.targets.arm.rtsarm.aem4 : Core-mem.oem4 (.text:xdc_runtime_Core_deleteObject__I)
                  20027482    00000002     --HOLE-- [fill = 0]
                  20027484    00000064     drivers_cc32xxware.aem4 : GPIOCC3200.oem4 (.text:GPIO_hwiIntFxn)
                  200274e8    00000064     cc3x00_host_driver.aem4 : netapp.oem4 (.text:_sl_HandleAsync_DnsGetHostByName)
                  2002754c    00000004     CDIO_CC3200_pem4.oem4 (.text:ti_sysbios_knl_Clock_destruct)
                  20027550    00000064     sysbios.aem4 : BIOS.obj (.text:ti_sysbios_family_arm_m3_Hwi_dispatchC__I)
                  200275b4    00000064     CDIO_CC3200_pem4.oem4 (.text:ti_sysbios_knl_Mailbox_create)
                  20027618    00000064     driverlib.a : udma.obj (.text:uDMAChannelAttributeDisable)
                  2002767c    00000062     tirtosport.aem4 : HwiP_tirtos.oem4 (.text:HwiP_create)
                  200276de    00000002     --HOLE-- [fill = 0]
                  200276e0    00000060     cc3x00_host_driver.aem4 : netapp.oem4 (.text:_sl_HandleAsync_DnsGetHostByService)
                  20027740    00000060                             : device.oem4 (.text:_sl_HandleAsync_InitComplete)
                  200277a0    00000060                             : netapp.oem4 (.text:_sl_HandleAsync_PingResponse)
                  20027800    00000060     sysbios.aem4 : BIOS.obj (.text:ti_sysbios_knl_Task_schedule__I)
                  20027860    0000005e     drivers_cc32xxware.aem4 : UARTCC3200.oem4 (.text:readIsrBinaryBlocking)
                  200278be    00000002     --HOLE-- [fill = 0]
                  200278c0    0000005c     rtsv7M4_T_le_eabi.lib : s_frexp.obj (.text)
                  2002791c    00000004     CDIO_CC3200_pem4.oem4 (.text:ti_sysbios_knl_Mailbox_delete)
                  20027920    0000005c     sysbios.aem4 : BIOS.obj (.text:ti_sysbios_knl_Swi_run__I)
                  2002797c    00000004     CDIO_CC3200_pem4.oem4 (.text:ti_sysbios_knl_Queue_destruct)
                  20027980    0000005c     sysbios.aem4 : BIOS.obj (.text:ti_sysbios_knl_Swi_schedule__I)
                  200279dc    00000004     CDIO_CC3200_pem4.oem4 (.text:ti_sysbios_knl_Semaphore_delete)
                  200279e0    0000005c     sysbios.aem4 : BIOS.obj (.text:ti_sysbios_knl_Task_Module_startup__E)
                  20027a3c    0000005c     CDIO_CC3200_pem4.oem4 (.text:ti_sysbios_knl_Task_create)
                  20027a98    0000005c     sysbios.aem4 : BIOS.obj (.text:ti_sysbios_knl_Task_startCore__E)
                  20027af4    0000005b     ti.targets.arm.rtsarm.aem4 : Text.oem4 (.text:xdc_runtime_Text_putLab__E)
                  20027b4f    00000001     --HOLE-- [fill = 0]
                  20027b50    0000005a     tirtosport.aem4 : ClockP_tirtos.oem4 (.text:ClockP_create)
                  20027baa    0000005a     drivers_cc32xxware.aem4 : SPICC3200DMA.oem4 (.text:SPICC3200DMA_close)
                  20027c04    00000058     driverlib.a : interrupt.obj (.text:IntPendClear)
                  20027c5c    00000058                 : prcm.obj (.text:PRCMPeripheralReset)
                  20027cb4    00000058     drivers_cc32xxware.aem4 : PowerCC3200.oem4 (.text:Power_init)
                  20027d0c    00000058     tirtosport.aem4 : SemaphoreP_tirtos.oem4 (.text:SemaphoreP_create)
                  20027d64    00000058     cc3x00_host_driver.aem4 : driver.oem4 (.text:_SlDrvCmdSend)
                  20027dbc    00000058                             : netapp.oem4 (.text:_sl_NetAppSendTokenValue)
                  20027e14    00000058     CDIO_CC3200_pem4.oem4 (.text:ti_sysbios_family_arm_m3_Hwi_construct)
                  20027e6c    00000056     rtsv7M4_T_le_eabi.lib : ltoa.obj (.text)
                  20027ec2    00000002     --HOLE-- [fill = 0]
                  20027ec4    00000054     CC3200_LAUNCHXL.obj (.text:CC3200_LAUNCHXL_initDMA)
                  20027f18    00000054     drivers_cc32xxware.aem4 : UARTCC3200.oem4 (.text:UARTCC3200_writeCancel)
                  20027f6c    00000054                             : UARTCC3200.oem4 (.text:readIsrBinaryCallback)
                  20027fc0    00000054     rtsv7M4_T_le_eabi.lib : exit.obj (.text)
                  20028014    00000054     cc3x00_host_driver.aem4 : socket.oem4 (.text:sl_SetSockOpt)
                  20028068    00000054     sysbios.aem4 : BIOS.obj (.text:ti_sysbios_family_arm_m3_Timer_setPeriod__E)
                  200280bc    00000004     CDIO_CC3200_pem4.oem4 (.text:ti_sysbios_knl_Semaphore_destruct)
                  200280c0    00000054     sysbios.aem4 : BIOS.obj (.text:ti_sysbios_family_arm_m3_Timer_start__E)
                  20028114    00000054     CDIO_CC3200_pem4.oem4 (.text:ti_sysbios_knl_Task_construct)
                  20028168    00000054     ti.targets.arm.rtsarm.aem4 : Assert.oem4 (.text:xdc_runtime_Assert_raise__I)
                  200281bc    00000050     drivers_wifi_cc32xxware.aem4 : WiFiCC3200.oem4 (.text:CC3X00_NWP_enablePreamble)
                  2002820c    00000050     cc3x00_host_driver.aem4 : socket.oem4 (.text:_sl_HandleAsync_Connect)
                  2002825c    00000050                             : netcfg.oem4 (.text:sl_NetCfgSet)
                  200282ac    00000050                             : wlan.oem4 (.text:sl_WlanSet)
                  200282fc    00000004     CDIO_CC3200_pem4.oem4 (.text:ti_sysbios_knl_Task_delete)
                  20028300    00000050     sysbios.aem4 : BIOS.obj (.text:ti_sysbios_family_arm_m3_Hwi_Module_startup__E)
                  20028350    00000050     ti.targets.arm.rtsarm.aem4 : Startup.oem4 (.text:xdc_runtime_Startup_exec__E)
                  200283a0    00000050                                : Text.oem4 (.text:xdc_runtime_Text_visitRope2__I)
                  200283f0    0000004c     gpio_if.obj (.text:GPIO_IF_GetPortNPin)
                  2002843c    0000004c     drivers_cc32xxware.aem4 : GPIOCC3200.oem4 (.text:GPIO_setCallback)
                  20028488    0000004c     driverlib.a : spi.obj (.text:SPIIntDisable)
                  200284d4    0000004c                 : spi.obj (.text:SPIIntEnable)
                  20028520    0000004c     cc3x00_host_driver.aem4 : device.oem4 (.text:_SlDrvDeviceEventHandler)
                  2002856c    0000004c                             : socket.oem4 (.text:_sl_HandleAsync_Accept)
                  200285b8    0000004c     rtsv7M4_T_le_eabi.lib : atoi.obj (.text)
                  20028604    0000004c                           : cpy_tbl.obj (.text)
                  20028650    0000004c     sysbios.aem4 : m3_TaskSupport_asm.obj (.text:ti_sysbios_family_arm_m3_TaskSupport_buildTaskStack)
                  2002869c    00000004     ti.targets.arm.rtsarm.aem4 : Error.oem4 (.text:xdc_runtime_Error_getSite__E)
                  200286a0    0000004c     sysbios.aem4 : BIOS.obj (.text:ti_sysbios_family_arm_m3_Timer_setPeriodMicroSecs__E)
                  200286ec    00000004     CDIO_CC3200_pem4.oem4 (.text:xdc_runtime_System_Module_GateProxy_enter__E)
                  200286f0    0000004c     sysbios.aem4 : BIOS.obj (.text:ti_sysbios_heaps_HeapMem_getStats__E)
                  2002873c    00000004     CDIO_CC3200_pem4.oem4 (.text:xdc_runtime_System_Module_GateProxy_leave__E)
                  20028740    0000004c     sysbios.aem4 : BIOS.obj (.text:ti_sysbios_knl_Swi_runLoop__I)
                  2002878c    00000004     ti.targets.arm.rtsarm.aem4 : System.oem4 (.text:xdc_runtime_System_aprintf_va__F)
                  20028790    0000004c     sysbios.aem4 : BIOS.obj (.text:ti_sysbios_knl_Task_allBlockedFunction__I)
                  200287dc    0000004c     driverlib.a : udma.obj (.text:uDMAChannelAssign)
                  20028828    00000048                 : flash.obj (.text:FlashDisable)
                  20028870    00000048                 : prcm.obj (.text:PRCMHibernateWakeupSourceEnable)
                  200288b8    00000048                 : pin.obj (.text:PinConfigGet)
                  20028900    00000048                 : spi.obj (.text:SPIIntClear)
                  20028948    00000048     cc3x00_host_driver.aem4 : driver.oem4 (.text:_SlRemoveFromList)
                  20028990    00000048     drivers_cc32xxware.aem4 : PowerCC3200.oem4 (.text:notify)
                  200289d8    00000048     rtsv7M4_T_le_eabi.lib : fd_toi_t2.obj (.text)
                  20028a20    00000048     cc3x00_host_driver.aem4 : socket.oem4 (.text:sl_Recv)
                  20028a68    00000048     sysbios.aem4 : BIOS.obj (.text:ti_sysbios_family_arm_m3_Hwi_disableInterrupt__E)
                  20028ab0    00000048                  : BIOS.obj (.text:ti_sysbios_family_arm_m3_Hwi_enableInterrupt__E)
                  20028af8    00000048                  : BIOS.obj (.text:ti_sysbios_family_arm_m3_Hwi_excReserved__I)
                  20028b40    00000048                  : m3_Hwi_asm_switch.obj (.text:ti_sysbios_family_arm_m3_Hwi_initStacks__E)
                  20028b88    00000048                  : BIOS.obj (.text:ti_sysbios_family_arm_m3_Timer_initDevice__I)
                  20028bd0    00000046     drivers_cc32xxware.aem4 : RingBuf.oem4 (.text:RingBuf_put)
                  20028c16    00000046     ti.targets.arm.rtsarm.aem4 : Core-params.oem4 (.text:xdc_runtime_Core_assignParams__I)
                  20028c5c    00000044     driverlib.a : prcm.obj (.text:PRCMLPDSEnter)
                  20028ca0    00000044     drivers_cc32xxware.aem4 : PowerCC3200_asm.oem4 (.text:PowerCC3200_enterLPDS)
                  20028ce4    00000044     driverlib.a : spi.obj (.text:SPIDmaMaskGet)
                  20028d28    00000044     simplelink_func.obj (.text:SimpleLinkGeneralEventHandler)
                  20028d6c    00000044     drivers_cc32xxware.aem4 : UARTCC3200.oem4 (.text:UARTCC3200_hwiIntFxn)
                  20028db0    00000044     cc3x00_host_driver.aem4 : driver.oem4 (.text:_SlAsyncEventGenericHandler)
                  20028df4    00000044     boot.aem4 : boot.oem4 (.text)
                  20028e38    00000044     cc3x00_host_driver.aem4 : wlan.oem4 (.text:sl_WlanPolicySet)
                  20028e7c    00000004     ti.targets.arm.rtsarm.aem4 : System.oem4 (.text:xdc_runtime_System_printf_va__F)
                  20028e80    00000044     sysbios.aem4 : BIOS.obj (.text:ti_sysbios_family_arm_m3_Hwi_getStackInfo__E)
                  20028ec4    00000004     --HOLE-- [fill = 0]
                  20028ec8    00000044                  : BIOS.obj (.text:ti_sysbios_knl_Mailbox_postInit__I)
                  20028f0c    00000004     --HOLE-- [fill = 0]
                  20028f10    00000044                  : BIOS.obj (.text:ti_sysbios_knl_Swi_post__E)
                  20028f54    00000044     ti.targets.arm.rtsarm.aem4 : Error.oem4 (.text:xdc_runtime_Error_setX__E)
                  20028f98    00000044                                : SysMin.oem4 (.text:xdc_runtime_SysMin_flush__E)
                  20028fdc    00000044                                : Text.oem4 (.text:xdc_runtime_Text_xprintf__I)
                  20029020    00000042     drivers_cc32xxware.aem4 : PowerCC3200_asm.oem4 (.text:PowerCC3200_resumeLPDS)
                  20029062    00000042                             : UARTCC3200.oem4 (.text:UARTCC3200_writePolling)
                  200290a4    00000040                             : GPIOCC3200.oem4 (.text:GPIO_enableInt)
                  200290e4    00000040     driverlib.a : pin.obj (.text:PinModeSet)
                  20029124    00000040     drivers_cc32xxware.aem4 : PowerCC3200.oem4 (.text:Power_setDependency)
                  20029164    00000040                             : RingBuf.oem4 (.text:RingBuf_get)
                  200291a4    00000040                             : UARTCC3200.oem4 (.text:UARTCC3200_read)
                  200291e4    00000040     cc3x00_host_driver.aem4 : driver.oem4 (.text:_SlDrvRxIrqHandler)
                  20029224    00000040                             : socket.oem4 (.text:_sl_HandleAsync_Select)
                  20029264    00000040     drivers_wifi_cc32xxware.aem4 : osi_tirtos.oem4 (.text:osi_LockObjLock)
                  200292a4    00000040                                  : osi_tirtos.oem4 (.text:osi_SyncObjCreate)
                  200292e4    00000040                                  : osi_tirtos.oem4 (.text:osi_SyncObjWait)
                  20029324    00000040     rtsv7M4_T_le_eabi.lib : u_divt2.obj (.text)
                  20029364    00000040     cc3x00_host_driver.aem4 : wlan.oem4 (.text:sl_WlanRxFilterSet)
                  200293a4    00000004     --HOLE-- [fill = 0]
                  200293a8    00000040     sysbios.aem4 : BIOS.obj (.text:ti_sysbios_family_arm_m3_Timer_Module_startup__E)
                  200293e8    0000003e     CDIO_CC3200_pem4.oem4 (.text:realloc)
                  20029426    00000002     --HOLE-- [fill = 0]
                  20029428    0000003c     driverlib.a : prcm.obj (.text:PRCMPeripheralClkEnable)
                  20029464    0000003c                 : prcm.obj (.text:PRCMSlowClkCtrFastGet)
                  200294a0    0000003c                 : pin.obj (.text:PinDirModeSet)
                  200294dc    0000003c     drivers_cc32xxware.aem4 : WiFi.oem4 (.text:WiFi_open)
                  20029518    0000003c     cc3x00_host_driver.aem4 : device.oem4 (.text:_sl_HandleAsync_Stop)
                  20029554    0000003c     CDIO_CC3200.obj (.text:brytarIntX)
                  20029590    0000003c     CDIO_CC3200.obj (.text:brytarIntY)
                  200295cc    0000003c     simplelink_func.obj (.text:packData)
                  20029608    0000003c     drivers_wifi_cc32xxware.aem4 : WiFiCC3200.oem4 (.text:spi_Open)
                  20029644    00000004     --HOLE-- [fill = 0]
                  20029648    0000003c     sysbios.aem4 : BIOS.obj (.text:ti_sysbios_family_arm_m3_Hwi_excSvCall__I)
                  20029684    00000004     --HOLE-- [fill = 0]
                  20029688    0000003c                  : BIOS.obj (.text:ti_sysbios_heaps_HeapMem_init__I)
                  200296c4    00000004     --HOLE-- [fill = 0]
                  200296c8    0000003c                  : BIOS.obj (.text:ti_sysbios_knl_Clock_walkQueuePeriodic__E)
                  20029704    00000004     --HOLE-- [fill = 0]
                  20029708    0000003c                  : BIOS.obj (.text:ti_sysbios_knl_Swi_restore__E)
                  20029744    0000003c     driverlib.a : udma.obj (.text:uDMAChannelControlSet)
                  20029780    0000003a     gpio_if.obj (.text:GPIO_IF_Set)
                  200297ba    00000002     --HOLE-- [fill = 0]
                  200297bc    00000038     driverlib.a : prcm.obj (.text:PRCMIntEnable)
                  200297f4    00000038     drivers_cc32xxware.aem4 : PWM.oem4 (.text:PWM_init)
                  2002982c    00000038     power_cc3200_tirtos.aem4 : PowerCC3200_tirtos.oem4 (.text:PowerCC3200_initPolicy)
                  20029864    00000038     drivers_cc32xxware.aem4 : SPI.oem4 (.text:SPI_init)
                  2002989c    00000038                             : UART.oem4 (.text:UART_init)
                  200298d4    00000038                             : WiFi.oem4 (.text:WiFi_init)
                  2002990c    00000038     drivers_wifi_cc32xxware.aem4 : osi_tirtos.oem4 (.text:osi_LockObjCreate)
                  20029944    00000038     cc3x00_host_driver.aem4 : socket.oem4 (.text:sl_Htonl)
                  2002997c    00000038     drivers_cc32xxware.aem4 : SPICC3200DMA.oem4 (.text:spiPollingTransfer16)
                  200299b4    00000038                             : SPICC3200DMA.oem4 (.text:spiPollingTransfer8)
                  200299ec    00000004     --HOLE-- [fill = 0]
                  200299f0    00000038     sysbios.aem4 : BIOS.obj (.text:ti_sysbios_family_arm_m3_Hwi_excNoIsr__I)
                  20029a28    00000038                  : BIOS.obj (.text:ti_sysbios_knl_Task_processVitalTaskFlag__I)
                  20029a60    00000038     ti.targets.arm.rtsarm.aem4 : SysMin.oem4 (.text:xdc_runtime_SysMin_putch__E)
                  20029a98    00000038                                : System.oem4 (.text:xdc_runtime_System_atexit__E)
                  20029ad0    00000036     driverlib.a : gpio.obj (.text:GPIODirModeSet)
                  20029b06    00000036                 : timer.obj (.text:TimerControlLevel)
                  20029b3c    00000036     drivers_cc32xxware.aem4 : UARTCC3200.oem4 (.text:UARTCC3200_readCancel)
                  20029b72    00000002     --HOLE-- [fill = 0]
                  20029b74    00000034     drivers_wifi_cc32xxware.aem4 : WiFiCC3200.oem4 (.text:CC3X00_NWP_disable)
                  20029ba8    00000034     driverlib.a : prcm.obj (.text:PRCMPeripheralStatusGet)
                  20029bdc    00000034                 : prcm.obj (.text:PRCMSRAMRetentionEnable)
                  20029c10    00000034     drivers_cc32xxware.aem4 : PowerCC3200.oem4 (.text:Power_releaseDependency)
                  20029c44    00000034     driverlib.a : spi.obj (.text:SPIFIFOLevelSet)
                  20029c78    00000034     cc3x00_host_driver.aem4 : driver.oem4 (.text:_SlDrvBasicCmd)
                  20029cac    00000034                             : driver.oem4 (.text:_SlDrvProtectAsyncRespSetting)
                  20029ce0    00000034     power_cc3200_tirtos.aem4 : PowerCC3200_tirtos.oem4 (.text:getCountsRTC)
                  20029d14    00000034     drivers_cc32xxware.aem4 : PWMTimerCC3200.oem4 (.text:getPowerMgrId)
                  20029d48    00000034     CDIO_CC3200.obj (.text:moveToOrigin)
                  20029d7c    00000034     drivers_cc32xxware.aem4 : PowerCC3200.oem4 (.text:restorePeriphClocks)
                  20029db0    00000034     cc3x00_host_driver.aem4 : socket.oem4 (.text:sl_Htons)
                  20029de4    00000004     --HOLE-- [fill = 0]
                  20029de8    00000034     sysbios.aem4 : BIOS.obj (.text:ti_sysbios_family_arm_m3_Hwi_Instance_finalize__E)
                  20029e1c    00000004     --HOLE-- [fill = 0]
                  20029e20    00000034                  : BIOS.obj (.text:ti_sysbios_family_arm_m3_Hwi_excNmi__I)
                  20029e54    00000004     --HOLE-- [fill = 0]
                  20029e58    00000034                  : BIOS.obj (.text:ti_sysbios_family_arm_m3_Timer_periodicStub__I)
                  20029e8c    00000004     --HOLE-- [fill = 0]
                  20029e90    00000034                  : BIOS.obj (.text:ti_sysbios_hal_Hwi_checkStack)
                  20029ec4    00000034     CDIO_CC3200_pem4.oem4 (.text:ti_sysbios_knl_Clock_construct)
                  20029ef8    00000034     CDIO_CC3200_pem4.oem4 (.text:ti_sysbios_knl_Semaphore_create)
                  20029f2c    00000034     ti.targets.arm.rtsarm.aem4 : Core-label.oem4 (.text:xdc_runtime_Core_assignLabel__I)
                  20029f60    00000033                                : Text.oem4 (.text:xdc_runtime_Text_printVisFxn__I)
                  20029f93    00000001     --HOLE-- [fill = 0]
                  20029f94    00000032     drivers_cc32xxware.aem4 : SPICC3200DMA.oem4 (.text:spiPollingTransfer32)
                  20029fc6    00000002     --HOLE-- [fill = 0]
                  20029fc8    00000032     sysbios.aem4 : BIOS.obj (.text:ti_sysbios_hal_Hwi_initStack)
                  20029ffa    00000002     --HOLE-- [fill = 0]
                  20029ffc    00000030     drivers_cc32xxware.aem4 : PWM.oem4 (.text:PWM_open)
                  2002a02c    00000030     driverlib.a : pin.obj (.text:PinTypeGPIO)
                  2002a05c    00000030     drivers_cc32xxware.aem4 : PowerCC3200.oem4 (.text:Power_releaseConstraint)
                  2002a08c    00000030                             : PowerCC3200.oem4 (.text:Power_setConstraint)
                  2002a0bc    00000030                             : SPI.oem4 (.text:SPI_open)
                  2002a0ec    00000030     driverlib.a : uart.obj (.text:UARTDisable)
                  2002a11c    00000030     drivers_cc32xxware.aem4 : UART.oem4 (.text:UART_open)
                  2002a14c    00000030     drivers_wifi_cc32xxware.aem4 : WiFiCC3200.oem4 (.text:registerInterruptHandler)
                  2002a17c    00000030     cc3x00_host_driver.aem4 : socket.oem4 (.text:sl_Socket)
                  2002a1ac    00000030     CDIO_CC3200_pem4.oem4 (.text:ti_sysbios_BIOS_atExitFunc__I)
                  2002a1dc    00000004     --HOLE-- [fill = 0]
                  2002a1e0    00000030     sysbios.aem4 : BIOS.obj (.text:ti_sysbios_family_arm_m3_TaskSupport_start__E)
                  2002a210    00000030     CDIO_CC3200_pem4.oem4 (.text:ti_sysbios_gates_GateHwi_Object__create__S)
                  2002a240    00000030     CDIO_CC3200_pem4.oem4 (.text:ti_sysbios_gates_GateMutex_Object__create__S)
                  2002a270    00000030     CDIO_CC3200_pem4.oem4 (.text:ti_sysbios_heaps_HeapMem_Object__create__S)
                  2002a2a0    00000030     CDIO_CC3200_pem4.oem4 (.text:ti_sysbios_knl_Semaphore_construct)
                  2002a2d0    00000030     sysbios.aem4 : BIOS.obj (.text:ti_sysbios_knl_Semaphore_pendTimeout__I)
                  2002a300    00000030                  : BIOS.obj (.text:ti_sysbios_knl_Task_unblockI__E)
                  2002a330    00000030     ti.targets.arm.rtsarm.aem4 : SysMin.oem4 (.text:xdc_runtime_SysMin_abort__E)
                  2002a360    00000030                                : System.oem4 (.text:xdc_runtime_System_processAtExit__E)
                  2002a390    0000002e     drivers_cc32xxware.aem4 : PWMTimerCC3200.oem4 (.text:PWMTimerCC3200_close)
                  2002a3be    0000002e     CDIO_CC3200_pem4.oem4 (.text:malloc)
                  2002a3ec    0000002e     rtsv7M4_T_le_eabi.lib : i_tofd_t2.obj (.text)
                  2002a41a    00000002     --HOLE-- [fill = 0]
                  2002a41c    0000002c     drivers_wifi_cc32xxware.aem4 : WiFiCC3200.oem4 (.text:CC3X00_NWP_enable)
                  2002a448    0000002c     driverlib.a : prcm.obj (.text:PRCMLPDSIntervalSet)
                  2002a474    0000002c                 : prcm.obj (.text:PRCMSysResetCauseGet)
                  2002a4a0    0000002c     CDIO_CC3200_pem4.oem4 (.text:ti_sysbios_knl_Clock_doTick__I)
                  2002a4cc    0000002c     CDIO_CC3200_pem4.oem4 (.text:ti_sysbios_knl_Queue_construct)
                  2002a4f8    0000002c     sysbios.aem4 : BIOS.obj (.text:ti_sysbios_knl_Task_restore__E)
                  2002a524    0000002c     ti.targets.arm.rtsarm.aem4 : Text.oem4 (.text:xdc_runtime_Text_cordText__E)
                  2002a550    0000002a     driverlib.a : spi.obj (.text:SPIDataGetNonBlocking)
                  2002a57a    0000002a                 : timer.obj (.text:TimerLoadSet)
                  2002a5a4    0000002a                 : timer.obj (.text:TimerMatchSet)
                  2002a5ce    0000002a                 : timer.obj (.text:TimerPrescaleMatchSet)
                  2002a5f8    0000002a                 : timer.obj (.text:TimerPrescaleSet)
                  2002a622    0000002a     cc3x00_host_driver.aem4 : socket.oem4 (.text:_sl_BuildAddress)
                  2002a64c    0000002a     ti.targets.arm.rtsarm.aem4 : System.oem4 (.text:xdc_runtime_System_putchar__I)
                  2002a676    00000002     --HOLE-- [fill = 0]
                  2002a678    00000028     uart_if.obj (.text:Message)
                  2002a6a0    00000028     driverlib.a : prcm.obj (.text:PRCMLPDSWakeupSourceEnable)
                  2002a6c8    00000028                 : prcm.obj (.text:PRCMPeripheralClkDisable)
                  2002a6f0    00000028     drivers_cc32xxware.aem4 : PowerCC3200.oem4 (.text:Power_registerNotify)
                  2002a718    00000028                             : UARTCC3200.oem4 (.text:releasePowerConstraint)
                  2002a740    00000028     sysbios.aem4 : BIOS.obj (.text:ti_sysbios_knl_Swi_Module_startup__E)
                  2002a768    00000028     driverlib.a : udma.obj (.text:uDMAChannelIsEnabled)
                  2002a790    00000026     drivers_cc32xxware.aem4 : List.oem4 (.text:List_put)
                  2002a7b6    00000026     rtsv7M4_T_le_eabi.lib : strncmp.obj (.text)
                  2002a7dc    00000026     ti.targets.arm.rtsarm.aem4 : System.oem4 (.text:xdc_runtime_System_avprintf__E)
                  2002a802    00000002     --HOLE-- [fill = 0]
                  2002a804    00000024     driverlib.a : prcm.obj (.text:PRCMLPDSWakeUpGPIOSelect)
                  2002a828    00000024                 : uart.obj (.text:UARTCharPutNonBlocking)
                  2002a84c    00000024                 : uart.obj (.text:UARTEnable)
                  2002a870    00000024     drivers_wifi_cc32xxware.aem4 : osi_tirtos.oem4 (.text:osi_Spawn)
                  2002a894    00000024     cc3x00_host_driver.aem4 : socket.oem4 (.text:sl_Close)
                  2002a8b8    00000024                             : wlan.oem4 (.text:sl_WlanProfileDel)
                  2002a8dc    00000024                             : wlan.oem4 (.text:sl_WlanSetMode)
                  2002a900    00000024     CDIO_CC3200_pem4.oem4 (.text:ti_sysbios_BIOS_errorRaiseHook__I)
                  2002a924    00000024     CDIO_CC3200_pem4.oem4 (.text:ti_sysbios_BIOS_registerRTSLock__I)
                  2002a948    00000024     CDIO_CC3200_pem4.oem4 (.text:ti_sysbios_BIOS_removeRTSLock__I)
                  2002a96c    00000024     CDIO_CC3200_pem4.oem4 (.text:ti_sysbios_BIOS_startFunc__I)
                  2002a990    00000024     sysbios.aem4 : BIOS.obj (.text:ti_sysbios_family_arm_m3_Hwi_doTaskRestore__I)
                  2002a9b4    00000004     --HOLE-- [fill = 0]
                  2002a9b8    00000024                  : BIOS.obj (.text:ti_sysbios_family_arm_m3_Timer_startup__E)
                  2002a9dc    00000024     CDIO_CC3200_pem4.oem4 (.text:ti_sysbios_gates_GateMutex_Object__delete__S)
                  2002aa00    00000024     sysbios.aem4 : BIOS.obj (.text:ti_sysbios_knl_Clock_Module_startup__E)
                  2002aa24    00000024     CDIO_CC3200_pem4.oem4 (.text:ti_sysbios_knl_Semaphore_Object__delete__S)
                  2002aa48    00000024     ti.targets.arm.rtsarm.aem4 : System.oem4 (.text:xdc_runtime_System_vprintf__E)
                  2002aa6c    00000022     driverlib.a : gpio.obj (.text:GPIOIntStatus)
                  2002aa8e    00000022                 : spi.obj (.text:SPIReset)
                  2002aab0    00000022                 : spi.obj (.text:SPIWordCountSet)
                  2002aad2    00000022     CDIO_CC3200_pem4.oem4 (.text:xdc_runtime_SysMin_output__I)
                  2002aaf4    00000020     driverlib.a : gpio.obj (.text:GPIOPinWrite)
                  2002ab14    00000020                 : prcm.obj (.text:PRCMLPDSRestoreInfoSet)
                  2002ab34    00000020     drivers_cc32xxware.aem4 : PowerCC3200.oem4 (.text:Power_idleFunc)
                  2002ab54    00000020                             : PowerCC3200.oem4 (.text:Power_unregisterNotify)
                  2002ab74    00000020     driverlib.a : spi.obj (.text:SPIDataGet)
                  2002ab94    00000020     drivers_cc32xxware.aem4 : SPICC3200DMA.oem4 (.text:getPowerMgrId)
                  2002abb4    00000020                             : UARTCC3200.oem4 (.text:getPowerMgrId)
                  2002abd4    00000020     CDIO_CC3200_pem4.oem4 (.text:ti_sysbios_BIOS_rtsLock__I)
                  2002abf4    00000004     --HOLE-- [fill = 0]
                  2002abf8    00000020     sysbios.aem4 : BIOS.obj (.text:ti_sysbios_family_arm_m3_Hwi_clearInterrupt__E)
                  2002ac18    00000020                  : m3_Hwi_asm.obj (.text:ti_sysbios_family_arm_m3_Hwi_excHandlerAsm__I)
                  2002ac38    00000020                  : BIOS.obj (.text:ti_sysbios_family_arm_m3_Hwi_excHandler__I)
                  2002ac58    00000020     CDIO_CC3200_pem4.oem4 (.text:ti_sysbios_gates_GateHwi_Object__delete__S)
                  2002ac78    00000020     CDIO_CC3200_pem4.oem4 (.text:ti_sysbios_heaps_HeapMem_Object__delete__S)
                  2002ac98    00000020     CDIO_CC3200_pem4.oem4 (.text:ti_sysbios_knl_Clock_Object__destruct__S)
                  2002acb8    00000020     sysbios.aem4 : BIOS.obj (.text:ti_sysbios_knl_Idle_run__E)
                  2002acd8    00000020     CDIO_CC3200_pem4.oem4 (.text:ti_sysbios_knl_Mailbox_Object__delete__S)
                  2002acf8    00000020     CDIO_CC3200_pem4.oem4 (.text:ti_sysbios_knl_Semaphore_Object__destruct__S)
                  2002ad18    00000020     CDIO_CC3200_pem4.oem4 (.text:ti_sysbios_knl_Task_Object__delete__S)
                  2002ad38    00000020     ti.targets.arm.rtsarm.aem4 : Registry.oem4 (.text:xdc_runtime_Registry_findById__E)
                  2002ad58    00000020                                : SysMin.oem4 (.text:xdc_runtime_SysMin_Module_startup__E)
                  2002ad78    0000001e     driverlib.a : spi.obj (.text:SPIDataPut)
                  2002ad96    0000001e                 : timer.obj (.text:TimerDisable)
                  2002adb4    0000001e                 : timer.obj (.text:TimerEnable)
                  2002add2    0000001e                 : uart.obj (.text:UARTCharPut)
                  2002adf0    0000001e                 : uart.obj (.text:UARTIntStatus)
                  2002ae0e    0000001e     drivers_wifi_cc32xxware.aem4 : WiFiCC3200.oem4 (.text:WiFiCC3200_close)
                  2002ae2c    0000001e     sysbios.aem4 : m3_Hwi_asm_switch.obj (.text:ti_sysbios_family_xxx_Hwi_switchAndRunFunc)
                  2002ae4a    00000002     --HOLE-- [fill = 0]
                  2002ae4c    0000001c     drivers_cc32xxware.aem4 : SPICC3200DMA.oem4 (.text:SPICC3200DMA_init)
                  2002ae68    0000001c     driverlib.a : uart.obj (.text:UARTCharGetNonBlocking)
                  2002ae84    0000001c                 : uart.obj (.text:UARTFlowControlSet)
                  2002aea0    0000001c     cc3x00_host_driver.aem4 : driver.oem4 (.text:_SlDrvProtectionObjLockWaitForever)
                  2002aebc    0000001c                             : socket.oem4 (.text:_sl_TruncatePayloadByProtocol)
                  2002aed8    0000001c     rtsv7M4_T_le_eabi.lib : memccpy.obj (.text)
                  2002aef4    0000001c     CDIO_CC3200_pem4.oem4 (.text:ti_sysbios_family_arm_m3_Hwi_Object__destruct__S)
                  2002af10    0000001c     sysbios.aem4 : BIOS.obj (.text:ti_sysbios_family_arm_m3_Timer_stop__E)
                  2002af2c    00000004     --HOLE-- [fill = 0]
                  2002af30    0000001c                  : BIOS.obj (.text:ti_sysbios_gates_GateMutex_Instance_init__E)
                  2002af4c    0000001c     CDIO_CC3200_pem4.oem4 (.text:ti_sysbios_knl_Queue_Object__destruct__S)
                  2002af68    0000001c     sysbios.aem4 : BIOS.obj (.text:ti_sysbios_knl_Task_enter__I)
                  2002af84    0000001c     driverlib.a : udma.obj (.text:uDMAChannelEnable)
                  2002afa0    0000001c     drivers_wifi_cc32xxware.aem4 : osi_tirtos.oem4 (.text:vSimpleLinkSpawnTask)
                  2002afbc    0000001c     ti.targets.arm.rtsarm.aem4 : Error.oem4 (.text:xdc_runtime_Error_raiseX__E)
                  2002afd8    0000001c                                : Memory.oem4 (.text:xdc_runtime_Memory_valloc__E)
                  2002aff4    0000001c                                : SysMin.oem4 (.text:xdc_runtime_SysMin_exit__E)
                  2002b010    0000001c                                : System.oem4 (.text:xdc_runtime_System_abort__E)
                  2002b02c    0000001a     cc3x00_host_driver.aem4 : netapp.oem4 (.text:CopyPingResultsToReport)
                  2002b046    0000001a     driverlib.a : gpio.obj (.text:GPIOIntEnable)
                  2002b060    0000001a     drivers_cc32xxware.aem4 : List.oem4 (.text:List_remove)
                  2002b07a    0000001a     driverlib.a : pin.obj (.text:PinTypeTimer)
                  2002b094    0000001a                 : spi.obj (.text:SPIDmaDisable)
                  2002b0ae    0000001a                 : spi.obj (.text:SPIDmaEnable)
                  2002b0c8    0000001a                 : spi.obj (.text:SPIFIFODisable)
                  2002b0e2    0000001a                 : spi.obj (.text:SPIFIFOEnable)
                  2002b0fc    0000001a     CDIO_CC3200_pem4.oem4 (.text:ti_sysbios_family_arm_m3_Hwi_Handle__label__S)
                  2002b116    0000001a     sysbios.aem4 : m3_Hwi_asm.obj (.text:ti_sysbios_family_arm_m3_Hwi_pendSV__I)
                  2002b130    0000001a     CDIO_CC3200_pem4.oem4 (.text:ti_sysbios_gates_GateHwi_Handle__label__S)
                  2002b14a    0000001a     CDIO_CC3200_pem4.oem4 (.text:ti_sysbios_gates_GateMutex_Handle__label__S)
                  2002b164    0000001a     CDIO_CC3200_pem4.oem4 (.text:ti_sysbios_heaps_HeapMem_Handle__label__S)
                  2002b17e    0000001a     CDIO_CC3200_pem4.oem4 (.text:ti_sysbios_knl_Swi_Handle__label__S)
                  2002b198    0000001a     CDIO_CC3200_pem4.oem4 (.text:ti_sysbios_knl_Task_Handle__label__S)
                  2002b1b2    0000001a     CDIO_CC3200_pem4.oem4 (.text:xdc_runtime_System_aprintf__E)
                  2002b1cc    0000001a     CDIO_CC3200_pem4.oem4 (.text:xdc_runtime_System_printf__E)
                  2002b1e6    00000002     --HOLE-- [fill = 0]
                  2002b1e8    00000018     CDIO_CC3200.obj (.text:InsertPenInt)
                  2002b200    00000018     driverlib.a : spi.obj (.text:SPICSDisable)
                  2002b218    00000018                 : spi.obj (.text:SPICSEnable)
                  2002b230    00000018                 : spi.obj (.text:SPIDisable)
                  2002b248    00000018                 : spi.obj (.text:SPIEnable)
                  2002b260    00000018                 : uart.obj (.text:UARTBusy)
                  2002b278    00000018                 : uart.obj (.text:UARTFIFOLevelSet)
                  2002b290    00000018                 : uart.obj (.text:UARTIntDisable)
                  2002b2a8    00000018                 : uart.obj (.text:UARTIntEnable)
                  2002b2c0    00000018     drivers_cc32xxware.aem4 : UART.oem4 (.text:UART_Params_init)
                  2002b2d8    00000018     drivers_wifi_cc32xxware.aem4 : osi_tirtos.oem4 (.text:VDeleteSimpleLinkSpawnTask)
                  2002b2f0    00000018                                  : WiFiCC3200.oem4 (.text:WiFiCC3200_init)
                  2002b308    00000018     cc3x00_host_driver.aem4 : driver.oem4 (.text:_SlDrvProtectionObjUnLock)
                  2002b320    00000018     CDIO_CC3200_pem4.oem4 (.text:free)
                  2002b338    00000018     rtsv7M4_T_le_eabi.lib : args_main.obj (.text)
                  2002b350    00000018                           : ll_mul_t2.obj (.text)
                  2002b368    00000018                           : strcmp.obj (.text)
                  2002b380    00000018     drivers_wifi_cc32xxware.aem4 : WiFiCC3200.oem4 (.text:spi_Close)
                  2002b398    00000018     CDIO_CC3200_pem4.oem4 (.text:ti_sysbios_BIOS_rtsUnlock__I)
                  2002b3b0    00000018     CDIO_CC3200_pem4.oem4 (.text:ti_sysbios_family_arm_m3_Hwi_Module__startupDone__F)
                  2002b3c8    00000018     CDIO_CC3200_pem4.oem4 (.text:ti_sysbios_family_arm_m3_Timer_Module__startupDone__F)
                  2002b3e0    00000018     sysbios.aem4 : BIOS.obj (.text:ti_sysbios_gates_GateMutex_leave__E)
                  2002b3f8    00000018                  : BIOS.obj (.text:ti_sysbios_knl_Task_sleepTimeout__I)
                  2002b410    00000018     ti.targets.arm.rtsarm.aem4 : Error.oem4 (.text:xdc_runtime_Error_check__E)
                  2002b428    00000018                                : System.oem4 (.text:xdc_runtime_System_exit__E)
                  2002b440    00000018                                : Text.oem4 (.text:xdc_runtime_Text_ropeText__E)
                  2002b458    00000016     tirtosport.aem4 : ClockP_tirtos.oem4 (.text:ClockP_delete)
                  2002b46e    00000016                     : HwiP_tirtos.oem4 (.text:HwiP_delete)
                  2002b484    00000016     driverlib.a : prcm.obj (.text:PRCMHIBRegRead)
                  2002b49a    00000016                 : prcm.obj (.text:PRCMHIBRegWrite)
                  2002b4b0    00000016     tirtosport.aem4 : SemaphoreP_tirtos.oem4 (.text:SemaphoreP_delete)
                  2002b4c6    00000016     driverlib.a : uart.obj (.text:UARTCharGet)
                  2002b4dc    00000016     rtsv7M4_T_le_eabi.lib : strchr.obj (.text)
                  2002b4f2    00000016     drivers_cc32xxware.aem4 : UARTCC3200.oem4 (.text:startTxFifoEmptyClk)
                  2002b508    00000016     CDIO_CC3200_pem4.oem4 (.text:ti_sysbios_BIOS_exitFunc__I)
                  2002b51e    00000016     CDIO_CC3200.obj (.text:ti_sysbios_knl_Semaphore_Params_init)
                  2002b534    00000016     CDIO_CC3200.obj (.text:ti_sysbios_knl_Task_Params_init)
                  2002b54a    00000014     driverlib.a : cpu.obj (.text:CPUcpsid)
                  2002b55e    00000014                 : cpu.obj (.text:CPUcpsie)
                  2002b572    00000014                 : gpio.obj (.text:GPIOIntClear)
                  2002b586    00000002     --HOLE-- [fill = 0]
                  2002b588    00000014     drivers_cc32xxware.aem4 : SPI.oem4 (.text:SPI_Params_init)
                  2002b59c    00000014     drivers_wifi_cc32xxware.aem4 : WiFiCC3200.oem4 (.text:hostDriverInterruptHandler)
                  2002b5b0    00000014                                  : osi_tirtos.oem4 (.text:osi_SyncObjClear)
                  2002b5c4    00000014     rtsv7M4_T_le_eabi.lib : _lock.obj (.text)
                  2002b5d8    00000014                           : strcpy.obj (.text)
                  2002b5ec    00000014                           : strlen.obj (.text)
                  2002b600    00000014     CDIO_CC3200_pem4.oem4 (.text:ti_sysbios_family_arm_m3_Hwi_Object__get__S)
                  2002b614    00000004     --HOLE-- [fill = 0]
                  2002b618    00000014     sysbios.aem4 : BIOS.obj (.text:ti_sysbios_family_arm_m3_Hwi_switchFromBootStack__E)
                  2002b62c    00000014     CDIO_CC3200_pem4.oem4 (.text:ti_sysbios_heaps_HeapMem_Object__get__S)
                  2002b640    00000014     sysbios.aem4 : BIOS.obj (.text:ti_sysbios_knl_Clock_tickReconfig__E)
                  2002b654    00000014     CDIO_CC3200_pem4.oem4 (.text:ti_sysbios_knl_Swi_Object__get__S)
                  2002b668    00000014     driverlib.a : udma.obj (.text:uDMAControlBaseSet)
                  2002b67c    00000012     tirtosport.aem4 : ClockP_tirtos.oem4 (.text:ClockP_start)
                  2002b68e    00000012     drivers_cc32xxware.aem4 : RingBuf.oem4 (.text:RingBuf_construct)
                  2002b6a0    00000012     tirtosport.aem4 : SemaphoreP_tirtos.oem4 (.text:SemaphoreP_pend)
                  2002b6b2    00000012     driverlib.a : uart.obj (.text:UARTIntClear)
                  2002b6c4    00000012                 : uart.obj (.text:UARTRxErrorGet)
                  2002b6d6    00000012     cc3x00_host_driver.aem4 : driver.oem4 (.text:_SlDrvObjLockWaitForever)
                  2002b6e8    00000012                             : driver.oem4 (.text:_SlDrvSyncObjWaitForever)
                  2002b6fa    00000012                             : netapp.oem4 (.text:sl_NetAppMDNSUnRegisterService)
                  2002b70c    00000004     --HOLE-- [fill = 0]
                  2002b710    00000012     sysbios.aem4 : BIOS.obj (.text:ti_sysbios_hal_Hwi_Module_startup__E)
                  2002b722    00000012     CDIO_CC3200_pem4.oem4 (.text:xdc_runtime_Startup_exec__I)
                  2002b734    00000010     CC3200_LAUNCHXL.obj (.text:CC3200_LAUNCHXL_initGeneral)
                  2002b744    00000010     CC3200_LAUNCHXL.obj (.text:CC3200_LAUNCHXL_initWiFi)
                  2002b754    00000010     drivers_wifi_cc32xxware.aem4 : WiFiCC3200.oem4 (.text:CC3X00_NWP_maskInterrupt)
                  2002b764    00000010     drivers_cc32xxware.aem4 : PWM.oem4 (.text:PWM_Params_init)
                  2002b774    00000010     driverlib.a : uart.obj (.text:UARTRxErrorClear)
                  2002b784    00000010     drivers_cc32xxware.aem4 : WiFi.oem4 (.text:WiFi_Params_init)
                  2002b794    00000010     cc3x00_host_driver.aem4 : device.oem4 (.text:_sl_GetStartResponseConvert)
                  2002b7a4    00000010     simplelink_func.obj (.text:htons)
                  2002b7b4    00000010     drivers_cc32xxware.aem4 : UARTCC3200.oem4 (.text:readBlockingTimeout)
                  2002b7c4    00000004     --HOLE-- [fill = 0]
                  2002b7c8    00000010     sysbios.aem4 : BIOS.obj (.text:ti_sysbios_BIOS_getCpuFreq__E)
                  2002b7d8    00000010                  : BIOS.obj (.text:ti_sysbios_BIOS_setThreadType__E)
                  2002b7e8    00000010                  : BIOS.obj (.text:ti_sysbios_BIOS_start__E)
                  2002b7f8    00000010                  : m3_TaskSupport_asm.obj (.text:ti_sysbios_family_arm_m3_TaskSupport_glue)
                  2002b808    00000010                  : m3_TaskSupport_asm.obj (.text:ti_sysbios_family_arm_m3_TaskSupport_swap__E)
                  2002b818    00000010                  : BIOS.obj (.text:ti_sysbios_gates_GateMutex_Instance_finalize__E)
                  2002b828    00000010     CDIO_CC3200_pem4.oem4 (.text:ti_sysbios_knl_Mailbox_Object__get__S)
                  2002b838    00000010     sysbios.aem4 : BIOS.obj (.text:ti_sysbios_knl_Semaphore_Instance_finalize__E)
                  2002b848    00000010                  : BIOS.obj (.text:ti_sysbios_knl_Swi_disable__E)
                  2002b858    00000010     CDIO_CC3200_pem4.oem4 (.text:ti_sysbios_knl_Task_Object__get__S)
                  2002b868    00000010     sysbios.aem4 : BIOS.obj (.text:ti_sysbios_knl_Task_disable__E)
                  2002b878    00000010     ti.targets.arm.rtsarm.aem4 : Gate.oem4 (.text:xdc_runtime_Gate_leaveSystem__E)
                  2002b888    00000010                                : Memory.oem4 (.text:xdc_runtime_Memory_free__E)
                  2002b898    00000010                                : SysMin.oem4 (.text:xdc_runtime_SysMin_ready__E)
                  2002b8a8    00000010                                : System.oem4 (.text:xdc_runtime_System_vsnprintf__E)
                  2002b8b8    00000010     CDIO_CC3200_pem4.oem4 (.text:xdc_runtime_Text_visitRope__I)
                  2002b8c8    0000000e     tirtosport.aem4 : HwiP_tirtos.oem4 (.text:HwiP_Params_init)
                  2002b8d6    0000000e     cc3x00_host_driver.aem4 : driver.oem4 (.text:_SlDrvObjUnLock)
                  2002b8e4    0000000e                             : driver.oem4 (.text:_SlDrvSyncObjSignal)
                  2002b8f2    0000000e     rtsv7M4_T_le_eabi.lib : copy_decompress_none.obj (.text:decompress:none)
                  2002b900    0000000e     sysbios.aem4 : BIOS.obj (.text:ti_sysbios_knl_Idle_loop__E)
                  2002b90e    00000002     --HOLE-- [fill = 0]
                  2002b910    0000000e                  : BIOS.obj (.text:ti_sysbios_knl_Queue_empty__E)
                  2002b91e    00000002     --HOLE-- [fill = 0]
                  2002b920    0000000c     drivers_wifi_cc32xxware.aem4 : WiFiCC3200.oem4 (.text:CC3X00_NWP_unMaskInterrupt)
                  2002b92c    0000000c     driverlib.a : cpu.obj (.text:CPUwfi)
                  2002b938    0000000c     tirtosport.aem4 : ClockP_tirtos.oem4 (.text:ClockP_getSystemTickPeriod)
                  2002b944    0000000c     drivers_cc32xxware.aem4 : PowerCC3200.oem4 (.text:Power_getConstraintMask)
                  2002b950    0000000c                             : PowerCC3200.oem4 (.text:Power_getDependencyCount)
                  2002b95c    0000000c                             : RingBuf.oem4 (.text:RingBuf_peek)
                  2002b968    0000000c     simplelink_func.obj (.text:SimpleLinkHttpServerCallback)
                  2002b974    0000000c     drivers_cc32xxware.aem4 : UARTCC3200.oem4 (.text:UARTCC3200_init)
                  2002b980    0000000c     drivers_wifi_cc32xxware.aem4 : osi_tirtos.oem4 (.text:osi_LockObjUnlock)
                  2002b98c    0000000c                                  : osi_tirtos.oem4 (.text:osi_SyncObjSignal)
                  2002b998    0000000c                                  : osi_tirtos.oem4 (.text:osi_SyncObjSignalFromISR)
                  2002b9a4    0000000c     drivers_cc32xxware.aem4 : SPICC3200DMA.oem4 (.text:postNotifyFxn)
                  2002b9b0    0000000c                             : UARTCC3200.oem4 (.text:postNotifyFxn)
                  2002b9bc    0000000c     CDIO_CC3200_pem4.oem4 (.text:ti_sysbios_family_arm_m3_Hwi_Params__init__S)
                  2002b9c8    0000000c     sysbios.aem4 : BIOS.obj (.text:ti_sysbios_family_arm_m3_Hwi_disableFxn__E)
                  2002b9d4    00000004     --HOLE-- [fill = 0]
                  2002b9d8    0000000c                  : BIOS.obj (.text:ti_sysbios_family_arm_m3_TaskSupport_checkStack__E)
                  2002b9e4    00000004     --HOLE-- [fill = 0]
                  2002b9e8    0000000c                  : BIOS.obj (.text:ti_sysbios_family_arm_m3_TaskSupport_getStackAlignment__E)
                  2002b9f4    00000004     --HOLE-- [fill = 0]
                  2002b9f8    0000000c                  : BIOS.obj (.text:ti_sysbios_gates_GateHwi_enter__E)
                  2002ba04    0000000c     CDIO_CC3200_pem4.oem4 (.text:ti_sysbios_knl_Clock_Params__init__S)
                  2002ba10    0000000c     sysbios.aem4 : BIOS.obj (.text:ti_sysbios_knl_Clock_getTicks__E)
                  2002ba1c    00000004     --HOLE-- [fill = 0]
                  2002ba20    0000000c                  : BIOS.obj (.text:ti_sysbios_knl_Clock_setTicks__E)
                  2002ba2c    00000004     --HOLE-- [fill = 0]
                  2002ba30    0000000c                  : BIOS.obj (.text:ti_sysbios_knl_Clock_tickStart__E)
                  2002ba3c    00000004     --HOLE-- [fill = 0]
                  2002ba40    0000000c                  : BIOS.obj (.text:ti_sysbios_knl_Clock_tickStop__E)
                  2002ba4c    0000000c     CDIO_CC3200_pem4.oem4 (.text:ti_sysbios_knl_Queue_Object__get__S)
                  2002ba58    0000000c     CDIO_CC3200_pem4.oem4 (.text:ti_sysbios_knl_Semaphore_Params__init__S)
                  2002ba64    0000000c     CDIO_CC3200.obj (.text:ti_sysbios_knl_Semaphore_handle)
                  2002ba70    0000000c     CDIO_CC3200_pem4.oem4 (.text:ti_sysbios_knl_Task_Params__init__S)
                  2002ba7c    0000000c     driverlib.a : udma.obj (.text:uDMAControlBaseGet)
                  2002ba88    0000000c                 : udma.obj (.text:uDMAEnable)
                  2002ba94    0000000c                 : udma.obj (.text:uDMAErrorStatusClear)
                  2002baa0    0000000c                 : udma.obj (.text:uDMAIntStatus)
                  2002baac    0000000c     ti.targets.arm.rtsarm.aem4 : Error.oem4 (.text:xdc_runtime_Error_init__E)
                  2002bab8    0000000c                                : Gate.oem4 (.text:xdc_runtime_Gate_enterSystem__E)
                  2002bac4    0000000c                                : Memory.oem4 (.text:xdc_runtime_Memory_calloc__E)
                  2002bad0    0000000c                                : Memory.oem4 (.text:xdc_runtime_Memory_getMaxDefaultTypeAlign__E)
                  2002badc    0000000a     tirtosport.aem4 : ClockP_tirtos.oem4 (.text:ClockP_stop)
                  2002bae6    0000000a     drivers_cc32xxware.aem4 : List.oem4 (.text:List_empty)
                  2002baf0    0000000a                             : PWMTimerCC3200.oem4 (.text:PWMTimerCC3200_getPeriodCounts)
                  2002bafa    0000000a                             : PWM.oem4 (.text:PWM_setDuty)
                  2002bb04    0000000a                             : SPI.oem4 (.text:SPI_close)
                  2002bb0e    0000000a                             : SPI.oem4 (.text:SPI_transfer)
                  2002bb18    0000000a     tirtosport.aem4 : SemaphoreP_tirtos.oem4 (.text:SemaphoreP_post)
                  2002bb22    0000000a     drivers_cc32xxware.aem4 : UART.oem4 (.text:UART_write)
                  2002bb2c    0000000a                             : WiFi.oem4 (.text:WiFi_close)
                  2002bb36    0000000a     CC3200_LAUNCHXL.obj (.text:dmaErrorHwi)
                  2002bb40    0000000a     drivers_wifi_cc32xxware.aem4 : osi_tirtos.oem4 (.text:osi_LockObjDelete)
                  2002bb4a    0000000a                                  : osi_tirtos.oem4 (.text:osi_SyncObjDelete)
                  2002bb54    0000000a     CDIO_CC3200_pem4.oem4 (.text:xdc_runtime_IHeap_alloc)
                  2002bb5e    0000000a     CDIO_CC3200_pem4.oem4 (.text:xdc_runtime_IHeap_free)
                  2002bb68    00000008     CC3200_LAUNCHXL.obj (.text:CC3200_LAUNCHXL_initGPIO)
                  2002bb70    00000008     CC3200_LAUNCHXL.obj (.text:CC3200_LAUNCHXL_initPWM)
                  2002bb78    00000008     CC3200_LAUNCHXL.obj (.text:CC3200_LAUNCHXL_initUART)
                  2002bb80    00000008     tirtosport.aem4 : ClockP_tirtos.oem4 (.text:ClockP_Params_init)
                  2002bb88    00000008     driverlib.a : prcm.obj (.text:PRCMSleepEnter)
                  2002bb90    00000008     drivers_cc32xxware.aem4 : PWMTimerCC3200.oem4 (.text:PWMTimerCC3200_init)
                  2002bb98    00000008     tirtosport.aem4 : SemaphoreP_tirtos.oem4 (.text:SemaphoreP_Params_init)
                  2002bba0    00000008     cc3x00_host_driver.aem4 : driver.oem4 (.text:_SlDrvMemZero)
                  2002bba8    00000008     drivers_cc32xxware.aem4 : UARTCC3200.oem4 (.text:readSemCallback)
                  2002bbb0    00000008     rtsv7M4_T_le_eabi.lib : s_copysign.obj (.text)
                  2002bbb8    00000008     cc3x00_host_driver.aem4 : wlan.oem4 (.text:sl_WlanDisconnect)
                  2002bbc0    00000008     sysbios.aem4 : BIOS.obj (.text:ti_sysbios_family_arm_m3_Hwi_doSwiRestore__I)
                  2002bbc8    00000008                  : BIOS.obj (.text:ti_sysbios_family_arm_m3_Hwi_startup__E)
                  2002bbd0    00000008     drivers_cc32xxware.aem4 : SPICC3200DMA.oem4 (.text:transferCallback)
                  2002bbd8    00000008                             : UARTCC3200.oem4 (.text:writeSemCallback)
                  2002bbe0    00000006     drivers_wifi_cc32xxware.aem4 : WiFiCC3200.oem4 (.text:WiFiCC3200_control)
                  2002bbe6    00000006     cc3x00_host_driver.aem4 : driver.oem4 (.text:_SlDrvResetCmdExt)
                  2002bbec    00000006     rtsv7M4_T_le_eabi.lib : copy_decompress_rle.obj (.text:decompress:rle24)
                  2002bbf2    00000006     ti.targets.arm.rtsarm.aem4 : System.oem4 (.text:xdc_runtime_System_Module_startup__E)
                  2002bbf8    00000006     sysbios.aem4 : BIOS.obj (.text:ti_sysbios_family_arm_m3_Hwi_restoreFxn__E)
                  2002bbfe    00000002     --HOLE-- [fill = 0]
                  2002bc00    00000006                  : BIOS.obj (.text:ti_sysbios_gates_GateHwi_leave__E)
                  2002bc06    00000002     --HOLE-- [fill = 0]
                  2002bc08    00000006                  : BIOS.obj (.text:ti_sysbios_heaps_HeapMem_isBlocking__E)
                  2002bc0e    00000002     --HOLE-- [fill = 0]
                  2002bc10    00000006                  : BIOS.obj (.text:ti_sysbios_knl_Clock_stop__E)
                  2002bc16    00000002     --HOLE-- [fill = 0]
                  2002bc18    00000006                  : BIOS.obj (.text:ti_sysbios_knl_Queue_Instance_init__E)
                  2002bc1e    00000002     --HOLE-- [fill = 0]
                  2002bc20    00000006                  : BIOS.obj (.text:ti_sysbios_knl_Swi_startup__E)
                  2002bc26    00000002     --HOLE-- [fill = 0]
                  2002bc28    00000004                  : BIOS.obj (.text:ti_sysbios_family_arm_m3_Timer_getMaxTicks__E)
                  2002bc2c    00000004     --HOLE-- [fill = 0]
                  2002bc30    00000004                  : BIOS.obj (.text:ti_sysbios_gates_GateHwi_query__E)
                  2002bc34    00000004     --HOLE-- [fill = 0]
                  2002bc38    00000004                  : BIOS.obj (.text:ti_sysbios_gates_GateMutex_query__E)
                  2002bc3c    00000004     --HOLE-- [fill = 0]
                  2002bc40    00000004                  : BIOS.obj (.text:ti_sysbios_knl_Clock_setTimeout__E)
                  2002bc44    00000004     --HOLE-- [fill = 0]
                  2002bc48    00000004                  : BIOS.obj (.text:ti_sysbios_knl_Task_startup__E)
                  2002bc4c    00000004     --HOLE-- [fill = 0]
                  2002bc50    00000002                  : BIOS.obj (.text:ti_sysbios_gates_GateHwi_Instance_init__E)
                  2002bc52    00000006     --HOLE-- [fill = 0]
                  2002bc58    00000002                  : BIOS.obj (.text:ti_sysbios_knl_Clock_logTick__E)

.const     0    2002bc5c    0000277d     
                  2002bc5c    00001806     CDIO_CC3200_pem4.oem4 (.const:xdc_runtime_Text_charTab__A)
                  2002d462    00000101     rtsv7M4_T_le_eabi.lib : ctype.obj (.const:.string:_ctypes_)
                  2002d563    00000001     CDIO_CC3200_pem4.oem4 (.const:ti_sysbios_knl_Clock_tickMode__C)
                  2002d564    00000100     driverlib.a : pin.obj (.const:g_ulPinToPadMap)
                  2002d664    000000b0     cc3x00_host_driver.aem4 : wlan.oem4 (.const:$P$T0$1)
                  2002d714    000000a8     driverlib.a : prcm.obj (.const:PRCM_PeriphRegsList)
                  2002d7bc    000000a8     CDIO_CC3200_pem4.oem4 (.const:xdc_runtime_Text_nodeTab__A)
                  2002d864    00000080     driverlib.a : interrupt.obj (.const)
                  2002d8e4    00000068     CC3200_LAUNCHXL.obj (.const:spiCC3200DMAHWAttrs)
                  2002d94c    00000060     drivers_cc32xxware.aem4 : SPICC3200DMA.oem4 (.const)
                  2002d9ac    0000004c                             : UARTCC3200.oem4 (.const)
                  2002d9f8    00000048     CDIO_CC3200_pem4.oem4 (.const:.string)
                  2002da40    0000003c     cc3x00_host_driver.aem4 : driver.oem4 (.const:OpcodeTranslateTable)
                  2002da7c    0000003c                             : wlan.oem4 (.const)
                  2002dab8    0000003c     CDIO_CC3200_pem4.oem4 (.const:ti_sysbios_knl_Task_Object__PARAMS__C)
                  2002daf4    00000038     cc3x00_host_driver.aem4 : driver.oem4 (.const:_SlActionLookupTable)
                  2002db2c    00000034                             : socket.oem4 (.const)
                  2002db60    00000034     drivers_cc32xxware.aem4 : GPIOCC3200.oem4 (.const)
                  2002db94    00000034     CDIO_CC3200_pem4.oem4 (.const:ti_sysbios_knl_Mailbox_Object__PARAMS__C)
                  2002dbc8    00000030     CDIO_CC3200_pem4.oem4 (.const:ti_sysbios_family_arm_m3_Hwi_Object__PARAMS__C)
                  2002dbf8    00000030     CC3200_LAUNCHXL.obj (.const:uartCC3200HWAttrs)
                  2002dc28    0000002c     simplelink_func.obj (.const:$P$T1$2)
                  2002dc54    0000002a     drivers_cc32xxware.aem4 : GPIOCC3200.oem4 (.const:.string)
                  2002dc7e    00000002     CDIO_CC3200_pem4.oem4 (.const:ti_sysbios_family_arm_m3_Hwi_Module__id__C)
                  2002dc80    00000028     CC3200_LAUNCHXL.obj (.const:PowerCC3200_config)
                  2002dca8    00000028     drivers_cc32xxware.aem4 : UARTCC3200.oem4 (.const:UARTCC3200_fxnTable)
                  2002dcd0    00000028     cc3x00_host_driver.aem4 : netapp.oem4 (.const)
                  2002dcf8    00000028     CDIO_CC3200_pem4.oem4 (.const:ti_sysbios_heaps_HeapMem_Module__FXNS__C)
                  2002dd20    00000024     CC3200_LAUNCHXL.obj (.const:PWM_config)
                  2002dd44    00000024     CC3200_LAUNCHXL.obj (.const:SPI_config)
                  2002dd68    00000024     CC3200_LAUNCHXL.obj (.const:UART_config)
                  2002dd8c    00000024     drivers_cc32xxware.aem4 : UART.oem4 (.const:UART_defaultParams)
                  2002ddb0    00000024     cc3x00_host_driver.aem4 : driver.oem4 (.const)
                  2002ddd4    00000024     CDIO_CC3200_pem4.oem4 (.const:ti_sysbios_gates_GateHwi_Module__FXNS__C)
                  2002ddf8    00000024     CDIO_CC3200_pem4.oem4 (.const:ti_sysbios_gates_GateMutex_Module__FXNS__C)
                  2002de1c    00000024     CDIO_CC3200_pem4.oem4 (.const:ti_sysbios_heaps_HeapMem_Object__PARAMS__C)
                  2002de40    00000024     CDIO_CC3200_pem4.oem4 (.const:ti_sysbios_knl_Clock_Object__PARAMS__C)
                  2002de64    00000024     CDIO_CC3200_pem4.oem4 (.const:ti_sysbios_knl_Semaphore_Object__PARAMS__C)
                  2002de88    00000024     CDIO_CC3200_pem4.oem4 (.const:xdc_runtime_Startup_sfxnTab__A)
                  2002deac    00000022     simplelink_func.obj (.const:.string:$P$T0$1)
                  2002dece    00000002     CDIO_CC3200_pem4.oem4 (.const:ti_sysbios_family_arm_m3_Timer_Module__id__C)
[...]
2002daa8  _SlWlanCfgGetCmdCtrl                                       
2002dab8  ti_sysbios_knl_Task_Object__PARAMS__C                      
2002daf4  _SlActionLookupTable                                       
2002db2c  _SlSockSocketCmdCtrl                                       
2002db30  _SlSockCloseCmdCtrl                                        
2002db34  _SlRecvfomCmdCtrl                                          
2002db38  _SlSendCmdCtrl                                             
2002db3c  _SlListenCmdCtrl                                           
2002db40  _SlAcceptCmdCtrl                                           
2002db44  _SlRecvCmdCtrl                                             
2002db48  _SlSetSockOptCmdCtrl                                       
2002db4c  _SlGetSockOptCmdCtrl                                       
2002db50  _SlSelectCmdCtrl                                           
2002db60  inPinTypes                                                 
2002db66  outPinTypes                                                
2002db6e  outPinStrengths                                            
2002db94  ti_sysbios_knl_Mailbox_Object__PARAMS__C                   
2002dbc8  ti_sysbios_family_arm_m3_Hwi_Object__PARAMS__C             
2002dbf8  uartCC3200HWAttrs                                          
2002dc7e  ti_sysbios_family_arm_m3_Hwi_Module__id__C                 
2002dc80  PowerCC3200_config                                         
2002dca8  UARTCC3200_fxnTable                                        
2002dcd0  _SlNetAppStartCtrl                                         
2002dcd4  _SlNetAppStopCtrl                                          
2002dcd8  _SlGetServiceListeCtrl                                     
2002dcdc  _SlRegisterServiceCtrl                                     
2002dce0  _SlGetHostByServiceCtrl                                    
2002dce4  _SlGetHostByNameCtrl                                       
2002dce8  _SlNetAppSetCmdCtrl                                        
2002dcec  _SlNetAppSendTokenValueCmdCtrl                             
2002dcf0  _SlNetAppGetCmdCtrl                                        
2002dcf8  ti_sysbios_heaps_HeapMem_Module__FXNS__C                   
2002dd20  PWM_config                                                 
2002dd44  SPI_config                                                 
2002dd68  UART_config                                                
2002dd8c  UART_defaultParams                                         
2002ddb0  RxMsgClassLUT                                              
2002ddd4  ti_sysbios_gates_GateHwi_Module__FXNS__C                   
2002ddf8  ti_sysbios_gates_GateMutex_Module__FXNS__C                 
2002de1c  ti_sysbios_heaps_HeapMem_Object__PARAMS__C                 
2002de40  ti_sysbios_knl_Clock_Object__PARAMS__C                     
2002de64  ti_sysbios_knl_Semaphore_Object__PARAMS__C                 
2002de88  xdc_runtime_Startup_sfxnTab__A                             
2002dece  ti_sysbios_family_arm_m3_Timer_Module__id__C               
2002ded0  PWMTimerCC3200_fxnTable                                    
2002deec  PWMTimerCC3200_MAX_PRESCALAR_VALUE                         
2002deee  PWMTimerCC3200_MAX_MATCH_VALUE                             
2002def0  SPI_defaultParams                                          
2002df10  ti_sysbios_family_arm_m3_Hwi_Object__DESC__C               
2002df30  ti_sysbios_gates_GateHwi_Object__DESC__C                   
2002df50  ti_sysbios_gates_GateMutex_Object__DESC__C                 
2002df70  ti_sysbios_heaps_HeapMem_Object__DESC__C                   
2002df90  ti_sysbios_knl_Clock_Object__DESC__C                       
2002dfb0  ti_sysbios_knl_Mailbox_Object__DESC__C                     
2002dfd0  ti_sysbios_knl_Queue_Object__DESC__C                       
2002dff0  ti_sysbios_knl_Semaphore_Object__DESC__C                   
2002e010  ti_sysbios_knl_Task_Object__DESC__C                        
2002e048  WiFi_config                                                
2002e078  ti_sysbios_gates_GateHwi_Object__PARAMS__C                 
2002e090  ti_sysbios_gates_GateMutex_Object__PARAMS__C               
2002e0a8  ti_sysbios_knl_Queue_Object__PARAMS__C                     
2002e0d4  GPIOCC3200_config                                          
2002e0e8  _SlStopCmdCtrl                                             
2002e0ec  _SlEventMaskSetCmdCtrl                                     
2002e0f0  _SlEventMaskGetCmdCtrl                                     
2002e0f4  _SlDeviceGetCmdCtrl                                        
2002e0f8  _SlDeviceSetCmdCtrl                                        
2002e10e  xdc_runtime_Startup_sfxnRts__A                             
2002e120  _SlPayloadByProtocolLUT                                    
2002e130  WiFiCC3200_fxnTable                                        
2002e140  pwmTimerCC3200HWAttrs                                      
2002e178  PWM_defaultParams                                          
2002e184  WiFi_defaultParams                                         
2002e190  xdc_runtime_Startup_firstFxns__A                           
2002e1a6  StartResponseLUT                                           
2002e1b6  _SlNetCfgSetCmdCtrl                                        
2002e1ba  _SlNetCfgGetCmdCtrl                                        
2002e1be  ti_sysbios_gates_GateMutex_Module__id__C                   
2002e1c0  ti_sysbios_family_arm_m3_Hwi_excHookFuncs__A               
2002e1c8  ti_sysbios_knl_Idle_funcList__A                            
2002e1d0  ti_sysbios_knl_Idle_funcList__C                            
2002e1d8  xdc_runtime_Startup_firstFxns__C                           
2002e1e0  xdc_runtime_Startup_lastFxns__C                            
2002e1ed  ti_sysbios_knl_Clock_tickSource__C                         
2002e1ee  ti_sysbios_hal_Hwi_Module__id__C                           
2002e1f0  ti_sysbios_family_arm_m3_Hwi_E_NMI__C                      
2002e1f4  ti_sysbios_family_arm_m3_Hwi_E_alreadyDefined__C           
2002e1f8  ti_sysbios_family_arm_m3_Hwi_E_busFault__C                 
2002e1fc  ti_sysbios_family_arm_m3_Hwi_E_debugMon__C                 
2002e200  ti_sysbios_family_arm_m3_Hwi_E_hardFault__C                
2002e204  ti_sysbios_family_arm_m3_Hwi_E_memFault__C                 
2002e208  ti_sysbios_family_arm_m3_Hwi_E_noIsr__C                    
2002e20c  ti_sysbios_family_arm_m3_Hwi_E_reserved__C                 
2002e210  ti_sysbios_family_arm_m3_Hwi_E_svCall__C                   
2002e214  ti_sysbios_family_arm_m3_Hwi_E_usageFault__C               
2002e218  ti_sysbios_family_arm_m3_Hwi_NUM_INTERRUPTS__C             
2002e21c  ti_sysbios_family_arm_m3_Hwi_Object__count__C              
2002e220  ti_sysbios_family_arm_m3_Hwi_ccr__C                        
2002e224  ti_sysbios_family_arm_m3_Hwi_excHandlerFunc__C             
2002e228  ti_sysbios_family_arm_m3_Hwi_excHookFuncs__C               
2002e22c  ti_sysbios_family_arm_m3_Hwi_nullIsrFunc__C                
2002e230  ti_sysbios_family_arm_m3_Hwi_priGroup__C                   
2002e234  ti_sysbios_family_arm_m3_TaskSupport_stackAlignment__C     
2002e238  ti_sysbios_family_arm_m3_Timer_E_cannotSupport__C          
2002e23c  ti_sysbios_family_arm_m3_Timer_startupNeeded__C            
2002e240  ti_sysbios_gates_GateMutex_A_badContext__C                 
2002e244  ti_sysbios_gates_GateMutex_Instance_State_sem__O           
2002e248  ti_sysbios_gates_GateMutex_Module__diagsEnabled__C         
2002e24c  ti_sysbios_gates_GateMutex_Module__diagsIncluded__C        
2002e250  ti_sysbios_gates_GateMutex_Module__diagsMask__C            
2002e254  ti_sysbios_hal_Hwi_E_stackOverflow__C                      
2002e258  ti_sysbios_heaps_HeapMem_A_align__C                        
2002e25c  ti_sysbios_heaps_HeapMem_A_heapSize__C                     
2002e260  ti_sysbios_heaps_HeapMem_A_invalidFree__C                  
2002e264  ti_sysbios_heaps_HeapMem_A_zeroBlock__C                    
2002e268  ti_sysbios_heaps_HeapMem_E_memory__C                       
2002e26c  ti_sysbios_heaps_HeapMem_Module__diagsEnabled__C           
2002e270  ti_sysbios_heaps_HeapMem_Module__diagsIncluded__C          
2002e274  ti_sysbios_heaps_HeapMem_Module__diagsMask__C              
2002e278  ti_sysbios_heaps_HeapMem_Module__gateObj__C                
2002e27c  ti_sysbios_heaps_HeapMem_Object__count__C                  
2002e280  ti_sysbios_heaps_HeapMem_reqAlign__C                       
2002e284  ti_sysbios_knl_Clock_A_badThreadType__C                    
2002e288  ti_sysbios_knl_Clock_Module_State_clockQ__O                
2002e28c  ti_sysbios_knl_Clock_Module__diagsEnabled__C               
2002e290  ti_sysbios_knl_Clock_Module__diagsIncluded__C              
2002e294  ti_sysbios_knl_Clock_Module__diagsMask__C                  
2002e298  ti_sysbios_knl_Clock_tickPeriod__C                         
2002e29c  ti_sysbios_knl_Mailbox_A_invalidBufSize__C                 
2002e2a0  ti_sysbios_knl_Mailbox_Instance_State_dataQue__O           
2002e2a4  ti_sysbios_knl_Mailbox_Instance_State_dataSem__O           
2002e2a8  ti_sysbios_knl_Mailbox_Instance_State_freeQue__O           
2002e2ac  ti_sysbios_knl_Mailbox_Instance_State_freeSem__O           
2002e2b0  ti_sysbios_knl_Mailbox_Module__diagsEnabled__C             
2002e2b4  ti_sysbios_knl_Mailbox_Module__diagsIncluded__C            
2002e2b8  ti_sysbios_knl_Mailbox_Module__diagsMask__C                
2002e2bc  ti_sysbios_knl_Mailbox_Object__count__C                    
2002e2c0  ti_sysbios_knl_Mailbox_maxTypeAlign__C                     
2002e2c4  ti_sysbios_knl_Semaphore_A_badContext__C                   
2002e2c8  ti_sysbios_knl_Semaphore_A_noEvents__C                     
2002e2cc  ti_sysbios_knl_Semaphore_A_overflow__C                     
2002e2d0  ti_sysbios_knl_Semaphore_A_pendTaskDisabled__C             
2002e2d4  ti_sysbios_knl_Semaphore_Instance_State_pendQ__O           
2002e2d8  ti_sysbios_knl_Semaphore_Module__diagsEnabled__C           
2002e2dc  ti_sysbios_knl_Semaphore_Module__diagsIncluded__C          
2002e2e0  ti_sysbios_knl_Semaphore_Module__diagsMask__C              
2002e2e4  ti_sysbios_knl_Swi_Object__count__C                        
2002e2e8  ti_sysbios_knl_Task_A_badPriority__C                       
2002e2ec  ti_sysbios_knl_Task_A_badTaskState__C                      
2002e2f0  ti_sysbios_knl_Task_A_badThreadType__C                     
2002e2f4  ti_sysbios_knl_Task_A_badTimeout__C                        
2002e2f8  ti_sysbios_knl_Task_A_noPendElem__C                        
2002e2fc  ti_sysbios_knl_Task_A_sleepTaskDisabled__C                 
2002e300  ti_sysbios_knl_Task_E_spOutOfBounds__C                     
2002e304  ti_sysbios_knl_Task_E_stackOverflow__C                     
2002e308  ti_sysbios_knl_Task_Module_State_inactiveQ__O              
2002e30c  ti_sysbios_knl_Task_Module__diagsEnabled__C                
2002e310  ti_sysbios_knl_Task_Module__diagsIncluded__C               
2002e314  ti_sysbios_knl_Task_Module__diagsMask__C                   
2002e318  ti_sysbios_knl_Task_Object__count__C                       
2002e31c  ti_sysbios_knl_Task_allBlockedFunc__C                      
2002e320  ti_sysbios_knl_Task_defaultStackHeap__C                    
2002e324  ti_sysbios_knl_Task_defaultStackSize__C                    
2002e328  ti_sysbios_knl_Task_numConstructedTasks__C                 
2002e32c  wiFiCC3200HWAttrs                                          
2002e330  xdc_runtime_Assert_E_assertFailed__C                       
2002e334  xdc_runtime_Core_A_initializedParams__C                    
2002e338  xdc_runtime_Core_Module__diagsEnabled__C                   
2002e33c  xdc_runtime_Core_Module__diagsIncluded__C                  
2002e340  xdc_runtime_Core_Module__diagsMask__C                      
2002e344  xdc_runtime_Error_E_memory__C                              
2002e348  xdc_runtime_Error_Module__diagsEnabled__C                  
2002e34c  xdc_runtime_Error_Module__diagsIncluded__C                 
2002e350  xdc_runtime_Error_Module__diagsMask__C                     
2002e354  xdc_runtime_Error_Module__loggerFxn8__C                    
2002e358  xdc_runtime_Error_Module__loggerObj__C                     
2002e35c  xdc_runtime_Error_policyFxn__C                             
2002e360  xdc_runtime_Error_raiseHook__C                             
2002e364  xdc_runtime_IGateProvider_Interface__BASE__C               
2002e368  xdc_runtime_IHeap_Interface__BASE__C                       
2002e36c  xdc_runtime_IModule_Interface__BASE__C                     
2002e370  xdc_runtime_Log_L_error__C                                 
2002e374  xdc_runtime_Memory_defaultHeapInstance__C                  
2002e378  xdc_runtime_Startup_execImpl__C                            
2002e37c  xdc_runtime_Startup_maxPasses__C                           
2002e380  xdc_runtime_Startup_sfxnRts__C                             
2002e384  xdc_runtime_Startup_sfxnTab__C                             
2002e388  xdc_runtime_SysMin_bufSize__C                              
2002e38c  xdc_runtime_SysMin_outputFunc__C                           
2002e390  xdc_runtime_System_Module__gateObj__C                      
2002e394  xdc_runtime_System_abortFxn__C                             
2002e398  xdc_runtime_System_exitFxn__C                              
2002e39c  xdc_runtime_System_extendFxn__C                            
2002e3a0  xdc_runtime_System_maxAtexitHandlers__C                    
2002e3a4  xdc_runtime_Text_charTab__C                                
2002e3a8  xdc_runtime_Text_nameEmpty__C                              
2002e3ac  xdc_runtime_Text_nameStatic__C                             
2002e3b0  xdc_runtime_Text_nameUnknown__C                            
2002e3b4  xdc_runtime_Text_nodeTab__C                                
2002e3b8  xdc_runtime_Text_visitRopeFxn__C                           
2002e3bc  ti_sysbios_heaps_HeapMem_Module__id__C                     
2002e3be  ti_sysbios_knl_Clock_Module__id__C                         
2002e3c0  ti_sysbios_knl_Mailbox_Module__id__C                       
2002e3c2  ti_sysbios_knl_Semaphore_Module__id__C                     
2002e3c4  ti_sysbios_knl_Task_Module__id__C                          
2002e3c6  xdc_runtime_Core_Module__id__C                             
2002e3c8  xdc_runtime_Error_Module__loggerDefined__C                 
2002e3ca  xdc_runtime_Error_maxDepth__C                              
2002e3cc  xdc_runtime_Memory_Module__id__C                           
2002e3ce  xdc_runtime_SysMin_flushAtExit__C                          
2002e3d0  xdc_runtime_Text_charCnt__C                                
2002e3d2  xdc_runtime_Text_isLoaded__C                               
2002e3d4  xdc_runtime_Text_registryModsLastId__C                     
2002e3d6  xdc_runtime_Text_unnamedModsLastId__C                      
2002e3d8  xdc_runtime_Error_policy__C                                
2002e3dc  ti_sysbios_knl_Swi_Module_State_0_readyQ__A                
2002e45c  ti_sysbios_knl_Task_Module_State_0_readyQ__A               
2002e4dc  PowerCC3200_module                                         
2002e530  ti_sysbios_knl_Task_Object__table__V                       
2002e5c4  ti_sysbios_knl_Task_Module__state__V                       
2002e608  ti_sysbios_gates_GateMutex_Object__table__V                
2002e640  ti_sysbios_family_arm_m3_Hwi_Module__state__V              
2002e674  ti_sysbios_family_arm_m3_Timer_Object__table__V            
2002e6a4  ti_sysbios_knl_Swi_Object__table__V                        
2002e6d4  ti_sysbios_knl_Clock_Module__state__V                      
2002e700  ti_sysbios_BIOS_Module__state__V                           
2002e724  ti_sysbios_knl_Swi_Module__state__V                        
2002e740  g_H2NSyncPattern                                           
2002e748  g_H2NCnysPattern                                           
2002e750  g_pCB                                                      
2002e754  pPingCallBackFunc                                          
2002e758  gFirstCmdMode                                              
2002e75a  ti_sysbios_family_arm_m3_Hwi_Module_State_0_excActive__A   
2002e75c  ti_sysbios_family_arm_m3_Hwi_Object__table__V              
2002e774  ti_sysbios_heaps_HeapMem_Object__table__V                  
2002e7b0  originFlagX                                                
2002e7b4  originFlagY                                                
2002e7b8  insertPen                                                  
2002e7bc  firstTime                                                  
2002e7be  xdc_runtime_Error_Module__state__V                         
2002e7c0  __TI_cleanup_ptr                                           
2002e7c4  __TI_dtors_ptr                                             
2002e7c8  __TI_enable_exit_profile_output                            
2002e7cc  gpioCallbackFunctions                                      
2002e7d8  gpioPinConfigs                                             
2002e7e4  ti_sysbios_family_arm_m3_Timer_Module__state__V            
2002e7f0  xdc_runtime_SysMin_Module__state__V                        
2002e7fc  _lock                                                      
2002e800  _unlock                                                    
2002e814  ti_sysbios_family_arm_m3_Hwi_Module__root__V               
2002e81c  ti_sysbios_gates_GateHwi_Module__root__V                   
2002e824  ti_sysbios_gates_GateMutex_Module__root__V                 
2002e82c  ti_sysbios_heaps_HeapMem_Module__root__V                   
2002e834  ti_sysbios_knl_Clock_Module__root__V                       
2002e83c  ti_sysbios_knl_Mailbox_Module__root__V                     
2002e844  ti_sysbios_knl_Queue_Module__root__V                       
2002e84c  ti_sysbios_knl_Semaphore_Module__root__V                   
2002e854  ti_sysbios_knl_Task_Module__root__V                        
2002e85c  xdc_runtime_Registry_Module__state__V                      
2002e864  xdc_runtime_Startup_Module__state__V                       
2002e86c  xdc_runtime_System_Module_State_0_atexitHandlers__A        
2002e874  xdc_runtime_System_Module__state__V                        
2002e894  errno                                                      
2002e898  main_func_sp                                               
2002e89c  ti_sysbios_family_arm_m3_Hwi_Module_State_0_excContext__A  
2002e8a0  ti_sysbios_family_arm_m3_Hwi_Module_State_0_excStack__A    
2002e8a4  ti_sysbios_gates_GateHwi_Object__table__V                  
2002e8a8  ti_sysbios_knl_Task_Module_State_0_idleTask__A             
2002e8ac  xdc_runtime_Memory_Module__state__V                        
2002e8b0  __stack                                                    
2002ebb0  __STACK_END                                                
2002ebb0  __TI_static_base__                                         
2002ef08  __TI_Handler_Table_Base                                    
2002ef10  __TI_CINIT_Base                                            
2002ef10  __TI_Handler_Table_Limit                                   
2002ef20  __TI_CINIT_Limit                                           
e000e000  ti_sysbios_family_arm_m3_Hwi_nvic                          
ffffffff  __TI_pprof_out_hndl                                        
ffffffff  __TI_prof_data_size                                        
ffffffff  __TI_prof_data_start                                       
ffffffff  __binit__                                                  
ffffffff  __c_args__                                                 
ffffffff  binit                                                      
UNDEFED   SHT$$INIT_ARRAY$$Base                                      
UNDEFED   SHT$$INIT_ARRAY$$Limit                                     

[1039 symbols]
