******************************************************************************
                  TI ARM Linker PC v15.12.3                    
******************************************************************************
>> Linked Sun Dec 18 14:45:52 2016

OUTPUT FILE NAME:   <CDIO_CC3200.out>
ENTRY POINT SYMBOL: "_c_int00"  address: 20028edd


MEMORY CONFIGURATION

         name            origin    length      used     unused   attr    fill
----------------------  --------  ---------  --------  --------  ----  --------
  SRAM                  20004000   0003c000  0002af00  00011100  RW X


SEGMENT ALLOCATION MAP

run origin  load origin   length   init length attrs members
----------  ----------- ---------- ----------- ----- -------
20004000    20004000    0000030c   0000030c    r--
  20004000    20004000    0000030c   0000030c    r-- .resetVecs
20004400    20004400    0001845d   00000000    rw-
  20004400    20004400    0001845d   00000000    rw- .bss
2001c860    2001c860    00011c54   00011c54    r-x
  2001c860    2001c860    0000f4da   0000f4da    r-x .text
  2002bd3c    2002bd3c    00002778   00002778    r-- .const
2002e4b4    2002e4b4    000007d8   00000000    rw-
  2002e4b4    2002e4b4    000004d5   00000000    rw- .data
  2002e98c    2002e98c    00000300   00000000    rw- .stack
2002ec90    2002ec90    00000370   00000370    r--
  2002ec90    2002ec90    00000370   00000370    r-- .cinit


SECTION ALLOCATION MAP

 output                                  attributes/
section   page    origin      length       input sections
--------  ----  ----------  ----------   ----------------
.bss       0    20004400    0001845d     UNINITIALIZED
                  20004400    0000ea60     CDIO_CC3200.obj (.bss:printData)
                  20012e60    00004e20     (.common:task1Stack)
                  20017c80    00002710     (.common:task0Stack)
                  2001a390    00001400     (.common:ti_sysbios_heaps_HeapMem_Instance_State_0_buf__A)
                  2001b790    00000050     (.common:task0Struct)
                  2001b7e0    00000020     (.common:gpioCallbackInfo)
                  2001b800    00000400     CC3200_LAUNCHXL.obj (.bss:dmaControlTable)
                  2001bc00    0000030c     (.common:ti_sysbios_family_arm_m3_Hwi_dispatchTable)
                  2001bf0c    00000004     simplelink_func.obj (.bss)
                  2001bf10    00000200     CDIO_CC3200_pem4.oem4 (.bss:taskStackSection)
                  2001c110    00000200     (.common:xdc_runtime_SysMin_Module_State_0_outbuf__A)
                  2001c310    0000012c     drivers_cc32xxware.aem4 : PowerCC3200.oem4 (.bss:PowerCC3200_contextSave)
                  2001c43c    00000120     rtsv7M4_T_le_eabi.lib : trgmsg.obj (.bss:_CIOBUF_)
                  2001c55c    00000108     (.common:uartCC3200Objects)
                  2001c664    00000078     (.common:SPICC3200DMAObjects)
                  2001c6dc    00000050     (.common:task1Struct)
                  2001c72c    00000040     (.common:uartCC3200RingBuffer)
                  2001c76c    00000030     (.common:wiFiCC3200Objects)
                  2001c79c    00000024     simplelink_func.obj (.bss:g_ucConnectionSSID)
                  2001c7c0    00000020     (.common:pwmTimerCC3200Objects)
                  2001c7e0    0000001c     (.common:semStruct_ReadWrite)
                  2001c7fc    00000014     CDIO_CC3200.obj (.bss:orderToWorkTask)
                  2001c810    00000014     (.common:powerNotifyObj)
                  2001c824    00000008     simplelink_func.obj (.bss:g_ucConnectionBSSID)
                  2001c82c    00000008     rtsv7M4_T_le_eabi.lib : trgdrv.obj (.bss:parmbuf)
                  2001c834    00000004     (.common:SimpleLinkSpawnTaskHndl)
                  2001c838    00000008     (.common:firstRTC$1)
                  2001c840    00000008     (.common:spiCC3200DMAscratchBuf)
                  2001c848    00000008     (.common:steps)
                  2001c850    00000004     (.common:firstTick$2)
                  2001c854    00000004     (.common:semHandle_ReadWrite)
                  2001c858    00000004     (.common:simpleLink_mailbox)
                  2001c85c    00000001     (.common:RxIrqCnt)

.text      0    2001c860    0000f4da     
                  2001c860    000010fc     rtsv7M4_T_le_eabi.lib : _printfi.obj (.text)
                  2001d95c    00000fc4     webclient.a : httpcli.obj (.text)
                  2001e920    00000430     sysbios.aem4 : BIOS.obj (.text:ti_sysbios_family_arm_m3_Hwi_excDumpRegs__I)
                  2001ed50    0000040c     simplelink_func.obj (.text:fetchAndParseData)
                  2001f15c    000003b0     simplelink_func.obj (.text:ConfigureSimpleLinkToDefaultState)
                  2001f50c    0000039a     cc3x00_host_driver.aem4 : driver.oem4 (.text:_SlDrvMsgRead)
                  2001f8a6    00000002     drivers_cc32xxware.aem4 : SPICC3200DMA.oem4 (.text:SPICC3200DMA_serviceISR)
                  2001f8a8    00000378     CDIO_CC3200.obj (.text:moveTask)
                  2001fc20    0000034c     ti.targets.arm.rtsarm.aem4 : System.oem4 (.text:xdc_runtime_System_doPrint__I)
                  2001ff6c    00000324     rtsv7M4_T_le_eabi.lib : trgdrv.obj (.text)
                  20020290    000002ea     webclient.a : ssock.obj (.text)
                  2002057a    00000006     drivers_cc32xxware.aem4 : PWMTimerCC3200.oem4 (.text:PWMTimerCC3200_getPeriodMicroSecs)
                  20020580    000002c0     sysbios.aem4 : BIOS.obj (.text:ti_sysbios_knl_Semaphore_pend__E)
                  20020840    00000254                  : BIOS.obj (.text:ti_sysbios_heaps_HeapMem_free__E)
                  20020a94    00000004     tirtosport.aem4 : ClockP_tirtos.oem4 (.text:ClockP_getCpuFreq)
                  20020a98    00000248     sysbios.aem4 : BIOS.obj (.text:ti_sysbios_heaps_HeapMem_alloc__E)
                  20020ce0    0000022c                  : BIOS.obj (.text:ti_sysbios_knl_Task_Instance_finalize__E)
                  20020f0c    00000208     drivers_cc32xxware.aem4 : UARTCC3200.oem4 (.text:UARTCC3200_open)
                  20021114    00000004     tirtosport.aem4 : HwiP_tirtos.oem4 (.text:HwiP_clearInterrupt)
                  20021118    000001fc     sysbios.aem4 : BIOS.obj (.text:ti_sysbios_family_arm_m3_Hwi_excHandlerMax__I)
                  20021314    000001f4     rtsv7M4_T_le_eabi.lib : ull_div_t2.obj (.text)
                  20021508    000001e0     sysbios.aem4 : BIOS.obj (.text:ti_sysbios_knl_Task_sleep__E)
                  200216e8    000001d4     simplelink_func.obj (.text:SimpleLinkWlanEventHandler)
                  200218bc    00000004     tirtosport.aem4 : HwiP_tirtos.oem4 (.text:HwiP_disable)
                  200218c0    000001c8     sysbios.aem4 : BIOS.obj (.text:ti_sysbios_knl_Task_Instance_init__E)
                  20021a88    000001b6     rtsv7M4_T_le_eabi.lib : fd_add_t2.obj (.text)
                  20021c3e    00000002     drivers_cc32xxware.aem4 : SPICC3200DMA.oem4 (.text:SPICC3200DMA_transferCancel)
                  20021c40    000001a8     cc3x00_host_driver.aem4 : wlan.oem4 (.text:sl_WlanConnect)
                  20021de8    000001a4     CDIO_CC3200.obj (.text:move)
                  20021f8c    00000188     power_cc3200_tirtos.aem4 : PowerCC3200_tirtos.oem4 (.text:PowerCC3200_sleepPolicy)
                  20022114    0000017c     drivers_cc32xxware.aem4 : GPIOCC3200.oem4 (.text:GPIO_setConfig)
                  20022290    00000174     sysbios.aem4 : BIOS.obj (.text:ti_sysbios_family_arm_m3_Hwi_excBusFault__I)
                  20022404    00000168     CDIO_CC3200.obj (.text:main)
                  2002256c    00000004     drivers_cc32xxware.aem4 : List.oem4 (.text:List_head)
                  20022570    00000164     sysbios.aem4 : BIOS.obj (.text:ti_sysbios_family_arm_m3_Hwi_excUsageFault__I)
                  200226d4    00000004     drivers_cc32xxware.aem4 : List.oem4 (.text:List_next)
                  200226d8    00000158     sysbios.aem4 : BIOS.obj (.text:ti_sysbios_knl_Mailbox_Instance_init__E)
                  20022830    00000154     drivers_cc32xxware.aem4 : SPICC3200DMA.oem4 (.text:SPICC3200DMA_transfer)
                  20022984    00000150     cc3x00_host_driver.aem4 : driver.oem4 (.text:_SlDrvRxHdrRead)
                  20022ad4    00000004     drivers_wifi_cc32xxware.aem4 : osi_tirtos.oem4 (.text:mem_Malloc)
                  20022ad8    00000148     sysbios.aem4 : BIOS.obj (.text:ti_sysbios_family_arm_m3_Hwi_excMemFault__I)
                  20022c20    0000013c                  : BIOS.obj (.text:ti_sysbios_heaps_HeapMem_Instance_init__E)
                  20022d5c    00000136     rtsv7M4_T_le_eabi.lib : fd_div_t2.obj (.text)
                  20022e92    00000002                           : i_div0.obj (.text)
                  20022e94    00000134     driverlib.a : prcm.obj (.text:PRCMCC3200MCUInit)
                  20022fc8    00000124     drivers_cc32xxware.aem4 : SPICC3200DMA.oem4 (.text:SPICC3200DMA_open)
                  200230ec    00000120     simplelink_func.obj (.text:flushHTTPResponse)
                  2002320c    0000011c     CDIO_CC3200.obj (.text:dataTask)
                  20023328    0000011c     sysbios.aem4 : BIOS.obj (.text:ti_sysbios_knl_Clock_Instance_init__E)
                  20023444    00000118     cc3x00_host_driver.aem4 : driver.oem4 (.text:_SlDrvMsgWrite)
                  2002355c    00000118     ti.targets.arm.rtsarm.aem4 : Error.oem4 (.text:xdc_runtime_Error_policyDefault__E)
                  20023674    00000114     rtsv7M4_T_le_eabi.lib : strtoul.obj (.text)
                  20023788    0000010c     simplelink_func.obj (.text:SimpleLinkNetAppEventHandler)
                  20023894    00000102     rom_pin_mux_config.obj (.text:PinMuxConfig)
                  20023996    00000002     CDIO_CC3200_pem4.oem4 (.text:ti_sysbios_BIOS_nullFunc__I)
                  20023998    00000100     ti.targets.arm.rtsarm.aem4 : Core-mem.oem4 (.text:xdc_runtime_Core_createObject__I)
                  20023a98    000000fd     simplelink_func.obj (.text:SimpleLinkSockEventHandler)
                  20023b95    00000001     --HOLE-- [fill = 0]
                  20023b96    000000fc     rtsv7M4_T_le_eabi.lib : fd_mul_t2.obj (.text)
                  20023c92    00000002     CDIO_CC3200_pem4.oem4 (.text:xdc_runtime_Startup_reset__I)
                  20023c94    000000f8     ti.targets.arm.rtsarm.aem4 : Startup.oem4 (.text:xdc_runtime_Startup_startMods__I)
                  20023d8c    000000f8     CDIO_CC3200_pem4.oem4 (.text:xdc_runtime_System_printfExtend__I)
                  20023e84    000000f0     driverlib.a : udma.obj (.text:uDMAChannelTransferSet)
                  20023f74    000000ec     cc3x00_host_driver.aem4 : driver.oem4 (.text:_SlDrvDriverCBInit)
                  20024060    000000ec     sysbios.aem4 : BIOS.obj (.text:ti_sysbios_knl_Semaphore_post__E)
                  2002414c    000000e0     drivers_cc32xxware.aem4 : PWMTimerCC3200.oem4 (.text:PWMTimerCC3200_open)
                  2002422c    000000e0     cc3x00_host_driver.aem4 : driver.oem4 (.text:_SlDrvDataReadOp)
                  2002430c    000000d8     drivers_cc32xxware.aem4 : SPICC3200DMA.oem4 (.text:configDMA)
                  200243e4    000000d0     cc3x00_host_driver.aem4 : driver.oem4 (.text:_SlDrvWaitForPoolObj)
                  200244b4    000000d0     drivers_cc32xxware.aem4 : GPIOCC3200.oem4 (.text:powerNotifyFxn)
                  20024584    000000d0     rtsv7M4_T_le_eabi.lib : s_scalbn.obj (.text)
                  20024654    000000d0     sysbios.aem4 : m3_Hwi_asm.obj (.text:ti_sysbios_family_arm_m3_Hwi_dispatch__I)
                  20024724    000000cc     ti.targets.arm.rtsarm.aem4 : Core-smem.oem4 (.text:xdc_runtime_Core_constructObject__I)
                  200247f0    000000c8     cc3x00_host_driver.aem4 : driver.oem4 (.text:_SlDrvReleasePoolObj)
                  200248b8    000000bc     sysbios.aem4 : BIOS.obj (.text:ti_sysbios_family_arm_m3_Hwi_excDebugMon__I)
                  20024974    00000004     CDIO_CC3200_pem4.oem4 (.text:ti_sysbios_BIOS_RtsGateProxy_enter__E)
                  20024978    000000bc     sysbios.aem4 : BIOS.obj (.text:ti_sysbios_family_arm_m3_Hwi_excHardFault__I)
                  20024a34    000000b8     drivers_cc32xxware.aem4 : PWMTimerCC3200.oem4 (.text:PWMTimerCC3200_setDuty)
                  20024aec    000000b8     cc3x00_host_driver.aem4 : netapp.oem4 (.text:sl_NetAppDnsGetHostByName)
                  20024ba4    000000b8     simplelink_func.obj (.text:wlanConnect)
                  20024c5c    000000b4     cc3x00_host_driver.aem4 : netapp.oem4 (.text:_SlDrvNetAppEventHandler)
                  20024d10    000000b4     sysbios.aem4 : BIOS.obj (.text:ti_sysbios_gates_GateMutex_enter__E)
                  20024dc4    00000004     CDIO_CC3200_pem4.oem4 (.text:ti_sysbios_BIOS_RtsGateProxy_leave__E)
                  20024dc8    000000b4     sysbios.aem4 : BIOS.obj (.text:ti_sysbios_knl_Task_checkStacks__E)
                  20024e7c    000000b0     cc3x00_host_driver.aem4 : socket.oem4 (.text:sl_Connect)
                  20024f2c    000000ac                             : driver.oem4 (.text:_SlDrvDataWriteOp)
                  20024fd8    000000aa     uart_if.obj (.text:Report)
                  20025082    000000a8     simplelink_func.obj (.text:charToInt)
                  2002512a    00000006     drivers_cc32xxware.aem4 : SPICC3200DMA.oem4 (.text:SPICC3200DMA_control)
                  20025130    000000a8     sysbios.aem4 : BIOS.obj (.text:ti_sysbios_knl_Task_postInit__I)
                  200251d8    000000a4     cc3x00_host_driver.aem4 : socket.oem4 (.text:sl_Send)
                  2002527c    00000004     CDIO_CC3200_pem4.oem4 (.text:ti_sysbios_family_arm_m3_Hwi_destruct)
                  20025280    000000a4     sysbios.aem4 : BIOS.obj (.text:ti_sysbios_knl_Clock_Instance_finalize__E)
                  20025324    000000a2     drivers_cc32xxware.aem4 : UARTCC3200.oem4 (.text:UARTCC3200_write)
                  200253c6    00000002     --HOLE-- [fill = 0]
                  200253c8    000000a0     driverlib.a : spi.obj (.text:SPIConfigSetExpClk)
                  20025468    000000a0     auto_init.aem4 : auto_init.oem4 (.text)
                  20025508    000000a0     ti.targets.arm.rtsarm.aem4 : Text.oem4 (.text:xdc_runtime_Text_putMod__E)
                  200255a8    0000009e     drivers_cc32xxware.aem4 : UARTCC3200.oem4 (.text:readTaskBlocking)
                  20025646    0000009c     rtsv7M4_T_le_eabi.lib : memcpy_t2.obj (.text)
                  200256e2    00000006     driverlib.a : utils.obj (.text:UtilsDelay)
                  200256e8    0000009c     sysbios.aem4 : BIOS.obj (.text:ti_sysbios_knl_Semaphore_Instance_init__E)
                  20025784    0000009a     ti.targets.arm.rtsarm.aem4 : Text.oem4 (.text:xdc_runtime_Text_putSite__E)
                  2002581e    00000098     drivers_cc32xxware.aem4 : UARTCC3200.oem4 (.text:UARTCC3200_control)
                  200258b6    00000098                             : UARTCC3200.oem4 (.text:UARTCC3200_readPolling)
                  2002594e    00000002     --HOLE-- [fill = 0]
                  20025950    00000098     cc3x00_host_driver.aem4 : driver.oem4 (.text:_SlDrvMsgReadCmdCtx)
                  200259e8    00000098                             : device.oem4 (.text:sl_Stop)
                  20025a80    00000098     sysbios.aem4 : BIOS.obj (.text:ti_sysbios_knl_Mailbox_post__E)
                  20025b18    00000094     driverlib.a : prcm.obj (.text:PRCMPeripheralClockGet)
                  20025bac    00000094     cc3x00_host_driver.aem4 : driver.oem4 (.text:_SlFindAndSetActiveObj)
                  20025c40    00000094     drivers_cc32xxware.aem4 : SPICC3200DMA.oem4 (.text:initHw)
                  20025cd4    00000004     CDIO_CC3200_pem4.oem4 (.text:ti_sysbios_family_arm_m3_TaskSupport_Module__startupDone__S)
                  20025cd8    00000094     sysbios.aem4 : BIOS.obj (.text:ti_sysbios_family_arm_m3_Hwi_Instance_init__E)
                  20025d6c    00000090     cc3x00_host_driver.aem4 : driver.oem4 (.text:_SlDrvDriverCBDeinit)
                  20025dfc    00000090     drivers_cc32xxware.aem4 : PowerCC3200.oem4 (.text:restoreNVICRegs)
                  20025e8c    00000090     cc3x00_host_driver.aem4 : device.oem4 (.text:sl_Start)
                  20025f1c    00000004     CDIO_CC3200_pem4.oem4 (.text:ti_sysbios_heaps_HeapMem_Module_GateProxy_enter__E)
                  20025f20    0000008c     sysbios.aem4 : BIOS.obj (.text:ti_sysbios_knl_Mailbox_pend__E)
                  20025fac    0000008a     drivers_cc32xxware.aem4 : UARTCC3200.oem4 (.text:readIsrTextBlocking)
                  20026036    00000002     --HOLE-- [fill = 0]
                  20026038    00000088     driverlib.a : pin.obj (.text:PinConfigSet)
                  200260c0    00000088     drivers_cc32xxware.aem4 : UARTCC3200.oem4 (.text:UARTCC3200_close)
                  20026148    00000088     rtsv7M4_T_le_eabi.lib : vsnprintf.obj (.text)
                  200261d0    00000088     drivers_cc32xxware.aem4 : SPICC3200DMA.oem4 (.text:spiHwiFxn)
                  20026258    00000088     sysbios.aem4 : BIOS.obj (.text:ti_sysbios_family_arm_m3_Hwi_initNVIC__E)
                  200262e0    00000088                  : BIOS.obj (.text:ti_sysbios_knl_Mailbox_Module_startup__E)
                  20026368    00000086     rtsv7M4_T_le_eabi.lib : fd_cmp_t2.obj (.text:__aeabi_cdcmple)
                  200263ee    00000086                           : fd_cmp_t2.obj (.text:__aeabi_cdrcmple)
                  20026474    00000084     drivers_cc32xxware.aem4 : GPIOCC3200.oem4 (.text:GPIO_init)
                  200264f8    00000084                             : PowerCC3200.oem4 (.text:saveNVICRegs)
                  2002657c    00000084     cc3x00_host_driver.aem4 : netapp.oem4 (.text:sl_NetAppMDNSRegisterUnregisterService)
                  20026600    00000084     sysbios.aem4 : BIOS.obj (.text:ti_sysbios_family_arm_m3_Hwi_postInit__I)
                  20026684    00000082     driverlib.a : gpio.obj (.text:GPIOIntTypeSet)
                  20026706    00000082     drivers_cc32xxware.aem4 : UARTCC3200.oem4 (.text:readIsrTextCallback)
                  20026788    00000080     drivers_wifi_cc32xxware.aem4 : WiFiCC3200.oem4 (.text:WiFiCC3200_open)
                  20026808    0000007c     driverlib.a : spi.obj (.text:SPIIntStatus)
                  20026884    0000007a     drivers_cc32xxware.aem4 : UARTCC3200.oem4 (.text:readTaskCallback)
                  200268fe    0000007a     rtsv7M4_T_le_eabi.lib : memset_t2.obj (.text)
                  20026978    00000078     drivers_wifi_cc32xxware.aem4 : osi_tirtos.oem4 (.text:VStartSimpleLinkSpawnTask)
                  200269f0    00000078     cc3x00_host_driver.aem4 : device.oem4 (.text:sl_DevGet)
                  20026a68    00000078     simplelink_func.obj (.text:wlanStart)
                  20026ae0    00000076     driverlib.a : uart.obj (.text:UARTConfigSetExpClk)
                  20026b56    00000002     --HOLE-- [fill = 0]
                  20026b58    00000074     cc3x00_host_driver.aem4 : driver.oem4 (.text:_SlDrvClassifyRxMsg)
                  20026bcc    00000004     CDIO_CC3200_pem4.oem4 (.text:ti_sysbios_heaps_HeapMem_Module_GateProxy_leave__E)
                  20026bd0    00000074     sysbios.aem4 : BIOS.obj (.text:ti_sysbios_knl_Clock_start__E)
                  20026c44    00000070     drivers_cc32xxware.aem4 : PWMTimerCC3200.oem4 (.text:PWMTimerCC3200_control)
                  20026cb4    00000070                             : PowerCC3200.oem4 (.text:Power_sleep)
                  20026d24    00000070     cc3x00_host_driver.aem4 : driver.oem4 (.text:_SlDrvCmdOp)
                  20026d94    00000004     CDIO_CC3200_pem4.oem4 (.text:ti_sysbios_knl_Clock_TimerProxy_getMaxTicks__E)
                  20026d98    00000070     sysbios.aem4 : BIOS.obj (.text:ti_sysbios_knl_Mailbox_Instance_finalize__E)
                  20026e08    0000006d     ti.targets.arm.rtsarm.aem4 : System.oem4 (.text:xdc_runtime_System_formatNum__I)
                  20026e75    00000003     --HOLE-- [fill = 0]
                  20026e78    0000006c     cc3x00_host_driver.aem4 : driver.oem4 (.text:_SlDrvMsgReadSpawnCtx)
                  20026ee4    0000006c     drivers_cc32xxware.aem4 : UARTCC3200.oem4 (.text:initHw)
                  20026f50    0000006c     sysbios.aem4 : BIOS.obj (.text:ti_sysbios_knl_Clock_workFunc__E)
                  20026fbc    00000004     CDIO_CC3200_pem4.oem4 (.text:ti_sysbios_knl_Clock_TimerProxy_setPeriodMicroSecs__E)
                  20026fc0    0000006c     sysbios.aem4 : BIOS.obj (.text:ti_sysbios_knl_Swi_restoreHwi__E)
                  2002702c    00000004     CDIO_CC3200_pem4.oem4 (.text:ti_sysbios_knl_Clock_TimerProxy_start__E)
                  20027030    0000006c     sysbios.aem4 : BIOS.obj (.text:ti_sysbios_knl_Task_exit__E)
                  2002709c    0000006c     simplelink_func.obj (.text:unPackData)
                  20027108    0000006c     ti.targets.arm.rtsarm.aem4 : Error.oem4 (.text:xdc_runtime_Error_print__E)
                  20027174    0000006c                                : Memory.oem4 (.text:xdc_runtime_Memory_alloc__E)
                  200271e0    0000006a     rtsv7M4_T_le_eabi.lib : copy_decompress_rle.obj (.text)
                  2002724a    00000002     --HOLE-- [fill = 0]
                  2002724c    00000068     driverlib.a : prcm.obj (.text:PRCMHibernateWakeUpGPIOSelect)
                  200272b4    00000068     rtsv7M4_T_le_eabi.lib : trgmsg.obj (.text)
                  2002731c    00000068     simplelink_func.obj (.text:setupHTTPConnection)
                  20027384    00000068     drivers_wifi_cc32xxware.aem4 : WiFiCC3200.oem4 (.text:spi_Read)
                  200273ec    00000068                                  : WiFiCC3200.oem4 (.text:spi_Write)
                  20027454    00000068     drivers_cc32xxware.aem4 : UARTCC3200.oem4 (.text:writeData)
                  200274bc    00000066     ti.targets.arm.rtsarm.aem4 : Core-mem.oem4 (.text:xdc_runtime_Core_deleteObject__I)
                  20027522    00000002     --HOLE-- [fill = 0]
                  20027524    00000064     drivers_cc32xxware.aem4 : GPIOCC3200.oem4 (.text:GPIO_hwiIntFxn)
                  20027588    00000064     cc3x00_host_driver.aem4 : netapp.oem4 (.text:_sl_HandleAsync_DnsGetHostByName)
                  200275ec    00000004     CDIO_CC3200_pem4.oem4 (.text:ti_sysbios_knl_Clock_TimerProxy_stop__E)
                  200275f0    00000064     sysbios.aem4 : BIOS.obj (.text:ti_sysbios_family_arm_m3_Hwi_dispatchC__I)
                  20027654    00000064     CDIO_CC3200_pem4.oem4 (.text:ti_sysbios_knl_Mailbox_create)
                  200276b8    00000064     driverlib.a : udma.obj (.text:uDMAChannelAttributeDisable)
                  2002771c    00000062     tirtosport.aem4 : HwiP_tirtos.oem4 (.text:HwiP_create)
                  2002777e    00000002     --HOLE-- [fill = 0]
                  20027780    00000060     cc3x00_host_driver.aem4 : netapp.oem4 (.text:_sl_HandleAsync_DnsGetHostByService)
                  200277e0    00000060                             : device.oem4 (.text:_sl_HandleAsync_InitComplete)
                  20027840    00000060                             : netapp.oem4 (.text:_sl_HandleAsync_PingResponse)
                  200278a0    00000060     sysbios.aem4 : BIOS.obj (.text:ti_sysbios_knl_Task_schedule__I)
                  20027900    0000005e     drivers_cc32xxware.aem4 : UARTCC3200.oem4 (.text:readIsrBinaryBlocking)
                  2002795e    00000002     --HOLE-- [fill = 0]
                  20027960    0000005c     rtsv7M4_T_le_eabi.lib : s_frexp.obj (.text)
                  200279bc    00000004     CDIO_CC3200_pem4.oem4 (.text:ti_sysbios_knl_Clock_destruct)
                  200279c0    0000005c     sysbios.aem4 : BIOS.obj (.text:ti_sysbios_knl_Swi_run__I)
                  20027a1c    00000004     CDIO_CC3200_pem4.oem4 (.text:ti_sysbios_knl_Mailbox_delete)
                  20027a20    0000005c     sysbios.aem4 : BIOS.obj (.text:ti_sysbios_knl_Swi_schedule__I)
                  20027a7c    00000004     CDIO_CC3200_pem4.oem4 (.text:ti_sysbios_knl_Queue_destruct)
                  20027a80    0000005c     sysbios.aem4 : BIOS.obj (.text:ti_sysbios_knl_Task_Module_startup__E)
                  20027adc    0000005c     CDIO_CC3200_pem4.oem4 (.text:ti_sysbios_knl_Task_create)
                  20027b38    0000005c     sysbios.aem4 : BIOS.obj (.text:ti_sysbios_knl_Task_startCore__E)
                  20027b94    0000005b     ti.targets.arm.rtsarm.aem4 : Text.oem4 (.text:xdc_runtime_Text_putLab__E)
                  20027bef    00000001     --HOLE-- [fill = 0]
                  20027bf0    0000005a     tirtosport.aem4 : ClockP_tirtos.oem4 (.text:ClockP_create)
                  20027c4a    0000005a     drivers_cc32xxware.aem4 : SPICC3200DMA.oem4 (.text:SPICC3200DMA_close)
                  20027ca4    00000058     driverlib.a : interrupt.obj (.text:IntPendClear)
                  20027cfc    00000058                 : prcm.obj (.text:PRCMPeripheralReset)
                  20027d54    00000058     drivers_cc32xxware.aem4 : PowerCC3200.oem4 (.text:Power_init)
                  20027dac    00000058     tirtosport.aem4 : SemaphoreP_tirtos.oem4 (.text:SemaphoreP_create)
                  20027e04    00000058     cc3x00_host_driver.aem4 : driver.oem4 (.text:_SlDrvCmdSend)
                  20027e5c    00000058                             : netapp.oem4 (.text:_sl_NetAppSendTokenValue)
                  20027eb4    00000058     CDIO_CC3200_pem4.oem4 (.text:ti_sysbios_family_arm_m3_Hwi_construct)
                  20027f0c    00000056     rtsv7M4_T_le_eabi.lib : ltoa.obj (.text)
                  20027f62    00000002     --HOLE-- [fill = 0]
                  20027f64    00000054     CC3200_LAUNCHXL.obj (.text:CC3200_LAUNCHXL_initDMA)
                  20027fb8    00000054     drivers_cc32xxware.aem4 : UARTCC3200.oem4 (.text:UARTCC3200_writeCancel)
                  2002800c    00000054                             : UARTCC3200.oem4 (.text:readIsrBinaryCallback)
                  20028060    00000054     rtsv7M4_T_le_eabi.lib : exit.obj (.text)
                  200280b4    00000054     cc3x00_host_driver.aem4 : socket.oem4 (.text:sl_SetSockOpt)
                  20028108    00000054     sysbios.aem4 : BIOS.obj (.text:ti_sysbios_family_arm_m3_Timer_setPeriod__E)
                  2002815c    00000004     CDIO_CC3200_pem4.oem4 (.text:ti_sysbios_knl_Semaphore_delete)
                  20028160    00000054     sysbios.aem4 : BIOS.obj (.text:ti_sysbios_family_arm_m3_Timer_start__E)
                  200281b4    00000054     CDIO_CC3200_pem4.oem4 (.text:ti_sysbios_knl_Task_construct)
                  20028208    00000054     ti.targets.arm.rtsarm.aem4 : Assert.oem4 (.text:xdc_runtime_Assert_raise__I)
                  2002825c    00000050     drivers_wifi_cc32xxware.aem4 : WiFiCC3200.oem4 (.text:CC3X00_NWP_enablePreamble)
                  200282ac    00000050     cc3x00_host_driver.aem4 : socket.oem4 (.text:_sl_HandleAsync_Connect)
                  200282fc    00000050                             : netcfg.oem4 (.text:sl_NetCfgSet)
                  2002834c    00000050                             : wlan.oem4 (.text:sl_WlanSet)
                  2002839c    00000004     CDIO_CC3200_pem4.oem4 (.text:ti_sysbios_knl_Semaphore_destruct)
                  200283a0    00000050     sysbios.aem4 : BIOS.obj (.text:ti_sysbios_family_arm_m3_Hwi_Module_startup__E)
                  200283f0    00000050     ti.targets.arm.rtsarm.aem4 : Startup.oem4 (.text:xdc_runtime_Startup_exec__E)
                  20028440    00000050                                : Text.oem4 (.text:xdc_runtime_Text_visitRope2__I)
                  20028490    0000004c     gpio_if.obj (.text:GPIO_IF_GetPortNPin)
                  200284dc    0000004c     drivers_cc32xxware.aem4 : GPIOCC3200.oem4 (.text:GPIO_setCallback)
                  20028528    0000004c     driverlib.a : spi.obj (.text:SPIIntDisable)
                  20028574    0000004c                 : spi.obj (.text:SPIIntEnable)
                  200285c0    0000004c     cc3x00_host_driver.aem4 : device.oem4 (.text:_SlDrvDeviceEventHandler)
                  2002860c    0000004c                             : socket.oem4 (.text:_sl_HandleAsync_Accept)
                  20028658    0000004c     rtsv7M4_T_le_eabi.lib : atoi.obj (.text)
                  200286a4    0000004c                           : cpy_tbl.obj (.text)
                  200286f0    0000004c     sysbios.aem4 : m3_TaskSupport_asm.obj (.text:ti_sysbios_family_arm_m3_TaskSupport_buildTaskStack)
                  2002873c    00000004     CDIO_CC3200_pem4.oem4 (.text:ti_sysbios_knl_Task_delete)
                  20028740    0000004c     sysbios.aem4 : BIOS.obj (.text:ti_sysbios_family_arm_m3_Timer_setPeriodMicroSecs__E)
                  2002878c    00000004     ti.targets.arm.rtsarm.aem4 : Error.oem4 (.text:xdc_runtime_Error_getSite__E)
                  20028790    0000004c     sysbios.aem4 : BIOS.obj (.text:ti_sysbios_heaps_HeapMem_getStats__E)
                  200287dc    00000004     CDIO_CC3200_pem4.oem4 (.text:xdc_runtime_System_Module_GateProxy_enter__E)
                  200287e0    0000004c     sysbios.aem4 : BIOS.obj (.text:ti_sysbios_knl_Swi_runLoop__I)
                  2002882c    00000004     CDIO_CC3200_pem4.oem4 (.text:xdc_runtime_System_Module_GateProxy_leave__E)
                  20028830    0000004c     sysbios.aem4 : BIOS.obj (.text:ti_sysbios_knl_Task_allBlockedFunction__I)
                  2002887c    0000004c     driverlib.a : udma.obj (.text:uDMAChannelAssign)
                  200288c8    00000048                 : flash.obj (.text:FlashDisable)
                  20028910    00000048                 : prcm.obj (.text:PRCMHibernateWakeupSourceEnable)
                  20028958    00000048                 : pin.obj (.text:PinConfigGet)
                  200289a0    00000048                 : spi.obj (.text:SPIIntClear)
                  200289e8    00000048     cc3x00_host_driver.aem4 : driver.oem4 (.text:_SlRemoveFromList)
                  20028a30    00000048     CDIO_CC3200.obj (.text:moveToOrigin)
                  20028a78    00000048     drivers_cc32xxware.aem4 : PowerCC3200.oem4 (.text:notify)
                  20028ac0    00000048     rtsv7M4_T_le_eabi.lib : fd_toi_t2.obj (.text)
                  20028b08    00000048     cc3x00_host_driver.aem4 : socket.oem4 (.text:sl_Recv)
                  20028b50    00000048     sysbios.aem4 : BIOS.obj (.text:ti_sysbios_family_arm_m3_Hwi_disableInterrupt__E)
                  20028b98    00000048                  : BIOS.obj (.text:ti_sysbios_family_arm_m3_Hwi_enableInterrupt__E)
                  20028be0    00000048                  : BIOS.obj (.text:ti_sysbios_family_arm_m3_Hwi_excReserved__I)
                  20028c28    00000048                  : m3_Hwi_asm_switch.obj (.text:ti_sysbios_family_arm_m3_Hwi_initStacks__E)
                  20028c70    00000048                  : BIOS.obj (.text:ti_sysbios_family_arm_m3_Timer_initDevice__I)
                  20028cb8    00000046     drivers_cc32xxware.aem4 : RingBuf.oem4 (.text:RingBuf_put)
                  20028cfe    00000046     ti.targets.arm.rtsarm.aem4 : Core-params.oem4 (.text:xdc_runtime_Core_assignParams__I)
                  20028d44    00000044     driverlib.a : prcm.obj (.text:PRCMLPDSEnter)
                  20028d88    00000044     drivers_cc32xxware.aem4 : PowerCC3200_asm.oem4 (.text:PowerCC3200_enterLPDS)
                  20028dcc    00000044     driverlib.a : spi.obj (.text:SPIDmaMaskGet)
                  20028e10    00000044     simplelink_func.obj (.text:SimpleLinkGeneralEventHandler)
                  20028e54    00000044     drivers_cc32xxware.aem4 : UARTCC3200.oem4 (.text:UARTCC3200_hwiIntFxn)
                  20028e98    00000044     cc3x00_host_driver.aem4 : driver.oem4 (.text:_SlAsyncEventGenericHandler)
                  20028edc    00000044     boot.aem4 : boot.oem4 (.text)
                  20028f20    00000044     cc3x00_host_driver.aem4 : wlan.oem4 (.text:sl_WlanPolicySet)
                  20028f64    00000004     ti.targets.arm.rtsarm.aem4 : System.oem4 (.text:xdc_runtime_System_aprintf_va__F)
                  20028f68    00000044     sysbios.aem4 : BIOS.obj (.text:ti_sysbios_family_arm_m3_Hwi_getStackInfo__E)
                  20028fac    00000004     ti.targets.arm.rtsarm.aem4 : System.oem4 (.text:xdc_runtime_System_printf_va__F)
                  20028fb0    00000044     sysbios.aem4 : BIOS.obj (.text:ti_sysbios_knl_Mailbox_postInit__I)
                  20028ff4    00000004     --HOLE-- [fill = 0]
                  20028ff8    00000044                  : BIOS.obj (.text:ti_sysbios_knl_Swi_post__E)
                  2002903c    00000044     ti.targets.arm.rtsarm.aem4 : Error.oem4 (.text:xdc_runtime_Error_setX__E)
                  20029080    00000044                                : SysMin.oem4 (.text:xdc_runtime_SysMin_flush__E)
                  200290c4    00000044                                : Text.oem4 (.text:xdc_runtime_Text_xprintf__I)
                  20029108    00000042     drivers_cc32xxware.aem4 : PowerCC3200_asm.oem4 (.text:PowerCC3200_resumeLPDS)
                  2002914a    00000042                             : UARTCC3200.oem4 (.text:UARTCC3200_writePolling)
                  2002918c    00000040                             : GPIOCC3200.oem4 (.text:GPIO_enableInt)
                  200291cc    00000040     driverlib.a : pin.obj (.text:PinModeSet)
                  2002920c    00000040     drivers_cc32xxware.aem4 : PowerCC3200.oem4 (.text:Power_setDependency)
                  2002924c    00000040                             : RingBuf.oem4 (.text:RingBuf_get)
                  2002928c    00000040                             : UARTCC3200.oem4 (.text:UARTCC3200_read)
                  200292cc    00000040     cc3x00_host_driver.aem4 : driver.oem4 (.text:_SlDrvRxIrqHandler)
                  2002930c    00000040                             : socket.oem4 (.text:_sl_HandleAsync_Select)
                  2002934c    00000040     drivers_wifi_cc32xxware.aem4 : osi_tirtos.oem4 (.text:osi_LockObjLock)
                  2002938c    00000040                                  : osi_tirtos.oem4 (.text:osi_SyncObjCreate)
                  200293cc    00000040                                  : osi_tirtos.oem4 (.text:osi_SyncObjWait)
                  2002940c    00000040     rtsv7M4_T_le_eabi.lib : u_divt2.obj (.text)
                  2002944c    00000040     cc3x00_host_driver.aem4 : wlan.oem4 (.text:sl_WlanRxFilterSet)
                  2002948c    00000004     --HOLE-- [fill = 0]
                  20029490    00000040     sysbios.aem4 : BIOS.obj (.text:ti_sysbios_family_arm_m3_Timer_Module_startup__E)
                  200294d0    0000003e     CDIO_CC3200_pem4.oem4 (.text:realloc)
                  2002950e    00000002     --HOLE-- [fill = 0]
                  20029510    0000003c     driverlib.a : prcm.obj (.text:PRCMPeripheralClkEnable)
                  2002954c    0000003c                 : prcm.obj (.text:PRCMSlowClkCtrFastGet)
                  20029588    0000003c                 : pin.obj (.text:PinDirModeSet)
                  200295c4    0000003c     drivers_cc32xxware.aem4 : WiFi.oem4 (.text:WiFi_open)
                  20029600    0000003c     cc3x00_host_driver.aem4 : device.oem4 (.text:_sl_HandleAsync_Stop)
                  2002963c    0000003c     CDIO_CC3200.obj (.text:brytarIntX)
                  20029678    0000003c     CDIO_CC3200.obj (.text:brytarIntY)
                  200296b4    0000003c     simplelink_func.obj (.text:packData)
                  200296f0    0000003c     drivers_wifi_cc32xxware.aem4 : WiFiCC3200.oem4 (.text:spi_Open)
                  2002972c    00000004     --HOLE-- [fill = 0]
                  20029730    0000003c     sysbios.aem4 : BIOS.obj (.text:ti_sysbios_family_arm_m3_Hwi_excSvCall__I)
                  2002976c    00000004     --HOLE-- [fill = 0]
                  20029770    0000003c                  : BIOS.obj (.text:ti_sysbios_heaps_HeapMem_init__I)
                  200297ac    00000004     --HOLE-- [fill = 0]
                  200297b0    0000003c                  : BIOS.obj (.text:ti_sysbios_knl_Clock_walkQueuePeriodic__E)
                  200297ec    00000004     --HOLE-- [fill = 0]
                  200297f0    0000003c                  : BIOS.obj (.text:ti_sysbios_knl_Swi_restore__E)
                  2002982c    0000003c     driverlib.a : udma.obj (.text:uDMAChannelControlSet)
                  20029868    0000003a     gpio_if.obj (.text:GPIO_IF_Set)
                  200298a2    00000002     --HOLE-- [fill = 0]
                  200298a4    00000038     driverlib.a : prcm.obj (.text:PRCMIntEnable)
                  200298dc    00000038     drivers_cc32xxware.aem4 : PWM.oem4 (.text:PWM_init)
                  20029914    00000038     power_cc3200_tirtos.aem4 : PowerCC3200_tirtos.oem4 (.text:PowerCC3200_initPolicy)
                  2002994c    00000038     drivers_cc32xxware.aem4 : SPI.oem4 (.text:SPI_init)
                  20029984    00000038                             : UART.oem4 (.text:UART_init)
                  200299bc    00000038                             : WiFi.oem4 (.text:WiFi_init)
                  200299f4    00000038     drivers_wifi_cc32xxware.aem4 : osi_tirtos.oem4 (.text:osi_LockObjCreate)
                  20029a2c    00000038     CDIO_CC3200.obj (.text:pwmDutyDown)
                  20029a64    00000038     cc3x00_host_driver.aem4 : socket.oem4 (.text:sl_Htonl)
                  20029a9c    00000038     drivers_cc32xxware.aem4 : SPICC3200DMA.oem4 (.text:spiPollingTransfer16)
                  20029ad4    00000038                             : SPICC3200DMA.oem4 (.text:spiPollingTransfer8)
                  20029b0c    00000004     --HOLE-- [fill = 0]
                  20029b10    00000038     sysbios.aem4 : BIOS.obj (.text:ti_sysbios_family_arm_m3_Hwi_excNoIsr__I)
                  20029b48    00000038                  : BIOS.obj (.text:ti_sysbios_knl_Task_processVitalTaskFlag__I)
                  20029b80    00000038     ti.targets.arm.rtsarm.aem4 : SysMin.oem4 (.text:xdc_runtime_SysMin_putch__E)
                  20029bb8    00000038                                : System.oem4 (.text:xdc_runtime_System_atexit__E)
                  20029bf0    00000036     driverlib.a : gpio.obj (.text:GPIODirModeSet)
                  20029c26    00000036                 : timer.obj (.text:TimerControlLevel)
                  20029c5c    00000036     drivers_cc32xxware.aem4 : UARTCC3200.oem4 (.text:UARTCC3200_readCancel)
                  20029c92    00000002     --HOLE-- [fill = 0]
                  20029c94    00000034     drivers_wifi_cc32xxware.aem4 : WiFiCC3200.oem4 (.text:CC3X00_NWP_disable)
                  20029cc8    00000034     driverlib.a : prcm.obj (.text:PRCMPeripheralStatusGet)
                  20029cfc    00000034                 : prcm.obj (.text:PRCMSRAMRetentionEnable)
                  20029d30    00000034     drivers_cc32xxware.aem4 : PowerCC3200.oem4 (.text:Power_releaseDependency)
                  20029d64    00000034     driverlib.a : spi.obj (.text:SPIFIFOLevelSet)
                  20029d98    00000034     cc3x00_host_driver.aem4 : driver.oem4 (.text:_SlDrvBasicCmd)
                  20029dcc    00000034                             : driver.oem4 (.text:_SlDrvProtectAsyncRespSetting)
                  20029e00    00000034     power_cc3200_tirtos.aem4 : PowerCC3200_tirtos.oem4 (.text:getCountsRTC)
                  20029e34    00000034     drivers_cc32xxware.aem4 : PWMTimerCC3200.oem4 (.text:getPowerMgrId)
                  20029e68    00000034                             : PowerCC3200.oem4 (.text:restorePeriphClocks)
                  20029e9c    00000034     cc3x00_host_driver.aem4 : socket.oem4 (.text:sl_Htons)
                  20029ed0    00000034     sysbios.aem4 : BIOS.obj (.text:ti_sysbios_family_arm_m3_Hwi_Instance_finalize__E)
                  20029f04    00000004     --HOLE-- [fill = 0]
                  20029f08    00000034                  : BIOS.obj (.text:ti_sysbios_family_arm_m3_Hwi_excNmi__I)
                  20029f3c    00000004     --HOLE-- [fill = 0]
                  20029f40    00000034                  : BIOS.obj (.text:ti_sysbios_family_arm_m3_Timer_periodicStub__I)
                  20029f74    00000004     --HOLE-- [fill = 0]
                  20029f78    00000034                  : BIOS.obj (.text:ti_sysbios_hal_Hwi_checkStack)
                  20029fac    00000034     CDIO_CC3200_pem4.oem4 (.text:ti_sysbios_knl_Clock_construct)
                  20029fe0    00000034     CDIO_CC3200_pem4.oem4 (.text:ti_sysbios_knl_Semaphore_create)
                  2002a014    00000034     ti.targets.arm.rtsarm.aem4 : Core-label.oem4 (.text:xdc_runtime_Core_assignLabel__I)
                  2002a048    00000033                                : Text.oem4 (.text:xdc_runtime_Text_printVisFxn__I)
                  2002a07b    00000001     --HOLE-- [fill = 0]
                  2002a07c    00000032     drivers_cc32xxware.aem4 : SPICC3200DMA.oem4 (.text:spiPollingTransfer32)
                  2002a0ae    00000002     --HOLE-- [fill = 0]
                  2002a0b0    00000032     sysbios.aem4 : BIOS.obj (.text:ti_sysbios_hal_Hwi_initStack)
                  2002a0e2    00000002     --HOLE-- [fill = 0]
                  2002a0e4    00000030     drivers_cc32xxware.aem4 : PWM.oem4 (.text:PWM_open)
                  2002a114    00000030     driverlib.a : pin.obj (.text:PinTypeGPIO)
                  2002a144    00000030     drivers_cc32xxware.aem4 : PowerCC3200.oem4 (.text:Power_releaseConstraint)
                  2002a174    00000030                             : PowerCC3200.oem4 (.text:Power_setConstraint)
                  2002a1a4    00000030                             : SPI.oem4 (.text:SPI_open)
                  2002a1d4    00000030     driverlib.a : uart.obj (.text:UARTDisable)
                  2002a204    00000030     drivers_cc32xxware.aem4 : UART.oem4 (.text:UART_open)
                  2002a234    00000030     drivers_wifi_cc32xxware.aem4 : WiFiCC3200.oem4 (.text:registerInterruptHandler)
                  2002a264    00000030     cc3x00_host_driver.aem4 : socket.oem4 (.text:sl_Socket)
                  2002a294    00000030     CDIO_CC3200_pem4.oem4 (.text:ti_sysbios_BIOS_atExitFunc__I)
                  2002a2c4    00000004     --HOLE-- [fill = 0]
                  2002a2c8    00000030     sysbios.aem4 : BIOS.obj (.text:ti_sysbios_family_arm_m3_TaskSupport_start__E)
                  2002a2f8    00000030     CDIO_CC3200_pem4.oem4 (.text:ti_sysbios_gates_GateHwi_Object__create__S)
                  2002a328    00000030     CDIO_CC3200_pem4.oem4 (.text:ti_sysbios_gates_GateMutex_Object__create__S)
                  2002a358    00000030     CDIO_CC3200_pem4.oem4 (.text:ti_sysbios_heaps_HeapMem_Object__create__S)
                  2002a388    00000030     CDIO_CC3200_pem4.oem4 (.text:ti_sysbios_knl_Semaphore_construct)
                  2002a3b8    00000030     sysbios.aem4 : BIOS.obj (.text:ti_sysbios_knl_Semaphore_pendTimeout__I)
                  2002a3e8    00000030                  : BIOS.obj (.text:ti_sysbios_knl_Task_unblockI__E)
                  2002a418    00000030     ti.targets.arm.rtsarm.aem4 : SysMin.oem4 (.text:xdc_runtime_SysMin_abort__E)
                  2002a448    00000030                                : System.oem4 (.text:xdc_runtime_System_processAtExit__E)
                  2002a478    0000002e     drivers_cc32xxware.aem4 : PWMTimerCC3200.oem4 (.text:PWMTimerCC3200_close)
                  2002a4a6    0000002e     CDIO_CC3200_pem4.oem4 (.text:malloc)
                  2002a4d4    0000002e     rtsv7M4_T_le_eabi.lib : i_tofd_t2.obj (.text)
                  2002a502    00000002     --HOLE-- [fill = 0]
                  2002a504    0000002c     drivers_wifi_cc32xxware.aem4 : WiFiCC3200.oem4 (.text:CC3X00_NWP_enable)
                  2002a530    0000002c     driverlib.a : prcm.obj (.text:PRCMLPDSIntervalSet)
                  2002a55c    0000002c                 : prcm.obj (.text:PRCMSysResetCauseGet)
                  2002a588    0000002c     CDIO_CC3200_pem4.oem4 (.text:ti_sysbios_knl_Clock_doTick__I)
                  2002a5b4    0000002c     CDIO_CC3200_pem4.oem4 (.text:ti_sysbios_knl_Queue_construct)
                  2002a5e0    0000002c     sysbios.aem4 : BIOS.obj (.text:ti_sysbios_knl_Task_restore__E)
                  2002a60c    0000002c     ti.targets.arm.rtsarm.aem4 : Text.oem4 (.text:xdc_runtime_Text_cordText__E)
                  2002a638    0000002a     driverlib.a : spi.obj (.text:SPIDataGetNonBlocking)
                  2002a662    0000002a                 : timer.obj (.text:TimerLoadSet)
                  2002a68c    0000002a                 : timer.obj (.text:TimerMatchSet)
                  2002a6b6    0000002a                 : timer.obj (.text:TimerPrescaleMatchSet)
                  2002a6e0    0000002a                 : timer.obj (.text:TimerPrescaleSet)
                  2002a70a    0000002a     cc3x00_host_driver.aem4 : socket.oem4 (.text:_sl_BuildAddress)
                  2002a734    0000002a     ti.targets.arm.rtsarm.aem4 : System.oem4 (.text:xdc_runtime_System_putchar__I)
                  2002a75e    00000002     --HOLE-- [fill = 0]
                  2002a760    00000028     uart_if.obj (.text:Message)
                  2002a788    00000028     driverlib.a : prcm.obj (.text:PRCMLPDSWakeupSourceEnable)
                  2002a7b0    00000028                 : prcm.obj (.text:PRCMPeripheralClkDisable)
                  2002a7d8    00000028     drivers_cc32xxware.aem4 : PowerCC3200.oem4 (.text:Power_registerNotify)
                  2002a800    00000028                             : UARTCC3200.oem4 (.text:releasePowerConstraint)
                  2002a828    00000028     sysbios.aem4 : BIOS.obj (.text:ti_sysbios_knl_Swi_Module_startup__E)
                  2002a850    00000028     driverlib.a : udma.obj (.text:uDMAChannelIsEnabled)
                  2002a878    00000026     drivers_cc32xxware.aem4 : List.oem4 (.text:List_put)
                  2002a89e    00000026     rtsv7M4_T_le_eabi.lib : strncmp.obj (.text)
                  2002a8c4    00000026     ti.targets.arm.rtsarm.aem4 : System.oem4 (.text:xdc_runtime_System_avprintf__E)
                  2002a8ea    00000002     --HOLE-- [fill = 0]
                  2002a8ec    00000024     driverlib.a : prcm.obj (.text:PRCMLPDSWakeUpGPIOSelect)
                  2002a910    00000024                 : uart.obj (.text:UARTCharPutNonBlocking)
                  2002a934    00000024                 : uart.obj (.text:UARTEnable)
                  2002a958    00000024     drivers_wifi_cc32xxware.aem4 : osi_tirtos.oem4 (.text:osi_Spawn)
                  2002a97c    00000024     cc3x00_host_driver.aem4 : socket.oem4 (.text:sl_Close)
                  2002a9a0    00000024                             : wlan.oem4 (.text:sl_WlanProfileDel)
                  2002a9c4    00000024                             : wlan.oem4 (.text:sl_WlanSetMode)
                  2002a9e8    00000024     CDIO_CC3200_pem4.oem4 (.text:ti_sysbios_BIOS_errorRaiseHook__I)
                  2002aa0c    00000024     CDIO_CC3200_pem4.oem4 (.text:ti_sysbios_BIOS_registerRTSLock__I)
                  2002aa30    00000024     CDIO_CC3200_pem4.oem4 (.text:ti_sysbios_BIOS_removeRTSLock__I)
                  2002aa54    00000024     CDIO_CC3200_pem4.oem4 (.text:ti_sysbios_BIOS_startFunc__I)
                  2002aa78    00000024     sysbios.aem4 : BIOS.obj (.text:ti_sysbios_family_arm_m3_Hwi_doTaskRestore__I)
                  2002aa9c    00000004     --HOLE-- [fill = 0]
                  2002aaa0    00000024                  : BIOS.obj (.text:ti_sysbios_family_arm_m3_Timer_startup__E)
                  2002aac4    00000024     CDIO_CC3200_pem4.oem4 (.text:ti_sysbios_gates_GateMutex_Object__delete__S)
                  2002aae8    00000024     sysbios.aem4 : BIOS.obj (.text:ti_sysbios_knl_Clock_Module_startup__E)
                  2002ab0c    00000024     CDIO_CC3200_pem4.oem4 (.text:ti_sysbios_knl_Semaphore_Object__delete__S)
                  2002ab30    00000024     ti.targets.arm.rtsarm.aem4 : System.oem4 (.text:xdc_runtime_System_vprintf__E)
                  2002ab54    00000022     driverlib.a : gpio.obj (.text:GPIOIntStatus)
                  2002ab76    00000022                 : spi.obj (.text:SPIReset)
                  2002ab98    00000022                 : spi.obj (.text:SPIWordCountSet)
                  2002abba    00000022     CDIO_CC3200_pem4.oem4 (.text:xdc_runtime_SysMin_output__I)
                  2002abdc    00000020     driverlib.a : gpio.obj (.text:GPIOPinWrite)
                  2002abfc    00000020                 : prcm.obj (.text:PRCMLPDSRestoreInfoSet)
                  2002ac1c    00000020     drivers_cc32xxware.aem4 : PowerCC3200.oem4 (.text:Power_idleFunc)
                  2002ac3c    00000020                             : PowerCC3200.oem4 (.text:Power_unregisterNotify)
                  2002ac5c    00000020     driverlib.a : spi.obj (.text:SPIDataGet)
                  2002ac7c    00000020     drivers_cc32xxware.aem4 : SPICC3200DMA.oem4 (.text:getPowerMgrId)
                  2002ac9c    00000020                             : UARTCC3200.oem4 (.text:getPowerMgrId)
                  2002acbc    00000020     CDIO_CC3200_pem4.oem4 (.text:ti_sysbios_BIOS_rtsLock__I)
                  2002acdc    00000004     --HOLE-- [fill = 0]
                  2002ace0    00000020     sysbios.aem4 : BIOS.obj (.text:ti_sysbios_family_arm_m3_Hwi_clearInterrupt__E)
                  2002ad00    00000020                  : m3_Hwi_asm.obj (.text:ti_sysbios_family_arm_m3_Hwi_excHandlerAsm__I)
                  2002ad20    00000020                  : BIOS.obj (.text:ti_sysbios_family_arm_m3_Hwi_excHandler__I)
                  2002ad40    00000020     CDIO_CC3200_pem4.oem4 (.text:ti_sysbios_gates_GateHwi_Object__delete__S)
                  2002ad60    00000020     CDIO_CC3200_pem4.oem4 (.text:ti_sysbios_heaps_HeapMem_Object__delete__S)
                  2002ad80    00000020     CDIO_CC3200_pem4.oem4 (.text:ti_sysbios_knl_Clock_Object__destruct__S)
                  2002ada0    00000020     sysbios.aem4 : BIOS.obj (.text:ti_sysbios_knl_Idle_run__E)
                  2002adc0    00000020     CDIO_CC3200_pem4.oem4 (.text:ti_sysbios_knl_Mailbox_Object__delete__S)
                  2002ade0    00000020     CDIO_CC3200_pem4.oem4 (.text:ti_sysbios_knl_Semaphore_Object__destruct__S)
                  2002ae00    00000020     CDIO_CC3200_pem4.oem4 (.text:ti_sysbios_knl_Task_Object__delete__S)
                  2002ae20    00000020     ti.targets.arm.rtsarm.aem4 : Registry.oem4 (.text:xdc_runtime_Registry_findById__E)
                  2002ae40    00000020                                : SysMin.oem4 (.text:xdc_runtime_SysMin_Module_startup__E)
                  2002ae60    0000001e     driverlib.a : spi.obj (.text:SPIDataPut)
                  2002ae7e    0000001e                 : timer.obj (.text:TimerDisable)
                  2002ae9c    0000001e                 : timer.obj (.text:TimerEnable)
                  2002aeba    0000001e                 : uart.obj (.text:UARTCharPut)
                  2002aed8    0000001e                 : uart.obj (.text:UARTIntStatus)
                  2002aef6    0000001e     drivers_wifi_cc32xxware.aem4 : WiFiCC3200.oem4 (.text:WiFiCC3200_close)
                  2002af14    0000001e     sysbios.aem4 : m3_Hwi_asm_switch.obj (.text:ti_sysbios_family_xxx_Hwi_switchAndRunFunc)
                  2002af32    00000002     --HOLE-- [fill = 0]
                  2002af34    0000001c     drivers_cc32xxware.aem4 : SPICC3200DMA.oem4 (.text:SPICC3200DMA_init)
                  2002af50    0000001c     driverlib.a : uart.obj (.text:UARTCharGetNonBlocking)
                  2002af6c    0000001c                 : uart.obj (.text:UARTFlowControlSet)
                  2002af88    0000001c     cc3x00_host_driver.aem4 : driver.oem4 (.text:_SlDrvProtectionObjLockWaitForever)
                  2002afa4    0000001c                             : socket.oem4 (.text:_sl_TruncatePayloadByProtocol)
                  2002afc0    0000001c     rtsv7M4_T_le_eabi.lib : memccpy.obj (.text)
                  2002afdc    0000001c     CDIO_CC3200_pem4.oem4 (.text:ti_sysbios_family_arm_m3_Hwi_Object__destruct__S)
                  2002aff8    0000001c     sysbios.aem4 : BIOS.obj (.text:ti_sysbios_family_arm_m3_Timer_stop__E)
                  2002b014    00000004     --HOLE-- [fill = 0]
                  2002b018    0000001c                  : BIOS.obj (.text:ti_sysbios_gates_GateMutex_Instance_init__E)
                  2002b034    0000001c     CDIO_CC3200_pem4.oem4 (.text:ti_sysbios_knl_Queue_Object__destruct__S)
                  2002b050    0000001c     sysbios.aem4 : BIOS.obj (.text:ti_sysbios_knl_Task_enter__I)
                  2002b06c    0000001c     driverlib.a : udma.obj (.text:uDMAChannelEnable)
                  2002b088    0000001c     drivers_wifi_cc32xxware.aem4 : osi_tirtos.oem4 (.text:vSimpleLinkSpawnTask)
                  2002b0a4    0000001c     ti.targets.arm.rtsarm.aem4 : Error.oem4 (.text:xdc_runtime_Error_raiseX__E)
                  2002b0c0    0000001c                                : Memory.oem4 (.text:xdc_runtime_Memory_valloc__E)
                  2002b0dc    0000001c                                : SysMin.oem4 (.text:xdc_runtime_SysMin_exit__E)
                  2002b0f8    0000001c                                : System.oem4 (.text:xdc_runtime_System_abort__E)
                  2002b114    0000001a     cc3x00_host_driver.aem4 : netapp.oem4 (.text:CopyPingResultsToReport)
                  2002b12e    0000001a     driverlib.a : gpio.obj (.text:GPIOIntEnable)
                  2002b148    0000001a     drivers_cc32xxware.aem4 : List.oem4 (.text:List_remove)
                  2002b162    0000001a     driverlib.a : pin.obj (.text:PinTypeTimer)
                  2002b17c    0000001a                 : spi.obj (.text:SPIDmaDisable)
                  2002b196    0000001a                 : spi.obj (.text:SPIDmaEnable)
                  2002b1b0    0000001a                 : spi.obj (.text:SPIFIFODisable)
                  2002b1ca    0000001a                 : spi.obj (.text:SPIFIFOEnable)
                  2002b1e4    0000001a     CDIO_CC3200_pem4.oem4 (.text:ti_sysbios_family_arm_m3_Hwi_Handle__label__S)
                  2002b1fe    0000001a     sysbios.aem4 : m3_Hwi_asm.obj (.text:ti_sysbios_family_arm_m3_Hwi_pendSV__I)
                  2002b218    0000001a     CDIO_CC3200_pem4.oem4 (.text:ti_sysbios_gates_GateHwi_Handle__label__S)
                  2002b232    0000001a     CDIO_CC3200_pem4.oem4 (.text:ti_sysbios_gates_GateMutex_Handle__label__S)
                  2002b24c    0000001a     CDIO_CC3200_pem4.oem4 (.text:ti_sysbios_heaps_HeapMem_Handle__label__S)
                  2002b266    0000001a     CDIO_CC3200_pem4.oem4 (.text:ti_sysbios_knl_Swi_Handle__label__S)
                  2002b280    0000001a     CDIO_CC3200_pem4.oem4 (.text:ti_sysbios_knl_Task_Handle__label__S)
                  2002b29a    0000001a     CDIO_CC3200_pem4.oem4 (.text:xdc_runtime_System_aprintf__E)
                  2002b2b4    0000001a     CDIO_CC3200_pem4.oem4 (.text:xdc_runtime_System_printf__E)
                  2002b2ce    00000002     --HOLE-- [fill = 0]
                  2002b2d0    00000018     CDIO_CC3200.obj (.text:InsertPenInt)
                  2002b2e8    00000018     driverlib.a : spi.obj (.text:SPICSDisable)
                  2002b300    00000018                 : spi.obj (.text:SPICSEnable)
                  2002b318    00000018                 : spi.obj (.text:SPIDisable)
                  2002b330    00000018                 : spi.obj (.text:SPIEnable)
                  2002b348    00000018                 : uart.obj (.text:UARTBusy)
                  2002b360    00000018                 : uart.obj (.text:UARTFIFOLevelSet)
                  2002b378    00000018                 : uart.obj (.text:UARTIntDisable)
                  2002b390    00000018                 : uart.obj (.text:UARTIntEnable)
                  2002b3a8    00000018     drivers_cc32xxware.aem4 : UART.oem4 (.text:UART_Params_init)
                  2002b3c0    00000018     drivers_wifi_cc32xxware.aem4 : osi_tirtos.oem4 (.text:VDeleteSimpleLinkSpawnTask)
                  2002b3d8    00000018                                  : WiFiCC3200.oem4 (.text:WiFiCC3200_init)
                  2002b3f0    00000018     cc3x00_host_driver.aem4 : driver.oem4 (.text:_SlDrvProtectionObjUnLock)
                  2002b408    00000018     CDIO_CC3200_pem4.oem4 (.text:free)
                  2002b420    00000018     rtsv7M4_T_le_eabi.lib : args_main.obj (.text)
                  2002b438    00000018                           : ll_mul_t2.obj (.text)
                  2002b450    00000018                           : strcmp.obj (.text)
                  2002b468    00000018     drivers_wifi_cc32xxware.aem4 : WiFiCC3200.oem4 (.text:spi_Close)
                  2002b480    00000018     CDIO_CC3200_pem4.oem4 (.text:ti_sysbios_BIOS_rtsUnlock__I)
                  2002b498    00000018     CDIO_CC3200_pem4.oem4 (.text:ti_sysbios_family_arm_m3_Hwi_Module__startupDone__F)
                  2002b4b0    00000018     CDIO_CC3200_pem4.oem4 (.text:ti_sysbios_family_arm_m3_Timer_Module__startupDone__F)
                  2002b4c8    00000018     sysbios.aem4 : BIOS.obj (.text:ti_sysbios_gates_GateMutex_leave__E)
                  2002b4e0    00000018                  : BIOS.obj (.text:ti_sysbios_knl_Task_sleepTimeout__I)
                  2002b4f8    00000018     ti.targets.arm.rtsarm.aem4 : Error.oem4 (.text:xdc_runtime_Error_check__E)
                  2002b510    00000018                                : System.oem4 (.text:xdc_runtime_System_exit__E)
                  2002b528    00000018                                : Text.oem4 (.text:xdc_runtime_Text_ropeText__E)
                  2002b540    00000016     tirtosport.aem4 : ClockP_tirtos.oem4 (.text:ClockP_delete)
                  2002b556    00000016                     : HwiP_tirtos.oem4 (.text:HwiP_delete)
                  2002b56c    00000016     driverlib.a : prcm.obj (.text:PRCMHIBRegRead)
                  2002b582    00000016                 : prcm.obj (.text:PRCMHIBRegWrite)
                  2002b598    00000016     tirtosport.aem4 : SemaphoreP_tirtos.oem4 (.text:SemaphoreP_delete)
                  2002b5ae    00000016     driverlib.a : uart.obj (.text:UARTCharGet)
                  2002b5c4    00000016     rtsv7M4_T_le_eabi.lib : strchr.obj (.text)
                  2002b5da    00000016     drivers_cc32xxware.aem4 : UARTCC3200.oem4 (.text:startTxFifoEmptyClk)
                  2002b5f0    00000016     CDIO_CC3200_pem4.oem4 (.text:ti_sysbios_BIOS_exitFunc__I)
                  2002b606    00000016     CDIO_CC3200.obj (.text:ti_sysbios_knl_Semaphore_Params_init)
                  2002b61c    00000016     CDIO_CC3200.obj (.text:ti_sysbios_knl_Task_Params_init)
                  2002b632    00000014     driverlib.a : cpu.obj (.text:CPUcpsid)
                  2002b646    00000014                 : cpu.obj (.text:CPUcpsie)
                  2002b65a    00000014                 : gpio.obj (.text:GPIOIntClear)
                  2002b66e    00000002     --HOLE-- [fill = 0]
                  2002b670    00000014     drivers_cc32xxware.aem4 : SPI.oem4 (.text:SPI_Params_init)
                  2002b684    00000014     drivers_wifi_cc32xxware.aem4 : WiFiCC3200.oem4 (.text:hostDriverInterruptHandler)
                  2002b698    00000014                                  : osi_tirtos.oem4 (.text:osi_SyncObjClear)
                  2002b6ac    00000014     rtsv7M4_T_le_eabi.lib : _lock.obj (.text)
                  2002b6c0    00000014                           : strcpy.obj (.text)
                  2002b6d4    00000014                           : strlen.obj (.text)
                  2002b6e8    00000014     CDIO_CC3200_pem4.oem4 (.text:ti_sysbios_family_arm_m3_Hwi_Object__get__S)
                  2002b6fc    00000004     --HOLE-- [fill = 0]
                  2002b700    00000014     sysbios.aem4 : BIOS.obj (.text:ti_sysbios_family_arm_m3_Hwi_switchFromBootStack__E)
                  2002b714    00000014     CDIO_CC3200_pem4.oem4 (.text:ti_sysbios_heaps_HeapMem_Object__get__S)
                  2002b728    00000014     sysbios.aem4 : BIOS.obj (.text:ti_sysbios_knl_Clock_tickReconfig__E)
                  2002b73c    00000014     CDIO_CC3200_pem4.oem4 (.text:ti_sysbios_knl_Swi_Object__get__S)
                  2002b750    00000014     driverlib.a : udma.obj (.text:uDMAControlBaseSet)
                  2002b764    00000012     tirtosport.aem4 : ClockP_tirtos.oem4 (.text:ClockP_start)
                  2002b776    00000012     drivers_cc32xxware.aem4 : RingBuf.oem4 (.text:RingBuf_construct)
                  2002b788    00000012     tirtosport.aem4 : SemaphoreP_tirtos.oem4 (.text:SemaphoreP_pend)
                  2002b79a    00000012     driverlib.a : uart.obj (.text:UARTIntClear)
                  2002b7ac    00000012                 : uart.obj (.text:UARTRxErrorGet)
                  2002b7be    00000012     cc3x00_host_driver.aem4 : driver.oem4 (.text:_SlDrvObjLockWaitForever)
                  2002b7d0    00000012                             : driver.oem4 (.text:_SlDrvSyncObjWaitForever)
                  2002b7e2    00000012                             : netapp.oem4 (.text:sl_NetAppMDNSUnRegisterService)
                  2002b7f4    00000004     --HOLE-- [fill = 0]
                  2002b7f8    00000012     sysbios.aem4 : BIOS.obj (.text:ti_sysbios_hal_Hwi_Module_startup__E)
                  2002b80a    00000012     CDIO_CC3200_pem4.oem4 (.text:xdc_runtime_Startup_exec__I)
                  2002b81c    00000010     CC3200_LAUNCHXL.obj (.text:CC3200_LAUNCHXL_initGeneral)
                  2002b82c    00000010     CC3200_LAUNCHXL.obj (.text:CC3200_LAUNCHXL_initWiFi)
                  2002b83c    00000010     drivers_wifi_cc32xxware.aem4 : WiFiCC3200.oem4 (.text:CC3X00_NWP_maskInterrupt)
                  2002b84c    00000010     drivers_cc32xxware.aem4 : PWM.oem4 (.text:PWM_Params_init)
                  2002b85c    00000010     driverlib.a : uart.obj (.text:UARTRxErrorClear)
                  2002b86c    00000010     drivers_cc32xxware.aem4 : WiFi.oem4 (.text:WiFi_Params_init)
                  2002b87c    00000010     cc3x00_host_driver.aem4 : device.oem4 (.text:_sl_GetStartResponseConvert)
                  2002b88c    00000010     simplelink_func.obj (.text:htons)
                  2002b89c    00000010     drivers_cc32xxware.aem4 : UARTCC3200.oem4 (.text:readBlockingTimeout)
                  2002b8ac    00000004     --HOLE-- [fill = 0]
                  2002b8b0    00000010     sysbios.aem4 : BIOS.obj (.text:ti_sysbios_BIOS_getCpuFreq__E)
                  2002b8c0    00000010                  : BIOS.obj (.text:ti_sysbios_BIOS_setThreadType__E)
                  2002b8d0    00000010                  : BIOS.obj (.text:ti_sysbios_BIOS_start__E)
                  2002b8e0    00000010                  : m3_TaskSupport_asm.obj (.text:ti_sysbios_family_arm_m3_TaskSupport_glue)
                  2002b8f0    00000010                  : m3_TaskSupport_asm.obj (.text:ti_sysbios_family_arm_m3_TaskSupport_swap__E)
                  2002b900    00000010                  : BIOS.obj (.text:ti_sysbios_gates_GateMutex_Instance_finalize__E)
                  2002b910    00000010     CDIO_CC3200_pem4.oem4 (.text:ti_sysbios_knl_Mailbox_Object__get__S)
                  2002b920    00000010     sysbios.aem4 : BIOS.obj (.text:ti_sysbios_knl_Semaphore_Instance_finalize__E)
                  2002b930    00000010                  : BIOS.obj (.text:ti_sysbios_knl_Swi_disable__E)
                  2002b940    00000010     CDIO_CC3200_pem4.oem4 (.text:ti_sysbios_knl_Task_Object__get__S)
                  2002b950    00000010     sysbios.aem4 : BIOS.obj (.text:ti_sysbios_knl_Task_disable__E)
                  2002b960    00000010     ti.targets.arm.rtsarm.aem4 : Gate.oem4 (.text:xdc_runtime_Gate_leaveSystem__E)
                  2002b970    00000010                                : Memory.oem4 (.text:xdc_runtime_Memory_free__E)
                  2002b980    00000010                                : SysMin.oem4 (.text:xdc_runtime_SysMin_ready__E)
                  2002b990    00000010                                : System.oem4 (.text:xdc_runtime_System_vsnprintf__E)
                  2002b9a0    00000010     CDIO_CC3200_pem4.oem4 (.text:xdc_runtime_Text_visitRope__I)
                  2002b9b0    0000000e     tirtosport.aem4 : HwiP_tirtos.oem4 (.text:HwiP_Params_init)
                  2002b9be    0000000e     cc3x00_host_driver.aem4 : driver.oem4 (.text:_SlDrvObjUnLock)
                  2002b9cc    0000000e                             : driver.oem4 (.text:_SlDrvSyncObjSignal)
                  2002b9da    0000000e     rtsv7M4_T_le_eabi.lib : copy_decompress_none.obj (.text:decompress:none)
                  2002b9e8    0000000e     sysbios.aem4 : BIOS.obj (.text:ti_sysbios_knl_Idle_loop__E)
                  2002b9f6    00000002     --HOLE-- [fill = 0]
                  2002b9f8    0000000e                  : BIOS.obj (.text:ti_sysbios_knl_Queue_empty__E)
                  2002ba06    00000002     --HOLE-- [fill = 0]
                  2002ba08    0000000c     drivers_wifi_cc32xxware.aem4 : WiFiCC3200.oem4 (.text:CC3X00_NWP_unMaskInterrupt)
                  2002ba14    0000000c     driverlib.a : cpu.obj (.text:CPUwfi)
                  2002ba20    0000000c     tirtosport.aem4 : ClockP_tirtos.oem4 (.text:ClockP_getSystemTickPeriod)
                  2002ba2c    0000000c     drivers_cc32xxware.aem4 : PowerCC3200.oem4 (.text:Power_getConstraintMask)
                  2002ba38    0000000c                             : PowerCC3200.oem4 (.text:Power_getDependencyCount)
                  2002ba44    0000000c                             : RingBuf.oem4 (.text:RingBuf_peek)
                  2002ba50    0000000c     simplelink_func.obj (.text:SimpleLinkHttpServerCallback)
                  2002ba5c    0000000c     drivers_cc32xxware.aem4 : UARTCC3200.oem4 (.text:UARTCC3200_init)
                  2002ba68    0000000c     drivers_wifi_cc32xxware.aem4 : osi_tirtos.oem4 (.text:osi_LockObjUnlock)
                  2002ba74    0000000c                                  : osi_tirtos.oem4 (.text:osi_SyncObjSignal)
                  2002ba80    0000000c                                  : osi_tirtos.oem4 (.text:osi_SyncObjSignalFromISR)
                  2002ba8c    0000000c     drivers_cc32xxware.aem4 : SPICC3200DMA.oem4 (.text:postNotifyFxn)
                  2002ba98    0000000c                             : UARTCC3200.oem4 (.text:postNotifyFxn)
                  2002baa4    0000000c     CDIO_CC3200_pem4.oem4 (.text:ti_sysbios_family_arm_m3_Hwi_Params__init__S)
                  2002bab0    0000000c     sysbios.aem4 : BIOS.obj (.text:ti_sysbios_family_arm_m3_Hwi_disableFxn__E)
                  2002babc    00000004     --HOLE-- [fill = 0]
                  2002bac0    0000000c                  : BIOS.obj (.text:ti_sysbios_family_arm_m3_TaskSupport_checkStack__E)
                  2002bacc    00000004     --HOLE-- [fill = 0]
                  2002bad0    0000000c                  : BIOS.obj (.text:ti_sysbios_family_arm_m3_TaskSupport_getStackAlignment__E)
                  2002badc    00000004     --HOLE-- [fill = 0]
                  2002bae0    0000000c                  : BIOS.obj (.text:ti_sysbios_gates_GateHwi_enter__E)
                  2002baec    0000000c     CDIO_CC3200_pem4.oem4 (.text:ti_sysbios_knl_Clock_Params__init__S)
                  2002baf8    0000000c     sysbios.aem4 : BIOS.obj (.text:ti_sysbios_knl_Clock_getTicks__E)
                  2002bb04    00000004     --HOLE-- [fill = 0]
                  2002bb08    0000000c                  : BIOS.obj (.text:ti_sysbios_knl_Clock_setTicks__E)
                  2002bb14    00000004     --HOLE-- [fill = 0]
                  2002bb18    0000000c                  : BIOS.obj (.text:ti_sysbios_knl_Clock_tickStart__E)
                  2002bb24    00000004     --HOLE-- [fill = 0]
                  2002bb28    0000000c                  : BIOS.obj (.text:ti_sysbios_knl_Clock_tickStop__E)
                  2002bb34    0000000c     CDIO_CC3200_pem4.oem4 (.text:ti_sysbios_knl_Queue_Object__get__S)
                  2002bb40    0000000c     CDIO_CC3200_pem4.oem4 (.text:ti_sysbios_knl_Semaphore_Params__init__S)
                  2002bb4c    0000000c     CDIO_CC3200.obj (.text:ti_sysbios_knl_Semaphore_handle)
                  2002bb58    0000000c     CDIO_CC3200_pem4.oem4 (.text:ti_sysbios_knl_Task_Params__init__S)
                  2002bb64    0000000c     driverlib.a : udma.obj (.text:uDMAControlBaseGet)
                  2002bb70    0000000c                 : udma.obj (.text:uDMAEnable)
                  2002bb7c    0000000c                 : udma.obj (.text:uDMAErrorStatusClear)
                  2002bb88    0000000c                 : udma.obj (.text:uDMAIntStatus)
                  2002bb94    0000000c     ti.targets.arm.rtsarm.aem4 : Error.oem4 (.text:xdc_runtime_Error_init__E)
                  2002bba0    0000000c                                : Gate.oem4 (.text:xdc_runtime_Gate_enterSystem__E)
                  2002bbac    0000000c                                : Memory.oem4 (.text:xdc_runtime_Memory_calloc__E)
                  2002bbb8    0000000c                                : Memory.oem4 (.text:xdc_runtime_Memory_getMaxDefaultTypeAlign__E)
                  2002bbc4    0000000a     tirtosport.aem4 : ClockP_tirtos.oem4 (.text:ClockP_stop)
                  2002bbce    0000000a     drivers_cc32xxware.aem4 : List.oem4 (.text:List_empty)
                  2002bbd8    0000000a                             : PWMTimerCC3200.oem4 (.text:PWMTimerCC3200_getPeriodCounts)
                  2002bbe2    0000000a                             : PWM.oem4 (.text:PWM_setDuty)
                  2002bbec    0000000a                             : SPI.oem4 (.text:SPI_close)
                  2002bbf6    0000000a                             : SPI.oem4 (.text:SPI_transfer)
                  2002bc00    0000000a     tirtosport.aem4 : SemaphoreP_tirtos.oem4 (.text:SemaphoreP_post)
                  2002bc0a    0000000a     drivers_cc32xxware.aem4 : WiFi.oem4 (.text:WiFi_close)
                  2002bc14    0000000a     CC3200_LAUNCHXL.obj (.text:dmaErrorHwi)
                  2002bc1e    0000000a     drivers_wifi_cc32xxware.aem4 : osi_tirtos.oem4 (.text:osi_LockObjDelete)
                  2002bc28    0000000a                                  : osi_tirtos.oem4 (.text:osi_SyncObjDelete)
                  2002bc32    0000000a     CDIO_CC3200_pem4.oem4 (.text:xdc_runtime_IHeap_alloc)
                  2002bc3c    0000000a     CDIO_CC3200_pem4.oem4 (.text:xdc_runtime_IHeap_free)
                  2002bc46    00000008     CC3200_LAUNCHXL.obj (.text:CC3200_LAUNCHXL_initGPIO)
                  2002bc4e    00000008     CC3200_LAUNCHXL.obj (.text:CC3200_LAUNCHXL_initPWM)
                  2002bc56    00000008     CC3200_LAUNCHXL.obj (.text:CC3200_LAUNCHXL_initUART)
                  2002bc5e    00000008     tirtosport.aem4 : ClockP_tirtos.oem4 (.text:ClockP_Params_init)
                  2002bc66    00000008     driverlib.a : prcm.obj (.text:PRCMSleepEnter)
                  2002bc6e    00000008     drivers_cc32xxware.aem4 : PWMTimerCC3200.oem4 (.text:PWMTimerCC3200_init)
                  2002bc76    00000008     tirtosport.aem4 : SemaphoreP_tirtos.oem4 (.text:SemaphoreP_Params_init)
                  2002bc7e    00000008     cc3x00_host_driver.aem4 : driver.oem4 (.text:_SlDrvMemZero)
                  2002bc86    00000008     drivers_cc32xxware.aem4 : UARTCC3200.oem4 (.text:readSemCallback)
                  2002bc8e    00000008     rtsv7M4_T_le_eabi.lib : s_copysign.obj (.text)
                  2002bc96    00000008     cc3x00_host_driver.aem4 : wlan.oem4 (.text:sl_WlanDisconnect)
                  2002bc9e    00000002     --HOLE-- [fill = 0]
                  2002bca0    00000008     sysbios.aem4 : BIOS.obj (.text:ti_sysbios_family_arm_m3_Hwi_doSwiRestore__I)
                  2002bca8    00000008                  : BIOS.obj (.text:ti_sysbios_family_arm_m3_Hwi_startup__E)
                  2002bcb0    00000008     drivers_cc32xxware.aem4 : SPICC3200DMA.oem4 (.text:transferCallback)
                  2002bcb8    00000008                             : UARTCC3200.oem4 (.text:writeSemCallback)
                  2002bcc0    00000006     drivers_wifi_cc32xxware.aem4 : WiFiCC3200.oem4 (.text:WiFiCC3200_control)
                  2002bcc6    00000006     cc3x00_host_driver.aem4 : driver.oem4 (.text:_SlDrvResetCmdExt)
                  2002bccc    00000006     rtsv7M4_T_le_eabi.lib : copy_decompress_rle.obj (.text:decompress:rle24)
                  2002bcd2    00000006     ti.targets.arm.rtsarm.aem4 : System.oem4 (.text:xdc_runtime_System_Module_startup__E)
                  2002bcd8    00000006     sysbios.aem4 : BIOS.obj (.text:ti_sysbios_family_arm_m3_Hwi_restoreFxn__E)
                  2002bcde    00000002     --HOLE-- [fill = 0]
                  2002bce0    00000006                  : BIOS.obj (.text:ti_sysbios_gates_GateHwi_leave__E)
                  2002bce6    00000002     --HOLE-- [fill = 0]
                  2002bce8    00000006                  : BIOS.obj (.text:ti_sysbios_heaps_HeapMem_isBlocking__E)
                  2002bcee    00000002     --HOLE-- [fill = 0]
                  2002bcf0    00000006                  : BIOS.obj (.text:ti_sysbios_knl_Clock_stop__E)
                  2002bcf6    00000002     --HOLE-- [fill = 0]
                  2002bcf8    00000006                  : BIOS.obj (.text:ti_sysbios_knl_Queue_Instance_init__E)
                  2002bcfe    00000002     --HOLE-- [fill = 0]
                  2002bd00    00000006                  : BIOS.obj (.text:ti_sysbios_knl_Swi_startup__E)
                  2002bd06    00000002     --HOLE-- [fill = 0]
                  2002bd08    00000004                  : BIOS.obj (.text:ti_sysbios_family_arm_m3_Timer_getMaxTicks__E)
                  2002bd0c    00000004     --HOLE-- [fill = 0]
                  2002bd10    00000004                  : BIOS.obj (.text:ti_sysbios_gates_GateHwi_query__E)
                  2002bd14    00000004     --HOLE-- [fill = 0]
                  2002bd18    00000004                  : BIOS.obj (.text:ti_sysbios_gates_GateMutex_query__E)
                  2002bd1c    00000004     --HOLE-- [fill = 0]
                  2002bd20    00000004                  : BIOS.obj (.text:ti_sysbios_knl_Clock_setTimeout__E)
                  2002bd24    00000004     --HOLE-- [fill = 0]
                  2002bd28    00000004                  : BIOS.obj (.text:ti_sysbios_knl_Task_startup__E)
                  2002bd2c    00000004     --HOLE-- [fill = 0]
                  2002bd30    00000002                  : BIOS.obj (.text:ti_sysbios_gates_GateHwi_Instance_init__E)
                  2002bd32    00000006     --HOLE-- [fill = 0]
                  2002bd38    00000002                  : BIOS.obj (.text:ti_sysbios_knl_Clock_logTick__E)

.const     0    2002bd3c    00002778     
                  2002bd3c    00001806     CDIO_CC3200_pem4.oem4 (.const:xdc_runtime_Text_charTab__A)
                  2002d542    00000101     rtsv7M4_T_le_eabi.lib : ctype.obj (.const:.string:_ctypes_)
                  2002d643    00000001     CDIO_CC3200_pem4.oem4 (.const:ti_sysbios_knl_Clock_tickMode__C)
                  2002d644    00000100     driverlib.a : pin.obj (.const:g_ulPinToPadMap)
                  2002d744    000000b0     cc3x00_host_driver.aem4 : wlan.oem4 (.const:$P$T0$1)
                  2002d7f4    000000a8     driverlib.a : prcm.obj (.const:PRCM_PeriphRegsList)
                  2002d89c    000000a8     CDIO_CC3200_pem4.oem4 (.const:xdc_runtime_Text_nodeTab__A)
                  2002d944    00000080     driverlib.a : interrupt.obj (.const)
                  2002d9c4    00000068     CC3200_LAUNCHXL.obj (.const:spiCC3200DMAHWAttrs)
                  2002da2c    00000060     drivers_cc32xxware.aem4 : SPICC3200DMA.oem4 (.const)
                  2002da8c    0000004c                             : UARTCC3200.oem4 (.const)
                  2002dad8    00000048     CDIO_CC3200_pem4.oem4 (.const:.string)
                  2002db20    0000003c     cc3x00_host_driver.aem4 : driver.oem4 (.const:OpcodeTranslateTable)
                  2002db5c    0000003c                             : wlan.oem4 (.const)
                  2002db98    0000003c     CDIO_CC3200_pem4.oem4 (.const:ti_sysbios_knl_Task_Object__PARAMS__C)
                  2002dbd4    00000038     cc3x00_host_driver.aem4 : driver.oem4 (.const:_SlActionLookupTable)
                  2002dc0c    00000034                             : socket.oem4 (.const)
                  2002dc40    00000034     drivers_cc32xxware.aem4 : GPIOCC3200.oem4 (.const)
                  2002dc74    00000034     CDIO_CC3200_pem4.oem4 (.const:ti_sysbios_knl_Mailbox_Object__PARAMS__C)
                  2002dca8    00000030     CDIO_CC3200_pem4.oem4 (.const:ti_sysbios_family_arm_m3_Hwi_Object__PARAMS__C)
                  2002dcd8    00000030     CC3200_LAUNCHXL.obj (.const:uartCC3200HWAttrs)
                  2002dd08    0000002c     simplelink_func.obj (.const:$P$T1$2)
                  2002dd34    0000002a     drivers_cc32xxware.aem4 : GPIOCC3200.oem4 (.const:.string)
                  2002dd5e    00000002     CDIO_CC3200_pem4.oem4 (.const:ti_sysbios_family_arm_m3_Hwi_Module__id__C)
                  2002dd60    00000028     CC3200_LAUNCHXL.obj (.const:PowerCC3200_config)
                  2002dd88    00000028     drivers_cc32xxware.aem4 : UARTCC3200.oem4 (.const:UARTCC3200_fxnTable)
                  2002ddb0    00000028     cc3x00_host_driver.aem4 : netapp.oem4 (.const)
                  2002ddd8    00000028     CDIO_CC3200_pem4.oem4 (.const:ti_sysbios_heaps_HeapMem_Module__FXNS__C)
                  2002de00    00000024     CC3200_LAUNCHXL.obj (.const:PWM_config)
                  2002de24    00000024     CC3200_LAUNCHXL.obj (.const:SPI_config)
                  2002de48    00000024     CC3200_LAUNCHXL.obj (.const:UART_config)
                  2002de6c    00000024     drivers_cc32xxware.aem4 : UART.oem4 (.const:UART_defaultParams)
                  2002de90    00000024     cc3x00_host_driver.aem4 : driver.oem4 (.const)
                  2002deb4    00000024     CDIO_CC3200_pem4.oem4 (.const:ti_sysbios_gates_GateHwi_Module__FXNS__C)
                  2002ded8    00000024     CDIO_CC3200_pem4.oem4 (.const:ti_sysbios_gates_GateMutex_Module__FXNS__C)
                  2002defc    00000024     CDIO_CC3200_pem4.oem4 (.const:ti_sysbios_heaps_HeapMem_Object__PARAMS__C)
                  2002df20    00000024     CDIO_CC3200_pem4.oem4 (.const:ti_sysbios_knl_Clock_Object__PARAMS__C)
                  2002df44    00000024     CDIO_CC3200_pem4.oem4 (.const:ti_sysbios_knl_Semaphore_Object__PARAMS__C)
                  2002df68    00000024     CDIO_CC3200_pem4.oem4 (.const:xdc_runtime_Startup_sfxnTab__A)
                  2002df8c    00000022     simplelink_func.obj (.const:.string:$P$T0$1)
                  2002dfae    00000002     CDIO_CC3200_pem4.oem4 (.const:ti_sysbios_family_arm_m3_Timer_Module__id__C)
                  2002dfb0    00000020     drivers_cc32xxware.aem4 : PWMTimerCC3200.oem4 (.const)
[...]
2002db98  ti_sysbios_knl_Task_Object__PARAMS__C                      
2002dbd4  _SlActionLookupTable                                       
2002dc0c  _SlSockSocketCmdCtrl                                       
2002dc10  _SlSockCloseCmdCtrl                                        
2002dc14  _SlRecvfomCmdCtrl                                          
2002dc18  _SlSendCmdCtrl                                             
2002dc1c  _SlListenCmdCtrl                                           
2002dc20  _SlAcceptCmdCtrl                                           
2002dc24  _SlRecvCmdCtrl                                             
2002dc28  _SlSetSockOptCmdCtrl                                       
2002dc2c  _SlGetSockOptCmdCtrl                                       
2002dc30  _SlSelectCmdCtrl                                           
2002dc40  inPinTypes                                                 
2002dc46  outPinTypes                                                
2002dc4e  outPinStrengths                                            
2002dc74  ti_sysbios_knl_Mailbox_Object__PARAMS__C                   
2002dca8  ti_sysbios_family_arm_m3_Hwi_Object__PARAMS__C             
2002dcd8  uartCC3200HWAttrs                                          
2002dd5e  ti_sysbios_family_arm_m3_Hwi_Module__id__C                 
2002dd60  PowerCC3200_config                                         
2002dd88  UARTCC3200_fxnTable                                        
2002ddb0  _SlNetAppStartCtrl                                         
2002ddb4  _SlNetAppStopCtrl                                          
2002ddb8  _SlGetServiceListeCtrl                                     
2002ddbc  _SlRegisterServiceCtrl                                     
2002ddc0  _SlGetHostByServiceCtrl                                    
2002ddc4  _SlGetHostByNameCtrl                                       
2002ddc8  _SlNetAppSetCmdCtrl                                        
2002ddcc  _SlNetAppSendTokenValueCmdCtrl                             
2002ddd0  _SlNetAppGetCmdCtrl                                        
2002ddd8  ti_sysbios_heaps_HeapMem_Module__FXNS__C                   
2002de00  PWM_config                                                 
2002de24  SPI_config                                                 
2002de48  UART_config                                                
2002de6c  UART_defaultParams                                         
2002de90  RxMsgClassLUT                                              
2002deb4  ti_sysbios_gates_GateHwi_Module__FXNS__C                   
2002ded8  ti_sysbios_gates_GateMutex_Module__FXNS__C                 
2002defc  ti_sysbios_heaps_HeapMem_Object__PARAMS__C                 
2002df20  ti_sysbios_knl_Clock_Object__PARAMS__C                     
2002df44  ti_sysbios_knl_Semaphore_Object__PARAMS__C                 
2002df68  xdc_runtime_Startup_sfxnTab__A                             
2002dfae  ti_sysbios_family_arm_m3_Timer_Module__id__C               
2002dfb0  PWMTimerCC3200_fxnTable                                    
2002dfcc  PWMTimerCC3200_MAX_PRESCALAR_VALUE                         
2002dfce  PWMTimerCC3200_MAX_MATCH_VALUE                             
2002dfd0  SPI_defaultParams                                          
2002dff0  ti_sysbios_family_arm_m3_Hwi_Object__DESC__C               
2002e010  ti_sysbios_gates_GateHwi_Object__DESC__C                   
2002e030  ti_sysbios_gates_GateMutex_Object__DESC__C                 
2002e050  ti_sysbios_heaps_HeapMem_Object__DESC__C                   
2002e070  ti_sysbios_knl_Clock_Object__DESC__C                       
2002e090  ti_sysbios_knl_Mailbox_Object__DESC__C                     
2002e0b0  ti_sysbios_knl_Queue_Object__DESC__C                       
2002e0d0  ti_sysbios_knl_Semaphore_Object__DESC__C                   
2002e0f0  ti_sysbios_knl_Task_Object__DESC__C                        
2002e128  WiFi_config                                                
2002e158  ti_sysbios_gates_GateHwi_Object__PARAMS__C                 
2002e170  ti_sysbios_gates_GateMutex_Object__PARAMS__C               
2002e188  ti_sysbios_knl_Queue_Object__PARAMS__C                     
2002e1b4  GPIOCC3200_config                                          
2002e1c8  _SlStopCmdCtrl                                             
2002e1cc  _SlEventMaskSetCmdCtrl                                     
2002e1d0  _SlEventMaskGetCmdCtrl                                     
2002e1d4  _SlDeviceGetCmdCtrl                                        
2002e1d8  _SlDeviceSetCmdCtrl                                        
2002e1ee  xdc_runtime_Startup_sfxnRts__A                             
2002e200  _SlPayloadByProtocolLUT                                    
2002e210  WiFiCC3200_fxnTable                                        
2002e220  pwmTimerCC3200HWAttrs                                      
2002e258  PWM_defaultParams                                          
2002e264  WiFi_defaultParams                                         
2002e270  xdc_runtime_Startup_firstFxns__A                           
2002e286  StartResponseLUT                                           
2002e296  _SlNetCfgSetCmdCtrl                                        
2002e29a  _SlNetCfgGetCmdCtrl                                        
2002e29e  ti_sysbios_gates_GateMutex_Module__id__C                   
2002e2a0  ti_sysbios_family_arm_m3_Hwi_excHookFuncs__A               
2002e2a8  ti_sysbios_knl_Idle_funcList__A                            
2002e2b0  ti_sysbios_knl_Idle_funcList__C                            
2002e2b8  xdc_runtime_Startup_firstFxns__C                           
2002e2c0  xdc_runtime_Startup_lastFxns__C                            
2002e2c8  ti_sysbios_family_arm_m3_Hwi_E_NMI__C                      
2002e2cc  ti_sysbios_family_arm_m3_Hwi_E_alreadyDefined__C           
2002e2d0  ti_sysbios_family_arm_m3_Hwi_E_busFault__C                 
2002e2d4  ti_sysbios_family_arm_m3_Hwi_E_debugMon__C                 
2002e2d8  ti_sysbios_family_arm_m3_Hwi_E_hardFault__C                
2002e2dc  ti_sysbios_family_arm_m3_Hwi_E_memFault__C                 
2002e2e0  ti_sysbios_family_arm_m3_Hwi_E_noIsr__C                    
2002e2e4  ti_sysbios_family_arm_m3_Hwi_E_reserved__C                 
2002e2e8  ti_sysbios_family_arm_m3_Hwi_E_svCall__C                   
2002e2ec  ti_sysbios_family_arm_m3_Hwi_E_usageFault__C               
2002e2f0  ti_sysbios_family_arm_m3_Hwi_NUM_INTERRUPTS__C             
2002e2f4  ti_sysbios_family_arm_m3_Hwi_Object__count__C              
2002e2f8  ti_sysbios_family_arm_m3_Hwi_ccr__C                        
2002e2fc  ti_sysbios_family_arm_m3_Hwi_excHandlerFunc__C             
2002e300  ti_sysbios_family_arm_m3_Hwi_excHookFuncs__C               
2002e304  ti_sysbios_family_arm_m3_Hwi_nullIsrFunc__C                
2002e308  ti_sysbios_family_arm_m3_Hwi_priGroup__C                   
2002e30c  ti_sysbios_family_arm_m3_TaskSupport_stackAlignment__C     
2002e310  ti_sysbios_family_arm_m3_Timer_E_cannotSupport__C          
2002e314  ti_sysbios_family_arm_m3_Timer_startupNeeded__C            
2002e318  ti_sysbios_gates_GateMutex_A_badContext__C                 
2002e31c  ti_sysbios_gates_GateMutex_Instance_State_sem__O           
2002e320  ti_sysbios_gates_GateMutex_Module__diagsEnabled__C         
2002e324  ti_sysbios_gates_GateMutex_Module__diagsIncluded__C        
2002e328  ti_sysbios_gates_GateMutex_Module__diagsMask__C            
2002e32c  ti_sysbios_hal_Hwi_E_stackOverflow__C                      
2002e330  ti_sysbios_heaps_HeapMem_A_align__C                        
2002e334  ti_sysbios_heaps_HeapMem_A_heapSize__C                     
2002e338  ti_sysbios_heaps_HeapMem_A_invalidFree__C                  
2002e33c  ti_sysbios_heaps_HeapMem_A_zeroBlock__C                    
2002e340  ti_sysbios_heaps_HeapMem_E_memory__C                       
2002e344  ti_sysbios_heaps_HeapMem_Module__diagsEnabled__C           
2002e348  ti_sysbios_heaps_HeapMem_Module__diagsIncluded__C          
2002e34c  ti_sysbios_heaps_HeapMem_Module__diagsMask__C              
2002e350  ti_sysbios_heaps_HeapMem_Module__gateObj__C                
2002e354  ti_sysbios_heaps_HeapMem_Object__count__C                  
2002e358  ti_sysbios_heaps_HeapMem_reqAlign__C                       
2002e35c  ti_sysbios_knl_Clock_A_badThreadType__C                    
2002e360  ti_sysbios_knl_Clock_Module_State_clockQ__O                
2002e364  ti_sysbios_knl_Clock_Module__diagsEnabled__C               
2002e368  ti_sysbios_knl_Clock_Module__diagsIncluded__C              
2002e36c  ti_sysbios_knl_Clock_Module__diagsMask__C                  
2002e370  ti_sysbios_knl_Clock_tickPeriod__C                         
2002e374  ti_sysbios_knl_Mailbox_A_invalidBufSize__C                 
2002e378  ti_sysbios_knl_Mailbox_Instance_State_dataQue__O           
2002e37c  ti_sysbios_knl_Mailbox_Instance_State_dataSem__O           
2002e380  ti_sysbios_knl_Mailbox_Instance_State_freeQue__O           
2002e384  ti_sysbios_knl_Mailbox_Instance_State_freeSem__O           
2002e388  ti_sysbios_knl_Mailbox_Module__diagsEnabled__C             
2002e38c  ti_sysbios_knl_Mailbox_Module__diagsIncluded__C            
2002e390  ti_sysbios_knl_Mailbox_Module__diagsMask__C                
2002e394  ti_sysbios_knl_Mailbox_Object__count__C                    
2002e398  ti_sysbios_knl_Mailbox_maxTypeAlign__C                     
2002e39c  ti_sysbios_knl_Semaphore_A_badContext__C                   
2002e3a0  ti_sysbios_knl_Semaphore_A_noEvents__C                     
2002e3a4  ti_sysbios_knl_Semaphore_A_overflow__C                     
2002e3a8  ti_sysbios_knl_Semaphore_A_pendTaskDisabled__C             
2002e3ac  ti_sysbios_knl_Semaphore_Instance_State_pendQ__O           
2002e3b0  ti_sysbios_knl_Semaphore_Module__diagsEnabled__C           
2002e3b4  ti_sysbios_knl_Semaphore_Module__diagsIncluded__C          
2002e3b8  ti_sysbios_knl_Semaphore_Module__diagsMask__C              
2002e3bc  ti_sysbios_knl_Swi_Object__count__C                        
2002e3c0  ti_sysbios_knl_Task_A_badPriority__C                       
2002e3c4  ti_sysbios_knl_Task_A_badTaskState__C                      
2002e3c8  ti_sysbios_knl_Task_A_badThreadType__C                     
2002e3cc  ti_sysbios_knl_Task_A_badTimeout__C                        
2002e3d0  ti_sysbios_knl_Task_A_noPendElem__C                        
2002e3d4  ti_sysbios_knl_Task_A_sleepTaskDisabled__C                 
2002e3d8  ti_sysbios_knl_Task_E_spOutOfBounds__C                     
2002e3dc  ti_sysbios_knl_Task_E_stackOverflow__C                     
2002e3e0  ti_sysbios_knl_Task_Module_State_inactiveQ__O              
2002e3e4  ti_sysbios_knl_Task_Module__diagsEnabled__C                
2002e3e8  ti_sysbios_knl_Task_Module__diagsIncluded__C               
2002e3ec  ti_sysbios_knl_Task_Module__diagsMask__C                   
2002e3f0  ti_sysbios_knl_Task_Object__count__C                       
2002e3f4  ti_sysbios_knl_Task_allBlockedFunc__C                      
2002e3f8  ti_sysbios_knl_Task_defaultStackHeap__C                    
2002e3fc  ti_sysbios_knl_Task_defaultStackSize__C                    
2002e400  ti_sysbios_knl_Task_numConstructedTasks__C                 
2002e404  wiFiCC3200HWAttrs                                          
2002e408  xdc_runtime_Assert_E_assertFailed__C                       
2002e40c  xdc_runtime_Core_A_initializedParams__C                    
2002e410  xdc_runtime_Core_Module__diagsEnabled__C                   
2002e414  xdc_runtime_Core_Module__diagsIncluded__C                  
2002e418  xdc_runtime_Core_Module__diagsMask__C                      
2002e41c  xdc_runtime_Error_E_memory__C                              
2002e420  xdc_runtime_Error_Module__diagsEnabled__C                  
2002e424  xdc_runtime_Error_Module__diagsIncluded__C                 
2002e428  xdc_runtime_Error_Module__diagsMask__C                     
2002e42c  xdc_runtime_Error_Module__loggerFxn8__C                    
2002e430  xdc_runtime_Error_Module__loggerObj__C                     
2002e434  xdc_runtime_Error_policyFxn__C                             
2002e438  xdc_runtime_Error_raiseHook__C                             
2002e43c  xdc_runtime_IGateProvider_Interface__BASE__C               
2002e440  xdc_runtime_IHeap_Interface__BASE__C                       
2002e444  xdc_runtime_IModule_Interface__BASE__C                     
2002e448  xdc_runtime_Log_L_error__C                                 
2002e44c  xdc_runtime_Memory_defaultHeapInstance__C                  
2002e450  xdc_runtime_Startup_execImpl__C                            
2002e454  xdc_runtime_Startup_maxPasses__C                           
2002e458  xdc_runtime_Startup_sfxnRts__C                             
2002e45c  xdc_runtime_Startup_sfxnTab__C                             
2002e460  xdc_runtime_SysMin_bufSize__C                              
2002e464  xdc_runtime_SysMin_outputFunc__C                           
2002e468  xdc_runtime_System_Module__gateObj__C                      
2002e46c  xdc_runtime_System_abortFxn__C                             
2002e470  xdc_runtime_System_exitFxn__C                              
2002e474  xdc_runtime_System_extendFxn__C                            
2002e478  xdc_runtime_System_maxAtexitHandlers__C                    
2002e47c  xdc_runtime_Text_charTab__C                                
2002e480  xdc_runtime_Text_nameEmpty__C                              
2002e484  xdc_runtime_Text_nameStatic__C                             
2002e488  xdc_runtime_Text_nameUnknown__C                            
2002e48c  xdc_runtime_Text_nodeTab__C                                
2002e490  xdc_runtime_Text_visitRopeFxn__C                           
2002e494  ti_sysbios_hal_Hwi_Module__id__C                           
2002e496  ti_sysbios_heaps_HeapMem_Module__id__C                     
2002e498  ti_sysbios_knl_Clock_Module__id__C                         
2002e49a  ti_sysbios_knl_Mailbox_Module__id__C                       
2002e49c  ti_sysbios_knl_Semaphore_Module__id__C                     
2002e49e  ti_sysbios_knl_Task_Module__id__C                          
2002e4a0  xdc_runtime_Core_Module__id__C                             
2002e4a2  xdc_runtime_Error_Module__loggerDefined__C                 
2002e4a4  xdc_runtime_Error_maxDepth__C                              
2002e4a6  xdc_runtime_Memory_Module__id__C                           
2002e4a8  xdc_runtime_SysMin_flushAtExit__C                          
2002e4aa  xdc_runtime_Text_charCnt__C                                
2002e4ac  xdc_runtime_Text_isLoaded__C                               
2002e4ae  xdc_runtime_Text_registryModsLastId__C                     
2002e4b0  xdc_runtime_Text_unnamedModsLastId__C                      
2002e4b2  ti_sysbios_knl_Clock_tickSource__C                         
2002e4b3  xdc_runtime_Error_policy__C                                
2002e4b4  ti_sysbios_knl_Swi_Module_State_0_readyQ__A                
2002e534  ti_sysbios_knl_Task_Module_State_0_readyQ__A               
2002e5b4  PowerCC3200_module                                         
2002e608  ti_sysbios_knl_Task_Object__table__V                       
2002e69c  ti_sysbios_knl_Task_Module__state__V                       
2002e6e0  ti_sysbios_gates_GateMutex_Object__table__V                
2002e718  ti_sysbios_family_arm_m3_Hwi_Module__state__V              
2002e74c  ti_sysbios_family_arm_m3_Timer_Object__table__V            
2002e77c  ti_sysbios_knl_Swi_Object__table__V                        
2002e7ac  ti_sysbios_knl_Clock_Module__state__V                      
2002e7d8  ti_sysbios_BIOS_Module__state__V                           
2002e7fc  ti_sysbios_knl_Swi_Module__state__V                        
2002e818  g_H2NSyncPattern                                           
2002e820  g_H2NCnysPattern                                           
2002e828  g_pCB                                                      
2002e82c  pPingCallBackFunc                                          
2002e830  gFirstCmdMode                                              
2002e832  ti_sysbios_family_arm_m3_Hwi_Module_State_0_excActive__A   
2002e834  ti_sysbios_family_arm_m3_Hwi_Object__table__V              
2002e84c  ti_sysbios_heaps_HeapMem_Object__table__V                  
2002e888  originFlagX                                                
2002e88c  originFlagY                                                
2002e890  insertPen                                                  
2002e894  firstTime                                                  
2002e895  extremePositions                                           
2002e896  xdc_runtime_Error_Module__state__V                         
2002e898  __TI_cleanup_ptr                                           
2002e89c  __TI_dtors_ptr                                             
2002e8a0  __TI_enable_exit_profile_output                            
2002e8a4  gpioCallbackFunctions                                      
2002e8b0  gpioPinConfigs                                             
2002e8bc  ti_sysbios_family_arm_m3_Timer_Module__state__V            
2002e8c8  xdc_runtime_SysMin_Module__state__V                        
2002e8d4  _lock                                                      
2002e8d8  _unlock                                                    
2002e8ec  ti_sysbios_family_arm_m3_Hwi_Module__root__V               
2002e8f4  ti_sysbios_gates_GateHwi_Module__root__V                   
2002e8fc  ti_sysbios_gates_GateMutex_Module__root__V                 
2002e904  ti_sysbios_heaps_HeapMem_Module__root__V                   
2002e90c  ti_sysbios_knl_Clock_Module__root__V                       
2002e914  ti_sysbios_knl_Mailbox_Module__root__V                     
2002e91c  ti_sysbios_knl_Queue_Module__root__V                       
2002e924  ti_sysbios_knl_Semaphore_Module__root__V                   
2002e92c  ti_sysbios_knl_Task_Module__root__V                        
2002e934  xdc_runtime_Registry_Module__state__V                      
2002e93c  xdc_runtime_Startup_Module__state__V                       
2002e944  xdc_runtime_System_Module_State_0_atexitHandlers__A        
2002e94c  xdc_runtime_System_Module__state__V                        
2002e96c  errno                                                      
2002e970  main_func_sp                                               
2002e974  ti_sysbios_family_arm_m3_Hwi_Module_State_0_excContext__A  
2002e978  ti_sysbios_family_arm_m3_Hwi_Module_State_0_excStack__A    
2002e97c  ti_sysbios_gates_GateHwi_Object__table__V                  
2002e980  ti_sysbios_knl_Task_Module_State_0_idleTask__A             
2002e984  xdc_runtime_Memory_Module__state__V                        
2002e98c  __stack                                                    
2002ec8c  __STACK_END                                                
2002ec90  __TI_static_base__                                         
2002efe8  __TI_Handler_Table_Base                                    
2002eff0  __TI_CINIT_Base                                            
2002eff0  __TI_Handler_Table_Limit                                   
2002f000  __TI_CINIT_Limit                                           
e000e000  ti_sysbios_family_arm_m3_Hwi_nvic                          
ffffffff  __TI_pprof_out_hndl                                        
ffffffff  __TI_prof_data_size                                        
ffffffff  __TI_prof_data_start                                       
ffffffff  __binit__                                                  
ffffffff  __c_args__                                                 
ffffffff  binit                                                      
UNDEFED   SHT$$INIT_ARRAY$$Base                                      
UNDEFED   SHT$$INIT_ARRAY$$Limit                                     

[1040 symbols]
