******************************************************************************
                  TI ARM Linker PC v15.12.3                    
******************************************************************************
>> Linked Tue Dec 13 14:19:05 2016

OUTPUT FILE NAME:   <CDIO_CC3200.out>
ENTRY POINT SYMBOL: "_c_int00"  address: 20023841


MEMORY CONFIGURATION

         name            origin    length      used     unused   attr    fill
----------------------  --------  ---------  --------  --------  ----  --------
  SRAM                  20004000   0003c000  00024478  00017b88  RW X


SEGMENT ALLOCATION MAP

run origin  load origin   length   init length attrs members
----------  ----------- ---------- ----------- ----- -------
20004000    20004000    0000030c   0000030c    r--
  20004000    20004000    0000030c   0000030c    r-- .resetVecs
20004310    20004310    00019488   00000000    rw-
  20004310    20004310    00019488   00000000    rw- .bss
2001d798    2001d798    0000a261   0000a261    r-x
  2001d798    2001d798    00008132   00008132    r-x .text
  200258cc    200258cc    0000212d   0000212d    r-- .const
200279fc    200279fc    00000740   00000000    rw-
  200279fc    200279fc    0000043d   00000000    rw- .data
  20027e3c    20027e3c    00000300   00000000    rw- .stack
20028140    20028140    00000348   00000348    r--
  20028140    20028140    00000348   00000348    r-- .cinit


SECTION ALLOCATION MAP

 output                                  attributes/
section   page    origin      length       input sections
--------  ----  ----------  ----------   ----------------
.bss       0    20004310    00019488     UNINITIALIZED
                  20004310    000186a0     (.common:task0Stack)
                  2001c9b0    00000400     (.common:ti_sysbios_heaps_HeapMem_Instance_State_0_buf__A)
                  2001cdb0    0000030c     (.common:ti_sysbios_family_arm_m3_Hwi_dispatchTable)
                  2001d0bc    00000004     (.common:firstTick$2)
                  2001d0c0    00000200     CDIO_CC3200_pem4.oem4 (.bss:taskStackSection)
                  2001d2c0    0000012c     drivers_cc32xxware.aem4 : PowerCC3200.oem4 (.bss:PowerCC3200_contextSave)
                  2001d3ec    00000120     rtsv7M4_T_le_eabi.lib : trgmsg.obj (.bss:_CIOBUF_)
                  2001d50c    00000108     (.common:uartCC3200Objects)
                  2001d614    00000080     (.common:xdc_runtime_SysMin_Module_State_0_outbuf__A)
                  2001d694    00000050     (.common:task0Struct)
                  2001d6e4    00000040     (.common:uartCC3200RingBuffer)
                  2001d724    00000020     (.common:gpioCallbackInfo)
                  2001d744    00000020     (.common:pwmTimerCC3200Objects)
                  2001d764    00000014     (.common:powerNotifyObj)
                  2001d778    00000010     (.common:steps)
                  2001d788    00000008                           : trgdrv.obj (.bss:parmbuf)
                  2001d790    00000008     (.common:firstRTC$1)

.text      0    2001d798    00008132     
                  2001d798    00000430     sysbios.aem4 : BIOS.obj (.text:ti_sysbios_family_arm_m3_Hwi_excDumpRegs__I)
                  2001dbc8    0000034c     ti.targets.arm.rtsarm.aem4 : System.oem4 (.text:xdc_runtime_System_doPrint__I)
                  2001df14    00000324     rtsv7M4_T_le_eabi.lib : trgdrv.obj (.text)
                  2001e238    000002e8     CDIO_CC3200.obj (.text:moveTask)
                  2001e520    000002c0     sysbios.aem4 : BIOS.obj (.text:ti_sysbios_knl_Semaphore_pend__E)
                  2001e7e0    00000254                  : BIOS.obj (.text:ti_sysbios_heaps_HeapMem_free__E)
                  2001ea34    00000004     tirtosport.aem4 : ClockP_tirtos.oem4 (.text:ClockP_getCpuFreq)
                  2001ea38    00000248     sysbios.aem4 : BIOS.obj (.text:ti_sysbios_heaps_HeapMem_alloc__E)
                  2001ec80    0000022c                  : BIOS.obj (.text:ti_sysbios_knl_Task_Instance_finalize__E)
                  2001eeac    00000208     drivers_cc32xxware.aem4 : UARTCC3200.oem4 (.text:UARTCC3200_open)
                  2001f0b4    00000004     tirtosport.aem4 : HwiP_tirtos.oem4 (.text:HwiP_disable)
                  2001f0b8    000001fc     sysbios.aem4 : BIOS.obj (.text:ti_sysbios_family_arm_m3_Hwi_excHandlerMax__I)
                  2001f2b4    000001f4     rtsv7M4_T_le_eabi.lib : ull_div_t2.obj (.text)
                  2001f4a8    000001e0     sysbios.aem4 : BIOS.obj (.text:ti_sysbios_knl_Task_sleep__E)
                  2001f688    000001c8                  : BIOS.obj (.text:ti_sysbios_knl_Task_Instance_init__E)
                  2001f850    00000188     power_cc3200_tirtos.aem4 : PowerCC3200_tirtos.oem4 (.text:PowerCC3200_sleepPolicy)
                  2001f9d8    00000184     CDIO_CC3200.obj (.text:move)
                  2001fb5c    0000017c     drivers_cc32xxware.aem4 : GPIOCC3200.oem4 (.text:GPIO_setConfig)
                  2001fcd8    00000174     sysbios.aem4 : BIOS.obj (.text:ti_sysbios_family_arm_m3_Hwi_excBusFault__I)
                  2001fe4c    00000004     drivers_cc32xxware.aem4 : List.oem4 (.text:List_head)
                  2001fe50    00000164     sysbios.aem4 : BIOS.obj (.text:ti_sysbios_family_arm_m3_Hwi_excUsageFault__I)
                  2001ffb4    00000004     drivers_cc32xxware.aem4 : List.oem4 (.text:List_next)
                  2001ffb8    00000148     sysbios.aem4 : BIOS.obj (.text:ti_sysbios_family_arm_m3_Hwi_excMemFault__I)
                  20020100    0000013c                  : BIOS.obj (.text:ti_sysbios_heaps_HeapMem_Instance_init__E)
                  2002023c    00000134     driverlib.a : prcm.obj (.text:PRCMCC3200MCUInit)
                  20020370    00000126     CDIO_CC3200.obj (.text:read_file)
                  20020496    00000002     rtsv7M4_T_le_eabi.lib : i_div0.obj (.text)
                  20020498    0000011c     sysbios.aem4 : BIOS.obj (.text:ti_sysbios_knl_Clock_Instance_init__E)
                  200205b4    00000118     ti.targets.arm.rtsarm.aem4 : Error.oem4 (.text:xdc_runtime_Error_policyDefault__E)
                  200206cc    00000104     CDIO_CC3200.obj (.text:main)
                  200207d0    00000102     rom_pin_mux_config.obj (.text:PinMuxConfig)
                  200208d2    00000002     CDIO_CC3200_pem4.oem4 (.text:ti_sysbios_BIOS_nullFunc__I)
                  200208d4    00000100     ti.targets.arm.rtsarm.aem4 : Core-mem.oem4 (.text:xdc_runtime_Core_createObject__I)
                  200209d4    000000f8                                : Startup.oem4 (.text:xdc_runtime_Startup_startMods__I)
                  20020acc    000000f8     CDIO_CC3200_pem4.oem4 (.text:xdc_runtime_System_printfExtend__I)
                  20020bc4    00000004     CDIO_CC3200_pem4.oem4 (.text:ti_sysbios_BIOS_RtsGateProxy_enter__E)
                  20020bc8    000000ec     sysbios.aem4 : BIOS.obj (.text:ti_sysbios_knl_Semaphore_post__E)
                  20020cb4    000000e0     drivers_cc32xxware.aem4 : PWMTimerCC3200.oem4 (.text:PWMTimerCC3200_open)
                  20020d94    000000d0                             : GPIOCC3200.oem4 (.text:powerNotifyFxn)
                  20020e64    000000d0     sysbios.aem4 : m3_Hwi_asm.obj (.text:ti_sysbios_family_arm_m3_Hwi_dispatch__I)
                  20020f34    000000cc     ti.targets.arm.rtsarm.aem4 : Core-smem.oem4 (.text:xdc_runtime_Core_constructObject__I)
                  20021000    000000bc     sysbios.aem4 : BIOS.obj (.text:ti_sysbios_family_arm_m3_Hwi_excDebugMon__I)
                  200210bc    00000004     CDIO_CC3200_pem4.oem4 (.text:ti_sysbios_BIOS_RtsGateProxy_leave__E)
                  200210c0    000000bc     sysbios.aem4 : BIOS.obj (.text:ti_sysbios_family_arm_m3_Hwi_excHardFault__I)
                  2002117c    000000b8     drivers_cc32xxware.aem4 : PWMTimerCC3200.oem4 (.text:PWMTimerCC3200_setDuty)
                  20021234    00000004     CDIO_CC3200_pem4.oem4 (.text:ti_sysbios_family_arm_m3_Hwi_destruct)
                  20021238    000000b4     sysbios.aem4 : BIOS.obj (.text:ti_sysbios_gates_GateMutex_enter__E)
                  200212ec    00000004     CDIO_CC3200_pem4.oem4 (.text:ti_sysbios_family_arm_m3_TaskSupport_Module__startupDone__S)
                  200212f0    000000b4     sysbios.aem4 : BIOS.obj (.text:ti_sysbios_knl_Task_checkStacks__E)
                  200213a4    00000004     CDIO_CC3200_pem4.oem4 (.text:ti_sysbios_heaps_HeapMem_Module_GateProxy_enter__E)
                  200213a8    000000a8     sysbios.aem4 : BIOS.obj (.text:ti_sysbios_knl_Task_postInit__I)
                  20021450    000000a4     CDIO_CC3200.obj (.text:charToInt)
                  200214f4    00000004     CDIO_CC3200_pem4.oem4 (.text:ti_sysbios_heaps_HeapMem_Module_GateProxy_leave__E)
                  200214f8    000000a4     sysbios.aem4 : BIOS.obj (.text:ti_sysbios_knl_Clock_Instance_finalize__E)
                  2002159c    000000a2     drivers_cc32xxware.aem4 : UARTCC3200.oem4 (.text:UARTCC3200_write)
                  2002163e    00000002     CDIO_CC3200_pem4.oem4 (.text:xdc_runtime_Startup_reset__I)
                  20021640    000000a0     auto_init.aem4 : auto_init.oem4 (.text)
                  200216e0    000000a0     ti.targets.arm.rtsarm.aem4 : Text.oem4 (.text:xdc_runtime_Text_putMod__E)
                  20021780    0000009e     drivers_cc32xxware.aem4 : UARTCC3200.oem4 (.text:readTaskBlocking)
                  2002181e    0000009c     rtsv7M4_T_le_eabi.lib : memcpy_t2.obj (.text)
                  200218ba    00000006     drivers_cc32xxware.aem4 : PWMTimerCC3200.oem4 (.text:PWMTimerCC3200_getPeriodMicroSecs)
                  200218c0    0000009c     sysbios.aem4 : BIOS.obj (.text:ti_sysbios_knl_Semaphore_Instance_init__E)
                  2002195c    0000009a     ti.targets.arm.rtsarm.aem4 : Text.oem4 (.text:xdc_runtime_Text_putSite__E)
                  200219f6    00000098     drivers_cc32xxware.aem4 : UARTCC3200.oem4 (.text:UARTCC3200_control)
                  20021a8e    00000098                             : UARTCC3200.oem4 (.text:UARTCC3200_readPolling)
                  20021b26    00000002     --HOLE-- [fill = 0]
                  20021b28    00000094     sysbios.aem4 : BIOS.obj (.text:ti_sysbios_family_arm_m3_Hwi_Instance_init__E)
                  20021bbc    00000090     drivers_cc32xxware.aem4 : PowerCC3200.oem4 (.text:restoreNVICRegs)
                  20021c4c    0000008a                             : UARTCC3200.oem4 (.text:readIsrTextBlocking)
                  20021cd6    00000002     --HOLE-- [fill = 0]
                  20021cd8    00000088     driverlib.a : pin.obj (.text:PinConfigSet)
                  20021d60    00000088     drivers_cc32xxware.aem4 : UARTCC3200.oem4 (.text:UARTCC3200_close)
                  20021de8    00000088     sysbios.aem4 : BIOS.obj (.text:ti_sysbios_family_arm_m3_Hwi_initNVIC__E)
                  20021e70    00000084     drivers_cc32xxware.aem4 : GPIOCC3200.oem4 (.text:GPIO_init)
                  20021ef4    00000084                             : PowerCC3200.oem4 (.text:saveNVICRegs)
                  20021f78    00000084     sysbios.aem4 : BIOS.obj (.text:ti_sysbios_family_arm_m3_Hwi_postInit__I)
                  20021ffc    00000082     driverlib.a : gpio.obj (.text:GPIOIntTypeSet)
                  2002207e    00000082     drivers_cc32xxware.aem4 : UARTCC3200.oem4 (.text:readIsrTextCallback)
                  20022100    0000007a                             : UARTCC3200.oem4 (.text:readTaskCallback)
                  2002217a    0000007a     rtsv7M4_T_le_eabi.lib : memset_t2.obj (.text)
                  200221f4    00000076     driverlib.a : uart.obj (.text:UARTConfigSetExpClk)
                  2002226a    00000006                 : utils.obj (.text:UtilsDelay)
                  20022270    00000074     sysbios.aem4 : BIOS.obj (.text:ti_sysbios_knl_Clock_start__E)
                  200222e4    00000070     drivers_cc32xxware.aem4 : PWMTimerCC3200.oem4 (.text:PWMTimerCC3200_control)
                  20022354    00000070                             : PowerCC3200.oem4 (.text:Power_sleep)
                  200223c4    0000006d     ti.targets.arm.rtsarm.aem4 : System.oem4 (.text:xdc_runtime_System_formatNum__I)
                  20022431    00000003     --HOLE-- [fill = 0]
                  20022434    0000006c     drivers_cc32xxware.aem4 : UARTCC3200.oem4 (.text:initHw)
                  200224a0    0000006c     sysbios.aem4 : BIOS.obj (.text:ti_sysbios_knl_Clock_workFunc__E)
                  2002250c    00000004     CDIO_CC3200_pem4.oem4 (.text:ti_sysbios_knl_Clock_TimerProxy_getMaxTicks__E)
                  20022510    0000006c     sysbios.aem4 : BIOS.obj (.text:ti_sysbios_knl_Swi_restoreHwi__E)
                  2002257c    00000004     CDIO_CC3200_pem4.oem4 (.text:ti_sysbios_knl_Clock_TimerProxy_setPeriodMicroSecs__E)
                  20022580    0000006c     sysbios.aem4 : BIOS.obj (.text:ti_sysbios_knl_Task_exit__E)
                  200225ec    0000006c     ti.targets.arm.rtsarm.aem4 : Error.oem4 (.text:xdc_runtime_Error_print__E)
                  20022658    0000006c                                : Memory.oem4 (.text:xdc_runtime_Memory_alloc__E)
                  200226c4    0000006a     rtsv7M4_T_le_eabi.lib : copy_decompress_rle.obj (.text)
                  2002272e    00000002     --HOLE-- [fill = 0]
                  20022730    00000068     driverlib.a : prcm.obj (.text:PRCMHibernateWakeUpGPIOSelect)
                  20022798    00000068     rtsv7M4_T_le_eabi.lib : trgmsg.obj (.text)
                  20022800    00000068     drivers_cc32xxware.aem4 : UARTCC3200.oem4 (.text:writeData)
                  20022868    00000066     ti.targets.arm.rtsarm.aem4 : Core-mem.oem4 (.text:xdc_runtime_Core_deleteObject__I)
                  200228ce    00000002     --HOLE-- [fill = 0]
                  200228d0    00000064     drivers_cc32xxware.aem4 : GPIOCC3200.oem4 (.text:GPIO_hwiIntFxn)
                  20022934    00000004     CDIO_CC3200_pem4.oem4 (.text:ti_sysbios_knl_Clock_TimerProxy_start__E)
                  20022938    00000064     sysbios.aem4 : BIOS.obj (.text:ti_sysbios_family_arm_m3_Hwi_dispatchC__I)
                  2002299c    00000062     tirtosport.aem4 : HwiP_tirtos.oem4 (.text:HwiP_create)
                  200229fe    00000002     --HOLE-- [fill = 0]
                  20022a00    00000060     sysbios.aem4 : BIOS.obj (.text:ti_sysbios_knl_Task_schedule__I)
                  20022a60    0000005e     drivers_cc32xxware.aem4 : UARTCC3200.oem4 (.text:readIsrBinaryBlocking)
                  20022abe    00000002     --HOLE-- [fill = 0]
                  20022ac0    0000005c     sysbios.aem4 : BIOS.obj (.text:ti_sysbios_knl_Swi_run__I)
                  20022b1c    00000004     CDIO_CC3200_pem4.oem4 (.text:ti_sysbios_knl_Clock_TimerProxy_stop__E)
                  20022b20    0000005c     sysbios.aem4 : BIOS.obj (.text:ti_sysbios_knl_Swi_schedule__I)
                  20022b7c    00000004     CDIO_CC3200_pem4.oem4 (.text:ti_sysbios_knl_Clock_destruct)
                  20022b80    0000005c     sysbios.aem4 : BIOS.obj (.text:ti_sysbios_knl_Task_Module_startup__E)
                  20022bdc    00000004     CDIO_CC3200_pem4.oem4 (.text:ti_sysbios_knl_Queue_destruct)
                  20022be0    0000005c     sysbios.aem4 : BIOS.obj (.text:ti_sysbios_knl_Task_startCore__E)
                  20022c3c    0000005b     ti.targets.arm.rtsarm.aem4 : Text.oem4 (.text:xdc_runtime_Text_putLab__E)
                  20022c97    00000001     --HOLE-- [fill = 0]
                  20022c98    0000005a     tirtosport.aem4 : ClockP_tirtos.oem4 (.text:ClockP_create)
                  20022cf2    00000002     --HOLE-- [fill = 0]
                  20022cf4    00000058     driverlib.a : interrupt.obj (.text:IntPendClear)
                  20022d4c    00000058                 : prcm.obj (.text:PRCMPeripheralReset)
                  20022da4    00000058     drivers_cc32xxware.aem4 : PowerCC3200.oem4 (.text:Power_init)
                  20022dfc    00000058     tirtosport.aem4 : SemaphoreP_tirtos.oem4 (.text:SemaphoreP_create)
                  20022e54    00000058     CDIO_CC3200_pem4.oem4 (.text:ti_sysbios_family_arm_m3_Hwi_construct)
                  20022eac    00000054     drivers_cc32xxware.aem4 : UARTCC3200.oem4 (.text:UARTCC3200_writeCancel)
                  20022f00    00000054                             : UARTCC3200.oem4 (.text:readIsrBinaryCallback)
                  20022f54    00000054     rtsv7M4_T_le_eabi.lib : exit.obj (.text)
                  20022fa8    00000054     sysbios.aem4 : BIOS.obj (.text:ti_sysbios_family_arm_m3_Timer_setPeriod__E)
                  20022ffc    00000004     CDIO_CC3200_pem4.oem4 (.text:ti_sysbios_knl_Semaphore_destruct)
                  20023000    00000054     sysbios.aem4 : BIOS.obj (.text:ti_sysbios_family_arm_m3_Timer_start__E)
                  20023054    00000054     CDIO_CC3200_pem4.oem4 (.text:ti_sysbios_knl_Task_construct)
                  200230a8    00000054     ti.targets.arm.rtsarm.aem4 : Assert.oem4 (.text:xdc_runtime_Assert_raise__I)
                  200230fc    00000004                                : Error.oem4 (.text:xdc_runtime_Error_getSite__E)
                  20023100    00000050     sysbios.aem4 : BIOS.obj (.text:ti_sysbios_family_arm_m3_Hwi_Module_startup__E)
                  20023150    00000050     ti.targets.arm.rtsarm.aem4 : Startup.oem4 (.text:xdc_runtime_Startup_exec__E)
                  200231a0    00000050                                : Text.oem4 (.text:xdc_runtime_Text_visitRope2__I)
                  200231f0    0000004c     gpio_if.obj (.text:GPIO_IF_GetPortNPin)
                  2002323c    0000004c     drivers_cc32xxware.aem4 : GPIOCC3200.oem4 (.text:GPIO_setCallback)
                  20023288    0000004c     rtsv7M4_T_le_eabi.lib : cpy_tbl.obj (.text)
                  200232d4    0000004c     sysbios.aem4 : m3_TaskSupport_asm.obj (.text:ti_sysbios_family_arm_m3_TaskSupport_buildTaskStack)
                  20023320    0000004c                  : BIOS.obj (.text:ti_sysbios_family_arm_m3_Timer_setPeriodMicroSecs__E)
                  2002336c    00000004     CDIO_CC3200_pem4.oem4 (.text:xdc_runtime_System_Module_GateProxy_enter__E)
                  20023370    0000004c     sysbios.aem4 : BIOS.obj (.text:ti_sysbios_heaps_HeapMem_getStats__E)
                  200233bc    00000004     CDIO_CC3200_pem4.oem4 (.text:xdc_runtime_System_Module_GateProxy_leave__E)
                  200233c0    0000004c     sysbios.aem4 : BIOS.obj (.text:ti_sysbios_knl_Swi_runLoop__I)
                  2002340c    00000004     ti.targets.arm.rtsarm.aem4 : System.oem4 (.text:xdc_runtime_System_aprintf_va__F)
                  20023410    0000004c     sysbios.aem4 : BIOS.obj (.text:ti_sysbios_knl_Task_allBlockedFunction__I)
                  2002345c    00000048     driverlib.a : flash.obj (.text:FlashDisable)
                  200234a4    00000048                 : prcm.obj (.text:PRCMHibernateWakeupSourceEnable)
                  200234ec    00000048                 : pin.obj (.text:PinConfigGet)
                  20023534    00000048     drivers_cc32xxware.aem4 : PowerCC3200.oem4 (.text:notify)
                  2002357c    00000004     ti.targets.arm.rtsarm.aem4 : System.oem4 (.text:xdc_runtime_System_printf_va__F)
                  20023580    00000048     sysbios.aem4 : BIOS.obj (.text:ti_sysbios_family_arm_m3_Hwi_disableInterrupt__E)
                  200235c8    00000048                  : BIOS.obj (.text:ti_sysbios_family_arm_m3_Hwi_enableInterrupt__E)
                  20023610    00000048                  : BIOS.obj (.text:ti_sysbios_family_arm_m3_Hwi_excReserved__I)
                  20023658    00000048                  : m3_Hwi_asm_switch.obj (.text:ti_sysbios_family_arm_m3_Hwi_initStacks__E)
                  200236a0    00000048                  : BIOS.obj (.text:ti_sysbios_family_arm_m3_Timer_initDevice__I)
                  200236e8    00000046     drivers_cc32xxware.aem4 : RingBuf.oem4 (.text:RingBuf_put)
                  2002372e    00000046     ti.targets.arm.rtsarm.aem4 : Core-params.oem4 (.text:xdc_runtime_Core_assignParams__I)
                  20023774    00000044     driverlib.a : prcm.obj (.text:PRCMLPDSEnter)
                  200237b8    00000044     drivers_cc32xxware.aem4 : PowerCC3200_asm.oem4 (.text:PowerCC3200_enterLPDS)
                  200237fc    00000044                             : UARTCC3200.oem4 (.text:UARTCC3200_hwiIntFxn)
                  20023840    00000044     boot.aem4 : boot.oem4 (.text)
                  20023884    00000004     --HOLE-- [fill = 0]
                  20023888    00000044     sysbios.aem4 : BIOS.obj (.text:ti_sysbios_family_arm_m3_Hwi_getStackInfo__E)
                  200238cc    00000004     --HOLE-- [fill = 0]
                  200238d0    00000044                  : BIOS.obj (.text:ti_sysbios_knl_Swi_post__E)
                  20023914    00000044     ti.targets.arm.rtsarm.aem4 : Error.oem4 (.text:xdc_runtime_Error_setX__E)
                  20023958    00000044                                : SysMin.oem4 (.text:xdc_runtime_SysMin_flush__E)
                  2002399c    00000044                                : Text.oem4 (.text:xdc_runtime_Text_xprintf__I)
                  200239e0    00000042     drivers_cc32xxware.aem4 : PowerCC3200_asm.oem4 (.text:PowerCC3200_resumeLPDS)
                  20023a22    00000042                             : UARTCC3200.oem4 (.text:UARTCC3200_writePolling)
                  20023a64    00000040                             : GPIOCC3200.oem4 (.text:GPIO_enableInt)
                  20023aa4    00000040     driverlib.a : pin.obj (.text:PinModeSet)
                  20023ae4    00000040     drivers_cc32xxware.aem4 : PowerCC3200.oem4 (.text:Power_setDependency)
                  20023b24    00000040                             : RingBuf.oem4 (.text:RingBuf_get)
                  20023b64    00000040                             : UARTCC3200.oem4 (.text:UARTCC3200_read)
                  20023ba4    00000040     rtsv7M4_T_le_eabi.lib : u_divt2.obj (.text)
                  20023be4    00000004     --HOLE-- [fill = 0]
                  20023be8    00000040     sysbios.aem4 : BIOS.obj (.text:ti_sysbios_family_arm_m3_Timer_Module_startup__E)
                  20023c28    0000003c     driverlib.a : prcm.obj (.text:PRCMPeripheralClkEnable)
                  20023c64    0000003c                 : prcm.obj (.text:PRCMSlowClkCtrFastGet)
                  20023ca0    0000003c                 : pin.obj (.text:PinDirModeSet)
                  20023cdc    0000003c     CDIO_CC3200.obj (.text:brytarIntX)
                  20023d18    0000003c     CDIO_CC3200.obj (.text:brytarIntY)
                  20023d54    00000004     --HOLE-- [fill = 0]
                  20023d58    0000003c     sysbios.aem4 : BIOS.obj (.text:ti_sysbios_family_arm_m3_Hwi_excSvCall__I)
                  20023d94    00000004     --HOLE-- [fill = 0]
                  20023d98    0000003c                  : BIOS.obj (.text:ti_sysbios_heaps_HeapMem_init__I)
                  20023dd4    00000004     --HOLE-- [fill = 0]
                  20023dd8    0000003c                  : BIOS.obj (.text:ti_sysbios_knl_Clock_walkQueuePeriodic__E)
                  20023e14    00000004     --HOLE-- [fill = 0]
                  20023e18    0000003c                  : BIOS.obj (.text:ti_sysbios_knl_Swi_restore__E)
                  20023e54    00000004     --HOLE-- [fill = 0]
                  20023e58    0000003c                  : BIOS.obj (.text:ti_sysbios_knl_Swi_startup__E)
                  20023e94    0000003a     gpio_if.obj (.text:GPIO_IF_Set)
                  20023ece    00000002     --HOLE-- [fill = 0]
                  20023ed0    00000038     driverlib.a : prcm.obj (.text:PRCMIntEnable)
                  20023f08    00000038     drivers_cc32xxware.aem4 : PWM.oem4 (.text:PWM_init)
                  20023f40    00000038     power_cc3200_tirtos.aem4 : PowerCC3200_tirtos.oem4 (.text:PowerCC3200_initPolicy)
                  20023f78    00000038     drivers_cc32xxware.aem4 : UART.oem4 (.text:UART_init)
                  20023fb0    00000038     sysbios.aem4 : BIOS.obj (.text:ti_sysbios_family_arm_m3_Hwi_excNoIsr__I)
                  20023fe8    00000038                  : BIOS.obj (.text:ti_sysbios_knl_Task_processVitalTaskFlag__I)
                  20024020    00000038     ti.targets.arm.rtsarm.aem4 : SysMin.oem4 (.text:xdc_runtime_SysMin_putch__E)
                  20024058    00000038                                : System.oem4 (.text:xdc_runtime_System_atexit__E)
                  20024090    00000036     driverlib.a : gpio.obj (.text:GPIODirModeSet)
                  200240c6    00000036                 : timer.obj (.text:TimerControlLevel)
                  200240fc    00000036     drivers_cc32xxware.aem4 : UARTCC3200.oem4 (.text:UARTCC3200_readCancel)
                  20024132    00000002     --HOLE-- [fill = 0]
                  20024134    00000034     driverlib.a : prcm.obj (.text:PRCMPeripheralStatusGet)
                  20024168    00000034                 : prcm.obj (.text:PRCMSRAMRetentionEnable)
                  2002419c    00000034     drivers_cc32xxware.aem4 : PowerCC3200.oem4 (.text:Power_releaseDependency)
                  200241d0    00000034     power_cc3200_tirtos.aem4 : PowerCC3200_tirtos.oem4 (.text:getCountsRTC)
                  20024204    00000034     drivers_cc32xxware.aem4 : PWMTimerCC3200.oem4 (.text:getPowerMgrId)
                  20024238    00000034     CDIO_CC3200.obj (.text:moveToOrigin)
                  2002426c    00000034     drivers_cc32xxware.aem4 : PowerCC3200.oem4 (.text:restorePeriphClocks)
                  200242a0    00000034     sysbios.aem4 : BIOS.obj (.text:ti_sysbios_family_arm_m3_Hwi_Instance_finalize__E)
                  200242d4    00000004     --HOLE-- [fill = 0]
                  200242d8    00000034                  : BIOS.obj (.text:ti_sysbios_family_arm_m3_Hwi_excNmi__I)
                  2002430c    00000004     --HOLE-- [fill = 0]
                  20024310    00000034                  : BIOS.obj (.text:ti_sysbios_family_arm_m3_Timer_periodicStub__I)
                  20024344    00000004     --HOLE-- [fill = 0]
                  20024348    00000034                  : BIOS.obj (.text:ti_sysbios_hal_Hwi_checkStack)
                  2002437c    00000034     CDIO_CC3200_pem4.oem4 (.text:ti_sysbios_knl_Clock_construct)
                  200243b0    00000034     ti.targets.arm.rtsarm.aem4 : Core-label.oem4 (.text:xdc_runtime_Core_assignLabel__I)
                  200243e4    00000033                                : Text.oem4 (.text:xdc_runtime_Text_printVisFxn__I)
                  20024417    00000001     --HOLE-- [fill = 0]
                  20024418    00000032     sysbios.aem4 : BIOS.obj (.text:ti_sysbios_hal_Hwi_initStack)
                  2002444a    00000002     --HOLE-- [fill = 0]
                  2002444c    00000030     drivers_cc32xxware.aem4 : PWM.oem4 (.text:PWM_open)
                  2002447c    00000030     driverlib.a : pin.obj (.text:PinTypeGPIO)
                  200244ac    00000030     drivers_cc32xxware.aem4 : PowerCC3200.oem4 (.text:Power_releaseConstraint)
                  200244dc    00000030                             : PowerCC3200.oem4 (.text:Power_setConstraint)
                  2002450c    00000030     driverlib.a : uart.obj (.text:UARTDisable)
                  2002453c    00000030     drivers_cc32xxware.aem4 : UART.oem4 (.text:UART_open)
                  2002456c    00000030     CDIO_CC3200_pem4.oem4 (.text:ti_sysbios_BIOS_atExitFunc__I)
                  2002459c    00000004     --HOLE-- [fill = 0]
                  200245a0    00000030     sysbios.aem4 : BIOS.obj (.text:ti_sysbios_family_arm_m3_TaskSupport_start__E)
                  200245d0    00000030     CDIO_CC3200_pem4.oem4 (.text:ti_sysbios_gates_GateHwi_Object__create__S)
                  20024600    00000030     CDIO_CC3200_pem4.oem4 (.text:ti_sysbios_gates_GateMutex_Object__create__S)
                  20024630    00000030     CDIO_CC3200_pem4.oem4 (.text:ti_sysbios_heaps_HeapMem_Object__create__S)
                  20024660    00000030     CDIO_CC3200_pem4.oem4 (.text:ti_sysbios_knl_Semaphore_construct)
                  20024690    00000030     sysbios.aem4 : BIOS.obj (.text:ti_sysbios_knl_Semaphore_pendTimeout__I)
                  200246c0    00000030                  : BIOS.obj (.text:ti_sysbios_knl_Task_unblockI__E)
                  200246f0    00000030     ti.targets.arm.rtsarm.aem4 : SysMin.oem4 (.text:xdc_runtime_SysMin_abort__E)
                  20024720    00000030                                : System.oem4 (.text:xdc_runtime_System_processAtExit__E)
                  20024750    0000002e     drivers_cc32xxware.aem4 : PWMTimerCC3200.oem4 (.text:PWMTimerCC3200_close)
                  2002477e    00000002     --HOLE-- [fill = 0]
                  20024780    0000002c     driverlib.a : prcm.obj (.text:PRCMLPDSIntervalSet)
                  200247ac    0000002c                 : prcm.obj (.text:PRCMSysResetCauseGet)
                  200247d8    0000002c     CDIO_CC3200_pem4.oem4 (.text:ti_sysbios_knl_Clock_doTick__I)
                  20024804    0000002c     CDIO_CC3200_pem4.oem4 (.text:ti_sysbios_knl_Queue_construct)
                  20024830    0000002c     sysbios.aem4 : BIOS.obj (.text:ti_sysbios_knl_Task_restore__E)
                  2002485c    0000002c     ti.targets.arm.rtsarm.aem4 : Text.oem4 (.text:xdc_runtime_Text_cordText__E)
                  20024888    0000002a     driverlib.a : timer.obj (.text:TimerLoadSet)
                  200248b2    0000002a                 : timer.obj (.text:TimerMatchSet)
                  200248dc    0000002a                 : timer.obj (.text:TimerPrescaleMatchSet)
                  20024906    0000002a                 : timer.obj (.text:TimerPrescaleSet)
                  20024930    0000002a     ti.targets.arm.rtsarm.aem4 : System.oem4 (.text:xdc_runtime_System_putchar__I)
                  2002495a    00000002     --HOLE-- [fill = 0]
                  2002495c    00000028     driverlib.a : prcm.obj (.text:PRCMLPDSWakeupSourceEnable)
                  20024984    00000028                 : prcm.obj (.text:PRCMPeripheralClkDisable)
                  200249ac    00000028     drivers_cc32xxware.aem4 : PowerCC3200.oem4 (.text:Power_registerNotify)
                  200249d4    00000028                             : UARTCC3200.oem4 (.text:releasePowerConstraint)
                  200249fc    00000004     --HOLE-- [fill = 0]
                  20024a00    00000028     sysbios.aem4 : BIOS.obj (.text:ti_sysbios_knl_Swi_Module_startup__E)
                  20024a28    00000026     drivers_cc32xxware.aem4 : List.oem4 (.text:List_put)
                  20024a4e    00000026     ti.targets.arm.rtsarm.aem4 : System.oem4 (.text:xdc_runtime_System_avprintf__E)
                  20024a74    00000024     driverlib.a : prcm.obj (.text:PRCMLPDSWakeUpGPIOSelect)
                  20024a98    00000024                 : uart.obj (.text:UARTCharPutNonBlocking)
                  20024abc    00000024                 : uart.obj (.text:UARTEnable)
                  20024ae0    00000024     CDIO_CC3200_pem4.oem4 (.text:ti_sysbios_BIOS_errorRaiseHook__I)
                  20024b04    00000024     CDIO_CC3200_pem4.oem4 (.text:ti_sysbios_BIOS_registerRTSLock__I)
                  20024b28    00000024     CDIO_CC3200_pem4.oem4 (.text:ti_sysbios_BIOS_removeRTSLock__I)
                  20024b4c    00000024     CDIO_CC3200_pem4.oem4 (.text:ti_sysbios_BIOS_startFunc__I)
                  20024b70    00000024     sysbios.aem4 : BIOS.obj (.text:ti_sysbios_family_arm_m3_Hwi_doTaskRestore__I)
                  20024b94    00000004     --HOLE-- [fill = 0]
                  20024b98    00000024                  : BIOS.obj (.text:ti_sysbios_family_arm_m3_Timer_startup__E)
                  20024bbc    00000024     CDIO_CC3200_pem4.oem4 (.text:ti_sysbios_gates_GateMutex_Object__delete__S)
                  20024be0    00000024     sysbios.aem4 : BIOS.obj (.text:ti_sysbios_knl_Clock_Module_startup__E)
                  20024c04    00000024     ti.targets.arm.rtsarm.aem4 : System.oem4 (.text:xdc_runtime_System_vprintf__E)
                  20024c28    00000022     driverlib.a : gpio.obj (.text:GPIOIntStatus)
                  20024c4a    00000022     CDIO_CC3200_pem4.oem4 (.text:xdc_runtime_SysMin_output__I)
                  20024c6c    00000020     driverlib.a : gpio.obj (.text:GPIOPinWrite)
                  20024c8c    00000020                 : prcm.obj (.text:PRCMLPDSRestoreInfoSet)
                  20024cac    00000020     drivers_cc32xxware.aem4 : PowerCC3200.oem4 (.text:Power_idleFunc)
                  20024ccc    00000020                             : PowerCC3200.oem4 (.text:Power_unregisterNotify)
                  20024cec    00000020                             : UARTCC3200.oem4 (.text:getPowerMgrId)
                  20024d0c    00000020     CDIO_CC3200_pem4.oem4 (.text:ti_sysbios_BIOS_rtsLock__I)
                  20024d2c    00000020     sysbios.aem4 : m3_Hwi_asm.obj (.text:ti_sysbios_family_arm_m3_Hwi_excHandlerAsm__I)
                  20024d4c    00000004     --HOLE-- [fill = 0]
                  20024d50    00000020                  : BIOS.obj (.text:ti_sysbios_family_arm_m3_Hwi_excHandler__I)
                  20024d70    00000020     CDIO_CC3200_pem4.oem4 (.text:ti_sysbios_gates_GateHwi_Object__delete__S)
                  20024d90    00000020     CDIO_CC3200_pem4.oem4 (.text:ti_sysbios_heaps_HeapMem_Object__delete__S)
                  20024db0    00000020     CDIO_CC3200_pem4.oem4 (.text:ti_sysbios_knl_Clock_Object__destruct__S)
                  20024dd0    00000020     sysbios.aem4 : BIOS.obj (.text:ti_sysbios_knl_Idle_run__E)
                  20024df0    00000020     CDIO_CC3200_pem4.oem4 (.text:ti_sysbios_knl_Semaphore_Object__destruct__S)
                  20024e10    00000020     ti.targets.arm.rtsarm.aem4 : Registry.oem4 (.text:xdc_runtime_Registry_findById__E)
                  20024e30    00000020                                : SysMin.oem4 (.text:xdc_runtime_SysMin_Module_startup__E)
                  20024e50    0000001e     driverlib.a : timer.obj (.text:TimerDisable)
                  20024e6e    0000001e                 : timer.obj (.text:TimerEnable)
                  20024e8c    0000001e                 : uart.obj (.text:UARTCharPut)
                  20024eaa    0000001e                 : uart.obj (.text:UARTIntStatus)
                  20024ec8    0000001e     sysbios.aem4 : m3_Hwi_asm_switch.obj (.text:ti_sysbios_family_xxx_Hwi_switchAndRunFunc)
                  20024ee6    0000001c     driverlib.a : uart.obj (.text:UARTCharGetNonBlocking)
                  20024f02    0000001c                 : uart.obj (.text:UARTFlowControlSet)
                  20024f1e    00000002     --HOLE-- [fill = 0]
                  20024f20    0000001c     CDIO_CC3200_pem4.oem4 (.text:ti_sysbios_family_arm_m3_Hwi_Object__destruct__S)
                  20024f3c    00000004     --HOLE-- [fill = 0]
                  20024f40    0000001c     sysbios.aem4 : BIOS.obj (.text:ti_sysbios_family_arm_m3_Timer_stop__E)
                  20024f5c    00000004     --HOLE-- [fill = 0]
                  20024f60    0000001c                  : BIOS.obj (.text:ti_sysbios_gates_GateMutex_Instance_init__E)
                  20024f7c    0000001c     CDIO_CC3200_pem4.oem4 (.text:ti_sysbios_knl_Queue_Object__destruct__S)
                  20024f98    0000001c     sysbios.aem4 : BIOS.obj (.text:ti_sysbios_knl_Task_enter__I)
                  20024fb4    0000001c     ti.targets.arm.rtsarm.aem4 : Error.oem4 (.text:xdc_runtime_Error_raiseX__E)
                  20024fd0    0000001c                                : Memory.oem4 (.text:xdc_runtime_Memory_valloc__E)
                  20024fec    0000001c                                : SysMin.oem4 (.text:xdc_runtime_SysMin_exit__E)
                  20025008    0000001c                                : System.oem4 (.text:xdc_runtime_System_abort__E)
                  20025024    0000001a     driverlib.a : gpio.obj (.text:GPIOIntEnable)
                  2002503e    0000001a     drivers_cc32xxware.aem4 : List.oem4 (.text:List_remove)
                  20025058    0000001a     driverlib.a : pin.obj (.text:PinTypeTimer)
                  20025072    0000001a     CDIO_CC3200_pem4.oem4 (.text:ti_sysbios_family_arm_m3_Hwi_Handle__label__S)
                  2002508c    0000001a     sysbios.aem4 : m3_Hwi_asm.obj (.text:ti_sysbios_family_arm_m3_Hwi_pendSV__I)
                  200250a6    0000001a     CDIO_CC3200_pem4.oem4 (.text:ti_sysbios_gates_GateHwi_Handle__label__S)
                  200250c0    0000001a     CDIO_CC3200_pem4.oem4 (.text:ti_sysbios_gates_GateMutex_Handle__label__S)
                  200250da    0000001a     CDIO_CC3200_pem4.oem4 (.text:ti_sysbios_heaps_HeapMem_Handle__label__S)
                  200250f4    0000001a     CDIO_CC3200_pem4.oem4 (.text:ti_sysbios_knl_Swi_Handle__label__S)
                  2002510e    0000001a     CDIO_CC3200_pem4.oem4 (.text:ti_sysbios_knl_Task_Handle__label__S)
                  20025128    0000001a     CDIO_CC3200_pem4.oem4 (.text:xdc_runtime_System_aprintf__E)
                  20025142    0000001a     CDIO_CC3200_pem4.oem4 (.text:xdc_runtime_System_printf__E)
                  2002515c    00000018     CDIO_CC3200.obj (.text:InsertPenInt)
                  20025174    00000018     driverlib.a : uart.obj (.text:UARTBusy)
                  2002518c    00000018                 : uart.obj (.text:UARTFIFOLevelSet)
                  200251a4    00000018                 : uart.obj (.text:UARTIntDisable)
                  200251bc    00000018                 : uart.obj (.text:UARTIntEnable)
                  200251d4    00000018     drivers_cc32xxware.aem4 : UART.oem4 (.text:UART_Params_init)
                  200251ec    00000018     rtsv7M4_T_le_eabi.lib : args_main.obj (.text)
                  20025204    00000018                           : ll_mul_t2.obj (.text)
                  2002521c    00000018     CDIO_CC3200_pem4.oem4 (.text:ti_sysbios_BIOS_rtsUnlock__I)
                  20025234    00000018     CDIO_CC3200_pem4.oem4 (.text:ti_sysbios_family_arm_m3_Hwi_Module__startupDone__F)
                  2002524c    00000018     CDIO_CC3200_pem4.oem4 (.text:ti_sysbios_family_arm_m3_Timer_Module__startupDone__F)
                  20025264    00000004     --HOLE-- [fill = 0]
                  20025268    00000018     sysbios.aem4 : BIOS.obj (.text:ti_sysbios_gates_GateMutex_leave__E)
                  20025280    00000018                  : BIOS.obj (.text:ti_sysbios_knl_Task_sleepTimeout__I)
                  20025298    00000018     ti.targets.arm.rtsarm.aem4 : Error.oem4 (.text:xdc_runtime_Error_check__E)
                  200252b0    00000018                                : System.oem4 (.text:xdc_runtime_System_exit__E)
                  200252c8    00000018                                : Text.oem4 (.text:xdc_runtime_Text_ropeText__E)
                  200252e0    00000016     tirtosport.aem4 : ClockP_tirtos.oem4 (.text:ClockP_delete)
                  200252f6    00000016                     : HwiP_tirtos.oem4 (.text:HwiP_delete)
                  2002530c    00000016     driverlib.a : prcm.obj (.text:PRCMHIBRegRead)
                  20025322    00000016                 : prcm.obj (.text:PRCMHIBRegWrite)
                  20025338    00000016     tirtosport.aem4 : SemaphoreP_tirtos.oem4 (.text:SemaphoreP_delete)
                  2002534e    00000016     driverlib.a : uart.obj (.text:UARTCharGet)
                  20025364    00000016     drivers_cc32xxware.aem4 : UARTCC3200.oem4 (.text:startTxFifoEmptyClk)
                  2002537a    00000016     CDIO_CC3200_pem4.oem4 (.text:ti_sysbios_BIOS_exitFunc__I)
                  20025390    00000016     CDIO_CC3200.obj (.text:ti_sysbios_knl_Task_Params_init)
                  200253a6    00000014     driverlib.a : cpu.obj (.text:CPUcpsid)
                  200253ba    00000014                 : cpu.obj (.text:CPUcpsie)
                  200253ce    00000014                 : gpio.obj (.text:GPIOIntClear)
                  200253e2    00000002     --HOLE-- [fill = 0]
                  200253e4    00000014     rtsv7M4_T_le_eabi.lib : _lock.obj (.text)
                  200253f8    00000014                           : strcpy.obj (.text)
                  2002540c    00000014                           : strlen.obj (.text)
                  20025420    00000014     CDIO_CC3200_pem4.oem4 (.text:ti_sysbios_family_arm_m3_Hwi_Object__get__S)
                  20025434    00000004     --HOLE-- [fill = 0]
                  20025438    00000014     sysbios.aem4 : BIOS.obj (.text:ti_sysbios_family_arm_m3_Hwi_switchFromBootStack__E)
                  2002544c    00000014     CDIO_CC3200_pem4.oem4 (.text:ti_sysbios_heaps_HeapMem_Object__get__S)
                  20025460    00000014     sysbios.aem4 : BIOS.obj (.text:ti_sysbios_knl_Clock_tickReconfig__E)
                  20025474    00000014     CDIO_CC3200_pem4.oem4 (.text:ti_sysbios_knl_Swi_Object__get__S)
                  20025488    00000012     tirtosport.aem4 : ClockP_tirtos.oem4 (.text:ClockP_start)
                  2002549a    00000012     drivers_cc32xxware.aem4 : RingBuf.oem4 (.text:RingBuf_construct)
                  200254ac    00000012     tirtosport.aem4 : SemaphoreP_tirtos.oem4 (.text:SemaphoreP_pend)
                  200254be    00000012     driverlib.a : uart.obj (.text:UARTIntClear)
                  200254d0    00000012                 : uart.obj (.text:UARTRxErrorGet)
                  200254e2    00000006     rtsv7M4_T_le_eabi.lib : copy_decompress_rle.obj (.text:decompress:rle24)
                  200254e8    00000012     sysbios.aem4 : BIOS.obj (.text:ti_sysbios_hal_Hwi_Module_startup__E)
                  200254fa    00000012     CDIO_CC3200_pem4.oem4 (.text:xdc_runtime_Startup_exec__I)
                  2002550c    00000010     CC3200_LAUNCHXL.obj (.text:CC3200_LAUNCHXL_initGeneral)
                  2002551c    00000010     drivers_cc32xxware.aem4 : PWM.oem4 (.text:PWM_Params_init)
                  2002552c    00000010     driverlib.a : uart.obj (.text:UARTRxErrorClear)
                  2002553c    00000010     drivers_cc32xxware.aem4 : UARTCC3200.oem4 (.text:readBlockingTimeout)
                  2002554c    00000004     --HOLE-- [fill = 0]
                  20025550    00000010     sysbios.aem4 : BIOS.obj (.text:ti_sysbios_BIOS_getCpuFreq__E)
                  20025560    00000010                  : BIOS.obj (.text:ti_sysbios_BIOS_setThreadType__E)
                  20025570    00000010                  : BIOS.obj (.text:ti_sysbios_BIOS_start__E)
                  20025580    00000010                  : m3_TaskSupport_asm.obj (.text:ti_sysbios_family_arm_m3_TaskSupport_glue)
                  20025590    00000010                  : m3_TaskSupport_asm.obj (.text:ti_sysbios_family_arm_m3_TaskSupport_swap__E)
                  200255a0    00000010                  : BIOS.obj (.text:ti_sysbios_gates_GateMutex_Instance_finalize__E)
                  200255b0    00000010                  : BIOS.obj (.text:ti_sysbios_knl_Semaphore_Instance_finalize__E)
                  200255c0    00000010                  : BIOS.obj (.text:ti_sysbios_knl_Swi_disable__E)
                  200255d0    00000010     CDIO_CC3200_pem4.oem4 (.text:ti_sysbios_knl_Task_Object__get__S)
                  200255e0    00000010     sysbios.aem4 : BIOS.obj (.text:ti_sysbios_knl_Task_disable__E)
                  200255f0    00000010     ti.targets.arm.rtsarm.aem4 : Gate.oem4 (.text:xdc_runtime_Gate_leaveSystem__E)
                  20025600    00000010                                : Memory.oem4 (.text:xdc_runtime_Memory_free__E)
                  20025610    00000010                                : SysMin.oem4 (.text:xdc_runtime_SysMin_ready__E)
                  20025620    00000010                                : System.oem4 (.text:xdc_runtime_System_vsnprintf__E)
                  20025630    00000010     CDIO_CC3200_pem4.oem4 (.text:xdc_runtime_Text_visitRope__I)
                  20025640    0000000e     tirtosport.aem4 : HwiP_tirtos.oem4 (.text:HwiP_Params_init)
                  2002564e    0000000e     rtsv7M4_T_le_eabi.lib : copy_decompress_none.obj (.text:decompress:none)
                  2002565c    00000004     --HOLE-- [fill = 0]
                  20025660    0000000e     sysbios.aem4 : BIOS.obj (.text:ti_sysbios_knl_Idle_loop__E)
                  2002566e    00000002     --HOLE-- [fill = 0]
                  20025670    0000000e                  : BIOS.obj (.text:ti_sysbios_knl_Queue_empty__E)
                  2002567e    0000000c     driverlib.a : cpu.obj (.text:CPUwfi)
                  2002568a    00000002     --HOLE-- [fill = 0]
                  2002568c    0000000c     tirtosport.aem4 : ClockP_tirtos.oem4 (.text:ClockP_getSystemTickPeriod)
                  20025698    0000000c     drivers_cc32xxware.aem4 : PowerCC3200.oem4 (.text:Power_getConstraintMask)
                  200256a4    0000000c                             : PowerCC3200.oem4 (.text:Power_getDependencyCount)
                  200256b0    0000000c                             : RingBuf.oem4 (.text:RingBuf_peek)
                  200256bc    0000000c                             : UARTCC3200.oem4 (.text:UARTCC3200_init)
                  200256c8    0000000c                             : UARTCC3200.oem4 (.text:postNotifyFxn)
                  200256d4    0000000c     CDIO_CC3200_pem4.oem4 (.text:ti_sysbios_family_arm_m3_Hwi_Params__init__S)
                  200256e0    0000000c     sysbios.aem4 : BIOS.obj (.text:ti_sysbios_family_arm_m3_Hwi_disableFxn__E)
                  200256ec    00000004     --HOLE-- [fill = 0]
                  200256f0    0000000c                  : BIOS.obj (.text:ti_sysbios_family_arm_m3_TaskSupport_checkStack__E)
                  200256fc    00000004     --HOLE-- [fill = 0]
                  20025700    0000000c                  : BIOS.obj (.text:ti_sysbios_family_arm_m3_TaskSupport_getStackAlignment__E)
                  2002570c    00000004     --HOLE-- [fill = 0]
                  20025710    0000000c                  : BIOS.obj (.text:ti_sysbios_gates_GateHwi_enter__E)
                  2002571c    0000000c     CDIO_CC3200_pem4.oem4 (.text:ti_sysbios_knl_Clock_Params__init__S)
                  20025728    0000000c     sysbios.aem4 : BIOS.obj (.text:ti_sysbios_knl_Clock_getTicks__E)
                  20025734    00000004     --HOLE-- [fill = 0]
                  20025738    0000000c                  : BIOS.obj (.text:ti_sysbios_knl_Clock_setTicks__E)
                  20025744    00000004     --HOLE-- [fill = 0]
                  20025748    0000000c                  : BIOS.obj (.text:ti_sysbios_knl_Clock_tickStart__E)
                  20025754    00000004     --HOLE-- [fill = 0]
                  20025758    0000000c                  : BIOS.obj (.text:ti_sysbios_knl_Clock_tickStop__E)
                  20025764    0000000c     CDIO_CC3200_pem4.oem4 (.text:ti_sysbios_knl_Queue_Object__get__S)
                  20025770    0000000c     CDIO_CC3200_pem4.oem4 (.text:ti_sysbios_knl_Semaphore_Params__init__S)
                  2002577c    0000000c     CDIO_CC3200_pem4.oem4 (.text:ti_sysbios_knl_Task_Params__init__S)
                  20025788    0000000c     ti.targets.arm.rtsarm.aem4 : Error.oem4 (.text:xdc_runtime_Error_init__E)
                  20025794    0000000c                                : Gate.oem4 (.text:xdc_runtime_Gate_enterSystem__E)
                  200257a0    0000000c                                : Memory.oem4 (.text:xdc_runtime_Memory_calloc__E)
                  200257ac    0000000c                                : Memory.oem4 (.text:xdc_runtime_Memory_getMaxDefaultTypeAlign__E)
                  200257b8    0000000a     tirtosport.aem4 : ClockP_tirtos.oem4 (.text:ClockP_stop)
                  200257c2    0000000a     drivers_cc32xxware.aem4 : List.oem4 (.text:List_empty)
                  200257cc    0000000a                             : PWMTimerCC3200.oem4 (.text:PWMTimerCC3200_getPeriodCounts)
                  200257d6    0000000a                             : PWM.oem4 (.text:PWM_setDuty)
                  200257e0    0000000a     tirtosport.aem4 : SemaphoreP_tirtos.oem4 (.text:SemaphoreP_post)
                  200257ea    0000000a     drivers_cc32xxware.aem4 : UART.oem4 (.text:UART_read)
                  200257f4    0000000a                             : UART.oem4 (.text:UART_write)
                  200257fe    0000000a     CDIO_CC3200_pem4.oem4 (.text:xdc_runtime_IHeap_alloc)
                  20025808    0000000a     CDIO_CC3200_pem4.oem4 (.text:xdc_runtime_IHeap_free)
                  20025812    00000008     CC3200_LAUNCHXL.obj (.text:CC3200_LAUNCHXL_initGPIO)
                  2002581a    00000008     CC3200_LAUNCHXL.obj (.text:CC3200_LAUNCHXL_initPWM)
                  20025822    00000008     CC3200_LAUNCHXL.obj (.text:CC3200_LAUNCHXL_initUART)
                  2002582a    00000008     tirtosport.aem4 : ClockP_tirtos.oem4 (.text:ClockP_Params_init)
                  20025832    00000008     driverlib.a : prcm.obj (.text:PRCMSleepEnter)
                  2002583a    00000008     drivers_cc32xxware.aem4 : PWMTimerCC3200.oem4 (.text:PWMTimerCC3200_init)
                  20025842    00000008     tirtosport.aem4 : SemaphoreP_tirtos.oem4 (.text:SemaphoreP_Params_init)
                  2002584a    00000008     drivers_cc32xxware.aem4 : UARTCC3200.oem4 (.text:readSemCallback)
                  20025852    00000006     ti.targets.arm.rtsarm.aem4 : System.oem4 (.text:xdc_runtime_System_Module_startup__E)
                  20025858    00000008     sysbios.aem4 : BIOS.obj (.text:ti_sysbios_family_arm_m3_Hwi_doSwiRestore__I)
                  20025860    00000008                  : BIOS.obj (.text:ti_sysbios_family_arm_m3_Hwi_startup__E)
                  20025868    00000008     drivers_cc32xxware.aem4 : UARTCC3200.oem4 (.text:writeSemCallback)
                  20025870    00000006     sysbios.aem4 : BIOS.obj (.text:ti_sysbios_family_arm_m3_Hwi_restoreFxn__E)
                  20025876    00000002     --HOLE-- [fill = 0]
                  20025878    00000006                  : BIOS.obj (.text:ti_sysbios_gates_GateHwi_leave__E)
                  2002587e    00000002     --HOLE-- [fill = 0]
                  20025880    00000006                  : BIOS.obj (.text:ti_sysbios_heaps_HeapMem_isBlocking__E)
                  20025886    00000002     --HOLE-- [fill = 0]
                  20025888    00000006                  : BIOS.obj (.text:ti_sysbios_knl_Clock_stop__E)
                  2002588e    00000002     --HOLE-- [fill = 0]
                  20025890    00000006                  : BIOS.obj (.text:ti_sysbios_knl_Queue_Instance_init__E)
                  20025896    00000002     --HOLE-- [fill = 0]
                  20025898    00000004                  : BIOS.obj (.text:ti_sysbios_family_arm_m3_Timer_getMaxTicks__E)
                  2002589c    00000004     --HOLE-- [fill = 0]
                  200258a0    00000004                  : BIOS.obj (.text:ti_sysbios_gates_GateHwi_query__E)
                  200258a4    00000004     --HOLE-- [fill = 0]
                  200258a8    00000004                  : BIOS.obj (.text:ti_sysbios_gates_GateMutex_query__E)
                  200258ac    00000004     --HOLE-- [fill = 0]
                  200258b0    00000004                  : BIOS.obj (.text:ti_sysbios_knl_Clock_setTimeout__E)
                  200258b4    00000004     --HOLE-- [fill = 0]
                  200258b8    00000004                  : BIOS.obj (.text:ti_sysbios_knl_Task_startup__E)
                  200258bc    00000004     --HOLE-- [fill = 0]
                  200258c0    00000002                  : BIOS.obj (.text:ti_sysbios_gates_GateHwi_Instance_init__E)
                  200258c2    00000006     --HOLE-- [fill = 0]
                  200258c8    00000002                  : BIOS.obj (.text:ti_sysbios_knl_Clock_logTick__E)

.const     0    200258cc    0000212d     
                  200258cc    00001771     CDIO_CC3200_pem4.oem4 (.const:xdc_runtime_Text_charTab__A)
                  2002703d    00000001     CDIO_CC3200_pem4.oem4 (.const:ti_sysbios_knl_Clock_tickMode__C)
                  2002703e    00000002     CDIO_CC3200_pem4.oem4 (.const:ti_sysbios_family_arm_m3_Hwi_Module__id__C)
                  20027040    00000100     driverlib.a : pin.obj (.const:g_ulPinToPadMap)
                  20027140    000000a8                 : prcm.obj (.const:PRCM_PeriphRegsList)
                  200271e8    000000a0     CDIO_CC3200_pem4.oem4 (.const:xdc_runtime_Text_nodeTab__A)
                  20027288    00000080     driverlib.a : interrupt.obj (.const)
                  20027308    0000004c     drivers_cc32xxware.aem4 : UARTCC3200.oem4 (.const)
                  20027354    00000048     CDIO_CC3200_pem4.oem4 (.const:.string)
                  2002739c    0000003c     CDIO_CC3200_pem4.oem4 (.const:ti_sysbios_knl_Task_Object__PARAMS__C)
                  200273d8    00000034     drivers_cc32xxware.aem4 : GPIOCC3200.oem4 (.const)
                  2002740c    00000030     CDIO_CC3200_pem4.oem4 (.const:ti_sysbios_family_arm_m3_Hwi_Object__PARAMS__C)
                  2002743c    00000030     CC3200_LAUNCHXL.obj (.const:uartCC3200HWAttrs)
                  2002746c    0000002a     drivers_cc32xxware.aem4 : GPIOCC3200.oem4 (.const:.string)
                  20027496    00000002     CDIO_CC3200_pem4.oem4 (.const:ti_sysbios_family_arm_m3_Timer_Module__id__C)
                  20027498    00000028     CC3200_LAUNCHXL.obj (.const:PowerCC3200_config)
                  200274c0    00000028     drivers_cc32xxware.aem4 : UARTCC3200.oem4 (.const:UARTCC3200_fxnTable)
                  200274e8    00000028     CDIO_CC3200_pem4.oem4 (.const:ti_sysbios_heaps_HeapMem_Module__FXNS__C)
                  20027510    00000024     CC3200_LAUNCHXL.obj (.const:PWM_config)
                  20027534    00000024     CC3200_LAUNCHXL.obj (.const:UART_config)
                  20027558    00000024     drivers_cc32xxware.aem4 : UART.oem4 (.const:UART_defaultParams)
                  2002757c    00000024     CDIO_CC3200_pem4.oem4 (.const:ti_sysbios_gates_GateHwi_Module__FXNS__C)
                  200275a0    00000024     CDIO_CC3200_pem4.oem4 (.const:ti_sysbios_gates_GateMutex_Module__FXNS__C)
                  200275c4    00000024     CDIO_CC3200_pem4.oem4 (.const:ti_sysbios_heaps_HeapMem_Object__PARAMS__C)
                  200275e8    00000024     CDIO_CC3200_pem4.oem4 (.const:ti_sysbios_knl_Clock_Object__PARAMS__C)
                  2002760c    00000024     CDIO_CC3200_pem4.oem4 (.const:ti_sysbios_knl_Semaphore_Object__PARAMS__C)
                  20027630    00000020     drivers_cc32xxware.aem4 : PWMTimerCC3200.oem4 (.const)
                  20027650    00000020     CDIO_CC3200_pem4.oem4 (.const:ti_sysbios_family_arm_m3_Hwi_Object__DESC__C)
                  20027670    00000020     CDIO_CC3200_pem4.oem4 (.const:ti_sysbios_gates_GateHwi_Object__DESC__C)
                  20027690    00000020     CDIO_CC3200_pem4.oem4 (.const:ti_sysbios_gates_GateMutex_Object__DESC__C)
                  200276b0    00000020     CDIO_CC3200_pem4.oem4 (.const:ti_sysbios_heaps_HeapMem_Object__DESC__C)
                  200276d0    00000020     CDIO_CC3200_pem4.oem4 (.const:ti_sysbios_knl_Clock_Object__DESC__C)
                  200276f0    00000020     CDIO_CC3200_pem4.oem4 (.const:ti_sysbios_knl_Queue_Object__DESC__C)
                  20027710    00000020     CDIO_CC3200_pem4.oem4 (.const:ti_sysbios_knl_Semaphore_Object__DESC__C)
                  20027730    00000020     CDIO_CC3200_pem4.oem4 (.const:ti_sysbios_knl_Task_Object__DESC__C)
                  20027750    00000020     CDIO_CC3200_pem4.oem4 (.const:xdc_runtime_Startup_sfxnTab__A)
                  20027770    00000018     CDIO_CC3200_pem4.oem4 (.const:ti_sysbios_gates_GateHwi_Object__PARAMS__C)
                  20027788    00000018     CDIO_CC3200_pem4.oem4 (.const:ti_sysbios_gates_GateMutex_Object__PARAMS__C)
                  200277a0    00000018     CDIO_CC3200_pem4.oem4 (.const:ti_sysbios_knl_Queue_Object__PARAMS__C)
                  200277b8    00000014     CC3200_LAUNCHXL.obj (.const:GPIOCC3200_config)
                  200277cc    00000010     CC3200_LAUNCHXL.obj (.const:pwmTimerCC3200HWAttrs)
                  200277dc    00000010     CDIO_CC3200_pem4.oem4 (.const:xdc_runtime_Startup_sfxnRts__A)
                  200277ec    0000000d     CDIO_CC3200.obj (.const:.string:$P$T0$1)
                  200277f9    00000001     CDIO_CC3200_pem4.oem4 (.const:ti_sysbios_knl_Clock_tickSource__C)
                  200277fa    00000002     CDIO_CC3200_pem4.oem4 (.const:ti_sysbios_gates_GateMutex_Module__id__C)
                  200277fc    0000000c     drivers_cc32xxware.aem4 : PWM.oem4 (.const)
                  20027808    0000000c     CDIO_CC3200_pem4.oem4 (.const:xdc_runtime_Startup_firstFxns__A)
                  20027814    00000008     CDIO_CC3200_pem4.oem4 (.const:ti_sysbios_family_arm_m3_Hwi_excHookFuncs__A)
                  2002781c    00000008     CDIO_CC3200_pem4.oem4 (.const:ti_sysbios_knl_Idle_funcList__A)
                  20027824    00000008     CDIO_CC3200_pem4.oem4 (.const:ti_sysbios_knl_Idle_funcList__C)
                  2002782c    00000008     CDIO_CC3200_pem4.oem4 (.const:xdc_runtime_Startup_firstFxns__C)
                  20027834    00000008     CDIO_CC3200_pem4.oem4 (.const:xdc_runtime_Startup_lastFxns__C)
                  2002783c    00000004     CDIO_CC3200_pem4.oem4 (.const:ti_sysbios_family_arm_m3_Hwi_E_NMI__C)
                  20027840    00000004     CDIO_CC3200_pem4.oem4 (.const:ti_sysbios_family_arm_m3_Hwi_E_alreadyDefined__C)
                  20027844    00000004     CDIO_CC3200_pem4.oem4 (.const:ti_sysbios_family_arm_m3_Hwi_E_busFault__C)
                  20027848    00000004     CDIO_CC3200_pem4.oem4 (.const:ti_sysbios_family_arm_m3_Hwi_E_debugMon__C)
                  2002784c    00000004     CDIO_CC3200_pem4.oem4 (.const:ti_sysbios_family_arm_m3_Hwi_E_hardFault__C)
                  20027850    00000004     CDIO_CC3200_pem4.oem4 (.const:ti_sysbios_family_arm_m3_Hwi_E_memFault__C)
                  20027854    00000004     CDIO_CC3200_pem4.oem4 (.const:ti_sysbios_family_arm_m3_Hwi_E_noIsr__C)
                  20027858    00000004     CDIO_CC3200_pem4.oem4 (.const:ti_sysbios_family_arm_m3_Hwi_E_reserved__C)
                  2002785c    00000004     CDIO_CC3200_pem4.oem4 (.const:ti_sysbios_family_arm_m3_Hwi_E_svCall__C)
                  20027860    00000004     CDIO_CC3200_pem4.oem4 (.const:ti_sysbios_family_arm_m3_Hwi_E_usageFault__C)
                  20027864    00000004     CDIO_CC3200_pem4.oem4 (.const:ti_sysbios_family_arm_m3_Hwi_NUM_INTERRUPTS__C)
                  20027868    00000004     CDIO_CC3200_pem4.oem4 (.const:ti_sysbios_family_arm_m3_Hwi_Object__count__C)
                  2002786c    00000004     CDIO_CC3200_pem4.oem4 (.const:ti_sysbios_family_arm_m3_Hwi_ccr__C)
                  20027870    00000004     CDIO_CC3200_pem4.oem4 (.const:ti_sysbios_family_arm_m3_Hwi_excHandlerFunc__C)
                  20027874    00000004     CDIO_CC3200_pem4.oem4 (.const:ti_sysbios_family_arm_m3_Hwi_excHookFuncs__C)
                  20027878    00000004     CDIO_CC3200_pem4.oem4 (.const:ti_sysbios_family_arm_m3_Hwi_nullIsrFunc__C)
                  2002787c    00000004     CDIO_CC3200_pem4.oem4 (.const:ti_sysbios_family_arm_m3_Hwi_priGroup__C)
                  20027880    00000004     CDIO_CC3200_pem4.oem4 (.const:ti_sysbios_family_arm_m3_TaskSupport_stackAlignment__C)
                  20027884    00000004     CDIO_CC3200_pem4.oem4 (.const:ti_sysbios_family_arm_m3_Timer_E_cannotSupport__C)
                  20027888    00000004     CDIO_CC3200_pem4.oem4 (.const:ti_sysbios_family_arm_m3_Timer_startupNeeded__C)
                  2002788c    00000004     CDIO_CC3200_pem4.oem4 (.const:ti_sysbios_gates_GateMutex_A_badContext__C)
                  20027890    00000004     CDIO_CC3200_pem4.oem4 (.const:ti_sysbios_gates_GateMutex_Instance_State_sem__O)
                  20027894    00000004     CDIO_CC3200_pem4.oem4 (.const:ti_sysbios_gates_GateMutex_Module__diagsEnabled__C)
                  20027898    00000004     CDIO_CC3200_pem4.oem4 (.const:ti_sysbios_gates_GateMutex_Module__diagsIncluded__C)
                  2002789c    00000004     CDIO_CC3200_pem4.oem4 (.const:ti_sysbios_gates_GateMutex_Module__diagsMask__C)
                  200278a0    00000004     CDIO_CC3200_pem4.oem4 (.const:ti_sysbios_hal_Hwi_E_stackOverflow__C)
                  200278a4    00000004     CDIO_CC3200_pem4.oem4 (.const:ti_sysbios_heaps_HeapMem_A_align__C)
                  200278a8    00000004     CDIO_CC3200_pem4.oem4 (.const:ti_sysbios_heaps_HeapMem_A_heapSize__C)
                  200278ac    00000004     CDIO_CC3200_pem4.oem4 (.const:ti_sysbios_heaps_HeapMem_A_invalidFree__C)
                  200278b0    00000004     CDIO_CC3200_pem4.oem4 (.const:ti_sysbios_heaps_HeapMem_A_zeroBlock__C)
                  200278b4    00000004     CDIO_CC3200_pem4.oem4 (.const:ti_sysbios_heaps_HeapMem_E_memory__C)
                  200278b8    00000004     CDIO_CC3200_pem4.oem4 (.const:ti_sysbios_heaps_HeapMem_Module__diagsEnabled__C)
                  200278bc    00000004     CDIO_CC3200_pem4.oem4 (.const:ti_sysbios_heaps_HeapMem_Module__diagsIncluded__C)
                  200278c0    00000004     CDIO_CC3200_pem4.oem4 (.const:ti_sysbios_heaps_HeapMem_Module__diagsMask__C)
                  200278c4    00000004     CDIO_CC3200_pem4.oem4 (.const:ti_sysbios_heaps_HeapMem_Module__gateObj__C)
                  200278c8    00000004     CDIO_CC3200_pem4.oem4 (.const:ti_sysbios_heaps_HeapMem_Object__count__C)
                  200278cc    00000004     CDIO_CC3200_pem4.oem4 (.const:ti_sysbios_heaps_HeapMem_reqAlign__C)
                  200278d0    00000004     CDIO_CC3200_pem4.oem4 (.const:ti_sysbios_knl_Clock_A_badThreadType__C)
                  200278d4    00000004     CDIO_CC3200_pem4.oem4 (.const:ti_sysbios_knl_Clock_Module_State_clockQ__O)
                  200278d8    00000004     CDIO_CC3200_pem4.oem4 (.const:ti_sysbios_knl_Clock_Module__diagsEnabled__C)
                  200278dc    00000004     CDIO_CC3200_pem4.oem4 (.const:ti_sysbios_knl_Clock_Module__diagsIncluded__C)
                  200278e0    00000004     CDIO_CC3200_pem4.oem4 (.const:ti_sysbios_knl_Clock_Module__diagsMask__C)
                  200278e4    00000004     CDIO_CC3200_pem4.oem4 (.const:ti_sysbios_knl_Clock_tickPeriod__C)
                  200278e8    00000004     CDIO_CC3200_pem4.oem4 (.const:ti_sysbios_knl_Semaphore_A_badContext__C)
                  200278ec    00000004     CDIO_CC3200_pem4.oem4 (.const:ti_sysbios_knl_Semaphore_A_noEvents__C)
                  200278f0    00000004     CDIO_CC3200_pem4.oem4 (.const:ti_sysbios_knl_Semaphore_A_overflow__C)
                  200278f4    00000004     CDIO_CC3200_pem4.oem4 (.const:ti_sysbios_knl_Semaphore_A_pendTaskDisabled__C)
                  200278f8    00000004     CDIO_CC3200_pem4.oem4 (.const:ti_sysbios_knl_Semaphore_Instance_State_pendQ__O)
                  200278fc    00000004     CDIO_CC3200_pem4.oem4 (.const:ti_sysbios_knl_Semaphore_Module__diagsEnabled__C)
                  20027900    00000004     CDIO_CC3200_pem4.oem4 (.const:ti_sysbios_knl_Semaphore_Module__diagsIncluded__C)
                  20027904    00000004     CDIO_CC3200_pem4.oem4 (.const:ti_sysbios_knl_Semaphore_Module__diagsMask__C)
                  20027908    00000004     CDIO_CC3200_pem4.oem4 (.const:ti_sysbios_knl_Swi_Object__count__C)
                  2002790c    00000004     CDIO_CC3200_pem4.oem4 (.const:ti_sysbios_knl_Task_A_badPriority__C)
                  20027910    00000004     CDIO_CC3200_pem4.oem4 (.const:ti_sysbios_knl_Task_A_badTaskState__C)
                  20027914    00000004     CDIO_CC3200_pem4.oem4 (.const:ti_sysbios_knl_Task_A_badThreadType__C)
                  20027918    00000004     CDIO_CC3200_pem4.oem4 (.const:ti_sysbios_knl_Task_A_badTimeout__C)
                  2002791c    00000004     CDIO_CC3200_pem4.oem4 (.const:ti_sysbios_knl_Task_A_noPendElem__C)
                  20027920    00000004     CDIO_CC3200_pem4.oem4 (.const:ti_sysbios_knl_Task_A_sleepTaskDisabled__C)
                  20027924    00000004     CDIO_CC3200_pem4.oem4 (.const:ti_sysbios_knl_Task_E_spOutOfBounds__C)
                  20027928    00000004     CDIO_CC3200_pem4.oem4 (.const:ti_sysbios_knl_Task_E_stackOverflow__C)
                  2002792c    00000004     CDIO_CC3200_pem4.oem4 (.const:ti_sysbios_knl_Task_Module_State_inactiveQ__O)
                  20027930    00000004     CDIO_CC3200_pem4.oem4 (.const:ti_sysbios_knl_Task_Module__diagsEnabled__C)
                  20027934    00000004     CDIO_CC3200_pem4.oem4 (.const:ti_sysbios_knl_Task_Module__diagsIncluded__C)
                  20027938    00000004     CDIO_CC3200_pem4.oem4 (.const:ti_sysbios_knl_Task_Module__diagsMask__C)
                  2002793c    00000004     CDIO_CC3200_pem4.oem4 (.const:ti_sysbios_knl_Task_Object__count__C)
                  20027940    00000004     CDIO_CC3200_pem4.oem4 (.const:ti_sysbios_knl_Task_allBlockedFunc__C)
                  20027944    00000004     CDIO_CC3200_pem4.oem4 (.const:ti_sysbios_knl_Task_defaultStackHeap__C)
                  20027948    00000004     CDIO_CC3200_pem4.oem4 (.const:ti_sysbios_knl_Task_defaultStackSize__C)
                  2002794c    00000004     CDIO_CC3200_pem4.oem4 (.const:ti_sysbios_knl_Task_numConstructedTasks__C)
                  20027950    00000004     CDIO_CC3200_pem4.oem4 (.const:xdc_runtime_Assert_E_assertFailed__C)
                  20027954    00000004     CDIO_CC3200_pem4.oem4 (.const:xdc_runtime_Core_A_initializedParams__C)
                  20027958    00000004     CDIO_CC3200_pem4.oem4 (.const:xdc_runtime_Core_Module__diagsEnabled__C)
                  2002795c    00000004     CDIO_CC3200_pem4.oem4 (.const:xdc_runtime_Core_Module__diagsIncluded__C)
                  20027960    00000004     CDIO_CC3200_pem4.oem4 (.const:xdc_runtime_Core_Module__diagsMask__C)
                  20027964    00000004     CDIO_CC3200_pem4.oem4 (.const:xdc_runtime_Error_E_memory__C)
                  20027968    00000004     CDIO_CC3200_pem4.oem4 (.const:xdc_runtime_Error_Module__diagsEnabled__C)
                  2002796c    00000004     CDIO_CC3200_pem4.oem4 (.const:xdc_runtime_Error_Module__diagsIncluded__C)
                  20027970    00000004     CDIO_CC3200_pem4.oem4 (.const:xdc_runtime_Error_Module__diagsMask__C)
                  20027974    00000004     CDIO_CC3200_pem4.oem4 (.const:xdc_runtime_Error_Module__loggerFxn8__C)
                  20027978    00000004     CDIO_CC3200_pem4.oem4 (.const:xdc_runtime_Error_Module__loggerObj__C)
                  2002797c    00000004     CDIO_CC3200_pem4.oem4 (.const:xdc_runtime_Error_policyFxn__C)
                  20027980    00000004     CDIO_CC3200_pem4.oem4 (.const:xdc_runtime_Error_raiseHook__C)
                  20027984    00000004     CDIO_CC3200_pem4.oem4 (.const:xdc_runtime_IGateProvider_Interface__BASE__C)
                  20027988    00000004     CDIO_CC3200_pem4.oem4 (.const:xdc_runtime_IHeap_Interface__BASE__C)
                  2002798c    00000004     CDIO_CC3200_pem4.oem4 (.const:xdc_runtime_IModule_Interface__BASE__C)
                  20027990    00000004     CDIO_CC3200_pem4.oem4 (.const:xdc_runtime_Log_L_error__C)
                  20027994    00000004     CDIO_CC3200_pem4.oem4 (.const:xdc_runtime_Memory_defaultHeapInstance__C)
                  20027998    00000004     CDIO_CC3200_pem4.oem4 (.const:xdc_runtime_Startup_execImpl__C)
                  2002799c    00000004     CDIO_CC3200_pem4.oem4 (.const:xdc_runtime_Startup_maxPasses__C)
                  200279a0    00000004     CDIO_CC3200_pem4.oem4 (.const:xdc_runtime_Startup_sfxnRts__C)
                  200279a4    00000004     CDIO_CC3200_pem4.oem4 (.const:xdc_runtime_Startup_sfxnTab__C)
                  200279a8    00000004     CDIO_CC3200_pem4.oem4 (.const:xdc_runtime_SysMin_bufSize__C)
                  200279ac    00000004     CDIO_CC3200_pem4.oem4 (.const:xdc_runtime_SysMin_outputFunc__C)
                  200279b0    00000004     CDIO_CC3200_pem4.oem4 (.const:xdc_runtime_System_Module__gateObj__C)
                  200279b4    00000004     CDIO_CC3200_pem4.oem4 (.const:xdc_runtime_System_abortFxn__C)
                  200279b8    00000004     CDIO_CC3200_pem4.oem4 (.const:xdc_runtime_System_exitFxn__C)
                  200279bc    00000004     CDIO_CC3200_pem4.oem4 (.const:xdc_runtime_System_extendFxn__C)
                  200279c0    00000004     CDIO_CC3200_pem4.oem4 (.const:xdc_runtime_System_maxAtexitHandlers__C)
                  200279c4    00000004     CDIO_CC3200_pem4.oem4 (.const:xdc_runtime_Text_charTab__C)
                  200279c8    00000004     CDIO_CC3200_pem4.oem4 (.const:xdc_runtime_Text_nameEmpty__C)
                  200279cc    00000004     CDIO_CC3200_pem4.oem4 (.const:xdc_runtime_Text_nameStatic__C)
                  200279d0    00000004     CDIO_CC3200_pem4.oem4 (.const:xdc_runtime_Text_nameUnknown__C)
                  200279d4    00000004     CDIO_CC3200_pem4.oem4 (.const:xdc_runtime_Text_nodeTab__C)
                  200279d8    00000004     CDIO_CC3200_pem4.oem4 (.const:xdc_runtime_Text_visitRopeFxn__C)
                  200279dc    00000002     CDIO_CC3200_pem4.oem4 (.const:ti_sysbios_hal_Hwi_Module__id__C)
                  200279de    00000002     CDIO_CC3200_pem4.oem4 (.const:ti_sysbios_heaps_HeapMem_Module__id__C)
                  200279e0    00000002     CDIO_CC3200_pem4.oem4 (.const:ti_sysbios_knl_Clock_Module__id__C)
                  200279e2    00000002     CDIO_CC3200_pem4.oem4 (.const:ti_sysbios_knl_Semaphore_Module__id__C)
                  200279e4    00000002     CDIO_CC3200_pem4.oem4 (.const:ti_sysbios_knl_Task_Module__id__C)
                  200279e6    00000002     CDIO_CC3200_pem4.oem4 (.const:xdc_runtime_Core_Module__id__C)
                  200279e8    00000002     CDIO_CC3200_pem4.oem4 (.const:xdc_runtime_Error_Module__loggerDefined__C)
                  200279ea    00000002     CDIO_CC3200_pem4.oem4 (.const:xdc_runtime_Error_maxDepth__C)
                  200279ec    00000002     CDIO_CC3200_pem4.oem4 (.const:xdc_runtime_Memory_Module__id__C)
                  200279ee    00000002     CDIO_CC3200_pem4.oem4 (.const:xdc_runtime_SysMin_flushAtExit__C)
                  200279f0    00000002     CDIO_CC3200_pem4.oem4 (.const:xdc_runtime_Text_charCnt__C)
                  200279f2    00000002     CDIO_CC3200_pem4.oem4 (.const:xdc_runtime_Text_isLoaded__C)
                  200279f4    00000002     CDIO_CC3200_pem4.oem4 (.const:xdc_runtime_Text_registryModsLastId__C)
                  200279f6    00000002     CDIO_CC3200_pem4.oem4 (.const:xdc_runtime_Text_unnamedModsLastId__C)
                  200279f8    00000001     CDIO_CC3200_pem4.oem4 (.const:xdc_runtime_Error_policy__C)

.cinit     0    20028140    00000348     
                  20028140    0000031e     (.cinit..data.load) [load image, compression = rle]
                  2002845e    00000002     --HOLE-- [fill = 0]
                  20028460    0000000d     (.cinit..bss.load) [load image, compression = rle]
                  2002846d    00000003     --HOLE-- [fill = 0]
                  20028470    00000008     (__TI_handler_table)
                  20028478    00000010     (__TI_cinit_table)

.init_array 
*          0    20004000    00000000     UNINITIALIZED

.resetVecs 
*          0    20004000    0000030c     
                  20004000    0000030c     CDIO_CC3200_pem4.oem4 (.resetVecs)

.data      0    200279fc    0000043d     UNINITIALIZED
                  200279fc    00000080     CDIO_CC3200_pem4.oem4 (.data:ti_sysbios_knl_Swi_Module_State_0_readyQ__A)
                  20027a7c    00000080     CDIO_CC3200_pem4.oem4 (.data:ti_sysbios_knl_Task_Module_State_0_readyQ__A)
                  20027afc    00000054     drivers_cc32xxware.aem4 : PowerCC3200.oem4 (.data:PowerCC3200_module)
                  20027b50    0000004c     CDIO_CC3200_pem4.oem4 (.data:ti_sysbios_knl_Task_Object__table__V)
                  20027b9c    00000044     CDIO_CC3200_pem4.oem4 (.data:ti_sysbios_knl_Task_Module__state__V)
                  20027be0    00000038     CDIO_CC3200_pem4.oem4 (.data:ti_sysbios_gates_GateMutex_Object__table__V)
                  20027c18    00000034     CDIO_CC3200_pem4.oem4 (.data:ti_sysbios_family_arm_m3_Hwi_Module__state__V)
                  20027c4c    00000030     CDIO_CC3200_pem4.oem4 (.data:ti_sysbios_family_arm_m3_Timer_Object__table__V)
                  20027c7c    00000030     CDIO_CC3200_pem4.oem4 (.data:ti_sysbios_knl_Swi_Object__table__V)
                  20027cac    0000002c     CDIO_CC3200_pem4.oem4 (.data:ti_sysbios_knl_Clock_Module__state__V)
                  20027cd8    00000024     CDIO_CC3200_pem4.oem4 (.data:ti_sysbios_BIOS_Module__state__V)
                  20027cfc    0000001c     CDIO_CC3200_pem4.oem4 (.data:ti_sysbios_knl_Swi_Module__state__V)
                  20027d18    00000018     CDIO_CC3200_pem4.oem4 (.data:ti_sysbios_family_arm_m3_Hwi_Object__table__V)
                  20027d30    00000018     CDIO_CC3200_pem4.oem4 (.data:ti_sysbios_heaps_HeapMem_Object__table__V)
                  20027d48    00000014     gpio_if.obj (.data:ulReg)
                  20027d5c    0000000c     rtsv7M4_T_le_eabi.lib : exit.obj (.data:$O1$$)
                  20027d68    0000000c     CDIO_CC3200.obj (.data)
                  20027d74    0000000c     CC3200_LAUNCHXL.obj (.data:gpioCallbackFunctions)
                  20027d80    0000000c     CC3200_LAUNCHXL.obj (.data:gpioPinConfigs)
                  20027d8c    0000000c     CDIO_CC3200_pem4.oem4 (.data:ti_sysbios_family_arm_m3_Timer_Module__state__V)
                  20027d98    0000000c     CDIO_CC3200_pem4.oem4 (.data:xdc_runtime_SysMin_Module__state__V)
                  20027da4    00000008     rtsv7M4_T_le_eabi.lib : _lock.obj (.data:$O1$$)
                  20027dac    00000008     drivers_cc32xxware.aem4 : GPIOCC3200.oem4 (.data)
                  20027db4    00000008     CDIO_CC3200_pem4.oem4 (.data:ti_sysbios_family_arm_m3_Hwi_Module__root__V)
                  20027dbc    00000008     CDIO_CC3200_pem4.oem4 (.data:ti_sysbios_gates_GateHwi_Module__root__V)
                  20027dc4    00000008     CDIO_CC3200_pem4.oem4 (.data:ti_sysbios_gates_GateMutex_Module__root__V)
                  20027dcc    00000008     CDIO_CC3200_pem4.oem4 (.data:ti_sysbios_heaps_HeapMem_Module__root__V)
                  20027dd4    00000008     CDIO_CC3200_pem4.oem4 (.data:ti_sysbios_knl_Clock_Module__root__V)
                  20027ddc    00000008     CDIO_CC3200_pem4.oem4 (.data:ti_sysbios_knl_Queue_Module__root__V)
                  20027de4    00000008     CDIO_CC3200_pem4.oem4 (.data:ti_sysbios_knl_Semaphore_Module__root__V)
                  20027dec    00000008     CDIO_CC3200_pem4.oem4 (.data:ti_sysbios_knl_Task_Module__root__V)
                  20027df4    00000008     CDIO_CC3200_pem4.oem4 (.data:xdc_runtime_Registry_Module__state__V)
                  20027dfc    00000008     CDIO_CC3200_pem4.oem4 (.data:xdc_runtime_Startup_Module__state__V)
                  20027e04    00000008     CDIO_CC3200_pem4.oem4 (.data:xdc_runtime_System_Module_State_0_atexitHandlers__A)
                  20027e0c    00000008     CDIO_CC3200_pem4.oem4 (.data:xdc_runtime_System_Module__state__V)
                  20027e14    00000004     drivers_cc32xxware.aem4 : PWM.oem4 (.data)
                  20027e18    00000004                             : UART.oem4 (.data)
                  20027e1c    00000004     rtsv7M4_T_le_eabi.lib : stkdepth_vars.obj (.data)
                  20027e20    00000004     CDIO_CC3200_pem4.oem4 (.data:ti_sysbios_family_arm_m3_Hwi_Module_State_0_excContext__A)
                  20027e24    00000004     CDIO_CC3200_pem4.oem4 (.data:ti_sysbios_family_arm_m3_Hwi_Module_State_0_excStack__A)
                  20027e28    00000004     CDIO_CC3200_pem4.oem4 (.data:ti_sysbios_gates_GateHwi_Object__table__V)
                  20027e2c    00000004     CDIO_CC3200_pem4.oem4 (.data:ti_sysbios_knl_Task_Module_State_0_idleTask__A)
                  20027e30    00000004     CDIO_CC3200_pem4.oem4 (.data:xdc_runtime_Memory_Module__state__V)
                  20027e34    00000002     CDIO_CC3200_pem4.oem4 (.data:ti_sysbios_family_arm_m3_Hwi_Module_State_0_excActive__A)
                  20027e36    00000002     CDIO_CC3200_pem4.oem4 (.data:xdc_runtime_Error_Module__state__V)
                  20027e38    00000001     power_cc3200_tirtos.aem4 : PowerCC3200_tirtos.oem4 (.data)

.stack     0    20027e3c    00000300     UNINITIALIZED
                  20027e3c    00000300     --HOLE--

.bootVecs 
*          0    00000000    00000008     DSECT
                  00000000    00000008     boot.aem4 : boot.oem4 (.bootVecs)

.vecs      0    20004000    00000000     DSECT

xdc.meta   0    00000000    000000f4     COPY SECTION
                  00000000    000000f4     CDIO_CC3200_pem4.oem4 (xdc.meta)

MODULE SUMMARY

       Module                     code    ro data   rw data
       ------                     ----    -------   -------
    .\
       CDIO_CC3200.obj            2068    13        100108 
       CC3200_LAUNCHXL.obj        40      196       384    
       rom_pin_mux_config.obj     258     0         0      
       gpio_if.obj                134     0         20     
    +--+--------------------------+-------+---------+---------+
       Total:                     2500    209       100512 
                                                           
    C:\Users\Gabriel\Documents\GitHub\APA\CDIO_CC3200\Debug\configPkg\package\cfg\
       CDIO_CC3200_pem4.oem4      1786    8222      3348   
    +--+--------------------------+-------+---------+---------+
       Total:                     1786    8222      3348   
                                                           
    C:/ti/tirex-content/tirtos_cc32xx_2_16_00_08/products/CC3200_driverlib_1.1.0/driverlib/ccs/Release/driverlib.a
       prcm.obj                   1208    168       0      
       pin.obj                    406     256       0      
       uart.obj                   524     0         0      
       gpio.obj                   296     0         0      
       timer.obj                  282     0         0      
       interrupt.obj              88      128       0      
       flash.obj                  72      0         0      
       cpu.obj                    52      0         0      
       utils.obj                  6       0         0      
    +--+--------------------------+-------+---------+---------+
       Total:                     2934    552       0      
                                                           
    C:/ti/tirex-content/tirtos_cc32xx_2_16_00_08/products/tidrivers_cc32xx_2_16_00_08/packages/ti/drivers/lib/drivers_cc32xxware.aem4
       UARTCC3200.oem4            2546    116       0      
       PowerCC3200.oem4           940     0         384    
       GPIOCC3200.oem4            960     94        60     
       PWMTimerCC3200.oem4        642     32        0      
       UART.oem4                  148     36        4      
       RingBuf.oem4               164     0         0      
       PWM.oem4                   130     12        4      
       PowerCC3200_asm.oem4       134     0         0      
       List.oem4                  82      0         0      
    +--+--------------------------+-------+---------+---------+
[...]
20025711  ti_sysbios_gates_GateHwi_enter__E                          
2002571d  ti_sysbios_knl_Clock_Params__init__S                       
20025729  ClockP_getSystemTicks                                      
20025729  ti_sysbios_knl_Clock_getTicks__E                           
20025739  ti_sysbios_knl_Clock_setTicks__E                           
20025749  ti_sysbios_knl_Clock_tickStart__E                          
20025759  ti_sysbios_knl_Clock_tickStop__E                           
20025765  ti_sysbios_knl_Queue_Object__get__S                        
20025771  ti_sysbios_knl_Semaphore_Params__init__S                   
2002577d  ti_sysbios_knl_Task_Params__init__S                        
20025789  xdc_runtime_Error_init__E                                  
20025795  xdc_runtime_Gate_enterSystem__E                            
200257a1  xdc_runtime_Memory_calloc__E                               
200257ad  xdc_runtime_Memory_getMaxDefaultTypeAlign__E               
200257b9  ClockP_stop                                                
200257b9  ClockP_stopFromISR                                         
200257c3  List_empty                                                 
200257cd  PWMTimerCC3200_getPeriodCounts                             
200257d7  PWM_setDuty                                                
200257e1  SemaphoreP_post                                            
200257e1  SemaphoreP_postFromClock                                   
200257e1  SemaphoreP_postFromISR                                     
200257eb  UART_read                                                  
200257f5  UART_write                                                 
200257ff  xdc_runtime_Memory_HeapProxy_alloc__E                      
20025809  xdc_runtime_Memory_HeapProxy_free__E                       
20025813  CC3200_LAUNCHXL_initGPIO                                   
2002581b  CC3200_LAUNCHXL_initPWM                                    
20025823  CC3200_LAUNCHXL_initUART                                   
2002582b  ClockP_Params_init                                         
20025833  PRCMSleepEnter                                             
2002583b  PWMTimerCC3200_init                                        
20025843  SemaphoreP_Params_init                                     
20025853  xdc_runtime_System_Module_startup__E                       
20025859  ti_sysbios_family_arm_m3_Hwi_doSwiRestore__I               
20025861  ti_sysbios_family_arm_m3_Hwi_startup__E                    
20025861  ti_sysbios_hal_Hwi_HwiProxy_startup__E                     
20025871  HwiP_restore                                               
20025871  ti_sysbios_family_arm_m3_Hwi_restoreFxn__E                 
20025871  ti_sysbios_hal_Hwi_HwiProxy_restore__E                     
20025879  ti_sysbios_gates_GateHwi_leave__E                          
20025881  ti_sysbios_heaps_HeapMem_isBlocking__E                     
20025889  ti_sysbios_knl_Clock_stop__E                               
20025891  ti_sysbios_knl_Queue_Instance_init__E                      
20025899  ti_sysbios_family_arm_m3_Timer_getMaxTicks__E              
200258a1  ti_sysbios_gates_GateHwi_query__E                          
200258a1  xdc_runtime_Main_Module_GateProxy_query__E                 
200258a1  xdc_runtime_System_Module_GateProxy_query__E               
200258a9  ti_sysbios_BIOS_RtsGateProxy_query__E                      
200258a9  ti_sysbios_gates_GateMutex_query__E                        
200258a9  ti_sysbios_heaps_HeapMem_Module_GateProxy_query__E         
200258b1  ti_sysbios_knl_Clock_setTimeout__E                         
200258b9  ti_sysbios_knl_Task_startup__E                             
200258c1  ti_sysbios_gates_GateHwi_Instance_init__E                  
200258c9  ti_sysbios_knl_Clock_logTick__E                            
200258cc  xdc_runtime_Text_charTab__A                                
2002703d  ti_sysbios_knl_Clock_tickMode__C                           
2002703e  ti_sysbios_family_arm_m3_Hwi_Module__id__C                 
200271e8  xdc_runtime_Text_nodeTab__A                                
2002739c  ti_sysbios_knl_Task_Object__PARAMS__C                      
200273d8  inPinTypes                                                 
200273de  outPinTypes                                                
200273e6  outPinStrengths                                            
2002740c  ti_sysbios_family_arm_m3_Hwi_Object__PARAMS__C             
2002743c  uartCC3200HWAttrs                                          
20027496  ti_sysbios_family_arm_m3_Timer_Module__id__C               
20027498  PowerCC3200_config                                         
200274c0  UARTCC3200_fxnTable                                        
200274e8  ti_sysbios_heaps_HeapMem_Module__FXNS__C                   
20027510  PWM_config                                                 
20027534  UART_config                                                
20027558  UART_defaultParams                                         
2002757c  ti_sysbios_gates_GateHwi_Module__FXNS__C                   
200275a0  ti_sysbios_gates_GateMutex_Module__FXNS__C                 
200275c4  ti_sysbios_heaps_HeapMem_Object__PARAMS__C                 
200275e8  ti_sysbios_knl_Clock_Object__PARAMS__C                     
2002760c  ti_sysbios_knl_Semaphore_Object__PARAMS__C                 
20027630  PWMTimerCC3200_fxnTable                                    
2002764c  PWMTimerCC3200_MAX_PRESCALAR_VALUE                         
2002764e  PWMTimerCC3200_MAX_MATCH_VALUE                             
20027650  ti_sysbios_family_arm_m3_Hwi_Object__DESC__C               
20027670  ti_sysbios_gates_GateHwi_Object__DESC__C                   
20027690  ti_sysbios_gates_GateMutex_Object__DESC__C                 
200276b0  ti_sysbios_heaps_HeapMem_Object__DESC__C                   
200276d0  ti_sysbios_knl_Clock_Object__DESC__C                       
200276f0  ti_sysbios_knl_Queue_Object__DESC__C                       
20027710  ti_sysbios_knl_Semaphore_Object__DESC__C                   
20027730  ti_sysbios_knl_Task_Object__DESC__C                        
20027750  xdc_runtime_Startup_sfxnTab__A                             
20027770  ti_sysbios_gates_GateHwi_Object__PARAMS__C                 
20027788  ti_sysbios_gates_GateMutex_Object__PARAMS__C               
200277a0  ti_sysbios_knl_Queue_Object__PARAMS__C                     
200277b8  GPIOCC3200_config                                          
200277cc  pwmTimerCC3200HWAttrs                                      
200277dc  xdc_runtime_Startup_sfxnRts__A                             
200277f9  ti_sysbios_knl_Clock_tickSource__C                         
200277fa  ti_sysbios_gates_GateMutex_Module__id__C                   
200277fc  PWM_defaultParams                                          
20027808  xdc_runtime_Startup_firstFxns__A                           
20027814  ti_sysbios_family_arm_m3_Hwi_excHookFuncs__A               
2002781c  ti_sysbios_knl_Idle_funcList__A                            
20027824  ti_sysbios_knl_Idle_funcList__C                            
2002782c  xdc_runtime_Startup_firstFxns__C                           
20027834  xdc_runtime_Startup_lastFxns__C                            
2002783c  ti_sysbios_family_arm_m3_Hwi_E_NMI__C                      
20027840  ti_sysbios_family_arm_m3_Hwi_E_alreadyDefined__C           
20027844  ti_sysbios_family_arm_m3_Hwi_E_busFault__C                 
20027848  ti_sysbios_family_arm_m3_Hwi_E_debugMon__C                 
2002784c  ti_sysbios_family_arm_m3_Hwi_E_hardFault__C                
20027850  ti_sysbios_family_arm_m3_Hwi_E_memFault__C                 
20027854  ti_sysbios_family_arm_m3_Hwi_E_noIsr__C                    
20027858  ti_sysbios_family_arm_m3_Hwi_E_reserved__C                 
2002785c  ti_sysbios_family_arm_m3_Hwi_E_svCall__C                   
20027860  ti_sysbios_family_arm_m3_Hwi_E_usageFault__C               
20027864  ti_sysbios_family_arm_m3_Hwi_NUM_INTERRUPTS__C             
20027868  ti_sysbios_family_arm_m3_Hwi_Object__count__C              
2002786c  ti_sysbios_family_arm_m3_Hwi_ccr__C                        
20027870  ti_sysbios_family_arm_m3_Hwi_excHandlerFunc__C             
20027874  ti_sysbios_family_arm_m3_Hwi_excHookFuncs__C               
20027878  ti_sysbios_family_arm_m3_Hwi_nullIsrFunc__C                
2002787c  ti_sysbios_family_arm_m3_Hwi_priGroup__C                   
20027880  ti_sysbios_family_arm_m3_TaskSupport_stackAlignment__C     
20027884  ti_sysbios_family_arm_m3_Timer_E_cannotSupport__C          
20027888  ti_sysbios_family_arm_m3_Timer_startupNeeded__C            
2002788c  ti_sysbios_gates_GateMutex_A_badContext__C                 
20027890  ti_sysbios_gates_GateMutex_Instance_State_sem__O           
20027894  ti_sysbios_gates_GateMutex_Module__diagsEnabled__C         
20027898  ti_sysbios_gates_GateMutex_Module__diagsIncluded__C        
2002789c  ti_sysbios_gates_GateMutex_Module__diagsMask__C            
200278a0  ti_sysbios_hal_Hwi_E_stackOverflow__C                      
200278a4  ti_sysbios_heaps_HeapMem_A_align__C                        
200278a8  ti_sysbios_heaps_HeapMem_A_heapSize__C                     
200278ac  ti_sysbios_heaps_HeapMem_A_invalidFree__C                  
200278b0  ti_sysbios_heaps_HeapMem_A_zeroBlock__C                    
200278b4  ti_sysbios_heaps_HeapMem_E_memory__C                       
200278b8  ti_sysbios_heaps_HeapMem_Module__diagsEnabled__C           
200278bc  ti_sysbios_heaps_HeapMem_Module__diagsIncluded__C          
200278c0  ti_sysbios_heaps_HeapMem_Module__diagsMask__C              
200278c4  ti_sysbios_heaps_HeapMem_Module__gateObj__C                
200278c8  ti_sysbios_heaps_HeapMem_Object__count__C                  
200278cc  ti_sysbios_heaps_HeapMem_reqAlign__C                       
200278d0  ti_sysbios_knl_Clock_A_badThreadType__C                    
200278d4  ti_sysbios_knl_Clock_Module_State_clockQ__O                
200278d8  ti_sysbios_knl_Clock_Module__diagsEnabled__C               
200278dc  ti_sysbios_knl_Clock_Module__diagsIncluded__C              
200278e0  ti_sysbios_knl_Clock_Module__diagsMask__C                  
200278e4  ti_sysbios_knl_Clock_tickPeriod__C                         
200278e8  ti_sysbios_knl_Semaphore_A_badContext__C                   
200278ec  ti_sysbios_knl_Semaphore_A_noEvents__C                     
200278f0  ti_sysbios_knl_Semaphore_A_overflow__C                     
200278f4  ti_sysbios_knl_Semaphore_A_pendTaskDisabled__C             
200278f8  ti_sysbios_knl_Semaphore_Instance_State_pendQ__O           
200278fc  ti_sysbios_knl_Semaphore_Module__diagsEnabled__C           
20027900  ti_sysbios_knl_Semaphore_Module__diagsIncluded__C          
20027904  ti_sysbios_knl_Semaphore_Module__diagsMask__C              
20027908  ti_sysbios_knl_Swi_Object__count__C                        
2002790c  ti_sysbios_knl_Task_A_badPriority__C                       
20027910  ti_sysbios_knl_Task_A_badTaskState__C                      
20027914  ti_sysbios_knl_Task_A_badThreadType__C                     
20027918  ti_sysbios_knl_Task_A_badTimeout__C                        
2002791c  ti_sysbios_knl_Task_A_noPendElem__C                        
20027920  ti_sysbios_knl_Task_A_sleepTaskDisabled__C                 
20027924  ti_sysbios_knl_Task_E_spOutOfBounds__C                     
20027928  ti_sysbios_knl_Task_E_stackOverflow__C                     
2002792c  ti_sysbios_knl_Task_Module_State_inactiveQ__O              
20027930  ti_sysbios_knl_Task_Module__diagsEnabled__C                
20027934  ti_sysbios_knl_Task_Module__diagsIncluded__C               
20027938  ti_sysbios_knl_Task_Module__diagsMask__C                   
2002793c  ti_sysbios_knl_Task_Object__count__C                       
20027940  ti_sysbios_knl_Task_allBlockedFunc__C                      
20027944  ti_sysbios_knl_Task_defaultStackHeap__C                    
20027948  ti_sysbios_knl_Task_defaultStackSize__C                    
2002794c  ti_sysbios_knl_Task_numConstructedTasks__C                 
20027950  xdc_runtime_Assert_E_assertFailed__C                       
20027954  xdc_runtime_Core_A_initializedParams__C                    
20027958  xdc_runtime_Core_Module__diagsEnabled__C                   
2002795c  xdc_runtime_Core_Module__diagsIncluded__C                  
20027960  xdc_runtime_Core_Module__diagsMask__C                      
20027964  xdc_runtime_Error_E_memory__C                              
20027968  xdc_runtime_Error_Module__diagsEnabled__C                  
2002796c  xdc_runtime_Error_Module__diagsIncluded__C                 
20027970  xdc_runtime_Error_Module__diagsMask__C                     
20027974  xdc_runtime_Error_Module__loggerFxn8__C                    
20027978  xdc_runtime_Error_Module__loggerObj__C                     
2002797c  xdc_runtime_Error_policyFxn__C                             
20027980  xdc_runtime_Error_raiseHook__C                             
20027984  xdc_runtime_IGateProvider_Interface__BASE__C               
20027988  xdc_runtime_IHeap_Interface__BASE__C                       
2002798c  xdc_runtime_IModule_Interface__BASE__C                     
20027990  xdc_runtime_Log_L_error__C                                 
20027994  xdc_runtime_Memory_defaultHeapInstance__C                  
20027998  xdc_runtime_Startup_execImpl__C                            
2002799c  xdc_runtime_Startup_maxPasses__C                           
200279a0  xdc_runtime_Startup_sfxnRts__C                             
200279a4  xdc_runtime_Startup_sfxnTab__C                             
200279a8  xdc_runtime_SysMin_bufSize__C                              
200279ac  xdc_runtime_SysMin_outputFunc__C                           
200279b0  xdc_runtime_System_Module__gateObj__C                      
200279b4  xdc_runtime_System_abortFxn__C                             
200279b8  xdc_runtime_System_exitFxn__C                              
200279bc  xdc_runtime_System_extendFxn__C                            
200279c0  xdc_runtime_System_maxAtexitHandlers__C                    
200279c4  xdc_runtime_Text_charTab__C                                
200279c8  xdc_runtime_Text_nameEmpty__C                              
200279cc  xdc_runtime_Text_nameStatic__C                             
200279d0  xdc_runtime_Text_nameUnknown__C                            
200279d4  xdc_runtime_Text_nodeTab__C                                
200279d8  xdc_runtime_Text_visitRopeFxn__C                           
200279dc  ti_sysbios_hal_Hwi_Module__id__C                           
200279de  ti_sysbios_heaps_HeapMem_Module__id__C                     
200279e0  ti_sysbios_knl_Clock_Module__id__C                         
200279e2  ti_sysbios_knl_Semaphore_Module__id__C                     
200279e4  ti_sysbios_knl_Task_Module__id__C                          
200279e6  xdc_runtime_Core_Module__id__C                             
200279e8  xdc_runtime_Error_Module__loggerDefined__C                 
200279ea  xdc_runtime_Error_maxDepth__C                              
200279ec  xdc_runtime_Memory_Module__id__C                           
200279ee  xdc_runtime_SysMin_flushAtExit__C                          
200279f0  xdc_runtime_Text_charCnt__C                                
200279f2  xdc_runtime_Text_isLoaded__C                               
200279f4  xdc_runtime_Text_registryModsLastId__C                     
200279f6  xdc_runtime_Text_unnamedModsLastId__C                      
200279f8  xdc_runtime_Error_policy__C                                
200279fc  ti_sysbios_knl_Swi_Module_State_0_readyQ__A                
20027a7c  ti_sysbios_knl_Task_Module_State_0_readyQ__A               
20027afc  PowerCC3200_module                                         
20027b50  ti_sysbios_knl_Task_Object__table__V                       
20027b9c  ti_sysbios_knl_Task_Module__state__V                       
20027be0  ti_sysbios_gates_GateMutex_Object__table__V                
20027c18  ti_sysbios_family_arm_m3_Hwi_Module__state__V              
20027c4c  ti_sysbios_family_arm_m3_Timer_Object__table__V            
20027c7c  ti_sysbios_knl_Swi_Object__table__V                        
20027cac  ti_sysbios_knl_Clock_Module__state__V                      
20027cd8  ti_sysbios_BIOS_Module__state__V                           
20027cfc  ti_sysbios_knl_Swi_Module__state__V                        
20027d18  ti_sysbios_family_arm_m3_Hwi_Object__table__V              
20027d30  ti_sysbios_heaps_HeapMem_Object__table__V                  
20027d5c  __TI_cleanup_ptr                                           
20027d60  __TI_dtors_ptr                                             
20027d64  __TI_enable_exit_profile_output                            
20027d68  originFlagX                                                
20027d6c  originFlagY                                                
20027d70  insertPen                                                  
20027d74  gpioCallbackFunctions                                      
20027d80  gpioPinConfigs                                             
20027d8c  ti_sysbios_family_arm_m3_Timer_Module__state__V            
20027d98  xdc_runtime_SysMin_Module__state__V                        
20027da4  _lock                                                      
20027da8  _unlock                                                    
20027db4  ti_sysbios_family_arm_m3_Hwi_Module__root__V               
20027dbc  ti_sysbios_gates_GateHwi_Module__root__V                   
20027dc4  ti_sysbios_gates_GateMutex_Module__root__V                 
20027dcc  ti_sysbios_heaps_HeapMem_Module__root__V                   
20027dd4  ti_sysbios_knl_Clock_Module__root__V                       
20027ddc  ti_sysbios_knl_Queue_Module__root__V                       
20027de4  ti_sysbios_knl_Semaphore_Module__root__V                   
20027dec  ti_sysbios_knl_Task_Module__root__V                        
20027df4  xdc_runtime_Registry_Module__state__V                      
20027dfc  xdc_runtime_Startup_Module__state__V                       
20027e04  xdc_runtime_System_Module_State_0_atexitHandlers__A        
20027e0c  xdc_runtime_System_Module__state__V                        
20027e1c  main_func_sp                                               
20027e20  ti_sysbios_family_arm_m3_Hwi_Module_State_0_excContext__A  
20027e24  ti_sysbios_family_arm_m3_Hwi_Module_State_0_excStack__A    
20027e28  ti_sysbios_gates_GateHwi_Object__table__V                  
20027e2c  ti_sysbios_knl_Task_Module_State_0_idleTask__A             
20027e30  xdc_runtime_Memory_Module__state__V                        
20027e34  ti_sysbios_family_arm_m3_Hwi_Module_State_0_excActive__A   
20027e36  xdc_runtime_Error_Module__state__V                         
20027e3c  __stack                                                    
2002813c  __STACK_END                                                
20028140  __TI_static_base__                                         
20028470  __TI_Handler_Table_Base                                    
20028478  __TI_CINIT_Base                                            
20028478  __TI_Handler_Table_Limit                                   
20028488  __TI_CINIT_Limit                                           
e000e000  ti_sysbios_family_arm_m3_Hwi_nvic                          
ffffffff  __TI_pprof_out_hndl                                        
ffffffff  __TI_prof_data_size                                        
ffffffff  __TI_prof_data_start                                       
ffffffff  __binit__                                                  
ffffffff  __c_args__                                                 
ffffffff  binit                                                      
UNDEFED   SHT$$INIT_ARRAY$$Base                                      
UNDEFED   SHT$$INIT_ARRAY$$Limit                                     

[725 symbols]
