******************************************************************************
                  TI ARM Linker PC v15.12.3                    
******************************************************************************
>> Linked Sat Dec 17 15:28:10 2016

OUTPUT FILE NAME:   <CDIO_CC3200.out>
ENTRY POINT SYMBOL: "_c_int00"  address: 20010805


MEMORY CONFIGURATION

         name            origin    length      used     unused   attr    fill
----------------------  --------  ---------  --------  --------  ----  --------
  SRAM                  20004000   0003c000  0001c2f4  0001fd0c  RW X


SEGMENT ALLOCATION MAP

run origin  load origin   length   init length attrs members
----------  ----------- ---------- ----------- ----- -------
20004000    20004000    0000f642   0000f642    r-x
  20004000    20004000    0000030c   0000030c    r-- .resetVecs
  20004310    20004310    0000f332   0000f332    r-x .text
20013800    20013800    000099fd   00000000    rw-
  20013800    20013800    000099fd   00000000    rw- .bss
2001d200    2001d200    00002778   00002778    r--
  2001d200    2001d200    00002778   00002778    r-- .const
2001f978    2001f978    000007d8   00000000    rw-
  2001f978    2001f978    000004d5   00000000    rw- .data
  2001fe50    2001fe50    00000300   00000000    rw- .stack
20020150    20020150    0000036c   0000036c    r--
  20020150    20020150    0000036c   0000036c    r-- .cinit


SECTION ALLOCATION MAP

 output                                  attributes/
section   page    origin      length       input sections
--------  ----  ----------  ----------   ----------------
.text      0    20004310    0000f332     
                  20004310    000010fc     rtsv7M4_T_le_eabi.lib : _printfi.obj (.text)
                  2000540c    00000fc4     webclient.a : httpcli.obj (.text)
                  200063d0    00000430     sysbios.aem4 : BIOS.obj (.text:ti_sysbios_family_arm_m3_Hwi_excDumpRegs__I)
                  20006800    0000040c     simplelink_func.obj (.text:fetchAndParseData)
                  20006c0c    000003b0     simplelink_func.obj (.text:ConfigureSimpleLinkToDefaultState)
                  20006fbc    0000039a     cc3x00_host_driver.aem4 : driver.oem4 (.text:_SlDrvMsgRead)
                  20007356    00000002     drivers_cc32xxware.aem4 : SPICC3200DMA.oem4 (.text:SPICC3200DMA_serviceISR)
                  20007358    0000034c     ti.targets.arm.rtsarm.aem4 : System.oem4 (.text:xdc_runtime_System_doPrint__I)
                  200076a4    00000324     rtsv7M4_T_le_eabi.lib : trgdrv.obj (.text)
                  200079c8    000002ea     webclient.a : ssock.obj (.text)
                  20007cb2    00000006     drivers_cc32xxware.aem4 : PWMTimerCC3200.oem4 (.text:PWMTimerCC3200_getPeriodMicroSecs)
                  20007cb8    000002c0     sysbios.aem4 : BIOS.obj (.text:ti_sysbios_knl_Semaphore_pend__E)
                  20007f78    000002ac     CDIO_CC3200.obj (.text:moveTask)
                  20008224    00000004     tirtosport.aem4 : ClockP_tirtos.oem4 (.text:ClockP_getCpuFreq)
                  20008228    00000254     sysbios.aem4 : BIOS.obj (.text:ti_sysbios_heaps_HeapMem_free__E)
                  2000847c    00000004     tirtosport.aem4 : HwiP_tirtos.oem4 (.text:HwiP_clearInterrupt)
                  20008480    00000248     sysbios.aem4 : BIOS.obj (.text:ti_sysbios_heaps_HeapMem_alloc__E)
                  200086c8    0000022c                  : BIOS.obj (.text:ti_sysbios_knl_Task_Instance_finalize__E)
                  200088f4    00000208     drivers_cc32xxware.aem4 : UARTCC3200.oem4 (.text:UARTCC3200_open)
                  20008afc    00000004     tirtosport.aem4 : HwiP_tirtos.oem4 (.text:HwiP_disable)
                  20008b00    000001fc     sysbios.aem4 : BIOS.obj (.text:ti_sysbios_family_arm_m3_Hwi_excHandlerMax__I)
                  20008cfc    000001f4     rtsv7M4_T_le_eabi.lib : ull_div_t2.obj (.text)
                  20008ef0    000001e0     sysbios.aem4 : BIOS.obj (.text:ti_sysbios_knl_Task_sleep__E)
                  200090d0    000001d4     simplelink_func.obj (.text:SimpleLinkWlanEventHandler)
                  200092a4    00000004     drivers_cc32xxware.aem4 : List.oem4 (.text:List_head)
                  200092a8    000001c8     sysbios.aem4 : BIOS.obj (.text:ti_sysbios_knl_Task_Instance_init__E)
                  20009470    000001b6     rtsv7M4_T_le_eabi.lib : fd_add_t2.obj (.text)
                  20009626    00000002     drivers_cc32xxware.aem4 : SPICC3200DMA.oem4 (.text:SPICC3200DMA_transferCancel)
                  20009628    000001a8     cc3x00_host_driver.aem4 : wlan.oem4 (.text:sl_WlanConnect)
                  200097d0    00000188     power_cc3200_tirtos.aem4 : PowerCC3200_tirtos.oem4 (.text:PowerCC3200_sleepPolicy)
                  20009958    0000017c     drivers_cc32xxware.aem4 : GPIOCC3200.oem4 (.text:GPIO_setConfig)
                  20009ad4    00000004                             : List.oem4 (.text:List_next)
                  20009ad8    00000174     sysbios.aem4 : BIOS.obj (.text:ti_sysbios_family_arm_m3_Hwi_excBusFault__I)
                  20009c4c    00000004     drivers_wifi_cc32xxware.aem4 : osi_tirtos.oem4 (.text:mem_Malloc)
                  20009c50    00000164     sysbios.aem4 : BIOS.obj (.text:ti_sysbios_family_arm_m3_Hwi_excUsageFault__I)
                  20009db4    00000004     CDIO_CC3200_pem4.oem4 (.text:ti_sysbios_BIOS_RtsGateProxy_enter__E)
                  20009db8    00000158     sysbios.aem4 : BIOS.obj (.text:ti_sysbios_knl_Mailbox_Instance_init__E)
                  20009f10    00000154     drivers_cc32xxware.aem4 : SPICC3200DMA.oem4 (.text:SPICC3200DMA_transfer)
                  2000a064    00000154     CDIO_CC3200.obj (.text:move)
                  2000a1b8    00000150     cc3x00_host_driver.aem4 : driver.oem4 (.text:_SlDrvRxHdrRead)
                  2000a308    00000148     sysbios.aem4 : BIOS.obj (.text:ti_sysbios_family_arm_m3_Hwi_excMemFault__I)
                  2000a450    00000144     CDIO_CC3200.obj (.text:main)
                  2000a594    00000004     CDIO_CC3200_pem4.oem4 (.text:ti_sysbios_BIOS_RtsGateProxy_leave__E)
                  2000a598    0000013c     sysbios.aem4 : BIOS.obj (.text:ti_sysbios_heaps_HeapMem_Instance_init__E)
                  2000a6d4    00000136     rtsv7M4_T_le_eabi.lib : fd_div_t2.obj (.text)
                  2000a80a    00000002                           : i_div0.obj (.text)
                  2000a80c    00000134     driverlib.a : prcm.obj (.text:PRCMCC3200MCUInit)
                  2000a940    00000124     drivers_cc32xxware.aem4 : SPICC3200DMA.oem4 (.text:SPICC3200DMA_open)
                  2000aa64    00000120     simplelink_func.obj (.text:flushHTTPResponse)
                  2000ab84    00000004     CDIO_CC3200_pem4.oem4 (.text:ti_sysbios_family_arm_m3_Hwi_destruct)
                  2000ab88    0000011c     sysbios.aem4 : BIOS.obj (.text:ti_sysbios_knl_Clock_Instance_init__E)
                  2000aca4    00000118     cc3x00_host_driver.aem4 : driver.oem4 (.text:_SlDrvMsgWrite)
                  2000adbc    00000118     ti.targets.arm.rtsarm.aem4 : Error.oem4 (.text:xdc_runtime_Error_policyDefault__E)
                  2000aed4    00000114     rtsv7M4_T_le_eabi.lib : strtoul.obj (.text)
                  2000afe8    00000110     CDIO_CC3200.obj (.text:dataTask)
                  2000b0f8    0000010c     simplelink_func.obj (.text:SimpleLinkNetAppEventHandler)
                  2000b204    00000102     rom_pin_mux_config.obj (.text:PinMuxConfig)
                  2000b306    00000002     CDIO_CC3200_pem4.oem4 (.text:ti_sysbios_BIOS_nullFunc__I)
                  2000b308    00000100     ti.targets.arm.rtsarm.aem4 : Core-mem.oem4 (.text:xdc_runtime_Core_createObject__I)
                  2000b408    000000fd     simplelink_func.obj (.text:SimpleLinkSockEventHandler)
                  2000b505    00000001     --HOLE-- [fill = 0]
                  2000b506    000000fc     rtsv7M4_T_le_eabi.lib : fd_mul_t2.obj (.text)
                  2000b602    00000002     CDIO_CC3200_pem4.oem4 (.text:xdc_runtime_Startup_reset__I)
                  2000b604    000000f8     ti.targets.arm.rtsarm.aem4 : Startup.oem4 (.text:xdc_runtime_Startup_startMods__I)
                  2000b6fc    000000f8     CDIO_CC3200_pem4.oem4 (.text:xdc_runtime_System_printfExtend__I)
                  2000b7f4    000000f0     driverlib.a : udma.obj (.text:uDMAChannelTransferSet)
                  2000b8e4    000000ec     cc3x00_host_driver.aem4 : driver.oem4 (.text:_SlDrvDriverCBInit)
                  2000b9d0    000000ec     sysbios.aem4 : BIOS.obj (.text:ti_sysbios_knl_Semaphore_post__E)
                  2000babc    000000e0     drivers_cc32xxware.aem4 : PWMTimerCC3200.oem4 (.text:PWMTimerCC3200_open)
                  2000bb9c    000000e0     cc3x00_host_driver.aem4 : driver.oem4 (.text:_SlDrvDataReadOp)
                  2000bc7c    000000d8     drivers_cc32xxware.aem4 : SPICC3200DMA.oem4 (.text:configDMA)
                  2000bd54    000000d0     cc3x00_host_driver.aem4 : driver.oem4 (.text:_SlDrvWaitForPoolObj)
                  2000be24    000000d0     drivers_cc32xxware.aem4 : GPIOCC3200.oem4 (.text:powerNotifyFxn)
                  2000bef4    000000d0     rtsv7M4_T_le_eabi.lib : s_scalbn.obj (.text)
                  2000bfc4    000000d0     sysbios.aem4 : m3_Hwi_asm.obj (.text:ti_sysbios_family_arm_m3_Hwi_dispatch__I)
                  2000c094    000000cc     ti.targets.arm.rtsarm.aem4 : Core-smem.oem4 (.text:xdc_runtime_Core_constructObject__I)
                  2000c160    000000c8     cc3x00_host_driver.aem4 : driver.oem4 (.text:_SlDrvReleasePoolObj)
                  2000c228    000000bc     sysbios.aem4 : BIOS.obj (.text:ti_sysbios_family_arm_m3_Hwi_excDebugMon__I)
                  2000c2e4    00000004     CDIO_CC3200_pem4.oem4 (.text:ti_sysbios_family_arm_m3_TaskSupport_Module__startupDone__S)
                  2000c2e8    000000bc     sysbios.aem4 : BIOS.obj (.text:ti_sysbios_family_arm_m3_Hwi_excHardFault__I)
                  2000c3a4    000000b8     drivers_cc32xxware.aem4 : PWMTimerCC3200.oem4 (.text:PWMTimerCC3200_setDuty)
                  2000c45c    000000b8     cc3x00_host_driver.aem4 : netapp.oem4 (.text:sl_NetAppDnsGetHostByName)
                  2000c514    000000b8     simplelink_func.obj (.text:wlanConnect)
                  2000c5cc    000000b4     cc3x00_host_driver.aem4 : netapp.oem4 (.text:_SlDrvNetAppEventHandler)
                  2000c680    000000b4     sysbios.aem4 : BIOS.obj (.text:ti_sysbios_gates_GateMutex_enter__E)
                  2000c734    00000004     CDIO_CC3200_pem4.oem4 (.text:ti_sysbios_heaps_HeapMem_Module_GateProxy_enter__E)
                  2000c738    000000b4     sysbios.aem4 : BIOS.obj (.text:ti_sysbios_knl_Task_checkStacks__E)
                  2000c7ec    000000b0     cc3x00_host_driver.aem4 : socket.oem4 (.text:sl_Connect)
                  2000c89c    000000ac                             : driver.oem4 (.text:_SlDrvDataWriteOp)
                  2000c948    000000aa     uart_if.obj (.text:Report)
                  2000c9f2    000000a8     simplelink_func.obj (.text:charToInt)
                  2000ca9a    00000006     drivers_cc32xxware.aem4 : SPICC3200DMA.oem4 (.text:SPICC3200DMA_control)
                  2000caa0    000000a8     sysbios.aem4 : BIOS.obj (.text:ti_sysbios_knl_Task_postInit__I)
                  2000cb48    000000a4     cc3x00_host_driver.aem4 : socket.oem4 (.text:sl_Send)
                  2000cbec    00000004     CDIO_CC3200_pem4.oem4 (.text:ti_sysbios_heaps_HeapMem_Module_GateProxy_leave__E)
                  2000cbf0    000000a4     sysbios.aem4 : BIOS.obj (.text:ti_sysbios_knl_Clock_Instance_finalize__E)
                  2000cc94    000000a2     drivers_cc32xxware.aem4 : UARTCC3200.oem4 (.text:UARTCC3200_write)
                  2000cd36    00000002     --HOLE-- [fill = 0]
                  2000cd38    000000a0     driverlib.a : spi.obj (.text:SPIConfigSetExpClk)
                  2000cdd8    000000a0     auto_init.aem4 : auto_init.oem4 (.text)
                  2000ce78    000000a0     ti.targets.arm.rtsarm.aem4 : Text.oem4 (.text:xdc_runtime_Text_putMod__E)
                  2000cf18    0000009e     drivers_cc32xxware.aem4 : UARTCC3200.oem4 (.text:readTaskBlocking)
                  2000cfb6    0000009c     rtsv7M4_T_le_eabi.lib : memcpy_t2.obj (.text)
                  2000d052    00000006     driverlib.a : utils.obj (.text:UtilsDelay)
                  2000d058    0000009c     sysbios.aem4 : BIOS.obj (.text:ti_sysbios_knl_Semaphore_Instance_init__E)
                  2000d0f4    0000009a     ti.targets.arm.rtsarm.aem4 : Text.oem4 (.text:xdc_runtime_Text_putSite__E)
                  2000d18e    00000098     drivers_cc32xxware.aem4 : UARTCC3200.oem4 (.text:UARTCC3200_control)
                  2000d226    00000098                             : UARTCC3200.oem4 (.text:UARTCC3200_readPolling)
                  2000d2be    00000002     --HOLE-- [fill = 0]
                  2000d2c0    00000098     cc3x00_host_driver.aem4 : driver.oem4 (.text:_SlDrvMsgReadCmdCtx)
                  2000d358    00000098                             : device.oem4 (.text:sl_Stop)
                  2000d3f0    00000098     sysbios.aem4 : BIOS.obj (.text:ti_sysbios_knl_Mailbox_post__E)
                  2000d488    00000094     driverlib.a : prcm.obj (.text:PRCMPeripheralClockGet)
                  2000d51c    00000094     cc3x00_host_driver.aem4 : driver.oem4 (.text:_SlFindAndSetActiveObj)
                  2000d5b0    00000094     drivers_cc32xxware.aem4 : SPICC3200DMA.oem4 (.text:initHw)
                  2000d644    00000004     CDIO_CC3200_pem4.oem4 (.text:ti_sysbios_knl_Clock_TimerProxy_getMaxTicks__E)
                  2000d648    00000094     sysbios.aem4 : BIOS.obj (.text:ti_sysbios_family_arm_m3_Hwi_Instance_init__E)
                  2000d6dc    00000090     cc3x00_host_driver.aem4 : driver.oem4 (.text:_SlDrvDriverCBDeinit)
                  2000d76c    00000090     drivers_cc32xxware.aem4 : PowerCC3200.oem4 (.text:restoreNVICRegs)
                  2000d7fc    00000090     cc3x00_host_driver.aem4 : device.oem4 (.text:sl_Start)
                  2000d88c    00000004     CDIO_CC3200_pem4.oem4 (.text:ti_sysbios_knl_Clock_TimerProxy_setPeriodMicroSecs__E)
                  2000d890    0000008c     sysbios.aem4 : BIOS.obj (.text:ti_sysbios_knl_Mailbox_pend__E)
                  2000d91c    0000008a     drivers_cc32xxware.aem4 : UARTCC3200.oem4 (.text:readIsrTextBlocking)
                  2000d9a6    00000002     --HOLE-- [fill = 0]
                  2000d9a8    00000088     driverlib.a : pin.obj (.text:PinConfigSet)
                  2000da30    00000088     drivers_cc32xxware.aem4 : UARTCC3200.oem4 (.text:UARTCC3200_close)
                  2000dab8    00000088     rtsv7M4_T_le_eabi.lib : vsnprintf.obj (.text)
                  2000db40    00000088     drivers_cc32xxware.aem4 : SPICC3200DMA.oem4 (.text:spiHwiFxn)
                  2000dbc8    00000088     sysbios.aem4 : BIOS.obj (.text:ti_sysbios_family_arm_m3_Hwi_initNVIC__E)
                  2000dc50    00000088                  : BIOS.obj (.text:ti_sysbios_knl_Mailbox_Module_startup__E)
                  2000dcd8    00000086     rtsv7M4_T_le_eabi.lib : fd_cmp_t2.obj (.text:__aeabi_cdcmple)
                  2000dd5e    00000086                           : fd_cmp_t2.obj (.text:__aeabi_cdrcmple)
                  2000dde4    00000084     drivers_cc32xxware.aem4 : GPIOCC3200.oem4 (.text:GPIO_init)
                  2000de68    00000084                             : PowerCC3200.oem4 (.text:saveNVICRegs)
                  2000deec    00000084     cc3x00_host_driver.aem4 : netapp.oem4 (.text:sl_NetAppMDNSRegisterUnregisterService)
                  2000df70    00000084     sysbios.aem4 : BIOS.obj (.text:ti_sysbios_family_arm_m3_Hwi_postInit__I)
                  2000dff4    00000082     driverlib.a : gpio.obj (.text:GPIOIntTypeSet)
                  2000e076    00000082     drivers_cc32xxware.aem4 : UARTCC3200.oem4 (.text:readIsrTextCallback)
                  2000e0f8    00000080     drivers_wifi_cc32xxware.aem4 : WiFiCC3200.oem4 (.text:WiFiCC3200_open)
                  2000e178    0000007c     driverlib.a : spi.obj (.text:SPIIntStatus)
                  2000e1f4    0000007a     drivers_cc32xxware.aem4 : UARTCC3200.oem4 (.text:readTaskCallback)
                  2000e26e    0000007a     rtsv7M4_T_le_eabi.lib : memset_t2.obj (.text)
                  2000e2e8    00000078     drivers_wifi_cc32xxware.aem4 : osi_tirtos.oem4 (.text:VStartSimpleLinkSpawnTask)
                  2000e360    00000078     cc3x00_host_driver.aem4 : device.oem4 (.text:sl_DevGet)
                  2000e3d8    00000078     simplelink_func.obj (.text:wlanStart)
                  2000e450    00000076     driverlib.a : uart.obj (.text:UARTConfigSetExpClk)
                  2000e4c6    00000002     --HOLE-- [fill = 0]
                  2000e4c8    00000074     cc3x00_host_driver.aem4 : driver.oem4 (.text:_SlDrvClassifyRxMsg)
                  2000e53c    00000004     CDIO_CC3200_pem4.oem4 (.text:ti_sysbios_knl_Clock_TimerProxy_start__E)
                  2000e540    00000074     sysbios.aem4 : BIOS.obj (.text:ti_sysbios_knl_Clock_start__E)
                  2000e5b4    00000070     drivers_cc32xxware.aem4 : PWMTimerCC3200.oem4 (.text:PWMTimerCC3200_control)
                  2000e624    00000070                             : PowerCC3200.oem4 (.text:Power_sleep)
                  2000e694    00000070     cc3x00_host_driver.aem4 : driver.oem4 (.text:_SlDrvCmdOp)
                  2000e704    00000004     CDIO_CC3200_pem4.oem4 (.text:ti_sysbios_knl_Clock_TimerProxy_stop__E)
                  2000e708    00000070     sysbios.aem4 : BIOS.obj (.text:ti_sysbios_knl_Mailbox_Instance_finalize__E)
                  2000e778    0000006d     ti.targets.arm.rtsarm.aem4 : System.oem4 (.text:xdc_runtime_System_formatNum__I)
                  2000e7e5    00000003     --HOLE-- [fill = 0]
                  2000e7e8    0000006c     cc3x00_host_driver.aem4 : driver.oem4 (.text:_SlDrvMsgReadSpawnCtx)
                  2000e854    0000006c     drivers_cc32xxware.aem4 : UARTCC3200.oem4 (.text:initHw)
                  2000e8c0    0000006c     sysbios.aem4 : BIOS.obj (.text:ti_sysbios_knl_Clock_workFunc__E)
                  2000e92c    00000004     CDIO_CC3200_pem4.oem4 (.text:ti_sysbios_knl_Clock_destruct)
                  2000e930    0000006c     sysbios.aem4 : BIOS.obj (.text:ti_sysbios_knl_Swi_restoreHwi__E)
                  2000e99c    00000004     CDIO_CC3200_pem4.oem4 (.text:ti_sysbios_knl_Mailbox_delete)
                  2000e9a0    0000006c     sysbios.aem4 : BIOS.obj (.text:ti_sysbios_knl_Task_exit__E)
                  2000ea0c    0000006c     simplelink_func.obj (.text:unPackData)
                  2000ea78    0000006c     ti.targets.arm.rtsarm.aem4 : Error.oem4 (.text:xdc_runtime_Error_print__E)
                  2000eae4    0000006c                                : Memory.oem4 (.text:xdc_runtime_Memory_alloc__E)
                  2000eb50    0000006a     rtsv7M4_T_le_eabi.lib : copy_decompress_rle.obj (.text)
                  2000ebba    00000002     --HOLE-- [fill = 0]
                  2000ebbc    00000068     driverlib.a : prcm.obj (.text:PRCMHibernateWakeUpGPIOSelect)
                  2000ec24    00000068     rtsv7M4_T_le_eabi.lib : trgmsg.obj (.text)
                  2000ec8c    00000068     simplelink_func.obj (.text:setupHTTPConnection)
                  2000ecf4    00000068     drivers_wifi_cc32xxware.aem4 : WiFiCC3200.oem4 (.text:spi_Read)
                  2000ed5c    00000068                                  : WiFiCC3200.oem4 (.text:spi_Write)
                  2000edc4    00000068     drivers_cc32xxware.aem4 : UARTCC3200.oem4 (.text:writeData)
                  2000ee2c    00000066     ti.targets.arm.rtsarm.aem4 : Core-mem.oem4 (.text:xdc_runtime_Core_deleteObject__I)
                  2000ee92    00000002     --HOLE-- [fill = 0]
                  2000ee94    00000064     drivers_cc32xxware.aem4 : GPIOCC3200.oem4 (.text:GPIO_hwiIntFxn)
                  2000eef8    00000064     cc3x00_host_driver.aem4 : netapp.oem4 (.text:_sl_HandleAsync_DnsGetHostByName)
                  2000ef5c    00000004     CDIO_CC3200_pem4.oem4 (.text:ti_sysbios_knl_Queue_destruct)
                  2000ef60    00000064     sysbios.aem4 : BIOS.obj (.text:ti_sysbios_family_arm_m3_Hwi_dispatchC__I)
                  2000efc4    00000064     CDIO_CC3200_pem4.oem4 (.text:ti_sysbios_knl_Mailbox_create)
                  2000f028    00000064     driverlib.a : udma.obj (.text:uDMAChannelAttributeDisable)
                  2000f08c    00000062     tirtosport.aem4 : HwiP_tirtos.oem4 (.text:HwiP_create)
                  2000f0ee    00000002     --HOLE-- [fill = 0]
                  2000f0f0    00000060     cc3x00_host_driver.aem4 : netapp.oem4 (.text:_sl_HandleAsync_DnsGetHostByService)
                  2000f150    00000060                             : device.oem4 (.text:_sl_HandleAsync_InitComplete)
                  2000f1b0    00000060                             : netapp.oem4 (.text:_sl_HandleAsync_PingResponse)
                  2000f210    00000060     sysbios.aem4 : BIOS.obj (.text:ti_sysbios_knl_Task_schedule__I)
                  2000f270    0000005e     drivers_cc32xxware.aem4 : UARTCC3200.oem4 (.text:readIsrBinaryBlocking)
                  2000f2ce    00000002     --HOLE-- [fill = 0]
                  2000f2d0    0000005c     rtsv7M4_T_le_eabi.lib : s_frexp.obj (.text)
                  2000f32c    00000004     CDIO_CC3200_pem4.oem4 (.text:ti_sysbios_knl_Semaphore_delete)
                  2000f330    0000005c     sysbios.aem4 : BIOS.obj (.text:ti_sysbios_knl_Swi_run__I)
                  2000f38c    00000004     CDIO_CC3200_pem4.oem4 (.text:ti_sysbios_knl_Semaphore_destruct)
                  2000f390    0000005c     sysbios.aem4 : BIOS.obj (.text:ti_sysbios_knl_Swi_schedule__I)
                  2000f3ec    00000004     CDIO_CC3200_pem4.oem4 (.text:ti_sysbios_knl_Task_delete)
                  2000f3f0    0000005c     sysbios.aem4 : BIOS.obj (.text:ti_sysbios_knl_Task_Module_startup__E)
                  2000f44c    0000005c     CDIO_CC3200_pem4.oem4 (.text:ti_sysbios_knl_Task_create)
                  2000f4a8    0000005c     sysbios.aem4 : BIOS.obj (.text:ti_sysbios_knl_Task_startCore__E)
                  2000f504    0000005b     ti.targets.arm.rtsarm.aem4 : Text.oem4 (.text:xdc_runtime_Text_putLab__E)
                  2000f55f    00000001     --HOLE-- [fill = 0]
                  2000f560    0000005a     tirtosport.aem4 : ClockP_tirtos.oem4 (.text:ClockP_create)
                  2000f5ba    0000005a     drivers_cc32xxware.aem4 : SPICC3200DMA.oem4 (.text:SPICC3200DMA_close)
                  2000f614    00000058     driverlib.a : interrupt.obj (.text:IntPendClear)
                  2000f66c    00000058                 : prcm.obj (.text:PRCMPeripheralReset)
                  2000f6c4    00000058     drivers_cc32xxware.aem4 : PowerCC3200.oem4 (.text:Power_init)
                  2000f71c    00000058     tirtosport.aem4 : SemaphoreP_tirtos.oem4 (.text:SemaphoreP_create)
                  2000f774    00000058     cc3x00_host_driver.aem4 : driver.oem4 (.text:_SlDrvCmdSend)
                  2000f7cc    00000058                             : netapp.oem4 (.text:_sl_NetAppSendTokenValue)
                  2000f824    00000058     CDIO_CC3200_pem4.oem4 (.text:ti_sysbios_family_arm_m3_Hwi_construct)
                  2000f87c    00000056     rtsv7M4_T_le_eabi.lib : ltoa.obj (.text)
                  2000f8d2    00000002     --HOLE-- [fill = 0]
                  2000f8d4    00000054     CC3200_LAUNCHXL.obj (.text:CC3200_LAUNCHXL_initDMA)
                  2000f928    00000054     drivers_cc32xxware.aem4 : UARTCC3200.oem4 (.text:UARTCC3200_writeCancel)
                  2000f97c    00000054                             : UARTCC3200.oem4 (.text:readIsrBinaryCallback)
                  2000f9d0    00000054     rtsv7M4_T_le_eabi.lib : exit.obj (.text)
                  2000fa24    00000054     cc3x00_host_driver.aem4 : socket.oem4 (.text:sl_SetSockOpt)
                  2000fa78    00000054     sysbios.aem4 : BIOS.obj (.text:ti_sysbios_family_arm_m3_Timer_setPeriod__E)
                  2000facc    00000004     ti.targets.arm.rtsarm.aem4 : Error.oem4 (.text:xdc_runtime_Error_getSite__E)
                  2000fad0    00000054     sysbios.aem4 : BIOS.obj (.text:ti_sysbios_family_arm_m3_Timer_start__E)
                  2000fb24    00000054     CDIO_CC3200_pem4.oem4 (.text:ti_sysbios_knl_Task_construct)
                  2000fb78    00000054     ti.targets.arm.rtsarm.aem4 : Assert.oem4 (.text:xdc_runtime_Assert_raise__I)
                  2000fbcc    00000050     drivers_wifi_cc32xxware.aem4 : WiFiCC3200.oem4 (.text:CC3X00_NWP_enablePreamble)
                  2000fc1c    00000050     cc3x00_host_driver.aem4 : socket.oem4 (.text:_sl_HandleAsync_Connect)
                  2000fc6c    00000050                             : netcfg.oem4 (.text:sl_NetCfgSet)
                  2000fcbc    00000050                             : wlan.oem4 (.text:sl_WlanSet)
                  2000fd0c    00000004     CDIO_CC3200_pem4.oem4 (.text:xdc_runtime_System_Module_GateProxy_enter__E)
                  2000fd10    00000050     sysbios.aem4 : BIOS.obj (.text:ti_sysbios_family_arm_m3_Hwi_Module_startup__E)
                  2000fd60    00000050     ti.targets.arm.rtsarm.aem4 : Startup.oem4 (.text:xdc_runtime_Startup_exec__E)
                  2000fdb0    00000050                                : Text.oem4 (.text:xdc_runtime_Text_visitRope2__I)
                  2000fe00    0000004c     gpio_if.obj (.text:GPIO_IF_GetPortNPin)
                  2000fe4c    0000004c     drivers_cc32xxware.aem4 : GPIOCC3200.oem4 (.text:GPIO_setCallback)
                  2000fe98    0000004c     driverlib.a : spi.obj (.text:SPIIntDisable)
                  2000fee4    0000004c                 : spi.obj (.text:SPIIntEnable)
                  2000ff30    0000004c     cc3x00_host_driver.aem4 : device.oem4 (.text:_SlDrvDeviceEventHandler)
                  2000ff7c    0000004c                             : socket.oem4 (.text:_sl_HandleAsync_Accept)
                  2000ffc8    0000004c     rtsv7M4_T_le_eabi.lib : atoi.obj (.text)
                  20010014    0000004c                           : cpy_tbl.obj (.text)
                  20010060    0000004c     sysbios.aem4 : m3_TaskSupport_asm.obj (.text:ti_sysbios_family_arm_m3_TaskSupport_buildTaskStack)
                  200100ac    00000004     CDIO_CC3200_pem4.oem4 (.text:xdc_runtime_System_Module_GateProxy_leave__E)
                  200100b0    0000004c     sysbios.aem4 : BIOS.obj (.text:ti_sysbios_family_arm_m3_Timer_setPeriodMicroSecs__E)
                  200100fc    00000004     ti.targets.arm.rtsarm.aem4 : System.oem4 (.text:xdc_runtime_System_aprintf_va__F)
                  20010100    0000004c     sysbios.aem4 : BIOS.obj (.text:ti_sysbios_heaps_HeapMem_getStats__E)
                  2001014c    00000004     ti.targets.arm.rtsarm.aem4 : System.oem4 (.text:xdc_runtime_System_printf_va__F)
                  20010150    0000004c     sysbios.aem4 : BIOS.obj (.text:ti_sysbios_knl_Swi_runLoop__I)
                  2001019c    00000004     --HOLE-- [fill = 0]
                  200101a0    0000004c                  : BIOS.obj (.text:ti_sysbios_knl_Task_allBlockedFunction__I)
                  200101ec    0000004c     driverlib.a : udma.obj (.text:uDMAChannelAssign)
                  20010238    00000048                 : flash.obj (.text:FlashDisable)
                  20010280    00000048                 : prcm.obj (.text:PRCMHibernateWakeupSourceEnable)
                  200102c8    00000048                 : pin.obj (.text:PinConfigGet)
                  20010310    00000048                 : spi.obj (.text:SPIIntClear)
                  20010358    00000048     cc3x00_host_driver.aem4 : driver.oem4 (.text:_SlRemoveFromList)
                  200103a0    00000048     drivers_cc32xxware.aem4 : PowerCC3200.oem4 (.text:notify)
                  200103e8    00000048     rtsv7M4_T_le_eabi.lib : fd_toi_t2.obj (.text)
                  20010430    00000048     cc3x00_host_driver.aem4 : socket.oem4 (.text:sl_Recv)
                  20010478    00000048     sysbios.aem4 : BIOS.obj (.text:ti_sysbios_family_arm_m3_Hwi_disableInterrupt__E)
                  200104c0    00000048                  : BIOS.obj (.text:ti_sysbios_family_arm_m3_Hwi_enableInterrupt__E)
                  20010508    00000048                  : BIOS.obj (.text:ti_sysbios_family_arm_m3_Hwi_excReserved__I)
                  20010550    00000048                  : m3_Hwi_asm_switch.obj (.text:ti_sysbios_family_arm_m3_Hwi_initStacks__E)
                  20010598    00000048                  : BIOS.obj (.text:ti_sysbios_family_arm_m3_Timer_initDevice__I)
                  200105e0    00000046     drivers_cc32xxware.aem4 : RingBuf.oem4 (.text:RingBuf_put)
                  20010626    00000046     ti.targets.arm.rtsarm.aem4 : Core-params.oem4 (.text:xdc_runtime_Core_assignParams__I)
                  2001066c    00000044     driverlib.a : prcm.obj (.text:PRCMLPDSEnter)
                  200106b0    00000044     drivers_cc32xxware.aem4 : PowerCC3200_asm.oem4 (.text:PowerCC3200_enterLPDS)
                  200106f4    00000044     driverlib.a : spi.obj (.text:SPIDmaMaskGet)
                  20010738    00000044     simplelink_func.obj (.text:SimpleLinkGeneralEventHandler)
                  2001077c    00000044     drivers_cc32xxware.aem4 : UARTCC3200.oem4 (.text:UARTCC3200_hwiIntFxn)
                  200107c0    00000044     cc3x00_host_driver.aem4 : driver.oem4 (.text:_SlAsyncEventGenericHandler)
                  20010804    00000044     boot.aem4 : boot.oem4 (.text)
                  20010848    00000044     cc3x00_host_driver.aem4 : wlan.oem4 (.text:sl_WlanPolicySet)
                  2001088c    00000004     --HOLE-- [fill = 0]
                  20010890    00000044     sysbios.aem4 : BIOS.obj (.text:ti_sysbios_family_arm_m3_Hwi_getStackInfo__E)
                  200108d4    00000004     --HOLE-- [fill = 0]
                  200108d8    00000044                  : BIOS.obj (.text:ti_sysbios_knl_Mailbox_postInit__I)
                  2001091c    00000004     --HOLE-- [fill = 0]
                  20010920    00000044                  : BIOS.obj (.text:ti_sysbios_knl_Swi_post__E)
                  20010964    00000044     ti.targets.arm.rtsarm.aem4 : Error.oem4 (.text:xdc_runtime_Error_setX__E)
                  200109a8    00000044                                : SysMin.oem4 (.text:xdc_runtime_SysMin_flush__E)
                  200109ec    00000044                                : Text.oem4 (.text:xdc_runtime_Text_xprintf__I)
                  20010a30    00000042     drivers_cc32xxware.aem4 : PowerCC3200_asm.oem4 (.text:PowerCC3200_resumeLPDS)
                  20010a72    00000042                             : UARTCC3200.oem4 (.text:UARTCC3200_writePolling)
                  20010ab4    00000040                             : GPIOCC3200.oem4 (.text:GPIO_enableInt)
                  20010af4    00000040     driverlib.a : pin.obj (.text:PinModeSet)
                  20010b34    00000040     drivers_cc32xxware.aem4 : PowerCC3200.oem4 (.text:Power_setDependency)
                  20010b74    00000040                             : RingBuf.oem4 (.text:RingBuf_get)
                  20010bb4    00000040                             : UARTCC3200.oem4 (.text:UARTCC3200_read)
                  20010bf4    00000040     cc3x00_host_driver.aem4 : driver.oem4 (.text:_SlDrvRxIrqHandler)
                  20010c34    00000040                             : socket.oem4 (.text:_sl_HandleAsync_Select)
                  20010c74    00000040     drivers_wifi_cc32xxware.aem4 : osi_tirtos.oem4 (.text:osi_LockObjLock)
                  20010cb4    00000040                                  : osi_tirtos.oem4 (.text:osi_SyncObjCreate)
                  20010cf4    00000040                                  : osi_tirtos.oem4 (.text:osi_SyncObjWait)
                  20010d34    00000040     rtsv7M4_T_le_eabi.lib : u_divt2.obj (.text)
                  20010d74    00000040     cc3x00_host_driver.aem4 : wlan.oem4 (.text:sl_WlanRxFilterSet)
                  20010db4    00000004     --HOLE-- [fill = 0]
                  20010db8    00000040     sysbios.aem4 : BIOS.obj (.text:ti_sysbios_family_arm_m3_Timer_Module_startup__E)
                  20010df8    0000003e     CDIO_CC3200_pem4.oem4 (.text:realloc)
                  20010e36    00000002     --HOLE-- [fill = 0]
                  20010e38    0000003c     driverlib.a : prcm.obj (.text:PRCMPeripheralClkEnable)
                  20010e74    0000003c                 : prcm.obj (.text:PRCMSlowClkCtrFastGet)
                  20010eb0    0000003c                 : pin.obj (.text:PinDirModeSet)
                  20010eec    0000003c     drivers_cc32xxware.aem4 : WiFi.oem4 (.text:WiFi_open)
                  20010f28    0000003c     cc3x00_host_driver.aem4 : device.oem4 (.text:_sl_HandleAsync_Stop)
                  20010f64    0000003c     CDIO_CC3200.obj (.text:brytarIntX)
                  20010fa0    0000003c     CDIO_CC3200.obj (.text:brytarIntY)
                  20010fdc    0000003c     simplelink_func.obj (.text:packData)
                  20011018    0000003c     drivers_wifi_cc32xxware.aem4 : WiFiCC3200.oem4 (.text:spi_Open)
                  20011054    00000004     --HOLE-- [fill = 0]
                  20011058    0000003c     sysbios.aem4 : BIOS.obj (.text:ti_sysbios_family_arm_m3_Hwi_excSvCall__I)
                  20011094    00000004     --HOLE-- [fill = 0]
                  20011098    0000003c                  : BIOS.obj (.text:ti_sysbios_heaps_HeapMem_init__I)
                  200110d4    00000004     --HOLE-- [fill = 0]
                  200110d8    0000003c                  : BIOS.obj (.text:ti_sysbios_knl_Clock_walkQueuePeriodic__E)
                  20011114    00000004     --HOLE-- [fill = 0]
                  20011118    0000003c                  : BIOS.obj (.text:ti_sysbios_knl_Swi_restore__E)
                  20011154    0000003c     driverlib.a : udma.obj (.text:uDMAChannelControlSet)
                  20011190    0000003a     gpio_if.obj (.text:GPIO_IF_Set)
                  200111ca    00000002     --HOLE-- [fill = 0]
                  200111cc    00000038     driverlib.a : prcm.obj (.text:PRCMIntEnable)
                  20011204    00000038     drivers_cc32xxware.aem4 : PWM.oem4 (.text:PWM_init)
                  2001123c    00000038     power_cc3200_tirtos.aem4 : PowerCC3200_tirtos.oem4 (.text:PowerCC3200_initPolicy)
                  20011274    00000038     drivers_cc32xxware.aem4 : SPI.oem4 (.text:SPI_init)
                  200112ac    00000038                             : UART.oem4 (.text:UART_init)
                  200112e4    00000038                             : WiFi.oem4 (.text:WiFi_init)
                  2001131c    00000038     drivers_wifi_cc32xxware.aem4 : osi_tirtos.oem4 (.text:osi_LockObjCreate)
                  20011354    00000038     cc3x00_host_driver.aem4 : socket.oem4 (.text:sl_Htonl)
                  2001138c    00000038     drivers_cc32xxware.aem4 : SPICC3200DMA.oem4 (.text:spiPollingTransfer16)
                  200113c4    00000038                             : SPICC3200DMA.oem4 (.text:spiPollingTransfer8)
                  200113fc    00000004     --HOLE-- [fill = 0]
                  20011400    00000038     sysbios.aem4 : BIOS.obj (.text:ti_sysbios_family_arm_m3_Hwi_excNoIsr__I)
                  20011438    00000038                  : BIOS.obj (.text:ti_sysbios_knl_Task_processVitalTaskFlag__I)
                  20011470    00000038     ti.targets.arm.rtsarm.aem4 : SysMin.oem4 (.text:xdc_runtime_SysMin_putch__E)
                  200114a8    00000038                                : System.oem4 (.text:xdc_runtime_System_atexit__E)
                  200114e0    00000036     driverlib.a : gpio.obj (.text:GPIODirModeSet)
                  20011516    00000036                 : timer.obj (.text:TimerControlLevel)
                  2001154c    00000036     drivers_cc32xxware.aem4 : UARTCC3200.oem4 (.text:UARTCC3200_readCancel)
                  20011582    00000002     --HOLE-- [fill = 0]
                  20011584    00000034     drivers_wifi_cc32xxware.aem4 : WiFiCC3200.oem4 (.text:CC3X00_NWP_disable)
                  200115b8    00000034     driverlib.a : prcm.obj (.text:PRCMPeripheralStatusGet)
                  200115ec    00000034                 : prcm.obj (.text:PRCMSRAMRetentionEnable)
                  20011620    00000034     drivers_cc32xxware.aem4 : PowerCC3200.oem4 (.text:Power_releaseDependency)
                  20011654    00000034     driverlib.a : spi.obj (.text:SPIFIFOLevelSet)
                  20011688    00000034     cc3x00_host_driver.aem4 : driver.oem4 (.text:_SlDrvBasicCmd)
                  200116bc    00000034                             : driver.oem4 (.text:_SlDrvProtectAsyncRespSetting)
                  200116f0    00000034     power_cc3200_tirtos.aem4 : PowerCC3200_tirtos.oem4 (.text:getCountsRTC)
                  20011724    00000034     drivers_cc32xxware.aem4 : PWMTimerCC3200.oem4 (.text:getPowerMgrId)
                  20011758    00000034     CDIO_CC3200.obj (.text:moveToOrigin)
                  2001178c    00000034     drivers_cc32xxware.aem4 : PowerCC3200.oem4 (.text:restorePeriphClocks)
                  200117c0    00000034     cc3x00_host_driver.aem4 : socket.oem4 (.text:sl_Htons)
                  200117f4    00000004     --HOLE-- [fill = 0]
                  200117f8    00000034     sysbios.aem4 : BIOS.obj (.text:ti_sysbios_family_arm_m3_Hwi_Instance_finalize__E)
                  2001182c    00000004     --HOLE-- [fill = 0]
                  20011830    00000034                  : BIOS.obj (.text:ti_sysbios_family_arm_m3_Hwi_excNmi__I)
                  20011864    00000004     --HOLE-- [fill = 0]
                  20011868    00000034                  : BIOS.obj (.text:ti_sysbios_family_arm_m3_Timer_periodicStub__I)
                  2001189c    00000004     --HOLE-- [fill = 0]
                  200118a0    00000034                  : BIOS.obj (.text:ti_sysbios_hal_Hwi_checkStack)
                  200118d4    00000034     CDIO_CC3200_pem4.oem4 (.text:ti_sysbios_knl_Clock_construct)
                  20011908    00000034     CDIO_CC3200_pem4.oem4 (.text:ti_sysbios_knl_Semaphore_create)
                  2001193c    00000034     ti.targets.arm.rtsarm.aem4 : Core-label.oem4 (.text:xdc_runtime_Core_assignLabel__I)
                  20011970    00000033                                : Text.oem4 (.text:xdc_runtime_Text_printVisFxn__I)
                  200119a3    00000001     --HOLE-- [fill = 0]
                  200119a4    00000032     drivers_cc32xxware.aem4 : SPICC3200DMA.oem4 (.text:spiPollingTransfer32)
                  200119d6    00000002     --HOLE-- [fill = 0]
                  200119d8    00000032     sysbios.aem4 : BIOS.obj (.text:ti_sysbios_hal_Hwi_initStack)
                  20011a0a    00000002     --HOLE-- [fill = 0]
                  20011a0c    00000030     drivers_cc32xxware.aem4 : PWM.oem4 (.text:PWM_open)
                  20011a3c    00000030     driverlib.a : pin.obj (.text:PinTypeGPIO)
                  20011a6c    00000030     drivers_cc32xxware.aem4 : PowerCC3200.oem4 (.text:Power_releaseConstraint)
                  20011a9c    00000030                             : PowerCC3200.oem4 (.text:Power_setConstraint)
                  20011acc    00000030                             : SPI.oem4 (.text:SPI_open)
                  20011afc    00000030     driverlib.a : uart.obj (.text:UARTDisable)
                  20011b2c    00000030     drivers_cc32xxware.aem4 : UART.oem4 (.text:UART_open)
                  20011b5c    00000030     drivers_wifi_cc32xxware.aem4 : WiFiCC3200.oem4 (.text:registerInterruptHandler)
                  20011b8c    00000030     cc3x00_host_driver.aem4 : socket.oem4 (.text:sl_Socket)
                  20011bbc    00000030     CDIO_CC3200_pem4.oem4 (.text:ti_sysbios_BIOS_atExitFunc__I)
                  20011bec    00000004     --HOLE-- [fill = 0]
                  20011bf0    00000030     sysbios.aem4 : BIOS.obj (.text:ti_sysbios_family_arm_m3_TaskSupport_start__E)
                  20011c20    00000030     CDIO_CC3200_pem4.oem4 (.text:ti_sysbios_gates_GateHwi_Object__create__S)
                  20011c50    00000030     CDIO_CC3200_pem4.oem4 (.text:ti_sysbios_gates_GateMutex_Object__create__S)
                  20011c80    00000030     CDIO_CC3200_pem4.oem4 (.text:ti_sysbios_heaps_HeapMem_Object__create__S)
                  20011cb0    00000030     CDIO_CC3200_pem4.oem4 (.text:ti_sysbios_knl_Semaphore_construct)
                  20011ce0    00000030     sysbios.aem4 : BIOS.obj (.text:ti_sysbios_knl_Semaphore_pendTimeout__I)
                  20011d10    00000030                  : BIOS.obj (.text:ti_sysbios_knl_Task_unblockI__E)
                  20011d40    00000030     ti.targets.arm.rtsarm.aem4 : SysMin.oem4 (.text:xdc_runtime_SysMin_abort__E)
                  20011d70    00000030                                : System.oem4 (.text:xdc_runtime_System_processAtExit__E)
                  20011da0    0000002e     drivers_cc32xxware.aem4 : PWMTimerCC3200.oem4 (.text:PWMTimerCC3200_close)
                  20011dce    0000002e     CDIO_CC3200_pem4.oem4 (.text:malloc)
                  20011dfc    0000002e     rtsv7M4_T_le_eabi.lib : i_tofd_t2.obj (.text)
                  20011e2a    00000002     --HOLE-- [fill = 0]
                  20011e2c    0000002c     drivers_wifi_cc32xxware.aem4 : WiFiCC3200.oem4 (.text:CC3X00_NWP_enable)
                  20011e58    0000002c     driverlib.a : prcm.obj (.text:PRCMLPDSIntervalSet)
                  20011e84    0000002c                 : prcm.obj (.text:PRCMSysResetCauseGet)
                  20011eb0    0000002c     CDIO_CC3200_pem4.oem4 (.text:ti_sysbios_knl_Clock_doTick__I)
                  20011edc    0000002c     CDIO_CC3200_pem4.oem4 (.text:ti_sysbios_knl_Queue_construct)
                  20011f08    0000002c     sysbios.aem4 : BIOS.obj (.text:ti_sysbios_knl_Task_restore__E)
                  20011f34    0000002c     ti.targets.arm.rtsarm.aem4 : Text.oem4 (.text:xdc_runtime_Text_cordText__E)
                  20011f60    0000002a     driverlib.a : spi.obj (.text:SPIDataGetNonBlocking)
                  20011f8a    0000002a                 : timer.obj (.text:TimerLoadSet)
                  20011fb4    0000002a                 : timer.obj (.text:TimerMatchSet)
                  20011fde    0000002a                 : timer.obj (.text:TimerPrescaleMatchSet)
                  20012008    0000002a                 : timer.obj (.text:TimerPrescaleSet)
                  20012032    0000002a     cc3x00_host_driver.aem4 : socket.oem4 (.text:_sl_BuildAddress)
                  2001205c    0000002a     ti.targets.arm.rtsarm.aem4 : System.oem4 (.text:xdc_runtime_System_putchar__I)
                  20012086    00000002     --HOLE-- [fill = 0]
                  20012088    00000028     uart_if.obj (.text:Message)
                  200120b0    00000028     driverlib.a : prcm.obj (.text:PRCMLPDSWakeupSourceEnable)
                  200120d8    00000028                 : prcm.obj (.text:PRCMPeripheralClkDisable)
                  20012100    00000028     drivers_cc32xxware.aem4 : PowerCC3200.oem4 (.text:Power_registerNotify)
                  20012128    00000028                             : UARTCC3200.oem4 (.text:releasePowerConstraint)
                  20012150    00000028     sysbios.aem4 : BIOS.obj (.text:ti_sysbios_knl_Swi_Module_startup__E)
                  20012178    00000028     driverlib.a : udma.obj (.text:uDMAChannelIsEnabled)
                  200121a0    00000026     drivers_cc32xxware.aem4 : List.oem4 (.text:List_put)
                  200121c6    00000026     rtsv7M4_T_le_eabi.lib : strncmp.obj (.text)
                  200121ec    00000026     ti.targets.arm.rtsarm.aem4 : System.oem4 (.text:xdc_runtime_System_avprintf__E)
                  20012212    00000002     --HOLE-- [fill = 0]
                  20012214    00000024     driverlib.a : prcm.obj (.text:PRCMLPDSWakeUpGPIOSelect)
                  20012238    00000024                 : uart.obj (.text:UARTCharPutNonBlocking)
                  2001225c    00000024                 : uart.obj (.text:UARTEnable)
                  20012280    00000024     drivers_wifi_cc32xxware.aem4 : osi_tirtos.oem4 (.text:osi_Spawn)
                  200122a4    00000024     cc3x00_host_driver.aem4 : socket.oem4 (.text:sl_Close)
                  200122c8    00000024                             : wlan.oem4 (.text:sl_WlanProfileDel)
                  200122ec    00000024                             : wlan.oem4 (.text:sl_WlanSetMode)
                  20012310    00000024     CDIO_CC3200_pem4.oem4 (.text:ti_sysbios_BIOS_errorRaiseHook__I)
                  20012334    00000024     CDIO_CC3200_pem4.oem4 (.text:ti_sysbios_BIOS_registerRTSLock__I)
                  20012358    00000024     CDIO_CC3200_pem4.oem4 (.text:ti_sysbios_BIOS_removeRTSLock__I)
                  2001237c    00000024     CDIO_CC3200_pem4.oem4 (.text:ti_sysbios_BIOS_startFunc__I)
                  200123a0    00000024     sysbios.aem4 : BIOS.obj (.text:ti_sysbios_family_arm_m3_Hwi_doTaskRestore__I)
                  200123c4    00000004     --HOLE-- [fill = 0]
                  200123c8    00000024                  : BIOS.obj (.text:ti_sysbios_family_arm_m3_Timer_startup__E)
                  200123ec    00000024     CDIO_CC3200_pem4.oem4 (.text:ti_sysbios_gates_GateMutex_Object__delete__S)
                  20012410    00000024     sysbios.aem4 : BIOS.obj (.text:ti_sysbios_knl_Clock_Module_startup__E)
                  20012434    00000024     CDIO_CC3200_pem4.oem4 (.text:ti_sysbios_knl_Semaphore_Object__delete__S)
                  20012458    00000024     ti.targets.arm.rtsarm.aem4 : System.oem4 (.text:xdc_runtime_System_vprintf__E)
                  2001247c    00000022     driverlib.a : gpio.obj (.text:GPIOIntStatus)
                  2001249e    00000022                 : spi.obj (.text:SPIReset)
                  200124c0    00000022                 : spi.obj (.text:SPIWordCountSet)
                  200124e2    00000022     CDIO_CC3200_pem4.oem4 (.text:xdc_runtime_SysMin_output__I)
                  20012504    00000020     driverlib.a : gpio.obj (.text:GPIOPinWrite)
                  20012524    00000020                 : prcm.obj (.text:PRCMLPDSRestoreInfoSet)
                  20012544    00000020     drivers_cc32xxware.aem4 : PowerCC3200.oem4 (.text:Power_idleFunc)
                  20012564    00000020                             : PowerCC3200.oem4 (.text:Power_unregisterNotify)
                  20012584    00000020     driverlib.a : spi.obj (.text:SPIDataGet)
                  200125a4    00000020     drivers_cc32xxware.aem4 : SPICC3200DMA.oem4 (.text:getPowerMgrId)
                  200125c4    00000020                             : UARTCC3200.oem4 (.text:getPowerMgrId)
                  200125e4    00000020     CDIO_CC3200_pem4.oem4 (.text:ti_sysbios_BIOS_rtsLock__I)
                  20012604    00000004     --HOLE-- [fill = 0]
                  20012608    00000020     sysbios.aem4 : BIOS.obj (.text:ti_sysbios_family_arm_m3_Hwi_clearInterrupt__E)
                  20012628    00000020                  : m3_Hwi_asm.obj (.text:ti_sysbios_family_arm_m3_Hwi_excHandlerAsm__I)
                  20012648    00000020                  : BIOS.obj (.text:ti_sysbios_family_arm_m3_Hwi_excHandler__I)
                  20012668    00000020     CDIO_CC3200_pem4.oem4 (.text:ti_sysbios_gates_GateHwi_Object__delete__S)
                  20012688    00000020     CDIO_CC3200_pem4.oem4 (.text:ti_sysbios_heaps_HeapMem_Object__delete__S)
                  200126a8    00000020     CDIO_CC3200_pem4.oem4 (.text:ti_sysbios_knl_Clock_Object__destruct__S)
                  200126c8    00000020     sysbios.aem4 : BIOS.obj (.text:ti_sysbios_knl_Idle_run__E)
                  200126e8    00000020     CDIO_CC3200_pem4.oem4 (.text:ti_sysbios_knl_Mailbox_Object__delete__S)
                  20012708    00000020     CDIO_CC3200_pem4.oem4 (.text:ti_sysbios_knl_Semaphore_Object__destruct__S)
                  20012728    00000020     CDIO_CC3200_pem4.oem4 (.text:ti_sysbios_knl_Task_Object__delete__S)
                  20012748    00000020     ti.targets.arm.rtsarm.aem4 : Registry.oem4 (.text:xdc_runtime_Registry_findById__E)
                  20012768    00000020                                : SysMin.oem4 (.text:xdc_runtime_SysMin_Module_startup__E)
                  20012788    0000001e     driverlib.a : spi.obj (.text:SPIDataPut)
                  200127a6    0000001e                 : timer.obj (.text:TimerDisable)
                  200127c4    0000001e                 : timer.obj (.text:TimerEnable)
                  200127e2    0000001e                 : uart.obj (.text:UARTCharPut)
                  20012800    0000001e                 : uart.obj (.text:UARTIntStatus)
                  2001281e    0000001e     drivers_wifi_cc32xxware.aem4 : WiFiCC3200.oem4 (.text:WiFiCC3200_close)
                  2001283c    0000001e     sysbios.aem4 : m3_Hwi_asm_switch.obj (.text:ti_sysbios_family_xxx_Hwi_switchAndRunFunc)
                  2001285a    00000002     --HOLE-- [fill = 0]
                  2001285c    0000001c     drivers_cc32xxware.aem4 : SPICC3200DMA.oem4 (.text:SPICC3200DMA_init)
                  20012878    0000001c     driverlib.a : uart.obj (.text:UARTCharGetNonBlocking)
                  20012894    0000001c                 : uart.obj (.text:UARTFlowControlSet)
                  200128b0    0000001c     cc3x00_host_driver.aem4 : driver.oem4 (.text:_SlDrvProtectionObjLockWaitForever)
                  200128cc    0000001c                             : socket.oem4 (.text:_sl_TruncatePayloadByProtocol)
                  200128e8    0000001c     rtsv7M4_T_le_eabi.lib : memccpy.obj (.text)
                  20012904    0000001c     CDIO_CC3200_pem4.oem4 (.text:ti_sysbios_family_arm_m3_Hwi_Object__destruct__S)
                  20012920    0000001c     sysbios.aem4 : BIOS.obj (.text:ti_sysbios_family_arm_m3_Timer_stop__E)
                  2001293c    00000004     --HOLE-- [fill = 0]
                  20012940    0000001c                  : BIOS.obj (.text:ti_sysbios_gates_GateMutex_Instance_init__E)
                  2001295c    0000001c     CDIO_CC3200_pem4.oem4 (.text:ti_sysbios_knl_Queue_Object__destruct__S)
                  20012978    0000001c     sysbios.aem4 : BIOS.obj (.text:ti_sysbios_knl_Task_enter__I)
                  20012994    0000001c     driverlib.a : udma.obj (.text:uDMAChannelEnable)
                  200129b0    0000001c     drivers_wifi_cc32xxware.aem4 : osi_tirtos.oem4 (.text:vSimpleLinkSpawnTask)
                  200129cc    0000001c     ti.targets.arm.rtsarm.aem4 : Error.oem4 (.text:xdc_runtime_Error_raiseX__E)
                  200129e8    0000001c                                : Memory.oem4 (.text:xdc_runtime_Memory_valloc__E)
                  20012a04    0000001c                                : SysMin.oem4 (.text:xdc_runtime_SysMin_exit__E)
                  20012a20    0000001c                                : System.oem4 (.text:xdc_runtime_System_abort__E)
                  20012a3c    0000001a     cc3x00_host_driver.aem4 : netapp.oem4 (.text:CopyPingResultsToReport)
                  20012a56    0000001a     driverlib.a : gpio.obj (.text:GPIOIntEnable)
                  20012a70    0000001a     drivers_cc32xxware.aem4 : List.oem4 (.text:List_remove)
                  20012a8a    0000001a     driverlib.a : pin.obj (.text:PinTypeTimer)
                  20012aa4    0000001a                 : spi.obj (.text:SPIDmaDisable)
                  20012abe    0000001a                 : spi.obj (.text:SPIDmaEnable)
                  20012ad8    0000001a                 : spi.obj (.text:SPIFIFODisable)
                  20012af2    0000001a                 : spi.obj (.text:SPIFIFOEnable)
                  20012b0c    0000001a     CDIO_CC3200_pem4.oem4 (.text:ti_sysbios_family_arm_m3_Hwi_Handle__label__S)
                  20012b26    0000001a     sysbios.aem4 : m3_Hwi_asm.obj (.text:ti_sysbios_family_arm_m3_Hwi_pendSV__I)
                  20012b40    0000001a     CDIO_CC3200_pem4.oem4 (.text:ti_sysbios_gates_GateHwi_Handle__label__S)
                  20012b5a    0000001a     CDIO_CC3200_pem4.oem4 (.text:ti_sysbios_gates_GateMutex_Handle__label__S)
                  20012b74    0000001a     CDIO_CC3200_pem4.oem4 (.text:ti_sysbios_heaps_HeapMem_Handle__label__S)
                  20012b8e    0000001a     CDIO_CC3200_pem4.oem4 (.text:ti_sysbios_knl_Swi_Handle__label__S)
                  20012ba8    0000001a     CDIO_CC3200_pem4.oem4 (.text:ti_sysbios_knl_Task_Handle__label__S)
                  20012bc2    0000001a     CDIO_CC3200_pem4.oem4 (.text:xdc_runtime_System_aprintf__E)
                  20012bdc    0000001a     CDIO_CC3200_pem4.oem4 (.text:xdc_runtime_System_printf__E)
                  20012bf6    00000002     --HOLE-- [fill = 0]
                  20012bf8    00000018     CDIO_CC3200.obj (.text:InsertPenInt)
                  20012c10    00000018     driverlib.a : spi.obj (.text:SPICSDisable)
                  20012c28    00000018                 : spi.obj (.text:SPICSEnable)
                  20012c40    00000018                 : spi.obj (.text:SPIDisable)
                  20012c58    00000018                 : spi.obj (.text:SPIEnable)
                  20012c70    00000018                 : uart.obj (.text:UARTBusy)
                  20012c88    00000018                 : uart.obj (.text:UARTFIFOLevelSet)
                  20012ca0    00000018                 : uart.obj (.text:UARTIntDisable)
                  20012cb8    00000018                 : uart.obj (.text:UARTIntEnable)
                  20012cd0    00000018     drivers_cc32xxware.aem4 : UART.oem4 (.text:UART_Params_init)
                  20012ce8    00000018     drivers_wifi_cc32xxware.aem4 : osi_tirtos.oem4 (.text:VDeleteSimpleLinkSpawnTask)
                  20012d00    00000018                                  : WiFiCC3200.oem4 (.text:WiFiCC3200_init)
                  20012d18    00000018     cc3x00_host_driver.aem4 : driver.oem4 (.text:_SlDrvProtectionObjUnLock)
                  20012d30    00000018     CDIO_CC3200_pem4.oem4 (.text:free)
                  20012d48    00000018     rtsv7M4_T_le_eabi.lib : args_main.obj (.text)
                  20012d60    00000018                           : ll_mul_t2.obj (.text)
                  20012d78    00000018                           : strcmp.obj (.text)
                  20012d90    00000018     drivers_wifi_cc32xxware.aem4 : WiFiCC3200.oem4 (.text:spi_Close)
                  20012da8    00000018     CDIO_CC3200_pem4.oem4 (.text:ti_sysbios_BIOS_rtsUnlock__I)
                  20012dc0    00000018     CDIO_CC3200_pem4.oem4 (.text:ti_sysbios_family_arm_m3_Hwi_Module__startupDone__F)
                  20012dd8    00000018     CDIO_CC3200_pem4.oem4 (.text:ti_sysbios_family_arm_m3_Timer_Module__startupDone__F)
                  20012df0    00000018     sysbios.aem4 : BIOS.obj (.text:ti_sysbios_gates_GateMutex_leave__E)
                  20012e08    00000018                  : BIOS.obj (.text:ti_sysbios_knl_Task_sleepTimeout__I)
                  20012e20    00000018     ti.targets.arm.rtsarm.aem4 : Error.oem4 (.text:xdc_runtime_Error_check__E)
                  20012e38    00000018                                : System.oem4 (.text:xdc_runtime_System_exit__E)
                  20012e50    00000018                                : Text.oem4 (.text:xdc_runtime_Text_ropeText__E)
                  20012e68    00000016     tirtosport.aem4 : ClockP_tirtos.oem4 (.text:ClockP_delete)
                  20012e7e    00000016                     : HwiP_tirtos.oem4 (.text:HwiP_delete)
                  20012e94    00000016     driverlib.a : prcm.obj (.text:PRCMHIBRegRead)
                  20012eaa    00000016                 : prcm.obj (.text:PRCMHIBRegWrite)
                  20012ec0    00000016     tirtosport.aem4 : SemaphoreP_tirtos.oem4 (.text:SemaphoreP_delete)
                  20012ed6    00000016     driverlib.a : uart.obj (.text:UARTCharGet)
                  20012eec    00000016     rtsv7M4_T_le_eabi.lib : strchr.obj (.text)
                  20012f02    00000016     drivers_cc32xxware.aem4 : UARTCC3200.oem4 (.text:startTxFifoEmptyClk)
                  20012f18    00000016     CDIO_CC3200_pem4.oem4 (.text:ti_sysbios_BIOS_exitFunc__I)
                  20012f2e    00000016     CDIO_CC3200.obj (.text:ti_sysbios_knl_Task_Params_init)
                  20012f44    00000014     driverlib.a : cpu.obj (.text:CPUcpsid)
                  20012f58    00000014                 : cpu.obj (.text:CPUcpsie)
                  20012f6c    00000014                 : gpio.obj (.text:GPIOIntClear)
                  20012f80    00000014     drivers_cc32xxware.aem4 : SPI.oem4 (.text:SPI_Params_init)
                  20012f94    00000014     drivers_wifi_cc32xxware.aem4 : WiFiCC3200.oem4 (.text:hostDriverInterruptHandler)
                  20012fa8    00000014                                  : osi_tirtos.oem4 (.text:osi_SyncObjClear)
                  20012fbc    00000014     rtsv7M4_T_le_eabi.lib : _lock.obj (.text)
                  20012fd0    00000014                           : strcpy.obj (.text)
                  20012fe4    00000014                           : strlen.obj (.text)
                  20012ff8    00000014     CDIO_CC3200_pem4.oem4 (.text:ti_sysbios_family_arm_m3_Hwi_Object__get__S)
                  2001300c    00000004     --HOLE-- [fill = 0]
                  20013010    00000014     sysbios.aem4 : BIOS.obj (.text:ti_sysbios_family_arm_m3_Hwi_switchFromBootStack__E)
                  20013024    00000014     CDIO_CC3200_pem4.oem4 (.text:ti_sysbios_heaps_HeapMem_Object__get__S)
                  20013038    00000014     sysbios.aem4 : BIOS.obj (.text:ti_sysbios_knl_Clock_tickReconfig__E)
                  2001304c    00000014     CDIO_CC3200_pem4.oem4 (.text:ti_sysbios_knl_Swi_Object__get__S)
                  20013060    00000014     driverlib.a : udma.obj (.text:uDMAControlBaseSet)
                  20013074    00000012     tirtosport.aem4 : ClockP_tirtos.oem4 (.text:ClockP_start)
                  20013086    00000012     drivers_cc32xxware.aem4 : RingBuf.oem4 (.text:RingBuf_construct)
                  20013098    00000012     tirtosport.aem4 : SemaphoreP_tirtos.oem4 (.text:SemaphoreP_pend)
                  200130aa    00000012     driverlib.a : uart.obj (.text:UARTIntClear)
                  200130bc    00000012                 : uart.obj (.text:UARTRxErrorGet)
                  200130ce    00000012     cc3x00_host_driver.aem4 : driver.oem4 (.text:_SlDrvObjLockWaitForever)
                  200130e0    00000012                             : driver.oem4 (.text:_SlDrvSyncObjWaitForever)
                  200130f2    00000012                             : netapp.oem4 (.text:sl_NetAppMDNSUnRegisterService)
                  20013104    00000004     --HOLE-- [fill = 0]
                  20013108    00000012     sysbios.aem4 : BIOS.obj (.text:ti_sysbios_hal_Hwi_Module_startup__E)
                  2001311a    00000012     CDIO_CC3200_pem4.oem4 (.text:xdc_runtime_Startup_exec__I)
                  2001312c    00000010     CC3200_LAUNCHXL.obj (.text:CC3200_LAUNCHXL_initGeneral)
                  2001313c    00000010     CC3200_LAUNCHXL.obj (.text:CC3200_LAUNCHXL_initWiFi)
                  2001314c    00000010     drivers_wifi_cc32xxware.aem4 : WiFiCC3200.oem4 (.text:CC3X00_NWP_maskInterrupt)
                  2001315c    00000010     drivers_cc32xxware.aem4 : PWM.oem4 (.text:PWM_Params_init)
                  2001316c    00000010     driverlib.a : uart.obj (.text:UARTRxErrorClear)
                  2001317c    00000010     drivers_cc32xxware.aem4 : WiFi.oem4 (.text:WiFi_Params_init)
                  2001318c    00000010     cc3x00_host_driver.aem4 : device.oem4 (.text:_sl_GetStartResponseConvert)
                  2001319c    00000010     simplelink_func.obj (.text:htons)
                  200131ac    00000010     drivers_cc32xxware.aem4 : UARTCC3200.oem4 (.text:readBlockingTimeout)
                  200131bc    00000004     --HOLE-- [fill = 0]
                  200131c0    00000010     sysbios.aem4 : BIOS.obj (.text:ti_sysbios_BIOS_getCpuFreq__E)
                  200131d0    00000010                  : BIOS.obj (.text:ti_sysbios_BIOS_setThreadType__E)
                  200131e0    00000010                  : BIOS.obj (.text:ti_sysbios_BIOS_start__E)
                  200131f0    00000010                  : m3_TaskSupport_asm.obj (.text:ti_sysbios_family_arm_m3_TaskSupport_glue)
                  20013200    00000010                  : m3_TaskSupport_asm.obj (.text:ti_sysbios_family_arm_m3_TaskSupport_swap__E)
                  20013210    00000010                  : BIOS.obj (.text:ti_sysbios_gates_GateMutex_Instance_finalize__E)
                  20013220    00000010     CDIO_CC3200_pem4.oem4 (.text:ti_sysbios_knl_Mailbox_Object__get__S)
                  20013230    00000010     sysbios.aem4 : BIOS.obj (.text:ti_sysbios_knl_Semaphore_Instance_finalize__E)
                  20013240    00000010                  : BIOS.obj (.text:ti_sysbios_knl_Swi_disable__E)
                  20013250    00000010     CDIO_CC3200_pem4.oem4 (.text:ti_sysbios_knl_Task_Object__get__S)
                  20013260    00000010     sysbios.aem4 : BIOS.obj (.text:ti_sysbios_knl_Task_disable__E)
                  20013270    00000010     ti.targets.arm.rtsarm.aem4 : Gate.oem4 (.text:xdc_runtime_Gate_leaveSystem__E)
                  20013280    00000010                                : Memory.oem4 (.text:xdc_runtime_Memory_free__E)
                  20013290    00000010                                : SysMin.oem4 (.text:xdc_runtime_SysMin_ready__E)
                  200132a0    00000010                                : System.oem4 (.text:xdc_runtime_System_vsnprintf__E)
                  200132b0    00000010     CDIO_CC3200_pem4.oem4 (.text:xdc_runtime_Text_visitRope__I)
                  200132c0    0000000e     tirtosport.aem4 : HwiP_tirtos.oem4 (.text:HwiP_Params_init)
                  200132ce    0000000e     cc3x00_host_driver.aem4 : driver.oem4 (.text:_SlDrvObjUnLock)
                  200132dc    0000000e                             : driver.oem4 (.text:_SlDrvSyncObjSignal)
                  200132ea    0000000e     rtsv7M4_T_le_eabi.lib : copy_decompress_none.obj (.text:decompress:none)
                  200132f8    0000000e     sysbios.aem4 : BIOS.obj (.text:ti_sysbios_knl_Idle_loop__E)
                  20013306    00000002     --HOLE-- [fill = 0]
                  20013308    0000000e                  : BIOS.obj (.text:ti_sysbios_knl_Queue_empty__E)
                  20013316    00000002     --HOLE-- [fill = 0]
                  20013318    0000000c     drivers_wifi_cc32xxware.aem4 : WiFiCC3200.oem4 (.text:CC3X00_NWP_unMaskInterrupt)
                  20013324    0000000c     driverlib.a : cpu.obj (.text:CPUwfi)
                  20013330    0000000c     tirtosport.aem4 : ClockP_tirtos.oem4 (.text:ClockP_getSystemTickPeriod)
                  2001333c    0000000c     drivers_cc32xxware.aem4 : PowerCC3200.oem4 (.text:Power_getConstraintMask)
                  20013348    0000000c                             : PowerCC3200.oem4 (.text:Power_getDependencyCount)
                  20013354    0000000c                             : RingBuf.oem4 (.text:RingBuf_peek)
                  20013360    0000000c     simplelink_func.obj (.text:SimpleLinkHttpServerCallback)
                  2001336c    0000000c     drivers_cc32xxware.aem4 : UARTCC3200.oem4 (.text:UARTCC3200_init)
                  20013378    0000000c     drivers_wifi_cc32xxware.aem4 : osi_tirtos.oem4 (.text:osi_LockObjUnlock)
                  20013384    0000000c                                  : osi_tirtos.oem4 (.text:osi_SyncObjSignal)
                  20013390    0000000c                                  : osi_tirtos.oem4 (.text:osi_SyncObjSignalFromISR)
                  2001339c    0000000c     drivers_cc32xxware.aem4 : SPICC3200DMA.oem4 (.text:postNotifyFxn)
                  200133a8    0000000c                             : UARTCC3200.oem4 (.text:postNotifyFxn)
                  200133b4    0000000c     CDIO_CC3200_pem4.oem4 (.text:ti_sysbios_family_arm_m3_Hwi_Params__init__S)
                  200133c0    0000000c     sysbios.aem4 : BIOS.obj (.text:ti_sysbios_family_arm_m3_Hwi_disableFxn__E)
                  200133cc    00000004     --HOLE-- [fill = 0]
                  200133d0    0000000c                  : BIOS.obj (.text:ti_sysbios_family_arm_m3_TaskSupport_checkStack__E)
                  200133dc    00000004     --HOLE-- [fill = 0]
                  200133e0    0000000c                  : BIOS.obj (.text:ti_sysbios_family_arm_m3_TaskSupport_getStackAlignment__E)
                  200133ec    00000004     --HOLE-- [fill = 0]
                  200133f0    0000000c                  : BIOS.obj (.text:ti_sysbios_gates_GateHwi_enter__E)
                  200133fc    0000000c     CDIO_CC3200_pem4.oem4 (.text:ti_sysbios_knl_Clock_Params__init__S)
                  20013408    0000000c     sysbios.aem4 : BIOS.obj (.text:ti_sysbios_knl_Clock_getTicks__E)
                  20013414    00000004     --HOLE-- [fill = 0]
                  20013418    0000000c                  : BIOS.obj (.text:ti_sysbios_knl_Clock_setTicks__E)
                  20013424    00000004     --HOLE-- [fill = 0]
                  20013428    0000000c                  : BIOS.obj (.text:ti_sysbios_knl_Clock_tickStart__E)
                  20013434    00000004     --HOLE-- [fill = 0]
                  20013438    0000000c                  : BIOS.obj (.text:ti_sysbios_knl_Clock_tickStop__E)
                  20013444    0000000c     CDIO_CC3200_pem4.oem4 (.text:ti_sysbios_knl_Queue_Object__get__S)
                  20013450    0000000c     CDIO_CC3200_pem4.oem4 (.text:ti_sysbios_knl_Semaphore_Params__init__S)
                  2001345c    0000000c     CDIO_CC3200_pem4.oem4 (.text:ti_sysbios_knl_Task_Params__init__S)
                  20013468    0000000c     driverlib.a : udma.obj (.text:uDMAControlBaseGet)
                  20013474    0000000c                 : udma.obj (.text:uDMAEnable)
                  20013480    0000000c                 : udma.obj (.text:uDMAErrorStatusClear)
                  2001348c    0000000c                 : udma.obj (.text:uDMAIntStatus)
                  20013498    0000000c     ti.targets.arm.rtsarm.aem4 : Error.oem4 (.text:xdc_runtime_Error_init__E)
                  200134a4    0000000c                                : Gate.oem4 (.text:xdc_runtime_Gate_enterSystem__E)
                  200134b0    0000000c                                : Memory.oem4 (.text:xdc_runtime_Memory_calloc__E)
                  200134bc    0000000c                                : Memory.oem4 (.text:xdc_runtime_Memory_getMaxDefaultTypeAlign__E)
                  200134c8    0000000a     tirtosport.aem4 : ClockP_tirtos.oem4 (.text:ClockP_stop)
                  200134d2    0000000a     drivers_cc32xxware.aem4 : List.oem4 (.text:List_empty)
                  200134dc    0000000a                             : PWMTimerCC3200.oem4 (.text:PWMTimerCC3200_getPeriodCounts)
                  200134e6    0000000a                             : PWM.oem4 (.text:PWM_setDuty)
                  200134f0    0000000a                             : SPI.oem4 (.text:SPI_close)
                  200134fa    0000000a                             : SPI.oem4 (.text:SPI_transfer)
                  20013504    0000000a     tirtosport.aem4 : SemaphoreP_tirtos.oem4 (.text:SemaphoreP_post)
                  2001350e    0000000a     drivers_cc32xxware.aem4 : WiFi.oem4 (.text:WiFi_close)
                  20013518    0000000a     CC3200_LAUNCHXL.obj (.text:dmaErrorHwi)
                  20013522    0000000a     drivers_wifi_cc32xxware.aem4 : osi_tirtos.oem4 (.text:osi_LockObjDelete)
                  2001352c    0000000a                                  : osi_tirtos.oem4 (.text:osi_SyncObjDelete)
                  20013536    0000000a     CDIO_CC3200_pem4.oem4 (.text:xdc_runtime_IHeap_alloc)
                  20013540    0000000a     CDIO_CC3200_pem4.oem4 (.text:xdc_runtime_IHeap_free)
                  2001354a    00000008     CC3200_LAUNCHXL.obj (.text:CC3200_LAUNCHXL_initGPIO)
                  20013552    00000008     CC3200_LAUNCHXL.obj (.text:CC3200_LAUNCHXL_initPWM)
                  2001355a    00000008     CC3200_LAUNCHXL.obj (.text:CC3200_LAUNCHXL_initUART)
                  20013562    00000008     tirtosport.aem4 : ClockP_tirtos.oem4 (.text:ClockP_Params_init)
                  2001356a    00000008     driverlib.a : prcm.obj (.text:PRCMSleepEnter)
                  20013572    00000008     drivers_cc32xxware.aem4 : PWMTimerCC3200.oem4 (.text:PWMTimerCC3200_init)
                  2001357a    00000008     tirtosport.aem4 : SemaphoreP_tirtos.oem4 (.text:SemaphoreP_Params_init)
                  20013582    00000008     cc3x00_host_driver.aem4 : driver.oem4 (.text:_SlDrvMemZero)
                  2001358a    00000008     drivers_cc32xxware.aem4 : UARTCC3200.oem4 (.text:readSemCallback)
                  20013592    00000008     rtsv7M4_T_le_eabi.lib : s_copysign.obj (.text)
                  2001359a    00000008     cc3x00_host_driver.aem4 : wlan.oem4 (.text:sl_WlanDisconnect)
                  200135a2    00000006     drivers_wifi_cc32xxware.aem4 : WiFiCC3200.oem4 (.text:WiFiCC3200_control)
                  200135a8    00000008     sysbios.aem4 : BIOS.obj (.text:ti_sysbios_family_arm_m3_Hwi_doSwiRestore__I)
                  200135b0    00000008                  : BIOS.obj (.text:ti_sysbios_family_arm_m3_Hwi_startup__E)
                  200135b8    00000008     drivers_cc32xxware.aem4 : SPICC3200DMA.oem4 (.text:transferCallback)
                  200135c0    00000008                             : UARTCC3200.oem4 (.text:writeSemCallback)
                  200135c8    00000006     cc3x00_host_driver.aem4 : driver.oem4 (.text:_SlDrvResetCmdExt)
                  200135ce    00000006     rtsv7M4_T_le_eabi.lib : copy_decompress_rle.obj (.text:decompress:rle24)
                  200135d4    00000004     --HOLE-- [fill = 0]
                  200135d8    00000006     sysbios.aem4 : BIOS.obj (.text:ti_sysbios_family_arm_m3_Hwi_restoreFxn__E)
                  200135de    00000002     --HOLE-- [fill = 0]
                  200135e0    00000006                  : BIOS.obj (.text:ti_sysbios_gates_GateHwi_leave__E)
                  200135e6    00000002     --HOLE-- [fill = 0]
                  200135e8    00000006                  : BIOS.obj (.text:ti_sysbios_heaps_HeapMem_isBlocking__E)
                  200135ee    00000002     --HOLE-- [fill = 0]
                  200135f0    00000006                  : BIOS.obj (.text:ti_sysbios_knl_Clock_stop__E)
                  200135f6    00000002     --HOLE-- [fill = 0]
                  200135f8    00000006                  : BIOS.obj (.text:ti_sysbios_knl_Queue_Instance_init__E)
                  200135fe    00000002     --HOLE-- [fill = 0]
                  20013600    00000006                  : BIOS.obj (.text:ti_sysbios_knl_Swi_startup__E)
                  20013606    00000006     ti.targets.arm.rtsarm.aem4 : System.oem4 (.text:xdc_runtime_System_Module_startup__E)
                  2001360c    00000004     --HOLE-- [fill = 0]
                  20013610    00000004     sysbios.aem4 : BIOS.obj (.text:ti_sysbios_family_arm_m3_Timer_getMaxTicks__E)
                  20013614    00000004     --HOLE-- [fill = 0]
                  20013618    00000004                  : BIOS.obj (.text:ti_sysbios_gates_GateHwi_query__E)
                  2001361c    00000004     --HOLE-- [fill = 0]
                  20013620    00000004                  : BIOS.obj (.text:ti_sysbios_gates_GateMutex_query__E)
                  20013624    00000004     --HOLE-- [fill = 0]
                  20013628    00000004                  : BIOS.obj (.text:ti_sysbios_knl_Clock_setTimeout__E)
                  2001362c    00000004     --HOLE-- [fill = 0]
                  20013630    00000004                  : BIOS.obj (.text:ti_sysbios_knl_Task_startup__E)
                  20013634    00000004     --HOLE-- [fill = 0]
                  20013638    00000002                  : BIOS.obj (.text:ti_sysbios_gates_GateHwi_Instance_init__E)
                  2001363a    00000006     --HOLE-- [fill = 0]
                  20013640    00000002                  : BIOS.obj (.text:ti_sysbios_knl_Clock_logTick__E)

.bss       0    20013800    000099fd     UNINITIALIZED
                  20013800    00004e20     (.common:task1Stack)
                  20018620    00002710     (.common:task0Stack)
                  2001ad30    00001400     (.common:ti_sysbios_heaps_HeapMem_Instance_State_0_buf__A)
                  2001c130    00000200     CDIO_CC3200_pem4.oem4 (.bss:taskStackSection)
                  2001c330    00000078     (.common:SPICC3200DMAObjects)
                  2001c3a8    00000050     (.common:task0Struct)
                  2001c3f8    00000008     simplelink_func.obj (.bss:g_ucConnectionBSSID)
                  2001c400    00000400     CC3200_LAUNCHXL.obj (.bss:dmaControlTable)
                  2001c800    0000030c     (.common:ti_sysbios_family_arm_m3_Hwi_dispatchTable)
                  2001cb0c    00000200     (.common:xdc_runtime_SysMin_Module_State_0_outbuf__A)
                  2001cd0c    0000012c     drivers_cc32xxware.aem4 : PowerCC3200.oem4 (.bss:PowerCC3200_contextSave)
                  2001ce38    00000120     rtsv7M4_T_le_eabi.lib : trgmsg.obj (.bss:_CIOBUF_)
                  2001cf58    00000108     (.common:uartCC3200Objects)
                  2001d060    00000050     (.common:task1Struct)
                  2001d0b0    00000040     (.common:uartCC3200RingBuffer)
                  2001d0f0    00000030     (.common:wiFiCC3200Objects)
                  2001d120    00000024     simplelink_func.obj (.bss:g_ucConnectionSSID)
                  2001d144    00000020     CDIO_CC3200.obj (.bss:printData)
                  2001d164    00000020     (.common:gpioCallbackInfo)
                  2001d184    00000020     (.common:pwmTimerCC3200Objects)
                  2001d1a4    00000014     CDIO_CC3200.obj (.bss:orderToWorkTask)
                  2001d1b8    00000014     (.common:powerNotifyObj)
                  2001d1cc    00000008     rtsv7M4_T_le_eabi.lib : trgdrv.obj (.bss:parmbuf)
                  2001d1d4    00000004     simplelink_func.obj (.bss)
                  2001d1d8    00000008     (.common:firstRTC$1)
                  2001d1e0    00000008     (.common:spiCC3200DMAscratchBuf)
                  2001d1e8    00000008     (.common:steps)
                  2001d1f0    00000004     (.common:SimpleLinkSpawnTaskHndl)
                  2001d1f4    00000004     (.common:firstTick$2)
                  2001d1f8    00000004     (.common:simpleLink_mailbox)
                  2001d1fc    00000001     (.common:RxIrqCnt)

.const     0    2001d200    00002778     
                  2001d200    00001806     CDIO_CC3200_pem4.oem4 (.const:xdc_runtime_Text_charTab__A)
                  2001ea06    00000101     rtsv7M4_T_le_eabi.lib : ctype.obj (.const:.string:_ctypes_)
                  2001eb07    00000001     CDIO_CC3200_pem4.oem4 (.const:ti_sysbios_knl_Clock_tickMode__C)
                  2001eb08    00000100     driverlib.a : pin.obj (.const:g_ulPinToPadMap)
                  2001ec08    000000b0     cc3x00_host_driver.aem4 : wlan.oem4 (.const:$P$T0$1)
                  2001ecb8    000000a8     driverlib.a : prcm.obj (.const:PRCM_PeriphRegsList)
                  2001ed60    000000a8     CDIO_CC3200_pem4.oem4 (.const:xdc_runtime_Text_nodeTab__A)
                  2001ee08    00000080     driverlib.a : interrupt.obj (.const)
                  2001ee88    00000068     CC3200_LAUNCHXL.obj (.const:spiCC3200DMAHWAttrs)
                  2001eef0    00000060     drivers_cc32xxware.aem4 : SPICC3200DMA.oem4 (.const)
                  2001ef50    0000004c                             : UARTCC3200.oem4 (.const)
                  2001ef9c    00000048     CDIO_CC3200_pem4.oem4 (.const:.string)
                  2001efe4    0000003c     cc3x00_host_driver.aem4 : driver.oem4 (.const:OpcodeTranslateTable)
                  2001f020    0000003c                             : wlan.oem4 (.const)
                  2001f05c    0000003c     CDIO_CC3200_pem4.oem4 (.const:ti_sysbios_knl_Task_Object__PARAMS__C)
                  2001f098    00000038     cc3x00_host_driver.aem4 : driver.oem4 (.const:_SlActionLookupTable)
                  2001f0d0    00000034                             : socket.oem4 (.const)
                  2001f104    00000034     drivers_cc32xxware.aem4 : GPIOCC3200.oem4 (.const)
                  2001f138    00000034     CDIO_CC3200_pem4.oem4 (.const:ti_sysbios_knl_Mailbox_Object__PARAMS__C)
                  2001f16c    00000030     CDIO_CC3200_pem4.oem4 (.const:ti_sysbios_family_arm_m3_Hwi_Object__PARAMS__C)
                  2001f19c    00000030     CC3200_LAUNCHXL.obj (.const:uartCC3200HWAttrs)
                  2001f1cc    0000002c     simplelink_func.obj (.const:$P$T1$2)
                  2001f1f8    0000002a     drivers_cc32xxware.aem4 : GPIOCC3200.oem4 (.const:.string)
                  2001f222    00000002     CDIO_CC3200_pem4.oem4 (.const:ti_sysbios_family_arm_m3_Hwi_Module__id__C)
                  2001f224    00000028     CC3200_LAUNCHXL.obj (.const:PowerCC3200_config)
                  2001f24c    00000028     drivers_cc32xxware.aem4 : UARTCC3200.oem4 (.const:UARTCC3200_fxnTable)
                  2001f274    00000028     cc3x00_host_driver.aem4 : netapp.oem4 (.const)
                  2001f29c    00000028     CDIO_CC3200_pem4.oem4 (.const:ti_sysbios_heaps_HeapMem_Module__FXNS__C)
                  2001f2c4    00000024     CC3200_LAUNCHXL.obj (.const:PWM_config)
                  2001f2e8    00000024     CC3200_LAUNCHXL.obj (.const:SPI_config)
                  2001f30c    00000024     CC3200_LAUNCHXL.obj (.const:UART_config)
                  2001f330    00000024     drivers_cc32xxware.aem4 : UART.oem4 (.const:UART_defaultParams)
                  2001f354    00000024     cc3x00_host_driver.aem4 : driver.oem4 (.const)
                  2001f378    00000024     CDIO_CC3200_pem4.oem4 (.const:ti_sysbios_gates_GateHwi_Module__FXNS__C)
                  2001f39c    00000024     CDIO_CC3200_pem4.oem4 (.const:ti_sysbios_gates_GateMutex_Module__FXNS__C)
                  2001f3c0    00000024     CDIO_CC3200_pem4.oem4 (.const:ti_sysbios_heaps_HeapMem_Object__PARAMS__C)
                  2001f3e4    00000024     CDIO_CC3200_pem4.oem4 (.const:ti_sysbios_knl_Clock_Object__PARAMS__C)
                  2001f408    00000024     CDIO_CC3200_pem4.oem4 (.const:ti_sysbios_knl_Semaphore_Object__PARAMS__C)
                  2001f42c    00000024     CDIO_CC3200_pem4.oem4 (.const:xdc_runtime_Startup_sfxnTab__A)
                  2001f450    00000022     simplelink_func.obj (.const:.string:$P$T0$1)
                  2001f472    00000002     CDIO_CC3200_pem4.oem4 (.const:ti_sysbios_family_arm_m3_Timer_Module__id__C)
                  2001f474    00000020     drivers_cc32xxware.aem4 : PWMTimerCC3200.oem4 (.const)
                  2001f494    00000020                             : SPI.oem4 (.const)
                  2001f4b4    00000020     CDIO_CC3200_pem4.oem4 (.const:ti_sysbios_family_arm_m3_Hwi_Object__DESC__C)
[...]
2001f05c  ti_sysbios_knl_Task_Object__PARAMS__C                      
2001f098  _SlActionLookupTable                                       
2001f0d0  _SlSockSocketCmdCtrl                                       
2001f0d4  _SlSockCloseCmdCtrl                                        
2001f0d8  _SlRecvfomCmdCtrl                                          
2001f0dc  _SlSendCmdCtrl                                             
2001f0e0  _SlListenCmdCtrl                                           
2001f0e4  _SlAcceptCmdCtrl                                           
2001f0e8  _SlRecvCmdCtrl                                             
2001f0ec  _SlSetSockOptCmdCtrl                                       
2001f0f0  _SlGetSockOptCmdCtrl                                       
2001f0f4  _SlSelectCmdCtrl                                           
2001f104  inPinTypes                                                 
2001f10a  outPinTypes                                                
2001f112  outPinStrengths                                            
2001f138  ti_sysbios_knl_Mailbox_Object__PARAMS__C                   
2001f16c  ti_sysbios_family_arm_m3_Hwi_Object__PARAMS__C             
2001f19c  uartCC3200HWAttrs                                          
2001f222  ti_sysbios_family_arm_m3_Hwi_Module__id__C                 
2001f224  PowerCC3200_config                                         
2001f24c  UARTCC3200_fxnTable                                        
2001f274  _SlNetAppStartCtrl                                         
2001f278  _SlNetAppStopCtrl                                          
2001f27c  _SlGetServiceListeCtrl                                     
2001f280  _SlRegisterServiceCtrl                                     
2001f284  _SlGetHostByServiceCtrl                                    
2001f288  _SlGetHostByNameCtrl                                       
2001f28c  _SlNetAppSetCmdCtrl                                        
2001f290  _SlNetAppSendTokenValueCmdCtrl                             
2001f294  _SlNetAppGetCmdCtrl                                        
2001f29c  ti_sysbios_heaps_HeapMem_Module__FXNS__C                   
2001f2c4  PWM_config                                                 
2001f2e8  SPI_config                                                 
2001f30c  UART_config                                                
2001f330  UART_defaultParams                                         
2001f354  RxMsgClassLUT                                              
2001f378  ti_sysbios_gates_GateHwi_Module__FXNS__C                   
2001f39c  ti_sysbios_gates_GateMutex_Module__FXNS__C                 
2001f3c0  ti_sysbios_heaps_HeapMem_Object__PARAMS__C                 
2001f3e4  ti_sysbios_knl_Clock_Object__PARAMS__C                     
2001f408  ti_sysbios_knl_Semaphore_Object__PARAMS__C                 
2001f42c  xdc_runtime_Startup_sfxnTab__A                             
2001f472  ti_sysbios_family_arm_m3_Timer_Module__id__C               
2001f474  PWMTimerCC3200_fxnTable                                    
2001f490  PWMTimerCC3200_MAX_PRESCALAR_VALUE                         
2001f492  PWMTimerCC3200_MAX_MATCH_VALUE                             
2001f494  SPI_defaultParams                                          
2001f4b4  ti_sysbios_family_arm_m3_Hwi_Object__DESC__C               
2001f4d4  ti_sysbios_gates_GateHwi_Object__DESC__C                   
2001f4f4  ti_sysbios_gates_GateMutex_Object__DESC__C                 
2001f514  ti_sysbios_heaps_HeapMem_Object__DESC__C                   
2001f534  ti_sysbios_knl_Clock_Object__DESC__C                       
2001f554  ti_sysbios_knl_Mailbox_Object__DESC__C                     
2001f574  ti_sysbios_knl_Queue_Object__DESC__C                       
2001f594  ti_sysbios_knl_Semaphore_Object__DESC__C                   
2001f5b4  ti_sysbios_knl_Task_Object__DESC__C                        
2001f5ec  WiFi_config                                                
2001f61c  ti_sysbios_gates_GateHwi_Object__PARAMS__C                 
2001f634  ti_sysbios_gates_GateMutex_Object__PARAMS__C               
2001f64c  ti_sysbios_knl_Queue_Object__PARAMS__C                     
2001f678  GPIOCC3200_config                                          
2001f68c  _SlStopCmdCtrl                                             
2001f690  _SlEventMaskSetCmdCtrl                                     
2001f694  _SlEventMaskGetCmdCtrl                                     
2001f698  _SlDeviceGetCmdCtrl                                        
2001f69c  _SlDeviceSetCmdCtrl                                        
2001f6b2  xdc_runtime_Startup_sfxnRts__A                             
2001f6c4  _SlPayloadByProtocolLUT                                    
2001f6d4  WiFiCC3200_fxnTable                                        
2001f6e4  pwmTimerCC3200HWAttrs                                      
2001f71c  PWM_defaultParams                                          
2001f728  WiFi_defaultParams                                         
2001f734  xdc_runtime_Startup_firstFxns__A                           
2001f74a  StartResponseLUT                                           
2001f75a  _SlNetCfgSetCmdCtrl                                        
2001f75e  _SlNetCfgGetCmdCtrl                                        
2001f762  ti_sysbios_gates_GateMutex_Module__id__C                   
2001f764  ti_sysbios_family_arm_m3_Hwi_excHookFuncs__A               
2001f76c  ti_sysbios_knl_Idle_funcList__A                            
2001f774  ti_sysbios_knl_Idle_funcList__C                            
2001f77c  xdc_runtime_Startup_firstFxns__C                           
2001f784  xdc_runtime_Startup_lastFxns__C                            
2001f78c  ti_sysbios_family_arm_m3_Hwi_E_NMI__C                      
2001f790  ti_sysbios_family_arm_m3_Hwi_E_alreadyDefined__C           
2001f794  ti_sysbios_family_arm_m3_Hwi_E_busFault__C                 
2001f798  ti_sysbios_family_arm_m3_Hwi_E_debugMon__C                 
2001f79c  ti_sysbios_family_arm_m3_Hwi_E_hardFault__C                
2001f7a0  ti_sysbios_family_arm_m3_Hwi_E_memFault__C                 
2001f7a4  ti_sysbios_family_arm_m3_Hwi_E_noIsr__C                    
2001f7a8  ti_sysbios_family_arm_m3_Hwi_E_reserved__C                 
2001f7ac  ti_sysbios_family_arm_m3_Hwi_E_svCall__C                   
2001f7b0  ti_sysbios_family_arm_m3_Hwi_E_usageFault__C               
2001f7b4  ti_sysbios_family_arm_m3_Hwi_NUM_INTERRUPTS__C             
2001f7b8  ti_sysbios_family_arm_m3_Hwi_Object__count__C              
2001f7bc  ti_sysbios_family_arm_m3_Hwi_ccr__C                        
2001f7c0  ti_sysbios_family_arm_m3_Hwi_excHandlerFunc__C             
2001f7c4  ti_sysbios_family_arm_m3_Hwi_excHookFuncs__C               
2001f7c8  ti_sysbios_family_arm_m3_Hwi_nullIsrFunc__C                
2001f7cc  ti_sysbios_family_arm_m3_Hwi_priGroup__C                   
2001f7d0  ti_sysbios_family_arm_m3_TaskSupport_stackAlignment__C     
2001f7d4  ti_sysbios_family_arm_m3_Timer_E_cannotSupport__C          
2001f7d8  ti_sysbios_family_arm_m3_Timer_startupNeeded__C            
2001f7dc  ti_sysbios_gates_GateMutex_A_badContext__C                 
2001f7e0  ti_sysbios_gates_GateMutex_Instance_State_sem__O           
2001f7e4  ti_sysbios_gates_GateMutex_Module__diagsEnabled__C         
2001f7e8  ti_sysbios_gates_GateMutex_Module__diagsIncluded__C        
2001f7ec  ti_sysbios_gates_GateMutex_Module__diagsMask__C            
2001f7f0  ti_sysbios_hal_Hwi_E_stackOverflow__C                      
2001f7f4  ti_sysbios_heaps_HeapMem_A_align__C                        
2001f7f8  ti_sysbios_heaps_HeapMem_A_heapSize__C                     
2001f7fc  ti_sysbios_heaps_HeapMem_A_invalidFree__C                  
2001f800  ti_sysbios_heaps_HeapMem_A_zeroBlock__C                    
2001f804  ti_sysbios_heaps_HeapMem_E_memory__C                       
2001f808  ti_sysbios_heaps_HeapMem_Module__diagsEnabled__C           
2001f80c  ti_sysbios_heaps_HeapMem_Module__diagsIncluded__C          
2001f810  ti_sysbios_heaps_HeapMem_Module__diagsMask__C              
2001f814  ti_sysbios_heaps_HeapMem_Module__gateObj__C                
2001f818  ti_sysbios_heaps_HeapMem_Object__count__C                  
2001f81c  ti_sysbios_heaps_HeapMem_reqAlign__C                       
2001f820  ti_sysbios_knl_Clock_A_badThreadType__C                    
2001f824  ti_sysbios_knl_Clock_Module_State_clockQ__O                
2001f828  ti_sysbios_knl_Clock_Module__diagsEnabled__C               
2001f82c  ti_sysbios_knl_Clock_Module__diagsIncluded__C              
2001f830  ti_sysbios_knl_Clock_Module__diagsMask__C                  
2001f834  ti_sysbios_knl_Clock_tickPeriod__C                         
2001f838  ti_sysbios_knl_Mailbox_A_invalidBufSize__C                 
2001f83c  ti_sysbios_knl_Mailbox_Instance_State_dataQue__O           
2001f840  ti_sysbios_knl_Mailbox_Instance_State_dataSem__O           
2001f844  ti_sysbios_knl_Mailbox_Instance_State_freeQue__O           
2001f848  ti_sysbios_knl_Mailbox_Instance_State_freeSem__O           
2001f84c  ti_sysbios_knl_Mailbox_Module__diagsEnabled__C             
2001f850  ti_sysbios_knl_Mailbox_Module__diagsIncluded__C            
2001f854  ti_sysbios_knl_Mailbox_Module__diagsMask__C                
2001f858  ti_sysbios_knl_Mailbox_Object__count__C                    
2001f85c  ti_sysbios_knl_Mailbox_maxTypeAlign__C                     
2001f860  ti_sysbios_knl_Semaphore_A_badContext__C                   
2001f864  ti_sysbios_knl_Semaphore_A_noEvents__C                     
2001f868  ti_sysbios_knl_Semaphore_A_overflow__C                     
2001f86c  ti_sysbios_knl_Semaphore_A_pendTaskDisabled__C             
2001f870  ti_sysbios_knl_Semaphore_Instance_State_pendQ__O           
2001f874  ti_sysbios_knl_Semaphore_Module__diagsEnabled__C           
2001f878  ti_sysbios_knl_Semaphore_Module__diagsIncluded__C          
2001f87c  ti_sysbios_knl_Semaphore_Module__diagsMask__C              
2001f880  ti_sysbios_knl_Swi_Object__count__C                        
2001f884  ti_sysbios_knl_Task_A_badPriority__C                       
2001f888  ti_sysbios_knl_Task_A_badTaskState__C                      
2001f88c  ti_sysbios_knl_Task_A_badThreadType__C                     
2001f890  ti_sysbios_knl_Task_A_badTimeout__C                        
2001f894  ti_sysbios_knl_Task_A_noPendElem__C                        
2001f898  ti_sysbios_knl_Task_A_sleepTaskDisabled__C                 
2001f89c  ti_sysbios_knl_Task_E_spOutOfBounds__C                     
2001f8a0  ti_sysbios_knl_Task_E_stackOverflow__C                     
2001f8a4  ti_sysbios_knl_Task_Module_State_inactiveQ__O              
2001f8a8  ti_sysbios_knl_Task_Module__diagsEnabled__C                
2001f8ac  ti_sysbios_knl_Task_Module__diagsIncluded__C               
2001f8b0  ti_sysbios_knl_Task_Module__diagsMask__C                   
2001f8b4  ti_sysbios_knl_Task_Object__count__C                       
2001f8b8  ti_sysbios_knl_Task_allBlockedFunc__C                      
2001f8bc  ti_sysbios_knl_Task_defaultStackHeap__C                    
2001f8c0  ti_sysbios_knl_Task_defaultStackSize__C                    
2001f8c4  ti_sysbios_knl_Task_numConstructedTasks__C                 
2001f8c8  wiFiCC3200HWAttrs                                          
2001f8cc  xdc_runtime_Assert_E_assertFailed__C                       
2001f8d0  xdc_runtime_Core_A_initializedParams__C                    
2001f8d4  xdc_runtime_Core_Module__diagsEnabled__C                   
2001f8d8  xdc_runtime_Core_Module__diagsIncluded__C                  
2001f8dc  xdc_runtime_Core_Module__diagsMask__C                      
2001f8e0  xdc_runtime_Error_E_memory__C                              
2001f8e4  xdc_runtime_Error_Module__diagsEnabled__C                  
2001f8e8  xdc_runtime_Error_Module__diagsIncluded__C                 
2001f8ec  xdc_runtime_Error_Module__diagsMask__C                     
2001f8f0  xdc_runtime_Error_Module__loggerFxn8__C                    
2001f8f4  xdc_runtime_Error_Module__loggerObj__C                     
2001f8f8  xdc_runtime_Error_policyFxn__C                             
2001f8fc  xdc_runtime_Error_raiseHook__C                             
2001f900  xdc_runtime_IGateProvider_Interface__BASE__C               
2001f904  xdc_runtime_IHeap_Interface__BASE__C                       
2001f908  xdc_runtime_IModule_Interface__BASE__C                     
2001f90c  xdc_runtime_Log_L_error__C                                 
2001f910  xdc_runtime_Memory_defaultHeapInstance__C                  
2001f914  xdc_runtime_Startup_execImpl__C                            
2001f918  xdc_runtime_Startup_maxPasses__C                           
2001f91c  xdc_runtime_Startup_sfxnRts__C                             
2001f920  xdc_runtime_Startup_sfxnTab__C                             
2001f924  xdc_runtime_SysMin_bufSize__C                              
2001f928  xdc_runtime_SysMin_outputFunc__C                           
2001f92c  xdc_runtime_System_Module__gateObj__C                      
2001f930  xdc_runtime_System_abortFxn__C                             
2001f934  xdc_runtime_System_exitFxn__C                              
2001f938  xdc_runtime_System_extendFxn__C                            
2001f93c  xdc_runtime_System_maxAtexitHandlers__C                    
2001f940  xdc_runtime_Text_charTab__C                                
2001f944  xdc_runtime_Text_nameEmpty__C                              
2001f948  xdc_runtime_Text_nameStatic__C                             
2001f94c  xdc_runtime_Text_nameUnknown__C                            
2001f950  xdc_runtime_Text_nodeTab__C                                
2001f954  xdc_runtime_Text_visitRopeFxn__C                           
2001f958  ti_sysbios_hal_Hwi_Module__id__C                           
2001f95a  ti_sysbios_heaps_HeapMem_Module__id__C                     
2001f95c  ti_sysbios_knl_Clock_Module__id__C                         
2001f95e  ti_sysbios_knl_Mailbox_Module__id__C                       
2001f960  ti_sysbios_knl_Semaphore_Module__id__C                     
2001f962  ti_sysbios_knl_Task_Module__id__C                          
2001f964  xdc_runtime_Core_Module__id__C                             
2001f966  xdc_runtime_Error_Module__loggerDefined__C                 
2001f968  xdc_runtime_Error_maxDepth__C                              
2001f96a  xdc_runtime_Memory_Module__id__C                           
2001f96c  xdc_runtime_SysMin_flushAtExit__C                          
2001f96e  xdc_runtime_Text_charCnt__C                                
2001f970  xdc_runtime_Text_isLoaded__C                               
2001f972  xdc_runtime_Text_registryModsLastId__C                     
2001f974  xdc_runtime_Text_unnamedModsLastId__C                      
2001f976  ti_sysbios_knl_Clock_tickSource__C                         
2001f977  xdc_runtime_Error_policy__C                                
2001f978  ti_sysbios_knl_Swi_Module_State_0_readyQ__A                
2001f9f8  ti_sysbios_knl_Task_Module_State_0_readyQ__A               
2001fa78  PowerCC3200_module                                         
2001facc  ti_sysbios_knl_Task_Object__table__V                       
2001fb60  ti_sysbios_knl_Task_Module__state__V                       
2001fba4  ti_sysbios_gates_GateMutex_Object__table__V                
2001fbdc  ti_sysbios_family_arm_m3_Hwi_Module__state__V              
2001fc10  ti_sysbios_family_arm_m3_Timer_Object__table__V            
2001fc40  ti_sysbios_knl_Swi_Object__table__V                        
2001fc70  ti_sysbios_knl_Clock_Module__state__V                      
2001fc9c  ti_sysbios_BIOS_Module__state__V                           
2001fcc0  ti_sysbios_knl_Swi_Module__state__V                        
2001fcdc  g_H2NSyncPattern                                           
2001fce4  g_H2NCnysPattern                                           
2001fcec  g_pCB                                                      
2001fcf0  pPingCallBackFunc                                          
2001fcf4  gFirstCmdMode                                              
2001fcf6  ti_sysbios_family_arm_m3_Hwi_Module_State_0_excActive__A   
2001fcf8  ti_sysbios_family_arm_m3_Hwi_Object__table__V              
2001fd10  ti_sysbios_heaps_HeapMem_Object__table__V                  
2001fd4c  originFlagX                                                
2001fd50  originFlagY                                                
2001fd54  insertPen                                                  
2001fd58  workRead                                                   
2001fd59  dataRead                                                   
2001fd5a  xdc_runtime_Error_Module__state__V                         
2001fd5c  __TI_cleanup_ptr                                           
2001fd60  __TI_dtors_ptr                                             
2001fd64  __TI_enable_exit_profile_output                            
2001fd68  gpioCallbackFunctions                                      
2001fd74  gpioPinConfigs                                             
2001fd80  ti_sysbios_family_arm_m3_Timer_Module__state__V            
2001fd8c  xdc_runtime_SysMin_Module__state__V                        
2001fd98  _lock                                                      
2001fd9c  _unlock                                                    
2001fdb0  ti_sysbios_family_arm_m3_Hwi_Module__root__V               
2001fdb8  ti_sysbios_gates_GateHwi_Module__root__V                   
2001fdc0  ti_sysbios_gates_GateMutex_Module__root__V                 
2001fdc8  ti_sysbios_heaps_HeapMem_Module__root__V                   
2001fdd0  ti_sysbios_knl_Clock_Module__root__V                       
2001fdd8  ti_sysbios_knl_Mailbox_Module__root__V                     
2001fde0  ti_sysbios_knl_Queue_Module__root__V                       
2001fde8  ti_sysbios_knl_Semaphore_Module__root__V                   
2001fdf0  ti_sysbios_knl_Task_Module__root__V                        
2001fdf8  xdc_runtime_Registry_Module__state__V                      
2001fe00  xdc_runtime_Startup_Module__state__V                       
2001fe08  xdc_runtime_System_Module_State_0_atexitHandlers__A        
2001fe10  xdc_runtime_System_Module__state__V                        
2001fe30  errno                                                      
2001fe34  main_func_sp                                               
2001fe38  ti_sysbios_family_arm_m3_Hwi_Module_State_0_excContext__A  
2001fe3c  ti_sysbios_family_arm_m3_Hwi_Module_State_0_excStack__A    
2001fe40  ti_sysbios_gates_GateHwi_Object__table__V                  
2001fe44  ti_sysbios_knl_Task_Module_State_0_idleTask__A             
2001fe48  xdc_runtime_Memory_Module__state__V                        
2001fe50  __stack                                                    
20020150  __STACK_END                                                
20020150  __TI_static_base__                                         
200204a4  __TI_Handler_Table_Base                                    
200204ac  __TI_CINIT_Base                                            
200204ac  __TI_Handler_Table_Limit                                   
200204bc  __TI_CINIT_Limit                                           
e000e000  ti_sysbios_family_arm_m3_Hwi_nvic                          
ffffffff  __TI_pprof_out_hndl                                        
ffffffff  __TI_prof_data_size                                        
ffffffff  __TI_prof_data_start                                       
ffffffff  __binit__                                                  
ffffffff  __c_args__                                                 
ffffffff  binit                                                      
UNDEFED   SHT$$INIT_ARRAY$$Base                                      
UNDEFED   SHT$$INIT_ARRAY$$Limit                                     

[1037 symbols]
