******************************************************************************
                  TI ARM Linker PC v15.12.3                    
******************************************************************************
>> Linked Sun Dec 11 11:55:12 2016

OUTPUT FILE NAME:   <CDIO_CC3200.out>
ENTRY POINT SYMBOL: "_c_int00"  address: 2000a0e9


MEMORY CONFIGURATION

         name            origin    length      used     unused   attr    fill
----------------------  --------  ---------  --------  --------  ----  --------
  SRAM                  20004000   0003c000  0000e0f3  0002df0d  RW X


SEGMENT ALLOCATION MAP

run origin  load origin   length   init length attrs members
----------  ----------- ---------- ----------- ----- -------
20004000    20004000    000080da   000080da    r-x
  20004000    20004000    0000030c   0000030c    r-- .resetVecs
  20004310    20004310    00007dca   00007dca    r-x .text
2000c0e0    2000c0e0    000034f3   00000000    rw-
  2000c0e0    2000c0e0    000034f3   00000000    rw- .bss
2000f5d4    2000f5d4    000020a5   000020a5    r--
  2000f5d4    2000f5d4    000020a5   000020a5    r-- .const
2001167c    2001167c    00000744   00000000    rw-
  2001167c    2001167c    00000441   00000000    rw- .data
  20011ac0    20011ac0    00000300   00000000    rw- .stack
20011dc0    20011dc0    00000344   00000344    r--
  20011dc0    20011dc0    00000344   00000344    r-- .cinit


SECTION ALLOCATION MAP

 output                                  attributes/
section   page    origin      length       input sections
--------  ----  ----------  ----------   ----------------
.text      0    20004310    00007dca     
                  20004310    00000430     sysbios.aem4 : BIOS.obj (.text:ti_sysbios_family_arm_m3_Hwi_excDumpRegs__I)
                  20004740    0000034c     ti.targets.arm.rtsarm.aem4 : System.oem4 (.text:xdc_runtime_System_doPrint__I)
                  20004a8c    00000324     rtsv7M4_T_le_eabi.lib : trgdrv.obj (.text)
                  20004db0    000002cc     CDIO_CC3200.obj (.text:moveTask)
                  2000507c    00000004     tirtosport.aem4 : ClockP_tirtos.oem4 (.text:ClockP_getCpuFreq)
                  20005080    000002c0     sysbios.aem4 : BIOS.obj (.text:ti_sysbios_knl_Semaphore_pend__E)
                  20005340    00000254                  : BIOS.obj (.text:ti_sysbios_heaps_HeapMem_free__E)
                  20005594    00000004     tirtosport.aem4 : HwiP_tirtos.oem4 (.text:HwiP_disable)
                  20005598    00000248     sysbios.aem4 : BIOS.obj (.text:ti_sysbios_heaps_HeapMem_alloc__E)
                  200057e0    0000022c                  : BIOS.obj (.text:ti_sysbios_knl_Task_Instance_finalize__E)
                  20005a0c    00000208     drivers_cc32xxware.aem4 : UARTCC3200.oem4 (.text:UARTCC3200_open)
                  20005c14    00000004                             : List.oem4 (.text:List_head)
                  20005c18    000001fc     sysbios.aem4 : BIOS.obj (.text:ti_sysbios_family_arm_m3_Hwi_excHandlerMax__I)
                  20005e14    000001f4     rtsv7M4_T_le_eabi.lib : ull_div_t2.obj (.text)
                  20006008    000001c8     sysbios.aem4 : BIOS.obj (.text:ti_sysbios_knl_Task_Instance_init__E)
                  200061d0    00000188     power_cc3200_tirtos.aem4 : PowerCC3200_tirtos.oem4 (.text:PowerCC3200_sleepPolicy)
                  20006358    0000017c     drivers_cc32xxware.aem4 : GPIOCC3200.oem4 (.text:GPIO_setConfig)
                  200064d4    00000004                             : List.oem4 (.text:List_next)
                  200064d8    00000174     sysbios.aem4 : BIOS.obj (.text:ti_sysbios_family_arm_m3_Hwi_excBusFault__I)
                  2000664c    00000004     CDIO_CC3200_pem4.oem4 (.text:ti_sysbios_BIOS_RtsGateProxy_enter__E)
                  20006650    00000164     sysbios.aem4 : BIOS.obj (.text:ti_sysbios_family_arm_m3_Hwi_excUsageFault__I)
                  200067b4    00000004     CDIO_CC3200_pem4.oem4 (.text:ti_sysbios_BIOS_RtsGateProxy_leave__E)
                  200067b8    00000148     sysbios.aem4 : BIOS.obj (.text:ti_sysbios_family_arm_m3_Hwi_excMemFault__I)
                  20006900    0000013c                  : BIOS.obj (.text:ti_sysbios_heaps_HeapMem_Instance_init__E)
                  20006a3c    00000134     driverlib.a : prcm.obj (.text:PRCMCC3200MCUInit)
                  20006b70    0000011c     CDIO_CC3200.obj (.text:move)
                  20006c8c    00000004     CDIO_CC3200_pem4.oem4 (.text:ti_sysbios_family_arm_m3_Hwi_destruct)
                  20006c90    0000011c     sysbios.aem4 : BIOS.obj (.text:ti_sysbios_knl_Clock_Instance_init__E)
                  20006dac    00000118     ti.targets.arm.rtsarm.aem4 : Error.oem4 (.text:xdc_runtime_Error_policyDefault__E)
                  20006ec4    00000102     rom_pin_mux_config.obj (.text:PinMuxConfig)
                  20006fc6    00000002     rtsv7M4_T_le_eabi.lib : i_div0.obj (.text)
                  20006fc8    00000100     ti.targets.arm.rtsarm.aem4 : Core-mem.oem4 (.text:xdc_runtime_Core_createObject__I)
                  200070c8    000000f8                                : Startup.oem4 (.text:xdc_runtime_Startup_startMods__I)
                  200071c0    000000f8     CDIO_CC3200_pem4.oem4 (.text:xdc_runtime_System_printfExtend__I)
                  200072b8    000000f6     CDIO_CC3200.obj (.text:charToInt)
                  200073ae    00000002     CDIO_CC3200_pem4.oem4 (.text:ti_sysbios_BIOS_nullFunc__I)
                  200073b0    000000f0     CDIO_CC3200.obj (.text:main)
                  200074a0    000000ec     sysbios.aem4 : BIOS.obj (.text:ti_sysbios_knl_Semaphore_post__E)
                  2000758c    000000e0     drivers_cc32xxware.aem4 : PWMTimerCC3200.oem4 (.text:PWMTimerCC3200_open)
                  2000766c    000000d0     gpio_if.obj (.text:GPIO_IF_LedOff)
                  2000773c    000000d0     drivers_cc32xxware.aem4 : GPIOCC3200.oem4 (.text:powerNotifyFxn)
                  2000780c    000000d0     sysbios.aem4 : m3_Hwi_asm.obj (.text:ti_sysbios_family_arm_m3_Hwi_dispatch__I)
                  200078dc    000000cc     ti.targets.arm.rtsarm.aem4 : Core-smem.oem4 (.text:xdc_runtime_Core_constructObject__I)
                  200079a8    000000bc     sysbios.aem4 : BIOS.obj (.text:ti_sysbios_family_arm_m3_Hwi_excDebugMon__I)
                  20007a64    00000004     CDIO_CC3200_pem4.oem4 (.text:ti_sysbios_family_arm_m3_TaskSupport_Module__startupDone__S)
                  20007a68    000000bc     sysbios.aem4 : BIOS.obj (.text:ti_sysbios_family_arm_m3_Hwi_excHardFault__I)
                  20007b24    000000b8     drivers_cc32xxware.aem4 : PWMTimerCC3200.oem4 (.text:PWMTimerCC3200_setDuty)
                  20007bdc    00000004     CDIO_CC3200_pem4.oem4 (.text:ti_sysbios_heaps_HeapMem_Module_GateProxy_enter__E)
                  20007be0    000000b4     sysbios.aem4 : BIOS.obj (.text:ti_sysbios_gates_GateMutex_enter__E)
                  20007c94    00000004     CDIO_CC3200_pem4.oem4 (.text:ti_sysbios_heaps_HeapMem_Module_GateProxy_leave__E)
                  20007c98    000000b4     sysbios.aem4 : BIOS.obj (.text:ti_sysbios_knl_Task_checkStacks__E)
                  20007d4c    00000004     CDIO_CC3200_pem4.oem4 (.text:ti_sysbios_knl_Clock_TimerProxy_getMaxTicks__E)
                  20007d50    000000a8     sysbios.aem4 : BIOS.obj (.text:ti_sysbios_knl_Task_postInit__I)
                  20007df8    000000a4                  : BIOS.obj (.text:ti_sysbios_knl_Clock_Instance_finalize__E)
                  20007e9c    000000a2     drivers_cc32xxware.aem4 : UARTCC3200.oem4 (.text:UARTCC3200_write)
                  20007f3e    00000002     CDIO_CC3200_pem4.oem4 (.text:xdc_runtime_Startup_reset__I)
                  20007f40    000000a0     auto_init.aem4 : auto_init.oem4 (.text)
                  20007fe0    000000a0     ti.targets.arm.rtsarm.aem4 : Text.oem4 (.text:xdc_runtime_Text_putMod__E)
                  20008080    0000009e     drivers_cc32xxware.aem4 : UARTCC3200.oem4 (.text:readTaskBlocking)
                  2000811e    0000009c     rtsv7M4_T_le_eabi.lib : memcpy_t2.obj (.text)
                  200081ba    00000006     drivers_cc32xxware.aem4 : PWMTimerCC3200.oem4 (.text:PWMTimerCC3200_getPeriodMicroSecs)
                  200081c0    0000009c     sysbios.aem4 : BIOS.obj (.text:ti_sysbios_knl_Semaphore_Instance_init__E)
                  2000825c    0000009a     ti.targets.arm.rtsarm.aem4 : Text.oem4 (.text:xdc_runtime_Text_putSite__E)
                  200082f6    00000098     drivers_cc32xxware.aem4 : UARTCC3200.oem4 (.text:UARTCC3200_control)
                  2000838e    00000098                             : UARTCC3200.oem4 (.text:UARTCC3200_readPolling)
                  20008426    00000002     --HOLE-- [fill = 0]
                  20008428    00000094     sysbios.aem4 : BIOS.obj (.text:ti_sysbios_family_arm_m3_Hwi_Instance_init__E)
                  200084bc    00000090     drivers_cc32xxware.aem4 : PowerCC3200.oem4 (.text:restoreNVICRegs)
                  2000854c    0000008a                             : UARTCC3200.oem4 (.text:readIsrTextBlocking)
                  200085d6    00000002     --HOLE-- [fill = 0]
                  200085d8    00000088     driverlib.a : pin.obj (.text:PinConfigSet)
                  20008660    00000088     drivers_cc32xxware.aem4 : UARTCC3200.oem4 (.text:UARTCC3200_close)
                  200086e8    00000088     sysbios.aem4 : BIOS.obj (.text:ti_sysbios_family_arm_m3_Hwi_initNVIC__E)
                  20008770    00000084     drivers_cc32xxware.aem4 : GPIOCC3200.oem4 (.text:GPIO_init)
                  200087f4    00000084                             : PowerCC3200.oem4 (.text:saveNVICRegs)
                  20008878    00000084     sysbios.aem4 : BIOS.obj (.text:ti_sysbios_family_arm_m3_Hwi_postInit__I)
                  200088fc    00000082     driverlib.a : gpio.obj (.text:GPIOIntTypeSet)
                  2000897e    00000082     drivers_cc32xxware.aem4 : UARTCC3200.oem4 (.text:readIsrTextCallback)
                  20008a00    0000007a                             : UARTCC3200.oem4 (.text:readTaskCallback)
                  20008a7a    0000007a     rtsv7M4_T_le_eabi.lib : memset_t2.obj (.text)
                  20008af4    00000076     driverlib.a : uart.obj (.text:UARTConfigSetExpClk)
                  20008b6a    00000006                 : utils.obj (.text:UtilsDelay)
                  20008b70    00000074     sysbios.aem4 : BIOS.obj (.text:ti_sysbios_knl_Clock_start__E)
                  20008be4    00000070     drivers_cc32xxware.aem4 : PWMTimerCC3200.oem4 (.text:PWMTimerCC3200_control)
                  20008c54    00000070                             : PowerCC3200.oem4 (.text:Power_sleep)
                  20008cc4    0000006d     ti.targets.arm.rtsarm.aem4 : System.oem4 (.text:xdc_runtime_System_formatNum__I)
                  20008d31    00000003     --HOLE-- [fill = 0]
                  20008d34    0000006c     drivers_cc32xxware.aem4 : UARTCC3200.oem4 (.text:initHw)
                  20008da0    0000006c     sysbios.aem4 : BIOS.obj (.text:ti_sysbios_knl_Clock_workFunc__E)
                  20008e0c    00000004     CDIO_CC3200_pem4.oem4 (.text:ti_sysbios_knl_Clock_TimerProxy_setPeriodMicroSecs__E)
                  20008e10    0000006c     sysbios.aem4 : BIOS.obj (.text:ti_sysbios_knl_Swi_restoreHwi__E)
                  20008e7c    00000004     CDIO_CC3200_pem4.oem4 (.text:ti_sysbios_knl_Clock_TimerProxy_start__E)
                  20008e80    0000006c     sysbios.aem4 : BIOS.obj (.text:ti_sysbios_knl_Task_exit__E)
                  20008eec    0000006c     ti.targets.arm.rtsarm.aem4 : Error.oem4 (.text:xdc_runtime_Error_print__E)
                  20008f58    0000006c                                : Memory.oem4 (.text:xdc_runtime_Memory_alloc__E)
                  20008fc4    0000006a     rtsv7M4_T_le_eabi.lib : copy_decompress_rle.obj (.text)
                  2000902e    00000002     --HOLE-- [fill = 0]
                  20009030    00000068     driverlib.a : prcm.obj (.text:PRCMHibernateWakeUpGPIOSelect)
                  20009098    00000068     rtsv7M4_T_le_eabi.lib : trgmsg.obj (.text)
                  20009100    00000068     drivers_cc32xxware.aem4 : UARTCC3200.oem4 (.text:writeData)
                  20009168    00000066     ti.targets.arm.rtsarm.aem4 : Core-mem.oem4 (.text:xdc_runtime_Core_deleteObject__I)
                  200091ce    00000002     --HOLE-- [fill = 0]
                  200091d0    00000064     drivers_cc32xxware.aem4 : GPIOCC3200.oem4 (.text:GPIO_hwiIntFxn)
                  20009234    00000004     CDIO_CC3200_pem4.oem4 (.text:ti_sysbios_knl_Clock_TimerProxy_stop__E)
                  20009238    00000064     sysbios.aem4 : BIOS.obj (.text:ti_sysbios_family_arm_m3_Hwi_dispatchC__I)
                  2000929c    00000062     tirtosport.aem4 : HwiP_tirtos.oem4 (.text:HwiP_create)
                  200092fe    00000002     --HOLE-- [fill = 0]
                  20009300    00000060     sysbios.aem4 : BIOS.obj (.text:ti_sysbios_knl_Task_schedule__I)
                  20009360    0000005e     drivers_cc32xxware.aem4 : UARTCC3200.oem4 (.text:readIsrBinaryBlocking)
                  200093be    00000002     --HOLE-- [fill = 0]
                  200093c0    0000005c     sysbios.aem4 : BIOS.obj (.text:ti_sysbios_knl_Swi_run__I)
                  2000941c    00000004     CDIO_CC3200_pem4.oem4 (.text:ti_sysbios_knl_Clock_destruct)
                  20009420    0000005c     sysbios.aem4 : BIOS.obj (.text:ti_sysbios_knl_Swi_schedule__I)
                  2000947c    00000004     CDIO_CC3200_pem4.oem4 (.text:ti_sysbios_knl_Queue_destruct)
                  20009480    0000005c     sysbios.aem4 : BIOS.obj (.text:ti_sysbios_knl_Task_Module_startup__E)
                  200094dc    00000004     CDIO_CC3200_pem4.oem4 (.text:ti_sysbios_knl_Semaphore_destruct)
                  200094e0    0000005c     sysbios.aem4 : BIOS.obj (.text:ti_sysbios_knl_Task_startCore__E)
                  2000953c    0000005b     ti.targets.arm.rtsarm.aem4 : Text.oem4 (.text:xdc_runtime_Text_putLab__E)
                  20009597    00000001     --HOLE-- [fill = 0]
                  20009598    0000005a     tirtosport.aem4 : ClockP_tirtos.oem4 (.text:ClockP_create)
                  200095f2    00000002     --HOLE-- [fill = 0]
                  200095f4    00000058     driverlib.a : prcm.obj (.text:PRCMPeripheralReset)
                  2000964c    00000058     drivers_cc32xxware.aem4 : PowerCC3200.oem4 (.text:Power_init)
                  200096a4    00000058     tirtosport.aem4 : SemaphoreP_tirtos.oem4 (.text:SemaphoreP_create)
                  200096fc    00000058     CDIO_CC3200_pem4.oem4 (.text:ti_sysbios_family_arm_m3_Hwi_construct)
                  20009754    00000054     drivers_cc32xxware.aem4 : UARTCC3200.oem4 (.text:UARTCC3200_writeCancel)
                  200097a8    00000054                             : UARTCC3200.oem4 (.text:readIsrBinaryCallback)
                  200097fc    00000054     rtsv7M4_T_le_eabi.lib : exit.obj (.text)
                  20009850    00000054     sysbios.aem4 : BIOS.obj (.text:ti_sysbios_family_arm_m3_Timer_setPeriod__E)
                  200098a4    00000004     ti.targets.arm.rtsarm.aem4 : Error.oem4 (.text:xdc_runtime_Error_getSite__E)
                  200098a8    00000054     sysbios.aem4 : BIOS.obj (.text:ti_sysbios_family_arm_m3_Timer_start__E)
                  200098fc    00000054     CDIO_CC3200_pem4.oem4 (.text:ti_sysbios_knl_Task_construct)
                  20009950    00000054     ti.targets.arm.rtsarm.aem4 : Assert.oem4 (.text:xdc_runtime_Assert_raise__I)
                  200099a4    00000004     CDIO_CC3200_pem4.oem4 (.text:xdc_runtime_System_Module_GateProxy_enter__E)
                  200099a8    00000050     sysbios.aem4 : BIOS.obj (.text:ti_sysbios_family_arm_m3_Hwi_Module_startup__E)
                  200099f8    00000050     ti.targets.arm.rtsarm.aem4 : Startup.oem4 (.text:xdc_runtime_Startup_exec__E)
                  20009a48    00000050                                : Text.oem4 (.text:xdc_runtime_Text_visitRope2__I)
                  20009a98    0000004c     gpio_if.obj (.text:GPIO_IF_GetPortNPin)
                  20009ae4    0000004c     drivers_cc32xxware.aem4 : GPIOCC3200.oem4 (.text:GPIO_setCallback)
                  20009b30    0000004c     rtsv7M4_T_le_eabi.lib : cpy_tbl.obj (.text)
                  20009b7c    0000004c     sysbios.aem4 : m3_TaskSupport_asm.obj (.text:ti_sysbios_family_arm_m3_TaskSupport_buildTaskStack)
                  20009bc8    0000004c                  : BIOS.obj (.text:ti_sysbios_family_arm_m3_Timer_setPeriodMicroSecs__E)
                  20009c14    00000004     CDIO_CC3200_pem4.oem4 (.text:xdc_runtime_System_Module_GateProxy_leave__E)
                  20009c18    0000004c     sysbios.aem4 : BIOS.obj (.text:ti_sysbios_heaps_HeapMem_getStats__E)
                  20009c64    00000004     ti.targets.arm.rtsarm.aem4 : System.oem4 (.text:xdc_runtime_System_aprintf_va__F)
                  20009c68    0000004c     sysbios.aem4 : BIOS.obj (.text:ti_sysbios_knl_Swi_runLoop__I)
                  20009cb4    00000004     ti.targets.arm.rtsarm.aem4 : System.oem4 (.text:xdc_runtime_System_printf_va__F)
                  20009cb8    0000004c     sysbios.aem4 : BIOS.obj (.text:ti_sysbios_knl_Task_allBlockedFunction__I)
                  20009d04    00000048     driverlib.a : flash.obj (.text:FlashDisable)
                  20009d4c    00000048                 : prcm.obj (.text:PRCMHibernateWakeupSourceEnable)
                  20009d94    00000048                 : pin.obj (.text:PinConfigGet)
                  20009ddc    00000048     drivers_cc32xxware.aem4 : PowerCC3200.oem4 (.text:notify)
                  20009e24    00000004     --HOLE-- [fill = 0]
                  20009e28    00000048     sysbios.aem4 : BIOS.obj (.text:ti_sysbios_family_arm_m3_Hwi_disableInterrupt__E)
                  20009e70    00000048                  : BIOS.obj (.text:ti_sysbios_family_arm_m3_Hwi_enableInterrupt__E)
                  20009eb8    00000048                  : BIOS.obj (.text:ti_sysbios_family_arm_m3_Hwi_excReserved__I)
                  20009f00    00000048                  : m3_Hwi_asm_switch.obj (.text:ti_sysbios_family_arm_m3_Hwi_initStacks__E)
                  20009f48    00000048                  : BIOS.obj (.text:ti_sysbios_family_arm_m3_Timer_initDevice__I)
                  20009f90    00000046     drivers_cc32xxware.aem4 : RingBuf.oem4 (.text:RingBuf_put)
                  20009fd6    00000046     ti.targets.arm.rtsarm.aem4 : Core-params.oem4 (.text:xdc_runtime_Core_assignParams__I)
                  2000a01c    00000044     driverlib.a : prcm.obj (.text:PRCMLPDSEnter)
                  2000a060    00000044     drivers_cc32xxware.aem4 : PowerCC3200_asm.oem4 (.text:PowerCC3200_enterLPDS)
                  2000a0a4    00000044                             : UARTCC3200.oem4 (.text:UARTCC3200_hwiIntFxn)
                  2000a0e8    00000044     boot.aem4 : boot.oem4 (.text)
                  2000a12c    00000004     --HOLE-- [fill = 0]
                  2000a130    00000044     sysbios.aem4 : BIOS.obj (.text:ti_sysbios_family_arm_m3_Hwi_getStackInfo__E)
                  2000a174    00000004     --HOLE-- [fill = 0]
                  2000a178    00000044                  : BIOS.obj (.text:ti_sysbios_knl_Swi_post__E)
                  2000a1bc    00000044     ti.targets.arm.rtsarm.aem4 : Error.oem4 (.text:xdc_runtime_Error_setX__E)
                  2000a200    00000044                                : SysMin.oem4 (.text:xdc_runtime_SysMin_flush__E)
                  2000a244    00000044                                : Text.oem4 (.text:xdc_runtime_Text_xprintf__I)
                  2000a288    00000042     drivers_cc32xxware.aem4 : PowerCC3200_asm.oem4 (.text:PowerCC3200_resumeLPDS)
                  2000a2ca    00000042                             : UARTCC3200.oem4 (.text:UARTCC3200_writePolling)
                  2000a30c    00000040                             : GPIOCC3200.oem4 (.text:GPIO_enableInt)
                  2000a34c    00000040     driverlib.a : pin.obj (.text:PinModeSet)
                  2000a38c    00000040     drivers_cc32xxware.aem4 : PowerCC3200.oem4 (.text:Power_setDependency)
                  2000a3cc    00000040                             : RingBuf.oem4 (.text:RingBuf_get)
                  2000a40c    00000040                             : UARTCC3200.oem4 (.text:UARTCC3200_read)
                  2000a44c    00000040     rtsv7M4_T_le_eabi.lib : u_divt2.obj (.text)
                  2000a48c    00000004     --HOLE-- [fill = 0]
                  2000a490    00000040     sysbios.aem4 : BIOS.obj (.text:ti_sysbios_family_arm_m3_Timer_Module_startup__E)
                  2000a4d0    0000003c     driverlib.a : prcm.obj (.text:PRCMPeripheralClkEnable)
                  2000a50c    0000003c                 : prcm.obj (.text:PRCMSlowClkCtrFastGet)
                  2000a548    0000003c                 : pin.obj (.text:PinDirModeSet)
                  2000a584    00000004     --HOLE-- [fill = 0]
                  2000a588    0000003c     sysbios.aem4 : BIOS.obj (.text:ti_sysbios_family_arm_m3_Hwi_excSvCall__I)
                  2000a5c4    00000004     --HOLE-- [fill = 0]
                  2000a5c8    0000003c                  : BIOS.obj (.text:ti_sysbios_heaps_HeapMem_init__I)
                  2000a604    00000004     --HOLE-- [fill = 0]
                  2000a608    0000003c                  : BIOS.obj (.text:ti_sysbios_knl_Clock_walkQueuePeriodic__E)
                  2000a644    00000004     --HOLE-- [fill = 0]
                  2000a648    0000003c                  : BIOS.obj (.text:ti_sysbios_knl_Swi_restore__E)
                  2000a684    00000004     --HOLE-- [fill = 0]
                  2000a688    0000003c                  : BIOS.obj (.text:ti_sysbios_knl_Swi_startup__E)
                  2000a6c4    0000003a     gpio_if.obj (.text:GPIO_IF_Set)
                  2000a6fe    00000002     --HOLE-- [fill = 0]
                  2000a700    00000038     driverlib.a : prcm.obj (.text:PRCMIntEnable)
                  2000a738    00000038     drivers_cc32xxware.aem4 : PWM.oem4 (.text:PWM_init)
                  2000a770    00000038     power_cc3200_tirtos.aem4 : PowerCC3200_tirtos.oem4 (.text:PowerCC3200_initPolicy)
                  2000a7a8    00000038     drivers_cc32xxware.aem4 : UART.oem4 (.text:UART_init)
                  2000a7e0    00000038     sysbios.aem4 : BIOS.obj (.text:ti_sysbios_family_arm_m3_Hwi_excNoIsr__I)
                  2000a818    00000038                  : BIOS.obj (.text:ti_sysbios_knl_Task_processVitalTaskFlag__I)
                  2000a850    00000038     ti.targets.arm.rtsarm.aem4 : SysMin.oem4 (.text:xdc_runtime_SysMin_putch__E)
                  2000a888    00000038                                : System.oem4 (.text:xdc_runtime_System_atexit__E)
                  2000a8c0    00000036     driverlib.a : gpio.obj (.text:GPIODirModeSet)
                  2000a8f6    00000036                 : timer.obj (.text:TimerControlLevel)
                  2000a92c    00000036     drivers_cc32xxware.aem4 : UARTCC3200.oem4 (.text:UARTCC3200_readCancel)
                  2000a962    00000002     --HOLE-- [fill = 0]
                  2000a964    00000034     driverlib.a : prcm.obj (.text:PRCMPeripheralStatusGet)
                  2000a998    00000034                 : prcm.obj (.text:PRCMSRAMRetentionEnable)
                  2000a9cc    00000034     drivers_cc32xxware.aem4 : PowerCC3200.oem4 (.text:Power_releaseDependency)
                  2000aa00    00000034     power_cc3200_tirtos.aem4 : PowerCC3200_tirtos.oem4 (.text:getCountsRTC)
                  2000aa34    00000034     drivers_cc32xxware.aem4 : PWMTimerCC3200.oem4 (.text:getPowerMgrId)
                  2000aa68    00000034                             : PowerCC3200.oem4 (.text:restorePeriphClocks)
                  2000aa9c    00000004     --HOLE-- [fill = 0]
                  2000aaa0    00000034     sysbios.aem4 : BIOS.obj (.text:ti_sysbios_family_arm_m3_Hwi_Instance_finalize__E)
                  2000aad4    00000004     --HOLE-- [fill = 0]
                  2000aad8    00000034                  : BIOS.obj (.text:ti_sysbios_family_arm_m3_Hwi_excNmi__I)
                  2000ab0c    00000004     --HOLE-- [fill = 0]
                  2000ab10    00000034                  : BIOS.obj (.text:ti_sysbios_family_arm_m3_Timer_periodicStub__I)
                  2000ab44    00000004     --HOLE-- [fill = 0]
                  2000ab48    00000034                  : BIOS.obj (.text:ti_sysbios_hal_Hwi_checkStack)
                  2000ab7c    00000034     CDIO_CC3200_pem4.oem4 (.text:ti_sysbios_knl_Clock_construct)
                  2000abb0    00000034     ti.targets.arm.rtsarm.aem4 : Core-label.oem4 (.text:xdc_runtime_Core_assignLabel__I)
                  2000abe4    00000033                                : Text.oem4 (.text:xdc_runtime_Text_printVisFxn__I)
                  2000ac17    00000001     --HOLE-- [fill = 0]
                  2000ac18    00000032     sysbios.aem4 : BIOS.obj (.text:ti_sysbios_hal_Hwi_initStack)
                  2000ac4a    00000002     --HOLE-- [fill = 0]
                  2000ac4c    00000030     drivers_cc32xxware.aem4 : PWM.oem4 (.text:PWM_open)
                  2000ac7c    00000030     driverlib.a : pin.obj (.text:PinTypeGPIO)
                  2000acac    00000030     drivers_cc32xxware.aem4 : PowerCC3200.oem4 (.text:Power_releaseConstraint)
                  2000acdc    00000030                             : PowerCC3200.oem4 (.text:Power_setConstraint)
                  2000ad0c    00000030     driverlib.a : uart.obj (.text:UARTDisable)
                  2000ad3c    00000030     drivers_cc32xxware.aem4 : UART.oem4 (.text:UART_open)
                  2000ad6c    00000030     CDIO_CC3200_pem4.oem4 (.text:ti_sysbios_BIOS_atExitFunc__I)
                  2000ad9c    00000004     --HOLE-- [fill = 0]
                  2000ada0    00000030     sysbios.aem4 : BIOS.obj (.text:ti_sysbios_family_arm_m3_TaskSupport_start__E)
                  2000add0    00000030     CDIO_CC3200_pem4.oem4 (.text:ti_sysbios_gates_GateHwi_Object__create__S)
                  2000ae00    00000030     CDIO_CC3200_pem4.oem4 (.text:ti_sysbios_gates_GateMutex_Object__create__S)
                  2000ae30    00000030     CDIO_CC3200_pem4.oem4 (.text:ti_sysbios_heaps_HeapMem_Object__create__S)
                  2000ae60    00000030     CDIO_CC3200_pem4.oem4 (.text:ti_sysbios_knl_Semaphore_construct)
                  2000ae90    00000030     sysbios.aem4 : BIOS.obj (.text:ti_sysbios_knl_Semaphore_pendTimeout__I)
                  2000aec0    00000030                  : BIOS.obj (.text:ti_sysbios_knl_Task_unblockI__E)
                  2000aef0    00000030     ti.targets.arm.rtsarm.aem4 : SysMin.oem4 (.text:xdc_runtime_SysMin_abort__E)
                  2000af20    00000030                                : System.oem4 (.text:xdc_runtime_System_processAtExit__E)
                  2000af50    0000002e     drivers_cc32xxware.aem4 : PWMTimerCC3200.oem4 (.text:PWMTimerCC3200_close)
                  2000af7e    00000002     --HOLE-- [fill = 0]
                  2000af80    0000002c     driverlib.a : prcm.obj (.text:PRCMLPDSIntervalSet)
                  2000afac    0000002c                 : prcm.obj (.text:PRCMSysResetCauseGet)
                  2000afd8    0000002c     CDIO_CC3200_pem4.oem4 (.text:ti_sysbios_knl_Clock_doTick__I)
                  2000b004    0000002c     CDIO_CC3200_pem4.oem4 (.text:ti_sysbios_knl_Queue_construct)
                  2000b030    0000002c     sysbios.aem4 : BIOS.obj (.text:ti_sysbios_knl_Task_restore__E)
                  2000b05c    0000002c     ti.targets.arm.rtsarm.aem4 : Text.oem4 (.text:xdc_runtime_Text_cordText__E)
                  2000b088    0000002a     driverlib.a : timer.obj (.text:TimerLoadSet)
                  2000b0b2    0000002a                 : timer.obj (.text:TimerMatchSet)
                  2000b0dc    0000002a                 : timer.obj (.text:TimerPrescaleMatchSet)
                  2000b106    0000002a                 : timer.obj (.text:TimerPrescaleSet)
                  2000b130    0000002a     ti.targets.arm.rtsarm.aem4 : System.oem4 (.text:xdc_runtime_System_putchar__I)
                  2000b15a    00000002     --HOLE-- [fill = 0]
                  2000b15c    00000028     driverlib.a : prcm.obj (.text:PRCMLPDSWakeupSourceEnable)
                  2000b184    00000028                 : prcm.obj (.text:PRCMPeripheralClkDisable)
                  2000b1ac    00000028     drivers_cc32xxware.aem4 : PowerCC3200.oem4 (.text:Power_registerNotify)
                  2000b1d4    00000028                             : UARTCC3200.oem4 (.text:releasePowerConstraint)
                  2000b1fc    00000004     --HOLE-- [fill = 0]
                  2000b200    00000028     sysbios.aem4 : BIOS.obj (.text:ti_sysbios_knl_Swi_Module_startup__E)
                  2000b228    00000026     drivers_cc32xxware.aem4 : List.oem4 (.text:List_put)
                  2000b24e    00000026     ti.targets.arm.rtsarm.aem4 : System.oem4 (.text:xdc_runtime_System_avprintf__E)
                  2000b274    00000024     driverlib.a : prcm.obj (.text:PRCMLPDSWakeUpGPIOSelect)
                  2000b298    00000024                 : uart.obj (.text:UARTCharPutNonBlocking)
                  2000b2bc    00000024                 : uart.obj (.text:UARTEnable)
                  2000b2e0    00000024     CDIO_CC3200_pem4.oem4 (.text:ti_sysbios_BIOS_errorRaiseHook__I)
                  2000b304    00000024     CDIO_CC3200_pem4.oem4 (.text:ti_sysbios_BIOS_registerRTSLock__I)
                  2000b328    00000024     CDIO_CC3200_pem4.oem4 (.text:ti_sysbios_BIOS_removeRTSLock__I)
                  2000b34c    00000024     CDIO_CC3200_pem4.oem4 (.text:ti_sysbios_BIOS_startFunc__I)
                  2000b370    00000024     sysbios.aem4 : BIOS.obj (.text:ti_sysbios_family_arm_m3_Hwi_doTaskRestore__I)
                  2000b394    00000004     --HOLE-- [fill = 0]
                  2000b398    00000024                  : BIOS.obj (.text:ti_sysbios_family_arm_m3_Timer_startup__E)
                  2000b3bc    00000024     CDIO_CC3200_pem4.oem4 (.text:ti_sysbios_gates_GateMutex_Object__delete__S)
                  2000b3e0    00000024     sysbios.aem4 : BIOS.obj (.text:ti_sysbios_knl_Clock_Module_startup__E)
                  2000b404    00000024     ti.targets.arm.rtsarm.aem4 : System.oem4 (.text:xdc_runtime_System_vprintf__E)
                  2000b428    00000022     driverlib.a : gpio.obj (.text:GPIOIntStatus)
                  2000b44a    00000022     CDIO_CC3200_pem4.oem4 (.text:xdc_runtime_SysMin_output__I)
                  2000b46c    00000020     driverlib.a : gpio.obj (.text:GPIOPinWrite)
                  2000b48c    00000020                 : prcm.obj (.text:PRCMLPDSRestoreInfoSet)
                  2000b4ac    00000020     drivers_cc32xxware.aem4 : PowerCC3200.oem4 (.text:Power_idleFunc)
                  2000b4cc    00000020                             : PowerCC3200.oem4 (.text:Power_unregisterNotify)
                  2000b4ec    00000020     CDIO_CC3200.obj (.text:brytarInt)
                  2000b50c    00000020     CDIO_CC3200.obj (.text:brytarIntYO)
                  2000b52c    00000020     drivers_cc32xxware.aem4 : UARTCC3200.oem4 (.text:getPowerMgrId)
                  2000b54c    00000020     CDIO_CC3200_pem4.oem4 (.text:ti_sysbios_BIOS_rtsLock__I)
                  2000b56c    00000020     sysbios.aem4 : m3_Hwi_asm.obj (.text:ti_sysbios_family_arm_m3_Hwi_excHandlerAsm__I)
                  2000b58c    00000004     --HOLE-- [fill = 0]
                  2000b590    00000020                  : BIOS.obj (.text:ti_sysbios_family_arm_m3_Hwi_excHandler__I)
                  2000b5b0    00000020     CDIO_CC3200_pem4.oem4 (.text:ti_sysbios_gates_GateHwi_Object__delete__S)
                  2000b5d0    00000020     CDIO_CC3200_pem4.oem4 (.text:ti_sysbios_heaps_HeapMem_Object__delete__S)
                  2000b5f0    00000020     CDIO_CC3200_pem4.oem4 (.text:ti_sysbios_knl_Clock_Object__destruct__S)
                  2000b610    00000020     sysbios.aem4 : BIOS.obj (.text:ti_sysbios_knl_Idle_run__E)
                  2000b630    00000020     CDIO_CC3200_pem4.oem4 (.text:ti_sysbios_knl_Semaphore_Object__destruct__S)
                  2000b650    00000020     ti.targets.arm.rtsarm.aem4 : Registry.oem4 (.text:xdc_runtime_Registry_findById__E)
                  2000b670    00000020                                : SysMin.oem4 (.text:xdc_runtime_SysMin_Module_startup__E)
                  2000b690    0000001e     driverlib.a : timer.obj (.text:TimerDisable)
                  2000b6ae    0000001e                 : timer.obj (.text:TimerEnable)
                  2000b6cc    0000001e                 : uart.obj (.text:UARTCharPut)
                  2000b6ea    0000001e                 : uart.obj (.text:UARTIntStatus)
                  2000b708    0000001e     sysbios.aem4 : m3_Hwi_asm_switch.obj (.text:ti_sysbios_family_xxx_Hwi_switchAndRunFunc)
                  2000b726    0000001c     driverlib.a : uart.obj (.text:UARTCharGetNonBlocking)
                  2000b742    0000001c                 : uart.obj (.text:UARTFlowControlSet)
                  2000b75e    00000002     --HOLE-- [fill = 0]
                  2000b760    0000001c     CDIO_CC3200_pem4.oem4 (.text:ti_sysbios_family_arm_m3_Hwi_Object__destruct__S)
                  2000b77c    00000004     --HOLE-- [fill = 0]
                  2000b780    0000001c     sysbios.aem4 : BIOS.obj (.text:ti_sysbios_family_arm_m3_Timer_stop__E)
                  2000b79c    00000004     --HOLE-- [fill = 0]
                  2000b7a0    0000001c                  : BIOS.obj (.text:ti_sysbios_gates_GateMutex_Instance_init__E)
                  2000b7bc    0000001c     CDIO_CC3200_pem4.oem4 (.text:ti_sysbios_knl_Queue_Object__destruct__S)
                  2000b7d8    0000001c     sysbios.aem4 : BIOS.obj (.text:ti_sysbios_knl_Task_enter__I)
                  2000b7f4    0000001c     ti.targets.arm.rtsarm.aem4 : Error.oem4 (.text:xdc_runtime_Error_raiseX__E)
                  2000b810    0000001c                                : Memory.oem4 (.text:xdc_runtime_Memory_valloc__E)
                  2000b82c    0000001c                                : SysMin.oem4 (.text:xdc_runtime_SysMin_exit__E)
                  2000b848    0000001c                                : System.oem4 (.text:xdc_runtime_System_abort__E)
                  2000b864    0000001a     driverlib.a : gpio.obj (.text:GPIOIntEnable)
                  2000b87e    0000001a     drivers_cc32xxware.aem4 : List.oem4 (.text:List_remove)
                  2000b898    0000001a     driverlib.a : pin.obj (.text:PinTypeTimer)
                  2000b8b2    0000001a     CDIO_CC3200_pem4.oem4 (.text:ti_sysbios_family_arm_m3_Hwi_Handle__label__S)
                  2000b8cc    0000001a     sysbios.aem4 : m3_Hwi_asm.obj (.text:ti_sysbios_family_arm_m3_Hwi_pendSV__I)
                  2000b8e6    0000001a     CDIO_CC3200_pem4.oem4 (.text:ti_sysbios_gates_GateHwi_Handle__label__S)
                  2000b900    0000001a     CDIO_CC3200_pem4.oem4 (.text:ti_sysbios_gates_GateMutex_Handle__label__S)
                  2000b91a    0000001a     CDIO_CC3200_pem4.oem4 (.text:ti_sysbios_heaps_HeapMem_Handle__label__S)
                  2000b934    0000001a     CDIO_CC3200_pem4.oem4 (.text:ti_sysbios_knl_Swi_Handle__label__S)
                  2000b94e    0000001a     CDIO_CC3200_pem4.oem4 (.text:ti_sysbios_knl_Task_Handle__label__S)
                  2000b968    0000001a     CDIO_CC3200_pem4.oem4 (.text:xdc_runtime_System_aprintf__E)
                  2000b982    0000001a     CDIO_CC3200_pem4.oem4 (.text:xdc_runtime_System_printf__E)
                  2000b99c    00000018     driverlib.a : uart.obj (.text:UARTBusy)
                  2000b9b4    00000018                 : uart.obj (.text:UARTFIFOLevelSet)
                  2000b9cc    00000018                 : uart.obj (.text:UARTIntDisable)
                  2000b9e4    00000018                 : uart.obj (.text:UARTIntEnable)
                  2000b9fc    00000018     drivers_cc32xxware.aem4 : UART.oem4 (.text:UART_Params_init)
                  2000ba14    00000018     rtsv7M4_T_le_eabi.lib : args_main.obj (.text)
                  2000ba2c    00000018                           : ll_mul_t2.obj (.text)
                  2000ba44    00000018     CDIO_CC3200_pem4.oem4 (.text:ti_sysbios_BIOS_rtsUnlock__I)
                  2000ba5c    00000018     CDIO_CC3200_pem4.oem4 (.text:ti_sysbios_family_arm_m3_Hwi_Module__startupDone__F)
                  2000ba74    00000018     CDIO_CC3200_pem4.oem4 (.text:ti_sysbios_family_arm_m3_Timer_Module__startupDone__F)
                  2000ba8c    00000004     --HOLE-- [fill = 0]
                  2000ba90    00000018     sysbios.aem4 : BIOS.obj (.text:ti_sysbios_gates_GateMutex_leave__E)
                  2000baa8    00000018     ti.targets.arm.rtsarm.aem4 : Error.oem4 (.text:xdc_runtime_Error_check__E)
                  2000bac0    00000018                                : System.oem4 (.text:xdc_runtime_System_exit__E)
                  2000bad8    00000018                                : Text.oem4 (.text:xdc_runtime_Text_ropeText__E)
                  2000baf0    00000016     tirtosport.aem4 : ClockP_tirtos.oem4 (.text:ClockP_delete)
                  2000bb06    00000016                     : HwiP_tirtos.oem4 (.text:HwiP_delete)
                  2000bb1c    00000016     driverlib.a : prcm.obj (.text:PRCMHIBRegRead)
                  2000bb32    00000016                 : prcm.obj (.text:PRCMHIBRegWrite)
                  2000bb48    00000016     tirtosport.aem4 : SemaphoreP_tirtos.oem4 (.text:SemaphoreP_delete)
                  2000bb5e    00000016     driverlib.a : uart.obj (.text:UARTCharGet)
                  2000bb74    00000016     drivers_cc32xxware.aem4 : UARTCC3200.oem4 (.text:startTxFifoEmptyClk)
                  2000bb8a    00000016     CDIO_CC3200_pem4.oem4 (.text:ti_sysbios_BIOS_exitFunc__I)
                  2000bba0    00000016     CDIO_CC3200.obj (.text:ti_sysbios_knl_Task_Params_init)
                  2000bbb6    00000014     driverlib.a : cpu.obj (.text:CPUcpsid)
                  2000bbca    00000014                 : cpu.obj (.text:CPUcpsie)
                  2000bbde    00000014                 : gpio.obj (.text:GPIOIntClear)
                  2000bbf2    00000002     --HOLE-- [fill = 0]
                  2000bbf4    00000014     rtsv7M4_T_le_eabi.lib : _lock.obj (.text)
                  2000bc08    00000014                           : strcpy.obj (.text)
                  2000bc1c    00000014                           : strlen.obj (.text)
                  2000bc30    00000014     CDIO_CC3200_pem4.oem4 (.text:ti_sysbios_family_arm_m3_Hwi_Object__get__S)
                  2000bc44    00000004     --HOLE-- [fill = 0]
                  2000bc48    00000014     sysbios.aem4 : BIOS.obj (.text:ti_sysbios_family_arm_m3_Hwi_switchFromBootStack__E)
                  2000bc5c    00000014     CDIO_CC3200_pem4.oem4 (.text:ti_sysbios_heaps_HeapMem_Object__get__S)
                  2000bc70    00000014     sysbios.aem4 : BIOS.obj (.text:ti_sysbios_knl_Clock_tickReconfig__E)
                  2000bc84    00000014     CDIO_CC3200_pem4.oem4 (.text:ti_sysbios_knl_Swi_Object__get__S)
                  2000bc98    00000012     tirtosport.aem4 : ClockP_tirtos.oem4 (.text:ClockP_start)
                  2000bcaa    00000012     drivers_cc32xxware.aem4 : RingBuf.oem4 (.text:RingBuf_construct)
                  2000bcbc    00000012     tirtosport.aem4 : SemaphoreP_tirtos.oem4 (.text:SemaphoreP_pend)
                  2000bcce    00000012     driverlib.a : uart.obj (.text:UARTIntClear)
                  2000bce0    00000012                 : uart.obj (.text:UARTRxErrorGet)
                  2000bcf2    00000006     rtsv7M4_T_le_eabi.lib : copy_decompress_rle.obj (.text:decompress:rle24)
                  2000bcf8    00000012     sysbios.aem4 : BIOS.obj (.text:ti_sysbios_hal_Hwi_Module_startup__E)
                  2000bd0a    00000012     CDIO_CC3200_pem4.oem4 (.text:xdc_runtime_Startup_exec__I)
                  2000bd1c    00000010     CC3200_LAUNCHXL.obj (.text:CC3200_LAUNCHXL_initGeneral)
                  2000bd2c    00000010     drivers_cc32xxware.aem4 : PWM.oem4 (.text:PWM_Params_init)
                  2000bd3c    00000010     driverlib.a : uart.obj (.text:UARTRxErrorClear)
                  2000bd4c    00000010     drivers_cc32xxware.aem4 : UARTCC3200.oem4 (.text:readBlockingTimeout)
                  2000bd5c    00000004     --HOLE-- [fill = 0]
                  2000bd60    00000010     sysbios.aem4 : BIOS.obj (.text:ti_sysbios_BIOS_getCpuFreq__E)
                  2000bd70    00000010                  : BIOS.obj (.text:ti_sysbios_BIOS_setThreadType__E)
                  2000bd80    00000010                  : BIOS.obj (.text:ti_sysbios_BIOS_start__E)
                  2000bd90    00000010                  : m3_TaskSupport_asm.obj (.text:ti_sysbios_family_arm_m3_TaskSupport_glue)
                  2000bda0    00000010                  : m3_TaskSupport_asm.obj (.text:ti_sysbios_family_arm_m3_TaskSupport_swap__E)
                  2000bdb0    00000010                  : BIOS.obj (.text:ti_sysbios_gates_GateMutex_Instance_finalize__E)
                  2000bdc0    00000010                  : BIOS.obj (.text:ti_sysbios_knl_Semaphore_Instance_finalize__E)
                  2000bdd0    00000010                  : BIOS.obj (.text:ti_sysbios_knl_Swi_disable__E)
                  2000bde0    00000010     CDIO_CC3200_pem4.oem4 (.text:ti_sysbios_knl_Task_Object__get__S)
                  2000bdf0    00000010     sysbios.aem4 : BIOS.obj (.text:ti_sysbios_knl_Task_disable__E)
                  2000be00    00000010     ti.targets.arm.rtsarm.aem4 : Gate.oem4 (.text:xdc_runtime_Gate_leaveSystem__E)
                  2000be10    00000010                                : Memory.oem4 (.text:xdc_runtime_Memory_free__E)
                  2000be20    00000010                                : SysMin.oem4 (.text:xdc_runtime_SysMin_ready__E)
                  2000be30    00000010                                : System.oem4 (.text:xdc_runtime_System_vsnprintf__E)
                  2000be40    00000010     CDIO_CC3200_pem4.oem4 (.text:xdc_runtime_Text_visitRope__I)
                  2000be50    0000000e     tirtosport.aem4 : HwiP_tirtos.oem4 (.text:HwiP_Params_init)
                  2000be5e    0000000e     rtsv7M4_T_le_eabi.lib : copy_decompress_none.obj (.text:decompress:none)
                  2000be6c    00000004     --HOLE-- [fill = 0]
                  2000be70    0000000e     sysbios.aem4 : BIOS.obj (.text:ti_sysbios_knl_Idle_loop__E)
                  2000be7e    00000002     --HOLE-- [fill = 0]
                  2000be80    0000000e                  : BIOS.obj (.text:ti_sysbios_knl_Queue_empty__E)
                  2000be8e    0000000c     driverlib.a : cpu.obj (.text:CPUwfi)
                  2000be9a    00000002     --HOLE-- [fill = 0]
                  2000be9c    0000000c     tirtosport.aem4 : ClockP_tirtos.oem4 (.text:ClockP_getSystemTickPeriod)
                  2000bea8    0000000c     drivers_cc32xxware.aem4 : PowerCC3200.oem4 (.text:Power_getConstraintMask)
                  2000beb4    0000000c                             : PowerCC3200.oem4 (.text:Power_getDependencyCount)
                  2000bec0    0000000c                             : RingBuf.oem4 (.text:RingBuf_peek)
                  2000becc    0000000c                             : UARTCC3200.oem4 (.text:UARTCC3200_init)
                  2000bed8    0000000c                             : UARTCC3200.oem4 (.text:postNotifyFxn)
                  2000bee4    0000000c     CDIO_CC3200_pem4.oem4 (.text:ti_sysbios_family_arm_m3_Hwi_Params__init__S)
                  2000bef0    0000000c     sysbios.aem4 : BIOS.obj (.text:ti_sysbios_family_arm_m3_Hwi_disableFxn__E)
                  2000befc    00000004     --HOLE-- [fill = 0]
                  2000bf00    0000000c                  : BIOS.obj (.text:ti_sysbios_family_arm_m3_TaskSupport_checkStack__E)
                  2000bf0c    00000004     --HOLE-- [fill = 0]
                  2000bf10    0000000c                  : BIOS.obj (.text:ti_sysbios_family_arm_m3_TaskSupport_getStackAlignment__E)
                  2000bf1c    00000004     --HOLE-- [fill = 0]
                  2000bf20    0000000c                  : BIOS.obj (.text:ti_sysbios_gates_GateHwi_enter__E)
                  2000bf2c    0000000c     CDIO_CC3200_pem4.oem4 (.text:ti_sysbios_knl_Clock_Params__init__S)
                  2000bf38    0000000c     sysbios.aem4 : BIOS.obj (.text:ti_sysbios_knl_Clock_getTicks__E)
                  2000bf44    00000004     --HOLE-- [fill = 0]
                  2000bf48    0000000c                  : BIOS.obj (.text:ti_sysbios_knl_Clock_setTicks__E)
                  2000bf54    00000004     --HOLE-- [fill = 0]
                  2000bf58    0000000c                  : BIOS.obj (.text:ti_sysbios_knl_Clock_tickStart__E)
                  2000bf64    00000004     --HOLE-- [fill = 0]
                  2000bf68    0000000c                  : BIOS.obj (.text:ti_sysbios_knl_Clock_tickStop__E)
                  2000bf74    0000000c     CDIO_CC3200_pem4.oem4 (.text:ti_sysbios_knl_Queue_Object__get__S)
                  2000bf80    0000000c     CDIO_CC3200_pem4.oem4 (.text:ti_sysbios_knl_Semaphore_Params__init__S)
                  2000bf8c    0000000c     CDIO_CC3200_pem4.oem4 (.text:ti_sysbios_knl_Task_Params__init__S)
                  2000bf98    0000000c     ti.targets.arm.rtsarm.aem4 : Error.oem4 (.text:xdc_runtime_Error_init__E)
                  2000bfa4    0000000c                                : Gate.oem4 (.text:xdc_runtime_Gate_enterSystem__E)
                  2000bfb0    0000000c                                : Memory.oem4 (.text:xdc_runtime_Memory_calloc__E)
                  2000bfbc    0000000c                                : Memory.oem4 (.text:xdc_runtime_Memory_getMaxDefaultTypeAlign__E)
                  2000bfc8    0000000a     tirtosport.aem4 : ClockP_tirtos.oem4 (.text:ClockP_stop)
                  2000bfd2    0000000a     drivers_cc32xxware.aem4 : List.oem4 (.text:List_empty)
                  2000bfdc    0000000a                             : PWMTimerCC3200.oem4 (.text:PWMTimerCC3200_getPeriodCounts)
                  2000bfe6    0000000a                             : PWM.oem4 (.text:PWM_setDuty)
                  2000bff0    0000000a     tirtosport.aem4 : SemaphoreP_tirtos.oem4 (.text:SemaphoreP_post)
                  2000bffa    0000000a     drivers_cc32xxware.aem4 : UART.oem4 (.text:UART_read)
                  2000c004    0000000a                             : UART.oem4 (.text:UART_write)
                  2000c00e    0000000a     CDIO_CC3200_pem4.oem4 (.text:xdc_runtime_IHeap_alloc)
                  2000c018    0000000a     CDIO_CC3200_pem4.oem4 (.text:xdc_runtime_IHeap_free)
                  2000c022    00000008     CC3200_LAUNCHXL.obj (.text:CC3200_LAUNCHXL_initGPIO)
                  2000c02a    00000008     CC3200_LAUNCHXL.obj (.text:CC3200_LAUNCHXL_initPWM)
                  2000c032    00000008     CC3200_LAUNCHXL.obj (.text:CC3200_LAUNCHXL_initUART)
                  2000c03a    00000008     tirtosport.aem4 : ClockP_tirtos.oem4 (.text:ClockP_Params_init)
                  2000c042    00000008     driverlib.a : prcm.obj (.text:PRCMSleepEnter)
                  2000c04a    00000008     drivers_cc32xxware.aem4 : PWMTimerCC3200.oem4 (.text:PWMTimerCC3200_init)
                  2000c052    00000008     tirtosport.aem4 : SemaphoreP_tirtos.oem4 (.text:SemaphoreP_Params_init)
                  2000c05a    00000008     drivers_cc32xxware.aem4 : UARTCC3200.oem4 (.text:readSemCallback)
                  2000c062    00000006     ti.targets.arm.rtsarm.aem4 : System.oem4 (.text:xdc_runtime_System_Module_startup__E)
                  2000c068    00000008     sysbios.aem4 : BIOS.obj (.text:ti_sysbios_family_arm_m3_Hwi_doSwiRestore__I)
                  2000c070    00000008                  : BIOS.obj (.text:ti_sysbios_family_arm_m3_Hwi_startup__E)
                  2000c078    00000008     drivers_cc32xxware.aem4 : UARTCC3200.oem4 (.text:writeSemCallback)
                  2000c080    00000006     sysbios.aem4 : BIOS.obj (.text:ti_sysbios_family_arm_m3_Hwi_restoreFxn__E)
                  2000c086    00000002     --HOLE-- [fill = 0]
                  2000c088    00000006                  : BIOS.obj (.text:ti_sysbios_gates_GateHwi_leave__E)
                  2000c08e    00000002     --HOLE-- [fill = 0]
                  2000c090    00000006                  : BIOS.obj (.text:ti_sysbios_heaps_HeapMem_isBlocking__E)
                  2000c096    00000002     --HOLE-- [fill = 0]
                  2000c098    00000006                  : BIOS.obj (.text:ti_sysbios_knl_Clock_stop__E)
                  2000c09e    00000002     --HOLE-- [fill = 0]
                  2000c0a0    00000006                  : BIOS.obj (.text:ti_sysbios_knl_Queue_Instance_init__E)
                  2000c0a6    00000002     --HOLE-- [fill = 0]
                  2000c0a8    00000004                  : BIOS.obj (.text:ti_sysbios_family_arm_m3_Timer_getMaxTicks__E)
                  2000c0ac    00000004     --HOLE-- [fill = 0]
                  2000c0b0    00000004                  : BIOS.obj (.text:ti_sysbios_gates_GateHwi_query__E)
                  2000c0b4    00000004     --HOLE-- [fill = 0]
                  2000c0b8    00000004                  : BIOS.obj (.text:ti_sysbios_gates_GateMutex_query__E)
                  2000c0bc    00000004     --HOLE-- [fill = 0]
                  2000c0c0    00000004                  : BIOS.obj (.text:ti_sysbios_knl_Clock_setTimeout__E)
                  2000c0c4    00000004     --HOLE-- [fill = 0]
                  2000c0c8    00000004                  : BIOS.obj (.text:ti_sysbios_knl_Task_startup__E)
                  2000c0cc    00000004     --HOLE-- [fill = 0]
                  2000c0d0    00000002                  : BIOS.obj (.text:ti_sysbios_gates_GateHwi_Instance_init__E)
                  2000c0d2    00000006     --HOLE-- [fill = 0]
                  2000c0d8    00000002                  : BIOS.obj (.text:ti_sysbios_knl_Clock_logTick__E)

.bss       0    2000c0e0    000034f3     UNINITIALIZED
                  2000c0e0    00002710     (.common:task0Stack)
                  2000e7f0    00000400     (.common:ti_sysbios_heaps_HeapMem_Instance_State_0_buf__A)
                  2000ebf0    0000030c     (.common:ti_sysbios_family_arm_m3_Hwi_dispatchTable)
                  2000eefc    00000004     (.common:firstTick$2)
                  2000ef00    00000200     CDIO_CC3200_pem4.oem4 (.bss:taskStackSection)
                  2000f100    0000012c     drivers_cc32xxware.aem4 : PowerCC3200.oem4 (.bss:PowerCC3200_contextSave)
                  2000f22c    00000120     rtsv7M4_T_le_eabi.lib : trgmsg.obj (.bss:_CIOBUF_)
                  2000f34c    00000108     (.common:uartCC3200Objects)
                  2000f454    00000080     (.common:xdc_runtime_SysMin_Module_State_0_outbuf__A)
                  2000f4d4    00000050     (.common:task0Struct)
                  2000f524    00000040     (.common:uartCC3200RingBuffer)
                  2000f564    00000020     (.common:gpioCallbackInfo)
                  2000f584    00000020     (.common:pwmTimerCC3200Objects)
                  2000f5a4    00000014     (.common:powerNotifyObj)
                  2000f5b8    00000008                           : trgdrv.obj (.bss:parmbuf)
                  2000f5c0    00000008     (.common:firstRTC$1)
                  2000f5c8    00000008     (.common:steps)
                  2000f5d0    00000001     (.common:g_ucLED1Pin)
                  2000f5d1    00000001     (.common:g_ucLED2Pin)
                  2000f5d2    00000001     (.common:g_ucLED3Pin)

.const     0    2000f5d4    000020a5     
                  2000f5d4    00001771     CDIO_CC3200_pem4.oem4 (.const:xdc_runtime_Text_charTab__A)
                  20010d45    00000001     CDIO_CC3200_pem4.oem4 (.const:ti_sysbios_knl_Clock_tickMode__C)
                  20010d46    00000002     CDIO_CC3200_pem4.oem4 (.const:ti_sysbios_family_arm_m3_Hwi_Module__id__C)
                  20010d48    00000100     driverlib.a : pin.obj (.const:g_ulPinToPadMap)
                  20010e48    000000a8                 : prcm.obj (.const:PRCM_PeriphRegsList)
                  20010ef0    000000a0     CDIO_CC3200_pem4.oem4 (.const:xdc_runtime_Text_nodeTab__A)
                  20010f90    0000004c     drivers_cc32xxware.aem4 : UARTCC3200.oem4 (.const)
                  20010fdc    00000048     CDIO_CC3200_pem4.oem4 (.const:.string)
                  20011024    0000003c     CDIO_CC3200_pem4.oem4 (.const:ti_sysbios_knl_Task_Object__PARAMS__C)
                  20011060    00000034     drivers_cc32xxware.aem4 : GPIOCC3200.oem4 (.const)
                  20011094    00000030     CDIO_CC3200_pem4.oem4 (.const:ti_sysbios_family_arm_m3_Hwi_Object__PARAMS__C)
                  200110c4    00000030     CC3200_LAUNCHXL.obj (.const:uartCC3200HWAttrs)
                  200110f4    0000002a     drivers_cc32xxware.aem4 : GPIOCC3200.oem4 (.const:.string)
                  2001111e    00000002     CDIO_CC3200_pem4.oem4 (.const:ti_sysbios_family_arm_m3_Timer_Module__id__C)
                  20011120    00000028     CC3200_LAUNCHXL.obj (.const:PowerCC3200_config)
                  20011148    00000028     drivers_cc32xxware.aem4 : UARTCC3200.oem4 (.const:UARTCC3200_fxnTable)
                  20011170    00000028     CDIO_CC3200_pem4.oem4 (.const:ti_sysbios_heaps_HeapMem_Module__FXNS__C)
                  20011198    00000024     CC3200_LAUNCHXL.obj (.const:PWM_config)
                  200111bc    00000024     CC3200_LAUNCHXL.obj (.const:UART_config)
                  200111e0    00000024     drivers_cc32xxware.aem4 : UART.oem4 (.const:UART_defaultParams)
                  20011204    00000024     CDIO_CC3200_pem4.oem4 (.const:ti_sysbios_gates_GateHwi_Module__FXNS__C)
                  20011228    00000024     CDIO_CC3200_pem4.oem4 (.const:ti_sysbios_gates_GateMutex_Module__FXNS__C)
                  2001124c    00000024     CDIO_CC3200_pem4.oem4 (.const:ti_sysbios_heaps_HeapMem_Object__PARAMS__C)
                  20011270    00000024     CDIO_CC3200_pem4.oem4 (.const:ti_sysbios_knl_Clock_Object__PARAMS__C)
                  20011294    00000024     CDIO_CC3200_pem4.oem4 (.const:ti_sysbios_knl_Semaphore_Object__PARAMS__C)
                  200112b8    00000020     drivers_cc32xxware.aem4 : PWMTimerCC3200.oem4 (.const)
                  200112d8    00000020     CDIO_CC3200_pem4.oem4 (.const:ti_sysbios_family_arm_m3_Hwi_Object__DESC__C)
                  200112f8    00000020     CDIO_CC3200_pem4.oem4 (.const:ti_sysbios_gates_GateHwi_Object__DESC__C)
                  20011318    00000020     CDIO_CC3200_pem4.oem4 (.const:ti_sysbios_gates_GateMutex_Object__DESC__C)
                  20011338    00000020     CDIO_CC3200_pem4.oem4 (.const:ti_sysbios_heaps_HeapMem_Object__DESC__C)
                  20011358    00000020     CDIO_CC3200_pem4.oem4 (.const:ti_sysbios_knl_Clock_Object__DESC__C)
                  20011378    00000020     CDIO_CC3200_pem4.oem4 (.const:ti_sysbios_knl_Queue_Object__DESC__C)
                  20011398    00000020     CDIO_CC3200_pem4.oem4 (.const:ti_sysbios_knl_Semaphore_Object__DESC__C)
                  200113b8    00000020     CDIO_CC3200_pem4.oem4 (.const:ti_sysbios_knl_Task_Object__DESC__C)
                  200113d8    00000020     CDIO_CC3200_pem4.oem4 (.const:xdc_runtime_Startup_sfxnTab__A)
                  200113f8    00000018     CDIO_CC3200_pem4.oem4 (.const:ti_sysbios_gates_GateHwi_Object__PARAMS__C)
                  20011410    00000018     CDIO_CC3200_pem4.oem4 (.const:ti_sysbios_gates_GateMutex_Object__PARAMS__C)
                  20011428    00000018     CDIO_CC3200_pem4.oem4 (.const:ti_sysbios_knl_Queue_Object__PARAMS__C)
                  20011440    00000014     CC3200_LAUNCHXL.obj (.const:GPIOCC3200_config)
                  20011454    00000010     CC3200_LAUNCHXL.obj (.const:pwmTimerCC3200HWAttrs)
                  20011464    00000010     CDIO_CC3200_pem4.oem4 (.const:xdc_runtime_Startup_sfxnRts__A)
                  20011474    0000000d     CDIO_CC3200.obj (.const:.string:$P$T0$1)
                  20011481    00000001     CDIO_CC3200_pem4.oem4 (.const:ti_sysbios_knl_Clock_tickSource__C)
                  20011482    00000002     CDIO_CC3200_pem4.oem4 (.const:ti_sysbios_gates_GateMutex_Module__id__C)
                  20011484    0000000c     drivers_cc32xxware.aem4 : PWM.oem4 (.const)
                  20011490    0000000c     CDIO_CC3200_pem4.oem4 (.const:xdc_runtime_Startup_firstFxns__A)
                  2001149c    00000008     CDIO_CC3200_pem4.oem4 (.const:ti_sysbios_family_arm_m3_Hwi_excHookFuncs__A)
                  200114a4    00000008     CDIO_CC3200_pem4.oem4 (.const:ti_sysbios_knl_Idle_funcList__A)
                  200114ac    00000008     CDIO_CC3200_pem4.oem4 (.const:ti_sysbios_knl_Idle_funcList__C)
                  200114b4    00000008     CDIO_CC3200_pem4.oem4 (.const:xdc_runtime_Startup_firstFxns__C)
                  200114bc    00000008     CDIO_CC3200_pem4.oem4 (.const:xdc_runtime_Startup_lastFxns__C)
                  200114c4    00000004     CDIO_CC3200_pem4.oem4 (.const:ti_sysbios_family_arm_m3_Hwi_E_NMI__C)
                  200114c8    00000004     CDIO_CC3200_pem4.oem4 (.const:ti_sysbios_family_arm_m3_Hwi_E_alreadyDefined__C)
                  200114cc    00000004     CDIO_CC3200_pem4.oem4 (.const:ti_sysbios_family_arm_m3_Hwi_E_busFault__C)
                  200114d0    00000004     CDIO_CC3200_pem4.oem4 (.const:ti_sysbios_family_arm_m3_Hwi_E_debugMon__C)
                  200114d4    00000004     CDIO_CC3200_pem4.oem4 (.const:ti_sysbios_family_arm_m3_Hwi_E_hardFault__C)
                  200114d8    00000004     CDIO_CC3200_pem4.oem4 (.const:ti_sysbios_family_arm_m3_Hwi_E_memFault__C)
                  200114dc    00000004     CDIO_CC3200_pem4.oem4 (.const:ti_sysbios_family_arm_m3_Hwi_E_noIsr__C)
                  200114e0    00000004     CDIO_CC3200_pem4.oem4 (.const:ti_sysbios_family_arm_m3_Hwi_E_reserved__C)
                  200114e4    00000004     CDIO_CC3200_pem4.oem4 (.const:ti_sysbios_family_arm_m3_Hwi_E_svCall__C)
                  200114e8    00000004     CDIO_CC3200_pem4.oem4 (.const:ti_sysbios_family_arm_m3_Hwi_E_usageFault__C)
                  200114ec    00000004     CDIO_CC3200_pem4.oem4 (.const:ti_sysbios_family_arm_m3_Hwi_NUM_INTERRUPTS__C)
                  200114f0    00000004     CDIO_CC3200_pem4.oem4 (.const:ti_sysbios_family_arm_m3_Hwi_Object__count__C)
                  200114f4    00000004     CDIO_CC3200_pem4.oem4 (.const:ti_sysbios_family_arm_m3_Hwi_ccr__C)
                  200114f8    00000004     CDIO_CC3200_pem4.oem4 (.const:ti_sysbios_family_arm_m3_Hwi_excHandlerFunc__C)
                  200114fc    00000004     CDIO_CC3200_pem4.oem4 (.const:ti_sysbios_family_arm_m3_Hwi_excHookFuncs__C)
                  20011500    00000004     CDIO_CC3200_pem4.oem4 (.const:ti_sysbios_family_arm_m3_Hwi_nullIsrFunc__C)
                  20011504    00000004     CDIO_CC3200_pem4.oem4 (.const:ti_sysbios_family_arm_m3_Hwi_priGroup__C)
                  20011508    00000004     CDIO_CC3200_pem4.oem4 (.const:ti_sysbios_family_arm_m3_TaskSupport_stackAlignment__C)
                  2001150c    00000004     CDIO_CC3200_pem4.oem4 (.const:ti_sysbios_family_arm_m3_Timer_E_cannotSupport__C)
                  20011510    00000004     CDIO_CC3200_pem4.oem4 (.const:ti_sysbios_family_arm_m3_Timer_startupNeeded__C)
                  20011514    00000004     CDIO_CC3200_pem4.oem4 (.const:ti_sysbios_gates_GateMutex_A_badContext__C)
                  20011518    00000004     CDIO_CC3200_pem4.oem4 (.const:ti_sysbios_gates_GateMutex_Instance_State_sem__O)
                  2001151c    00000004     CDIO_CC3200_pem4.oem4 (.const:ti_sysbios_gates_GateMutex_Module__diagsEnabled__C)
                  20011520    00000004     CDIO_CC3200_pem4.oem4 (.const:ti_sysbios_gates_GateMutex_Module__diagsIncluded__C)
                  20011524    00000004     CDIO_CC3200_pem4.oem4 (.const:ti_sysbios_gates_GateMutex_Module__diagsMask__C)
                  20011528    00000004     CDIO_CC3200_pem4.oem4 (.const:ti_sysbios_hal_Hwi_E_stackOverflow__C)
                  2001152c    00000004     CDIO_CC3200_pem4.oem4 (.const:ti_sysbios_heaps_HeapMem_A_align__C)
                  20011530    00000004     CDIO_CC3200_pem4.oem4 (.const:ti_sysbios_heaps_HeapMem_A_heapSize__C)
                  20011534    00000004     CDIO_CC3200_pem4.oem4 (.const:ti_sysbios_heaps_HeapMem_A_invalidFree__C)
                  20011538    00000004     CDIO_CC3200_pem4.oem4 (.const:ti_sysbios_heaps_HeapMem_A_zeroBlock__C)
                  2001153c    00000004     CDIO_CC3200_pem4.oem4 (.const:ti_sysbios_heaps_HeapMem_E_memory__C)
                  20011540    00000004     CDIO_CC3200_pem4.oem4 (.const:ti_sysbios_heaps_HeapMem_Module__diagsEnabled__C)
                  20011544    00000004     CDIO_CC3200_pem4.oem4 (.const:ti_sysbios_heaps_HeapMem_Module__diagsIncluded__C)
                  20011548    00000004     CDIO_CC3200_pem4.oem4 (.const:ti_sysbios_heaps_HeapMem_Module__diagsMask__C)
                  2001154c    00000004     CDIO_CC3200_pem4.oem4 (.const:ti_sysbios_heaps_HeapMem_Module__gateObj__C)
                  20011550    00000004     CDIO_CC3200_pem4.oem4 (.const:ti_sysbios_heaps_HeapMem_Object__count__C)
                  20011554    00000004     CDIO_CC3200_pem4.oem4 (.const:ti_sysbios_heaps_HeapMem_reqAlign__C)
                  20011558    00000004     CDIO_CC3200_pem4.oem4 (.const:ti_sysbios_knl_Clock_A_badThreadType__C)
                  2001155c    00000004     CDIO_CC3200_pem4.oem4 (.const:ti_sysbios_knl_Clock_Module_State_clockQ__O)
                  20011560    00000004     CDIO_CC3200_pem4.oem4 (.const:ti_sysbios_knl_Clock_Module__diagsEnabled__C)
                  20011564    00000004     CDIO_CC3200_pem4.oem4 (.const:ti_sysbios_knl_Clock_Module__diagsIncluded__C)
                  20011568    00000004     CDIO_CC3200_pem4.oem4 (.const:ti_sysbios_knl_Clock_Module__diagsMask__C)
                  2001156c    00000004     CDIO_CC3200_pem4.oem4 (.const:ti_sysbios_knl_Clock_tickPeriod__C)
                  20011570    00000004     CDIO_CC3200_pem4.oem4 (.const:ti_sysbios_knl_Semaphore_A_badContext__C)
                  20011574    00000004     CDIO_CC3200_pem4.oem4 (.const:ti_sysbios_knl_Semaphore_A_noEvents__C)
                  20011578    00000004     CDIO_CC3200_pem4.oem4 (.const:ti_sysbios_knl_Semaphore_A_overflow__C)
                  2001157c    00000004     CDIO_CC3200_pem4.oem4 (.const:ti_sysbios_knl_Semaphore_A_pendTaskDisabled__C)
                  20011580    00000004     CDIO_CC3200_pem4.oem4 (.const:ti_sysbios_knl_Semaphore_Instance_State_pendQ__O)
                  20011584    00000004     CDIO_CC3200_pem4.oem4 (.const:ti_sysbios_knl_Semaphore_Module__diagsEnabled__C)
                  20011588    00000004     CDIO_CC3200_pem4.oem4 (.const:ti_sysbios_knl_Semaphore_Module__diagsIncluded__C)
                  2001158c    00000004     CDIO_CC3200_pem4.oem4 (.const:ti_sysbios_knl_Semaphore_Module__diagsMask__C)
                  20011590    00000004     CDIO_CC3200_pem4.oem4 (.const:ti_sysbios_knl_Swi_Object__count__C)
                  20011594    00000004     CDIO_CC3200_pem4.oem4 (.const:ti_sysbios_knl_Task_A_badPriority__C)
                  20011598    00000004     CDIO_CC3200_pem4.oem4 (.const:ti_sysbios_knl_Task_A_badTaskState__C)
                  2001159c    00000004     CDIO_CC3200_pem4.oem4 (.const:ti_sysbios_knl_Task_A_badThreadType__C)
                  200115a0    00000004     CDIO_CC3200_pem4.oem4 (.const:ti_sysbios_knl_Task_A_noPendElem__C)
                  200115a4    00000004     CDIO_CC3200_pem4.oem4 (.const:ti_sysbios_knl_Task_E_spOutOfBounds__C)
                  200115a8    00000004     CDIO_CC3200_pem4.oem4 (.const:ti_sysbios_knl_Task_E_stackOverflow__C)
                  200115ac    00000004     CDIO_CC3200_pem4.oem4 (.const:ti_sysbios_knl_Task_Module_State_inactiveQ__O)
                  200115b0    00000004     CDIO_CC3200_pem4.oem4 (.const:ti_sysbios_knl_Task_Module__diagsEnabled__C)
                  200115b4    00000004     CDIO_CC3200_pem4.oem4 (.const:ti_sysbios_knl_Task_Module__diagsIncluded__C)
                  200115b8    00000004     CDIO_CC3200_pem4.oem4 (.const:ti_sysbios_knl_Task_Module__diagsMask__C)
                  200115bc    00000004     CDIO_CC3200_pem4.oem4 (.const:ti_sysbios_knl_Task_Object__count__C)
                  200115c0    00000004     CDIO_CC3200_pem4.oem4 (.const:ti_sysbios_knl_Task_allBlockedFunc__C)
                  200115c4    00000004     CDIO_CC3200_pem4.oem4 (.const:ti_sysbios_knl_Task_defaultStackHeap__C)
                  200115c8    00000004     CDIO_CC3200_pem4.oem4 (.const:ti_sysbios_knl_Task_defaultStackSize__C)
                  200115cc    00000004     CDIO_CC3200_pem4.oem4 (.const:ti_sysbios_knl_Task_numConstructedTasks__C)
                  200115d0    00000004     CDIO_CC3200_pem4.oem4 (.const:xdc_runtime_Assert_E_assertFailed__C)
                  200115d4    00000004     CDIO_CC3200_pem4.oem4 (.const:xdc_runtime_Core_A_initializedParams__C)
                  200115d8    00000004     CDIO_CC3200_pem4.oem4 (.const:xdc_runtime_Core_Module__diagsEnabled__C)
                  200115dc    00000004     CDIO_CC3200_pem4.oem4 (.const:xdc_runtime_Core_Module__diagsIncluded__C)
                  200115e0    00000004     CDIO_CC3200_pem4.oem4 (.const:xdc_runtime_Core_Module__diagsMask__C)
                  200115e4    00000004     CDIO_CC3200_pem4.oem4 (.const:xdc_runtime_Error_E_memory__C)
                  200115e8    00000004     CDIO_CC3200_pem4.oem4 (.const:xdc_runtime_Error_Module__diagsEnabled__C)
                  200115ec    00000004     CDIO_CC3200_pem4.oem4 (.const:xdc_runtime_Error_Module__diagsIncluded__C)
                  200115f0    00000004     CDIO_CC3200_pem4.oem4 (.const:xdc_runtime_Error_Module__diagsMask__C)
                  200115f4    00000004     CDIO_CC3200_pem4.oem4 (.const:xdc_runtime_Error_Module__loggerFxn8__C)
                  200115f8    00000004     CDIO_CC3200_pem4.oem4 (.const:xdc_runtime_Error_Module__loggerObj__C)
                  200115fc    00000004     CDIO_CC3200_pem4.oem4 (.const:xdc_runtime_Error_policyFxn__C)
                  20011600    00000004     CDIO_CC3200_pem4.oem4 (.const:xdc_runtime_Error_raiseHook__C)
                  20011604    00000004     CDIO_CC3200_pem4.oem4 (.const:xdc_runtime_IGateProvider_Interface__BASE__C)
                  20011608    00000004     CDIO_CC3200_pem4.oem4 (.const:xdc_runtime_IHeap_Interface__BASE__C)
                  2001160c    00000004     CDIO_CC3200_pem4.oem4 (.const:xdc_runtime_IModule_Interface__BASE__C)
                  20011610    00000004     CDIO_CC3200_pem4.oem4 (.const:xdc_runtime_Log_L_error__C)
                  20011614    00000004     CDIO_CC3200_pem4.oem4 (.const:xdc_runtime_Memory_defaultHeapInstance__C)
                  20011618    00000004     CDIO_CC3200_pem4.oem4 (.const:xdc_runtime_Startup_execImpl__C)
                  2001161c    00000004     CDIO_CC3200_pem4.oem4 (.const:xdc_runtime_Startup_maxPasses__C)
                  20011620    00000004     CDIO_CC3200_pem4.oem4 (.const:xdc_runtime_Startup_sfxnRts__C)
                  20011624    00000004     CDIO_CC3200_pem4.oem4 (.const:xdc_runtime_Startup_sfxnTab__C)
                  20011628    00000004     CDIO_CC3200_pem4.oem4 (.const:xdc_runtime_SysMin_bufSize__C)
                  2001162c    00000004     CDIO_CC3200_pem4.oem4 (.const:xdc_runtime_SysMin_outputFunc__C)
                  20011630    00000004     CDIO_CC3200_pem4.oem4 (.const:xdc_runtime_System_Module__gateObj__C)
                  20011634    00000004     CDIO_CC3200_pem4.oem4 (.const:xdc_runtime_System_abortFxn__C)
                  20011638    00000004     CDIO_CC3200_pem4.oem4 (.const:xdc_runtime_System_exitFxn__C)
                  2001163c    00000004     CDIO_CC3200_pem4.oem4 (.const:xdc_runtime_System_extendFxn__C)
                  20011640    00000004     CDIO_CC3200_pem4.oem4 (.const:xdc_runtime_System_maxAtexitHandlers__C)
                  20011644    00000004     CDIO_CC3200_pem4.oem4 (.const:xdc_runtime_Text_charTab__C)
                  20011648    00000004     CDIO_CC3200_pem4.oem4 (.const:xdc_runtime_Text_nameEmpty__C)
                  2001164c    00000004     CDIO_CC3200_pem4.oem4 (.const:xdc_runtime_Text_nameStatic__C)
                  20011650    00000004     CDIO_CC3200_pem4.oem4 (.const:xdc_runtime_Text_nameUnknown__C)
                  20011654    00000004     CDIO_CC3200_pem4.oem4 (.const:xdc_runtime_Text_nodeTab__C)
                  20011658    00000004     CDIO_CC3200_pem4.oem4 (.const:xdc_runtime_Text_visitRopeFxn__C)
                  2001165c    00000002     CDIO_CC3200_pem4.oem4 (.const:ti_sysbios_hal_Hwi_Module__id__C)
                  2001165e    00000002     CDIO_CC3200_pem4.oem4 (.const:ti_sysbios_heaps_HeapMem_Module__id__C)
                  20011660    00000002     CDIO_CC3200_pem4.oem4 (.const:ti_sysbios_knl_Clock_Module__id__C)
                  20011662    00000002     CDIO_CC3200_pem4.oem4 (.const:ti_sysbios_knl_Semaphore_Module__id__C)
                  20011664    00000002     CDIO_CC3200_pem4.oem4 (.const:ti_sysbios_knl_Task_Module__id__C)
                  20011666    00000002     CDIO_CC3200_pem4.oem4 (.const:xdc_runtime_Core_Module__id__C)
                  20011668    00000002     CDIO_CC3200_pem4.oem4 (.const:xdc_runtime_Error_Module__loggerDefined__C)
                  2001166a    00000002     CDIO_CC3200_pem4.oem4 (.const:xdc_runtime_Error_maxDepth__C)
                  2001166c    00000002     CDIO_CC3200_pem4.oem4 (.const:xdc_runtime_Memory_Module__id__C)
                  2001166e    00000002     CDIO_CC3200_pem4.oem4 (.const:xdc_runtime_SysMin_flushAtExit__C)
                  20011670    00000002     CDIO_CC3200_pem4.oem4 (.const:xdc_runtime_Text_charCnt__C)
                  20011672    00000002     CDIO_CC3200_pem4.oem4 (.const:xdc_runtime_Text_isLoaded__C)
                  20011674    00000002     CDIO_CC3200_pem4.oem4 (.const:xdc_runtime_Text_registryModsLastId__C)
                  20011676    00000002     CDIO_CC3200_pem4.oem4 (.const:xdc_runtime_Text_unnamedModsLastId__C)
                  20011678    00000001     CDIO_CC3200_pem4.oem4 (.const:xdc_runtime_Error_policy__C)

.cinit     0    20011dc0    00000344     
                  20011dc0    0000031b     (.cinit..data.load) [load image, compression = rle]
                  200120db    00000005     --HOLE-- [fill = 0]
                  200120e0    0000000b     (.cinit..bss.load) [load image, compression = rle]
                  200120eb    00000001     --HOLE-- [fill = 0]
                  200120ec    00000008     (__TI_handler_table)
                  200120f4    00000010     (__TI_cinit_table)

.init_array 
*          0    20004000    00000000     UNINITIALIZED

.resetVecs 
*          0    20004000    0000030c     
                  20004000    0000030c     CDIO_CC3200_pem4.oem4 (.resetVecs)

.data      0    2001167c    00000441     UNINITIALIZED
                  2001167c    00000080     CDIO_CC3200_pem4.oem4 (.data:ti_sysbios_knl_Swi_Module_State_0_readyQ__A)
                  200116fc    00000080     CDIO_CC3200_pem4.oem4 (.data:ti_sysbios_knl_Task_Module_State_0_readyQ__A)
                  2001177c    00000054     drivers_cc32xxware.aem4 : PowerCC3200.oem4 (.data:PowerCC3200_module)
                  200117d0    0000004c     CDIO_CC3200_pem4.oem4 (.data:ti_sysbios_knl_Task_Object__table__V)
                  2001181c    00000044     CDIO_CC3200_pem4.oem4 (.data:ti_sysbios_knl_Task_Module__state__V)
                  20011860    00000038     CDIO_CC3200_pem4.oem4 (.data:ti_sysbios_gates_GateMutex_Object__table__V)
                  20011898    00000034     CDIO_CC3200_pem4.oem4 (.data:ti_sysbios_family_arm_m3_Hwi_Module__state__V)
                  200118cc    00000030     CDIO_CC3200_pem4.oem4 (.data:ti_sysbios_family_arm_m3_Timer_Object__table__V)
                  200118fc    00000030     CDIO_CC3200_pem4.oem4 (.data:ti_sysbios_knl_Swi_Object__table__V)
                  2001192c    0000002c     CDIO_CC3200_pem4.oem4 (.data:ti_sysbios_knl_Clock_Module__state__V)
                  20011958    00000024     CDIO_CC3200_pem4.oem4 (.data:ti_sysbios_BIOS_Module__state__V)
                  2001197c    0000001c     CDIO_CC3200_pem4.oem4 (.data:ti_sysbios_knl_Swi_Module__state__V)
                  20011998    00000018     CDIO_CC3200_pem4.oem4 (.data:ti_sysbios_family_arm_m3_Hwi_Object__table__V)
                  200119b0    00000018     CDIO_CC3200_pem4.oem4 (.data:ti_sysbios_heaps_HeapMem_Object__table__V)
                  200119c8    00000014     gpio_if.obj (.data:ulReg)
                  200119dc    00000010     CC3200_LAUNCHXL.obj (.data:gpioPinConfigs)
                  200119ec    0000000c     rtsv7M4_T_le_eabi.lib : exit.obj (.data:$O1$$)
                  200119f8    0000000c     gpio_if.obj (.data)
                  20011a04    0000000c     CDIO_CC3200_pem4.oem4 (.data:ti_sysbios_family_arm_m3_Timer_Module__state__V)
                  20011a10    0000000c     CDIO_CC3200_pem4.oem4 (.data:xdc_runtime_SysMin_Module__state__V)
                  20011a1c    00000008     rtsv7M4_T_le_eabi.lib : _lock.obj (.data:$O1$$)
                  20011a24    00000008     drivers_cc32xxware.aem4 : GPIOCC3200.oem4 (.data)
                  20011a2c    00000008     CC3200_LAUNCHXL.obj (.data:gpioCallbackFunctions)
                  20011a34    00000008     CDIO_CC3200_pem4.oem4 (.data:ti_sysbios_family_arm_m3_Hwi_Module__root__V)
                  20011a3c    00000008     CDIO_CC3200_pem4.oem4 (.data:ti_sysbios_gates_GateHwi_Module__root__V)
                  20011a44    00000008     CDIO_CC3200_pem4.oem4 (.data:ti_sysbios_gates_GateMutex_Module__root__V)
                  20011a4c    00000008     CDIO_CC3200_pem4.oem4 (.data:ti_sysbios_heaps_HeapMem_Module__root__V)
                  20011a54    00000008     CDIO_CC3200_pem4.oem4 (.data:ti_sysbios_knl_Clock_Module__root__V)
                  20011a5c    00000008     CDIO_CC3200_pem4.oem4 (.data:ti_sysbios_knl_Queue_Module__root__V)
                  20011a64    00000008     CDIO_CC3200_pem4.oem4 (.data:ti_sysbios_knl_Semaphore_Module__root__V)
                  20011a6c    00000008     CDIO_CC3200_pem4.oem4 (.data:ti_sysbios_knl_Task_Module__root__V)
                  20011a74    00000008     CDIO_CC3200_pem4.oem4 (.data:xdc_runtime_Registry_Module__state__V)
                  20011a7c    00000008     CDIO_CC3200_pem4.oem4 (.data:xdc_runtime_Startup_Module__state__V)
                  20011a84    00000008     CDIO_CC3200_pem4.oem4 (.data:xdc_runtime_System_Module_State_0_atexitHandlers__A)
                  20011a8c    00000008     CDIO_CC3200_pem4.oem4 (.data:xdc_runtime_System_Module__state__V)
                  20011a94    00000004     CDIO_CC3200.obj (.data)
                  20011a98    00000004     drivers_cc32xxware.aem4 : PWM.oem4 (.data)
                  20011a9c    00000004                             : UART.oem4 (.data)
                  20011aa0    00000004     rtsv7M4_T_le_eabi.lib : stkdepth_vars.obj (.data)
                  20011aa4    00000004     CDIO_CC3200_pem4.oem4 (.data:ti_sysbios_family_arm_m3_Hwi_Module_State_0_excContext__A)
                  20011aa8    00000004     CDIO_CC3200_pem4.oem4 (.data:ti_sysbios_family_arm_m3_Hwi_Module_State_0_excStack__A)
                  20011aac    00000004     CDIO_CC3200_pem4.oem4 (.data:ti_sysbios_gates_GateHwi_Object__table__V)
                  20011ab0    00000004     CDIO_CC3200_pem4.oem4 (.data:ti_sysbios_knl_Task_Module_State_0_idleTask__A)
                  20011ab4    00000004     CDIO_CC3200_pem4.oem4 (.data:xdc_runtime_Memory_Module__state__V)
                  20011ab8    00000002     CDIO_CC3200_pem4.oem4 (.data:ti_sysbios_family_arm_m3_Hwi_Module_State_0_excActive__A)
                  20011aba    00000002     CDIO_CC3200_pem4.oem4 (.data:xdc_runtime_Error_Module__state__V)
                  20011abc    00000001     power_cc3200_tirtos.aem4 : PowerCC3200_tirtos.oem4 (.data)

.stack     0    20011ac0    00000300     UNINITIALIZED
                  20011ac0    00000300     --HOLE--

.bootVecs 
*          0    00000000    00000008     DSECT
                  00000000    00000008     boot.aem4 : boot.oem4 (.bootVecs)

.vecs      0    20004000    00000000     DSECT

xdc.meta   0    00000000    000000f4     COPY SECTION
                  00000000    000000f4     CDIO_CC3200_pem4.oem4 (xdc.meta)

MODULE SUMMARY

       Module                     code    ro data   rw data
       ------                     ----    -------   -------
    .\
       CDIO_CC3200.obj            1572    13        10092  
       CC3200_LAUNCHXL.obj        40      196       384    
       gpio_if.obj                342     0         35     
       rom_pin_mux_config.obj     258     0         0      
    +--+--------------------------+-------+---------+---------+
       Total:                     2212    209       10511  
                                                           
    C:\Users\Gabriel\Documents\GitHub\APA\CDIO_CC3200\Debug\configPkg\package\cfg\
       CDIO_CC3200_pem4.oem4      1786    8214      3348   
    +--+--------------------------+-------+---------+---------+
       Total:                     1786    8214      3348   
                                                           
    C:/ti/tirex-content/tirtos_cc32xx_2_16_00_08/products/CC3200_driverlib_1.1.0/driverlib/ccs/Release/driverlib.a
       prcm.obj                   1208    168       0      
       pin.obj                    406     256       0      
       uart.obj                   524     0         0      
       gpio.obj                   296     0         0      
       timer.obj                  282     0         0      
       flash.obj                  72      0         0      
       cpu.obj                    52      0         0      
       utils.obj                  6       0         0      
    +--+--------------------------+-------+---------+---------+
       Total:                     2846    424       0      
                                                           
    C:/ti/tirex-content/tirtos_cc32xx_2_16_00_08/products/tidrivers_cc32xx_2_16_00_08/packages/ti/drivers/lib/drivers_cc32xxware.aem4
       UARTCC3200.oem4            2546    116       0      
       PowerCC3200.oem4           940     0         384    
       GPIOCC3200.oem4            960     94        60     
       PWMTimerCC3200.oem4        642     32        0      
       UART.oem4                  148     36        4      
       RingBuf.oem4               164     0         0      
       PWM.oem4                   130     12        4      
       PowerCC3200_asm.oem4       134     0         0      
       List.oem4                  82      0         0      
    +--+--------------------------+-------+---------+---------+
       Total:                     5746    290       452    
                                                           
    C:/ti/tirex-content/tirtos_cc32xx_2_16_00_08/products/tidrivers_cc32xx_2_16_00_08/packages/ti/drivers/lib/power_cc3200_tirtos.aem4
       PowerCC3200_tirtos.oem4    500     0         13     
    +--+--------------------------+-------+---------+---------+
       Total:                     500     0         13     
[...]
2000bfc9  ClockP_stop                                                
2000bfc9  ClockP_stopFromISR                                         
2000bfd3  List_empty                                                 
2000bfdd  PWMTimerCC3200_getPeriodCounts                             
2000bfe7  PWM_setDuty                                                
2000bff1  SemaphoreP_post                                            
2000bff1  SemaphoreP_postFromClock                                   
2000bff1  SemaphoreP_postFromISR                                     
2000bffb  UART_read                                                  
2000c005  UART_write                                                 
2000c00f  xdc_runtime_Memory_HeapProxy_alloc__E                      
2000c019  xdc_runtime_Memory_HeapProxy_free__E                       
2000c023  CC3200_LAUNCHXL_initGPIO                                   
2000c02b  CC3200_LAUNCHXL_initPWM                                    
2000c033  CC3200_LAUNCHXL_initUART                                   
2000c03b  ClockP_Params_init                                         
2000c043  PRCMSleepEnter                                             
2000c04b  PWMTimerCC3200_init                                        
2000c053  SemaphoreP_Params_init                                     
2000c063  xdc_runtime_System_Module_startup__E                       
2000c069  ti_sysbios_family_arm_m3_Hwi_doSwiRestore__I               
2000c071  ti_sysbios_family_arm_m3_Hwi_startup__E                    
2000c071  ti_sysbios_hal_Hwi_HwiProxy_startup__E                     
2000c081  HwiP_restore                                               
2000c081  ti_sysbios_family_arm_m3_Hwi_restoreFxn__E                 
2000c081  ti_sysbios_hal_Hwi_HwiProxy_restore__E                     
2000c089  ti_sysbios_gates_GateHwi_leave__E                          
2000c091  ti_sysbios_heaps_HeapMem_isBlocking__E                     
2000c099  ti_sysbios_knl_Clock_stop__E                               
2000c0a1  ti_sysbios_knl_Queue_Instance_init__E                      
2000c0a9  ti_sysbios_family_arm_m3_Timer_getMaxTicks__E              
2000c0b1  ti_sysbios_gates_GateHwi_query__E                          
2000c0b1  xdc_runtime_Main_Module_GateProxy_query__E                 
2000c0b1  xdc_runtime_System_Module_GateProxy_query__E               
2000c0b9  ti_sysbios_BIOS_RtsGateProxy_query__E                      
2000c0b9  ti_sysbios_gates_GateMutex_query__E                        
2000c0b9  ti_sysbios_heaps_HeapMem_Module_GateProxy_query__E         
2000c0c1  ti_sysbios_knl_Clock_setTimeout__E                         
2000c0c9  ti_sysbios_knl_Task_startup__E                             
2000c0d1  ti_sysbios_gates_GateHwi_Instance_init__E                  
2000c0d9  ti_sysbios_knl_Clock_logTick__E                            
2000c0e0  task0Stack                                                 
2000e7f0  ti_sysbios_heaps_HeapMem_Instance_State_0_buf__A           
2000ebf0  ti_sysbios_family_arm_m3_Hwi_dispatchTable                 
2000ef00  ti_sysbios_knl_Task_Instance_State_0_stack__A              
2000f100  PowerCC3200_contextSave                                    
2000f22c  __CIOBUF_                                                  
2000f34c  uartCC3200Objects                                          
2000f454  xdc_runtime_SysMin_Module_State_0_outbuf__A                
2000f4d4  task0Struct                                                
2000f524  uartCC3200RingBuffer                                       
2000f584  pwmTimerCC3200Objects                                      
2000f5c8  steps                                                      
2000f5d0  g_ucLED1Pin                                                
2000f5d1  g_ucLED2Pin                                                
2000f5d2  g_ucLED3Pin                                                
2000f5d4  xdc_runtime_Text_charTab__A                                
20010d45  ti_sysbios_knl_Clock_tickMode__C                           
20010d46  ti_sysbios_family_arm_m3_Hwi_Module__id__C                 
20010ef0  xdc_runtime_Text_nodeTab__A                                
20011024  ti_sysbios_knl_Task_Object__PARAMS__C                      
20011060  inPinTypes                                                 
20011066  outPinTypes                                                
2001106e  outPinStrengths                                            
20011094  ti_sysbios_family_arm_m3_Hwi_Object__PARAMS__C             
200110c4  uartCC3200HWAttrs                                          
2001111e  ti_sysbios_family_arm_m3_Timer_Module__id__C               
20011120  PowerCC3200_config                                         
20011148  UARTCC3200_fxnTable                                        
20011170  ti_sysbios_heaps_HeapMem_Module__FXNS__C                   
20011198  PWM_config                                                 
200111bc  UART_config                                                
200111e0  UART_defaultParams                                         
20011204  ti_sysbios_gates_GateHwi_Module__FXNS__C                   
20011228  ti_sysbios_gates_GateMutex_Module__FXNS__C                 
2001124c  ti_sysbios_heaps_HeapMem_Object__PARAMS__C                 
20011270  ti_sysbios_knl_Clock_Object__PARAMS__C                     
20011294  ti_sysbios_knl_Semaphore_Object__PARAMS__C                 
200112b8  PWMTimerCC3200_fxnTable                                    
200112d4  PWMTimerCC3200_MAX_PRESCALAR_VALUE                         
200112d6  PWMTimerCC3200_MAX_MATCH_VALUE                             
200112d8  ti_sysbios_family_arm_m3_Hwi_Object__DESC__C               
200112f8  ti_sysbios_gates_GateHwi_Object__DESC__C                   
20011318  ti_sysbios_gates_GateMutex_Object__DESC__C                 
20011338  ti_sysbios_heaps_HeapMem_Object__DESC__C                   
20011358  ti_sysbios_knl_Clock_Object__DESC__C                       
20011378  ti_sysbios_knl_Queue_Object__DESC__C                       
20011398  ti_sysbios_knl_Semaphore_Object__DESC__C                   
200113b8  ti_sysbios_knl_Task_Object__DESC__C                        
200113d8  xdc_runtime_Startup_sfxnTab__A                             
200113f8  ti_sysbios_gates_GateHwi_Object__PARAMS__C                 
20011410  ti_sysbios_gates_GateMutex_Object__PARAMS__C               
20011428  ti_sysbios_knl_Queue_Object__PARAMS__C                     
20011440  GPIOCC3200_config                                          
20011454  pwmTimerCC3200HWAttrs                                      
20011464  xdc_runtime_Startup_sfxnRts__A                             
20011481  ti_sysbios_knl_Clock_tickSource__C                         
20011482  ti_sysbios_gates_GateMutex_Module__id__C                   
20011484  PWM_defaultParams                                          
20011490  xdc_runtime_Startup_firstFxns__A                           
2001149c  ti_sysbios_family_arm_m3_Hwi_excHookFuncs__A               
200114a4  ti_sysbios_knl_Idle_funcList__A                            
200114ac  ti_sysbios_knl_Idle_funcList__C                            
200114b4  xdc_runtime_Startup_firstFxns__C                           
200114bc  xdc_runtime_Startup_lastFxns__C                            
200114c4  ti_sysbios_family_arm_m3_Hwi_E_NMI__C                      
200114c8  ti_sysbios_family_arm_m3_Hwi_E_alreadyDefined__C           
200114cc  ti_sysbios_family_arm_m3_Hwi_E_busFault__C                 
200114d0  ti_sysbios_family_arm_m3_Hwi_E_debugMon__C                 
200114d4  ti_sysbios_family_arm_m3_Hwi_E_hardFault__C                
200114d8  ti_sysbios_family_arm_m3_Hwi_E_memFault__C                 
200114dc  ti_sysbios_family_arm_m3_Hwi_E_noIsr__C                    
200114e0  ti_sysbios_family_arm_m3_Hwi_E_reserved__C                 
200114e4  ti_sysbios_family_arm_m3_Hwi_E_svCall__C                   
200114e8  ti_sysbios_family_arm_m3_Hwi_E_usageFault__C               
200114ec  ti_sysbios_family_arm_m3_Hwi_NUM_INTERRUPTS__C             
200114f0  ti_sysbios_family_arm_m3_Hwi_Object__count__C              
200114f4  ti_sysbios_family_arm_m3_Hwi_ccr__C                        
200114f8  ti_sysbios_family_arm_m3_Hwi_excHandlerFunc__C             
200114fc  ti_sysbios_family_arm_m3_Hwi_excHookFuncs__C               
20011500  ti_sysbios_family_arm_m3_Hwi_nullIsrFunc__C                
20011504  ti_sysbios_family_arm_m3_Hwi_priGroup__C                   
20011508  ti_sysbios_family_arm_m3_TaskSupport_stackAlignment__C     
2001150c  ti_sysbios_family_arm_m3_Timer_E_cannotSupport__C          
20011510  ti_sysbios_family_arm_m3_Timer_startupNeeded__C            
20011514  ti_sysbios_gates_GateMutex_A_badContext__C                 
20011518  ti_sysbios_gates_GateMutex_Instance_State_sem__O           
2001151c  ti_sysbios_gates_GateMutex_Module__diagsEnabled__C         
20011520  ti_sysbios_gates_GateMutex_Module__diagsIncluded__C        
20011524  ti_sysbios_gates_GateMutex_Module__diagsMask__C            
20011528  ti_sysbios_hal_Hwi_E_stackOverflow__C                      
2001152c  ti_sysbios_heaps_HeapMem_A_align__C                        
20011530  ti_sysbios_heaps_HeapMem_A_heapSize__C                     
20011534  ti_sysbios_heaps_HeapMem_A_invalidFree__C                  
20011538  ti_sysbios_heaps_HeapMem_A_zeroBlock__C                    
2001153c  ti_sysbios_heaps_HeapMem_E_memory__C                       
20011540  ti_sysbios_heaps_HeapMem_Module__diagsEnabled__C           
20011544  ti_sysbios_heaps_HeapMem_Module__diagsIncluded__C          
20011548  ti_sysbios_heaps_HeapMem_Module__diagsMask__C              
2001154c  ti_sysbios_heaps_HeapMem_Module__gateObj__C                
20011550  ti_sysbios_heaps_HeapMem_Object__count__C                  
20011554  ti_sysbios_heaps_HeapMem_reqAlign__C                       
20011558  ti_sysbios_knl_Clock_A_badThreadType__C                    
2001155c  ti_sysbios_knl_Clock_Module_State_clockQ__O                
20011560  ti_sysbios_knl_Clock_Module__diagsEnabled__C               
20011564  ti_sysbios_knl_Clock_Module__diagsIncluded__C              
20011568  ti_sysbios_knl_Clock_Module__diagsMask__C                  
2001156c  ti_sysbios_knl_Clock_tickPeriod__C                         
20011570  ti_sysbios_knl_Semaphore_A_badContext__C                   
20011574  ti_sysbios_knl_Semaphore_A_noEvents__C                     
20011578  ti_sysbios_knl_Semaphore_A_overflow__C                     
2001157c  ti_sysbios_knl_Semaphore_A_pendTaskDisabled__C             
20011580  ti_sysbios_knl_Semaphore_Instance_State_pendQ__O           
20011584  ti_sysbios_knl_Semaphore_Module__diagsEnabled__C           
20011588  ti_sysbios_knl_Semaphore_Module__diagsIncluded__C          
2001158c  ti_sysbios_knl_Semaphore_Module__diagsMask__C              
20011590  ti_sysbios_knl_Swi_Object__count__C                        
20011594  ti_sysbios_knl_Task_A_badPriority__C                       
20011598  ti_sysbios_knl_Task_A_badTaskState__C                      
2001159c  ti_sysbios_knl_Task_A_badThreadType__C                     
200115a0  ti_sysbios_knl_Task_A_noPendElem__C                        
200115a4  ti_sysbios_knl_Task_E_spOutOfBounds__C                     
200115a8  ti_sysbios_knl_Task_E_stackOverflow__C                     
200115ac  ti_sysbios_knl_Task_Module_State_inactiveQ__O              
200115b0  ti_sysbios_knl_Task_Module__diagsEnabled__C                
200115b4  ti_sysbios_knl_Task_Module__diagsIncluded__C               
200115b8  ti_sysbios_knl_Task_Module__diagsMask__C                   
200115bc  ti_sysbios_knl_Task_Object__count__C                       
200115c0  ti_sysbios_knl_Task_allBlockedFunc__C                      
200115c4  ti_sysbios_knl_Task_defaultStackHeap__C                    
200115c8  ti_sysbios_knl_Task_defaultStackSize__C                    
200115cc  ti_sysbios_knl_Task_numConstructedTasks__C                 
200115d0  xdc_runtime_Assert_E_assertFailed__C                       
200115d4  xdc_runtime_Core_A_initializedParams__C                    
200115d8  xdc_runtime_Core_Module__diagsEnabled__C                   
200115dc  xdc_runtime_Core_Module__diagsIncluded__C                  
200115e0  xdc_runtime_Core_Module__diagsMask__C                      
200115e4  xdc_runtime_Error_E_memory__C                              
200115e8  xdc_runtime_Error_Module__diagsEnabled__C                  
200115ec  xdc_runtime_Error_Module__diagsIncluded__C                 
200115f0  xdc_runtime_Error_Module__diagsMask__C                     
200115f4  xdc_runtime_Error_Module__loggerFxn8__C                    
200115f8  xdc_runtime_Error_Module__loggerObj__C                     
200115fc  xdc_runtime_Error_policyFxn__C                             
20011600  xdc_runtime_Error_raiseHook__C                             
20011604  xdc_runtime_IGateProvider_Interface__BASE__C               
20011608  xdc_runtime_IHeap_Interface__BASE__C                       
2001160c  xdc_runtime_IModule_Interface__BASE__C                     
20011610  xdc_runtime_Log_L_error__C                                 
20011614  xdc_runtime_Memory_defaultHeapInstance__C                  
20011618  xdc_runtime_Startup_execImpl__C                            
2001161c  xdc_runtime_Startup_maxPasses__C                           
20011620  xdc_runtime_Startup_sfxnRts__C                             
20011624  xdc_runtime_Startup_sfxnTab__C                             
20011628  xdc_runtime_SysMin_bufSize__C                              
2001162c  xdc_runtime_SysMin_outputFunc__C                           
20011630  xdc_runtime_System_Module__gateObj__C                      
20011634  xdc_runtime_System_abortFxn__C                             
20011638  xdc_runtime_System_exitFxn__C                              
2001163c  xdc_runtime_System_extendFxn__C                            
20011640  xdc_runtime_System_maxAtexitHandlers__C                    
20011644  xdc_runtime_Text_charTab__C                                
20011648  xdc_runtime_Text_nameEmpty__C                              
2001164c  xdc_runtime_Text_nameStatic__C                             
20011650  xdc_runtime_Text_nameUnknown__C                            
20011654  xdc_runtime_Text_nodeTab__C                                
20011658  xdc_runtime_Text_visitRopeFxn__C                           
2001165c  ti_sysbios_hal_Hwi_Module__id__C                           
2001165e  ti_sysbios_heaps_HeapMem_Module__id__C                     
20011660  ti_sysbios_knl_Clock_Module__id__C                         
20011662  ti_sysbios_knl_Semaphore_Module__id__C                     
20011664  ti_sysbios_knl_Task_Module__id__C                          
20011666  xdc_runtime_Core_Module__id__C                             
20011668  xdc_runtime_Error_Module__loggerDefined__C                 
2001166a  xdc_runtime_Error_maxDepth__C                              
2001166c  xdc_runtime_Memory_Module__id__C                           
2001166e  xdc_runtime_SysMin_flushAtExit__C                          
20011670  xdc_runtime_Text_charCnt__C                                
20011672  xdc_runtime_Text_isLoaded__C                               
20011674  xdc_runtime_Text_registryModsLastId__C                     
20011676  xdc_runtime_Text_unnamedModsLastId__C                      
20011678  xdc_runtime_Error_policy__C                                
2001167c  ti_sysbios_knl_Swi_Module_State_0_readyQ__A                
200116fc  ti_sysbios_knl_Task_Module_State_0_readyQ__A               
2001177c  PowerCC3200_module                                         
200117d0  ti_sysbios_knl_Task_Object__table__V                       
2001181c  ti_sysbios_knl_Task_Module__state__V                       
20011860  ti_sysbios_gates_GateMutex_Object__table__V                
20011898  ti_sysbios_family_arm_m3_Hwi_Module__state__V              
200118cc  ti_sysbios_family_arm_m3_Timer_Object__table__V            
200118fc  ti_sysbios_knl_Swi_Object__table__V                        
2001192c  ti_sysbios_knl_Clock_Module__state__V                      
20011958  ti_sysbios_BIOS_Module__state__V                           
2001197c  ti_sysbios_knl_Swi_Module__state__V                        
20011998  ti_sysbios_family_arm_m3_Hwi_Object__table__V              
200119b0  ti_sysbios_heaps_HeapMem_Object__table__V                  
200119dc  gpioPinConfigs                                             
200119ec  __TI_cleanup_ptr                                           
200119f0  __TI_dtors_ptr                                             
200119f4  __TI_enable_exit_profile_output                            
200119f8  g_uiLED1Port                                               
200119fc  g_uiLED2Port                                               
20011a00  g_uiLED3Port                                               
20011a04  ti_sysbios_family_arm_m3_Timer_Module__state__V            
20011a10  xdc_runtime_SysMin_Module__state__V                        
20011a1c  _lock                                                      
20011a20  _unlock                                                    
20011a2c  gpioCallbackFunctions                                      
20011a34  ti_sysbios_family_arm_m3_Hwi_Module__root__V               
20011a3c  ti_sysbios_gates_GateHwi_Module__root__V                   
20011a44  ti_sysbios_gates_GateMutex_Module__root__V                 
20011a4c  ti_sysbios_heaps_HeapMem_Module__root__V                   
20011a54  ti_sysbios_knl_Clock_Module__root__V                       
20011a5c  ti_sysbios_knl_Queue_Module__root__V                       
20011a64  ti_sysbios_knl_Semaphore_Module__root__V                   
20011a6c  ti_sysbios_knl_Task_Module__root__V                        
20011a74  xdc_runtime_Registry_Module__state__V                      
20011a7c  xdc_runtime_Startup_Module__state__V                       
20011a84  xdc_runtime_System_Module_State_0_atexitHandlers__A        
20011a8c  xdc_runtime_System_Module__state__V                        
20011a94  count                                                      
20011aa0  main_func_sp                                               
20011aa4  ti_sysbios_family_arm_m3_Hwi_Module_State_0_excContext__A  
20011aa8  ti_sysbios_family_arm_m3_Hwi_Module_State_0_excStack__A    
20011aac  ti_sysbios_gates_GateHwi_Object__table__V                  
20011ab0  ti_sysbios_knl_Task_Module_State_0_idleTask__A             
20011ab4  xdc_runtime_Memory_Module__state__V                        
20011ab8  ti_sysbios_family_arm_m3_Hwi_Module_State_0_excActive__A   
20011aba  xdc_runtime_Error_Module__state__V                         
20011ac0  __stack                                                    
20011dc0  __STACK_END                                                
20011dc0  __TI_static_base__                                         
200120ec  __TI_Handler_Table_Base                                    
200120f4  __TI_CINIT_Base                                            
200120f4  __TI_Handler_Table_Limit                                   
20012104  __TI_CINIT_Limit                                           
e000e000  ti_sysbios_family_arm_m3_Hwi_nvic                          
ffffffff  __TI_pprof_out_hndl                                        
ffffffff  __TI_prof_data_size                                        
ffffffff  __TI_prof_data_start                                       
ffffffff  __binit__                                                  
ffffffff  __c_args__                                                 
ffffffff  binit                                                      
UNDEFED   SHT$$INIT_ARRAY$$Base                                      
UNDEFED   SHT$$INIT_ARRAY$$Limit                                     

[722 symbols]
