******************************************************************************
                  TI ARM Linker PC v15.12.3                    
******************************************************************************
>> Linked Mon Dec 12 18:55:32 2016

OUTPUT FILE NAME:   <CDIO_CC3200.out>
ENTRY POINT SYMBOL: "_c_int00"  address: 20023779


MEMORY CONFIGURATION

         name            origin    length      used     unused   attr    fill
----------------------  --------  ---------  --------  --------  ----  --------
  SRAM                  20004000   0003c000  00024394  00017c6c  RW X


SEGMENT ALLOCATION MAP

run origin  load origin   length   init length attrs members
----------  ----------- ---------- ----------- ----- -------
20004000    20004000    0000030c   0000030c    r--
  20004000    20004000    0000030c   0000030c    r-- .resetVecs
20004310    20004310    00019488   00000000    rw-
  20004310    20004310    00019488   00000000    rw- .bss
2001d798    2001d798    0000a181   0000a181    r-x
  2001d798    2001d798    00008052   00008052    r-x .text
  200257ec    200257ec    0000212d   0000212d    r-- .const
2002791c    2002791c    0000073c   00000000    rw-
  2002791c    2002791c    00000439   00000000    rw- .data
  20027d58    20027d58    00000300   00000000    rw- .stack
20028058    20028058    00000348   00000348    r--
  20028058    20028058    00000348   00000348    r-- .cinit


SECTION ALLOCATION MAP

 output                                  attributes/
section   page    origin      length       input sections
--------  ----  ----------  ----------   ----------------
.bss       0    20004310    00019488     UNINITIALIZED
                  20004310    000186a0     (.common:task0Stack)
                  2001c9b0    00000400     (.common:ti_sysbios_heaps_HeapMem_Instance_State_0_buf__A)
                  2001cdb0    0000030c     (.common:ti_sysbios_family_arm_m3_Hwi_dispatchTable)
                  2001d0bc    00000004     (.common:firstTick$2)
                  2001d0c0    00000200     CDIO_CC3200_pem4.oem4 (.bss:taskStackSection)
                  2001d2c0    0000012c     drivers_cc32xxware.aem4 : PowerCC3200.oem4 (.bss:PowerCC3200_contextSave)
                  2001d3ec    00000120     rtsv7M4_T_le_eabi.lib : trgmsg.obj (.bss:_CIOBUF_)
                  2001d50c    00000108     (.common:uartCC3200Objects)
                  2001d614    00000080     (.common:xdc_runtime_SysMin_Module_State_0_outbuf__A)
                  2001d694    00000050     (.common:task0Struct)
                  2001d6e4    00000040     (.common:uartCC3200RingBuffer)
                  2001d724    00000020     (.common:gpioCallbackInfo)
                  2001d744    00000020     (.common:pwmTimerCC3200Objects)
                  2001d764    00000014     (.common:powerNotifyObj)
                  2001d778    00000010     (.common:steps)
                  2001d788    00000008                           : trgdrv.obj (.bss:parmbuf)
                  2001d790    00000008     (.common:firstRTC$1)

.text      0    2001d798    00008052     
                  2001d798    00000430     sysbios.aem4 : BIOS.obj (.text:ti_sysbios_family_arm_m3_Hwi_excDumpRegs__I)
                  2001dbc8    0000034c     ti.targets.arm.rtsarm.aem4 : System.oem4 (.text:xdc_runtime_System_doPrint__I)
                  2001df14    00000324     rtsv7M4_T_le_eabi.lib : trgdrv.obj (.text)
                  2001e238    000002c0     sysbios.aem4 : BIOS.obj (.text:ti_sysbios_knl_Semaphore_pend__E)
                  2001e4f8    00000264     CDIO_CC3200.obj (.text:moveTask)
                  2001e75c    00000004     tirtosport.aem4 : ClockP_tirtos.oem4 (.text:ClockP_getCpuFreq)
                  2001e760    00000254     sysbios.aem4 : BIOS.obj (.text:ti_sysbios_heaps_HeapMem_free__E)
                  2001e9b4    00000004     tirtosport.aem4 : HwiP_tirtos.oem4 (.text:HwiP_disable)
                  2001e9b8    00000248     sysbios.aem4 : BIOS.obj (.text:ti_sysbios_heaps_HeapMem_alloc__E)
                  2001ec00    0000022c                  : BIOS.obj (.text:ti_sysbios_knl_Task_Instance_finalize__E)
                  2001ee2c    00000208     drivers_cc32xxware.aem4 : UARTCC3200.oem4 (.text:UARTCC3200_open)
                  2001f034    00000004                             : List.oem4 (.text:List_head)
                  2001f038    000001fc     sysbios.aem4 : BIOS.obj (.text:ti_sysbios_family_arm_m3_Hwi_excHandlerMax__I)
                  2001f234    000001f4     rtsv7M4_T_le_eabi.lib : ull_div_t2.obj (.text)
                  2001f428    000001e0     sysbios.aem4 : BIOS.obj (.text:ti_sysbios_knl_Task_sleep__E)
                  2001f608    000001c8                  : BIOS.obj (.text:ti_sysbios_knl_Task_Instance_init__E)
                  2001f7d0    00000188     power_cc3200_tirtos.aem4 : PowerCC3200_tirtos.oem4 (.text:PowerCC3200_sleepPolicy)
                  2001f958    0000017c     drivers_cc32xxware.aem4 : GPIOCC3200.oem4 (.text:GPIO_setConfig)
                  2001fad4    00000004                             : List.oem4 (.text:List_next)
                  2001fad8    00000174     sysbios.aem4 : BIOS.obj (.text:ti_sysbios_family_arm_m3_Hwi_excBusFault__I)
                  2001fc4c    00000004     CDIO_CC3200_pem4.oem4 (.text:ti_sysbios_BIOS_RtsGateProxy_enter__E)
                  2001fc50    00000164     sysbios.aem4 : BIOS.obj (.text:ti_sysbios_family_arm_m3_Hwi_excUsageFault__I)
                  2001fdb4    00000154     CDIO_CC3200.obj (.text:move)
                  2001ff08    00000148     sysbios.aem4 : BIOS.obj (.text:ti_sysbios_family_arm_m3_Hwi_excMemFault__I)
                  20020050    0000013c                  : BIOS.obj (.text:ti_sysbios_heaps_HeapMem_Instance_init__E)
                  2002018c    00000134     driverlib.a : prcm.obj (.text:PRCMCC3200MCUInit)
                  200202c0    0000012a     CDIO_CC3200.obj (.text:read_file)
                  200203ea    00000006     drivers_cc32xxware.aem4 : PWMTimerCC3200.oem4 (.text:PWMTimerCC3200_getPeriodMicroSecs)
                  200203f0    0000011c     sysbios.aem4 : BIOS.obj (.text:ti_sysbios_knl_Clock_Instance_init__E)
                  2002050c    00000118     ti.targets.arm.rtsarm.aem4 : Error.oem4 (.text:xdc_runtime_Error_policyDefault__E)
                  20020624    00000102     rom_pin_mux_config.obj (.text:PinMuxConfig)
                  20020726    00000002     rtsv7M4_T_le_eabi.lib : i_div0.obj (.text)
                  20020728    00000100     ti.targets.arm.rtsarm.aem4 : Core-mem.oem4 (.text:xdc_runtime_Core_createObject__I)
                  20020828    000000f8                                : Startup.oem4 (.text:xdc_runtime_Startup_startMods__I)
                  20020920    000000f8     CDIO_CC3200_pem4.oem4 (.text:xdc_runtime_System_printfExtend__I)
                  20020a18    000000f4     CDIO_CC3200.obj (.text:main)
                  20020b0c    00000004     CDIO_CC3200_pem4.oem4 (.text:ti_sysbios_BIOS_RtsGateProxy_leave__E)
                  20020b10    000000ec     sysbios.aem4 : BIOS.obj (.text:ti_sysbios_knl_Semaphore_post__E)
                  20020bfc    000000e0     drivers_cc32xxware.aem4 : PWMTimerCC3200.oem4 (.text:PWMTimerCC3200_open)
                  20020cdc    000000d0                             : GPIOCC3200.oem4 (.text:powerNotifyFxn)
                  20020dac    000000d0     sysbios.aem4 : m3_Hwi_asm.obj (.text:ti_sysbios_family_arm_m3_Hwi_dispatch__I)
                  20020e7c    000000cc     ti.targets.arm.rtsarm.aem4 : Core-smem.oem4 (.text:xdc_runtime_Core_constructObject__I)
                  20020f48    000000bc     sysbios.aem4 : BIOS.obj (.text:ti_sysbios_family_arm_m3_Hwi_excDebugMon__I)
                  20021004    00000004     CDIO_CC3200_pem4.oem4 (.text:ti_sysbios_family_arm_m3_Hwi_destruct)
                  20021008    000000bc     sysbios.aem4 : BIOS.obj (.text:ti_sysbios_family_arm_m3_Hwi_excHardFault__I)
                  200210c4    000000b8     drivers_cc32xxware.aem4 : PWMTimerCC3200.oem4 (.text:PWMTimerCC3200_setDuty)
                  2002117c    00000004     CDIO_CC3200_pem4.oem4 (.text:ti_sysbios_family_arm_m3_TaskSupport_Module__startupDone__S)
                  20021180    000000b4     sysbios.aem4 : BIOS.obj (.text:ti_sysbios_gates_GateMutex_enter__E)
                  20021234    00000004     CDIO_CC3200_pem4.oem4 (.text:ti_sysbios_heaps_HeapMem_Module_GateProxy_enter__E)
                  20021238    000000b4     sysbios.aem4 : BIOS.obj (.text:ti_sysbios_knl_Task_checkStacks__E)
                  200212ec    00000004     CDIO_CC3200_pem4.oem4 (.text:ti_sysbios_heaps_HeapMem_Module_GateProxy_leave__E)
                  200212f0    000000a8     sysbios.aem4 : BIOS.obj (.text:ti_sysbios_knl_Task_postInit__I)
                  20021398    000000a4                  : BIOS.obj (.text:ti_sysbios_knl_Clock_Instance_finalize__E)
                  2002143c    000000a2     drivers_cc32xxware.aem4 : UARTCC3200.oem4 (.text:UARTCC3200_write)
                  200214de    00000002     CDIO_CC3200_pem4.oem4 (.text:ti_sysbios_BIOS_nullFunc__I)
                  200214e0    000000a0     auto_init.aem4 : auto_init.oem4 (.text)
                  20021580    000000a0     ti.targets.arm.rtsarm.aem4 : Text.oem4 (.text:xdc_runtime_Text_putMod__E)
                  20021620    0000009e     drivers_cc32xxware.aem4 : UARTCC3200.oem4 (.text:readTaskBlocking)
                  200216be    0000009c     rtsv7M4_T_le_eabi.lib : memcpy_t2.obj (.text)
                  2002175a    00000006     driverlib.a : utils.obj (.text:UtilsDelay)
                  20021760    0000009c     sysbios.aem4 : BIOS.obj (.text:ti_sysbios_knl_Semaphore_Instance_init__E)
                  200217fc    0000009a     ti.targets.arm.rtsarm.aem4 : Text.oem4 (.text:xdc_runtime_Text_putSite__E)
                  20021896    00000098     drivers_cc32xxware.aem4 : UARTCC3200.oem4 (.text:UARTCC3200_control)
                  2002192e    00000098                             : UARTCC3200.oem4 (.text:UARTCC3200_readPolling)
                  200219c6    00000094     CDIO_CC3200.obj (.text:charToInt)
                  20021a5a    00000006     rtsv7M4_T_le_eabi.lib : copy_decompress_rle.obj (.text:decompress:rle24)
                  20021a60    00000094     sysbios.aem4 : BIOS.obj (.text:ti_sysbios_family_arm_m3_Hwi_Instance_init__E)
                  20021af4    00000090     drivers_cc32xxware.aem4 : PowerCC3200.oem4 (.text:restoreNVICRegs)
                  20021b84    0000008a                             : UARTCC3200.oem4 (.text:readIsrTextBlocking)
                  20021c0e    00000002     CDIO_CC3200_pem4.oem4 (.text:xdc_runtime_Startup_reset__I)
                  20021c10    00000088     driverlib.a : pin.obj (.text:PinConfigSet)
                  20021c98    00000088     drivers_cc32xxware.aem4 : UARTCC3200.oem4 (.text:UARTCC3200_close)
                  20021d20    00000088     sysbios.aem4 : BIOS.obj (.text:ti_sysbios_family_arm_m3_Hwi_initNVIC__E)
                  20021da8    00000084     drivers_cc32xxware.aem4 : GPIOCC3200.oem4 (.text:GPIO_init)
                  20021e2c    00000084                             : PowerCC3200.oem4 (.text:saveNVICRegs)
                  20021eb0    00000084     sysbios.aem4 : BIOS.obj (.text:ti_sysbios_family_arm_m3_Hwi_postInit__I)
                  20021f34    00000082     driverlib.a : gpio.obj (.text:GPIOIntTypeSet)
                  20021fb6    00000082     drivers_cc32xxware.aem4 : UARTCC3200.oem4 (.text:readIsrTextCallback)
                  20022038    0000007a                             : UARTCC3200.oem4 (.text:readTaskCallback)
                  200220b2    0000007a     rtsv7M4_T_le_eabi.lib : memset_t2.obj (.text)
                  2002212c    00000076     driverlib.a : uart.obj (.text:UARTConfigSetExpClk)
                  200221a2    00000006     ti.targets.arm.rtsarm.aem4 : System.oem4 (.text:xdc_runtime_System_Module_startup__E)
                  200221a8    00000074     sysbios.aem4 : BIOS.obj (.text:ti_sysbios_knl_Clock_start__E)
                  2002221c    00000070     drivers_cc32xxware.aem4 : PWMTimerCC3200.oem4 (.text:PWMTimerCC3200_control)
                  2002228c    00000070                             : PowerCC3200.oem4 (.text:Power_sleep)
                  200222fc    0000006d     ti.targets.arm.rtsarm.aem4 : System.oem4 (.text:xdc_runtime_System_formatNum__I)
                  20022369    00000003     --HOLE-- [fill = 0]
                  2002236c    0000006c     drivers_cc32xxware.aem4 : UARTCC3200.oem4 (.text:initHw)
                  200223d8    0000006c     sysbios.aem4 : BIOS.obj (.text:ti_sysbios_knl_Clock_workFunc__E)
                  20022444    00000004     CDIO_CC3200_pem4.oem4 (.text:ti_sysbios_knl_Clock_TimerProxy_getMaxTicks__E)
                  20022448    0000006c     sysbios.aem4 : BIOS.obj (.text:ti_sysbios_knl_Swi_restoreHwi__E)
                  200224b4    00000004     CDIO_CC3200_pem4.oem4 (.text:ti_sysbios_knl_Clock_TimerProxy_setPeriodMicroSecs__E)
                  200224b8    0000006c     sysbios.aem4 : BIOS.obj (.text:ti_sysbios_knl_Task_exit__E)
                  20022524    0000006c     ti.targets.arm.rtsarm.aem4 : Error.oem4 (.text:xdc_runtime_Error_print__E)
                  20022590    0000006c                                : Memory.oem4 (.text:xdc_runtime_Memory_alloc__E)
                  200225fc    0000006a     rtsv7M4_T_le_eabi.lib : copy_decompress_rle.obj (.text)
                  20022666    00000002     --HOLE-- [fill = 0]
                  20022668    00000068     driverlib.a : prcm.obj (.text:PRCMHibernateWakeUpGPIOSelect)
                  200226d0    00000068     rtsv7M4_T_le_eabi.lib : trgmsg.obj (.text)
                  20022738    00000068     drivers_cc32xxware.aem4 : UARTCC3200.oem4 (.text:writeData)
                  200227a0    00000066     ti.targets.arm.rtsarm.aem4 : Core-mem.oem4 (.text:xdc_runtime_Core_deleteObject__I)
                  20022806    00000002     --HOLE-- [fill = 0]
                  20022808    00000064     drivers_cc32xxware.aem4 : GPIOCC3200.oem4 (.text:GPIO_hwiIntFxn)
                  2002286c    00000004     CDIO_CC3200_pem4.oem4 (.text:ti_sysbios_knl_Clock_TimerProxy_start__E)
                  20022870    00000064     sysbios.aem4 : BIOS.obj (.text:ti_sysbios_family_arm_m3_Hwi_dispatchC__I)
                  200228d4    00000062     tirtosport.aem4 : HwiP_tirtos.oem4 (.text:HwiP_create)
                  20022936    00000002     --HOLE-- [fill = 0]
                  20022938    00000060     sysbios.aem4 : BIOS.obj (.text:ti_sysbios_knl_Task_schedule__I)
                  20022998    0000005e     drivers_cc32xxware.aem4 : UARTCC3200.oem4 (.text:readIsrBinaryBlocking)
                  200229f6    00000002     --HOLE-- [fill = 0]
                  200229f8    0000005c     sysbios.aem4 : BIOS.obj (.text:ti_sysbios_knl_Swi_run__I)
                  20022a54    00000004     CDIO_CC3200_pem4.oem4 (.text:ti_sysbios_knl_Clock_TimerProxy_stop__E)
                  20022a58    0000005c     sysbios.aem4 : BIOS.obj (.text:ti_sysbios_knl_Swi_schedule__I)
                  20022ab4    00000004     CDIO_CC3200_pem4.oem4 (.text:ti_sysbios_knl_Clock_destruct)
                  20022ab8    0000005c     sysbios.aem4 : BIOS.obj (.text:ti_sysbios_knl_Task_Module_startup__E)
                  20022b14    00000004     CDIO_CC3200_pem4.oem4 (.text:ti_sysbios_knl_Queue_destruct)
                  20022b18    0000005c     sysbios.aem4 : BIOS.obj (.text:ti_sysbios_knl_Task_startCore__E)
                  20022b74    0000005b     ti.targets.arm.rtsarm.aem4 : Text.oem4 (.text:xdc_runtime_Text_putLab__E)
                  20022bcf    00000001     --HOLE-- [fill = 0]
                  20022bd0    0000005a     tirtosport.aem4 : ClockP_tirtos.oem4 (.text:ClockP_create)
                  20022c2a    00000002     --HOLE-- [fill = 0]
                  20022c2c    00000058     driverlib.a : interrupt.obj (.text:IntPendClear)
                  20022c84    00000058                 : prcm.obj (.text:PRCMPeripheralReset)
                  20022cdc    00000058     drivers_cc32xxware.aem4 : PowerCC3200.oem4 (.text:Power_init)
                  20022d34    00000058     tirtosport.aem4 : SemaphoreP_tirtos.oem4 (.text:SemaphoreP_create)
                  20022d8c    00000058     CDIO_CC3200_pem4.oem4 (.text:ti_sysbios_family_arm_m3_Hwi_construct)
                  20022de4    00000054     drivers_cc32xxware.aem4 : UARTCC3200.oem4 (.text:UARTCC3200_writeCancel)
                  20022e38    00000054                             : UARTCC3200.oem4 (.text:readIsrBinaryCallback)
                  20022e8c    00000054     rtsv7M4_T_le_eabi.lib : exit.obj (.text)
                  20022ee0    00000054     sysbios.aem4 : BIOS.obj (.text:ti_sysbios_family_arm_m3_Timer_setPeriod__E)
                  20022f34    00000004     CDIO_CC3200_pem4.oem4 (.text:ti_sysbios_knl_Semaphore_destruct)
                  20022f38    00000054     sysbios.aem4 : BIOS.obj (.text:ti_sysbios_family_arm_m3_Timer_start__E)
                  20022f8c    00000054     CDIO_CC3200_pem4.oem4 (.text:ti_sysbios_knl_Task_construct)
                  20022fe0    00000054     ti.targets.arm.rtsarm.aem4 : Assert.oem4 (.text:xdc_runtime_Assert_raise__I)
                  20023034    00000004                                : Error.oem4 (.text:xdc_runtime_Error_getSite__E)
                  20023038    00000050     sysbios.aem4 : BIOS.obj (.text:ti_sysbios_family_arm_m3_Hwi_Module_startup__E)
                  20023088    00000050     ti.targets.arm.rtsarm.aem4 : Startup.oem4 (.text:xdc_runtime_Startup_exec__E)
                  200230d8    00000050                                : Text.oem4 (.text:xdc_runtime_Text_visitRope2__I)
                  20023128    0000004c     gpio_if.obj (.text:GPIO_IF_GetPortNPin)
                  20023174    0000004c     drivers_cc32xxware.aem4 : GPIOCC3200.oem4 (.text:GPIO_setCallback)
                  200231c0    0000004c     rtsv7M4_T_le_eabi.lib : cpy_tbl.obj (.text)
                  2002320c    0000004c     sysbios.aem4 : m3_TaskSupport_asm.obj (.text:ti_sysbios_family_arm_m3_TaskSupport_buildTaskStack)
                  20023258    0000004c                  : BIOS.obj (.text:ti_sysbios_family_arm_m3_Timer_setPeriodMicroSecs__E)
                  200232a4    00000004     CDIO_CC3200_pem4.oem4 (.text:xdc_runtime_System_Module_GateProxy_enter__E)
                  200232a8    0000004c     sysbios.aem4 : BIOS.obj (.text:ti_sysbios_heaps_HeapMem_getStats__E)
                  200232f4    00000004     CDIO_CC3200_pem4.oem4 (.text:xdc_runtime_System_Module_GateProxy_leave__E)
                  200232f8    0000004c     sysbios.aem4 : BIOS.obj (.text:ti_sysbios_knl_Swi_runLoop__I)
                  20023344    00000004     ti.targets.arm.rtsarm.aem4 : System.oem4 (.text:xdc_runtime_System_aprintf_va__F)
                  20023348    0000004c     sysbios.aem4 : BIOS.obj (.text:ti_sysbios_knl_Task_allBlockedFunction__I)
                  20023394    00000048     driverlib.a : flash.obj (.text:FlashDisable)
                  200233dc    00000048                 : prcm.obj (.text:PRCMHibernateWakeupSourceEnable)
                  20023424    00000048                 : pin.obj (.text:PinConfigGet)
                  2002346c    00000048     drivers_cc32xxware.aem4 : PowerCC3200.oem4 (.text:notify)
                  200234b4    00000004     ti.targets.arm.rtsarm.aem4 : System.oem4 (.text:xdc_runtime_System_printf_va__F)
                  200234b8    00000048     sysbios.aem4 : BIOS.obj (.text:ti_sysbios_family_arm_m3_Hwi_disableInterrupt__E)
                  20023500    00000048                  : BIOS.obj (.text:ti_sysbios_family_arm_m3_Hwi_enableInterrupt__E)
                  20023548    00000048                  : BIOS.obj (.text:ti_sysbios_family_arm_m3_Hwi_excReserved__I)
                  20023590    00000048                  : m3_Hwi_asm_switch.obj (.text:ti_sysbios_family_arm_m3_Hwi_initStacks__E)
                  200235d8    00000048                  : BIOS.obj (.text:ti_sysbios_family_arm_m3_Timer_initDevice__I)
                  20023620    00000046     drivers_cc32xxware.aem4 : RingBuf.oem4 (.text:RingBuf_put)
                  20023666    00000046     ti.targets.arm.rtsarm.aem4 : Core-params.oem4 (.text:xdc_runtime_Core_assignParams__I)
                  200236ac    00000044     driverlib.a : prcm.obj (.text:PRCMLPDSEnter)
                  200236f0    00000044     drivers_cc32xxware.aem4 : PowerCC3200_asm.oem4 (.text:PowerCC3200_enterLPDS)
                  20023734    00000044                             : UARTCC3200.oem4 (.text:UARTCC3200_hwiIntFxn)
                  20023778    00000044     boot.aem4 : boot.oem4 (.text)
                  200237bc    00000004     --HOLE-- [fill = 0]
                  200237c0    00000044     sysbios.aem4 : BIOS.obj (.text:ti_sysbios_family_arm_m3_Hwi_getStackInfo__E)
                  20023804    00000004     --HOLE-- [fill = 0]
                  20023808    00000044                  : BIOS.obj (.text:ti_sysbios_knl_Swi_post__E)
                  2002384c    00000044     ti.targets.arm.rtsarm.aem4 : Error.oem4 (.text:xdc_runtime_Error_setX__E)
                  20023890    00000044                                : SysMin.oem4 (.text:xdc_runtime_SysMin_flush__E)
                  200238d4    00000044                                : Text.oem4 (.text:xdc_runtime_Text_xprintf__I)
                  20023918    00000042     drivers_cc32xxware.aem4 : PowerCC3200_asm.oem4 (.text:PowerCC3200_resumeLPDS)
                  2002395a    00000042                             : UARTCC3200.oem4 (.text:UARTCC3200_writePolling)
                  2002399c    00000040                             : GPIOCC3200.oem4 (.text:GPIO_enableInt)
                  200239dc    00000040     driverlib.a : pin.obj (.text:PinModeSet)
                  20023a1c    00000040     drivers_cc32xxware.aem4 : PowerCC3200.oem4 (.text:Power_setDependency)
                  20023a5c    00000040                             : RingBuf.oem4 (.text:RingBuf_get)
                  20023a9c    00000040                             : UARTCC3200.oem4 (.text:UARTCC3200_read)
                  20023adc    00000040     rtsv7M4_T_le_eabi.lib : u_divt2.obj (.text)
                  20023b1c    00000004     --HOLE-- [fill = 0]
                  20023b20    00000040     sysbios.aem4 : BIOS.obj (.text:ti_sysbios_family_arm_m3_Timer_Module_startup__E)
                  20023b60    0000003c     driverlib.a : prcm.obj (.text:PRCMPeripheralClkEnable)
                  20023b9c    0000003c                 : prcm.obj (.text:PRCMSlowClkCtrFastGet)
                  20023bd8    0000003c                 : pin.obj (.text:PinDirModeSet)
                  20023c14    0000003c     CDIO_CC3200.obj (.text:brytarIntX)
                  20023c50    0000003c     CDIO_CC3200.obj (.text:brytarIntY)
                  20023c8c    00000004     --HOLE-- [fill = 0]
                  20023c90    0000003c     sysbios.aem4 : BIOS.obj (.text:ti_sysbios_family_arm_m3_Hwi_excSvCall__I)
                  20023ccc    00000004     --HOLE-- [fill = 0]
                  20023cd0    0000003c                  : BIOS.obj (.text:ti_sysbios_heaps_HeapMem_init__I)
                  20023d0c    00000004     --HOLE-- [fill = 0]
                  20023d10    0000003c                  : BIOS.obj (.text:ti_sysbios_knl_Clock_walkQueuePeriodic__E)
                  20023d4c    00000004     --HOLE-- [fill = 0]
                  20023d50    0000003c                  : BIOS.obj (.text:ti_sysbios_knl_Swi_restore__E)
                  20023d8c    00000004     --HOLE-- [fill = 0]
                  20023d90    0000003c                  : BIOS.obj (.text:ti_sysbios_knl_Swi_startup__E)
                  20023dcc    0000003a     gpio_if.obj (.text:GPIO_IF_Set)
                  20023e06    00000002     --HOLE-- [fill = 0]
                  20023e08    00000038     driverlib.a : prcm.obj (.text:PRCMIntEnable)
                  20023e40    00000038     drivers_cc32xxware.aem4 : PWM.oem4 (.text:PWM_init)
                  20023e78    00000038     power_cc3200_tirtos.aem4 : PowerCC3200_tirtos.oem4 (.text:PowerCC3200_initPolicy)
                  20023eb0    00000038     drivers_cc32xxware.aem4 : UART.oem4 (.text:UART_init)
                  20023ee8    00000038     sysbios.aem4 : BIOS.obj (.text:ti_sysbios_family_arm_m3_Hwi_excNoIsr__I)
                  20023f20    00000038                  : BIOS.obj (.text:ti_sysbios_knl_Task_processVitalTaskFlag__I)
                  20023f58    00000038     ti.targets.arm.rtsarm.aem4 : SysMin.oem4 (.text:xdc_runtime_SysMin_putch__E)
                  20023f90    00000038                                : System.oem4 (.text:xdc_runtime_System_atexit__E)
                  20023fc8    00000036     driverlib.a : gpio.obj (.text:GPIODirModeSet)
                  20023ffe    00000036                 : timer.obj (.text:TimerControlLevel)
                  20024034    00000036     drivers_cc32xxware.aem4 : UARTCC3200.oem4 (.text:UARTCC3200_readCancel)
                  2002406a    00000002     --HOLE-- [fill = 0]
                  2002406c    00000034     driverlib.a : prcm.obj (.text:PRCMPeripheralStatusGet)
                  200240a0    00000034                 : prcm.obj (.text:PRCMSRAMRetentionEnable)
                  200240d4    00000034     drivers_cc32xxware.aem4 : PowerCC3200.oem4 (.text:Power_releaseDependency)
                  20024108    00000034     power_cc3200_tirtos.aem4 : PowerCC3200_tirtos.oem4 (.text:getCountsRTC)
                  2002413c    00000034     drivers_cc32xxware.aem4 : PWMTimerCC3200.oem4 (.text:getPowerMgrId)
                  20024170    00000034     CDIO_CC3200.obj (.text:moveToOrigin)
                  200241a4    00000034     drivers_cc32xxware.aem4 : PowerCC3200.oem4 (.text:restorePeriphClocks)
                  200241d8    00000034     sysbios.aem4 : BIOS.obj (.text:ti_sysbios_family_arm_m3_Hwi_Instance_finalize__E)
                  2002420c    00000004     --HOLE-- [fill = 0]
                  20024210    00000034                  : BIOS.obj (.text:ti_sysbios_family_arm_m3_Hwi_excNmi__I)
                  20024244    00000004     --HOLE-- [fill = 0]
                  20024248    00000034                  : BIOS.obj (.text:ti_sysbios_family_arm_m3_Timer_periodicStub__I)
                  2002427c    00000004     --HOLE-- [fill = 0]
                  20024280    00000034                  : BIOS.obj (.text:ti_sysbios_hal_Hwi_checkStack)
                  200242b4    00000034     CDIO_CC3200_pem4.oem4 (.text:ti_sysbios_knl_Clock_construct)
                  200242e8    00000034     ti.targets.arm.rtsarm.aem4 : Core-label.oem4 (.text:xdc_runtime_Core_assignLabel__I)
                  2002431c    00000033                                : Text.oem4 (.text:xdc_runtime_Text_printVisFxn__I)
                  2002434f    00000001     --HOLE-- [fill = 0]
                  20024350    00000032     sysbios.aem4 : BIOS.obj (.text:ti_sysbios_hal_Hwi_initStack)
                  20024382    00000002     --HOLE-- [fill = 0]
                  20024384    00000030     drivers_cc32xxware.aem4 : PWM.oem4 (.text:PWM_open)
                  200243b4    00000030     driverlib.a : pin.obj (.text:PinTypeGPIO)
                  200243e4    00000030     drivers_cc32xxware.aem4 : PowerCC3200.oem4 (.text:Power_releaseConstraint)
                  20024414    00000030                             : PowerCC3200.oem4 (.text:Power_setConstraint)
                  20024444    00000030     driverlib.a : uart.obj (.text:UARTDisable)
                  20024474    00000030     drivers_cc32xxware.aem4 : UART.oem4 (.text:UART_open)
                  200244a4    00000030     CDIO_CC3200_pem4.oem4 (.text:ti_sysbios_BIOS_atExitFunc__I)
                  200244d4    00000004     --HOLE-- [fill = 0]
                  200244d8    00000030     sysbios.aem4 : BIOS.obj (.text:ti_sysbios_family_arm_m3_TaskSupport_start__E)
                  20024508    00000030     CDIO_CC3200_pem4.oem4 (.text:ti_sysbios_gates_GateHwi_Object__create__S)
                  20024538    00000030     CDIO_CC3200_pem4.oem4 (.text:ti_sysbios_gates_GateMutex_Object__create__S)
                  20024568    00000030     CDIO_CC3200_pem4.oem4 (.text:ti_sysbios_heaps_HeapMem_Object__create__S)
                  20024598    00000030     CDIO_CC3200_pem4.oem4 (.text:ti_sysbios_knl_Semaphore_construct)
                  200245c8    00000030     sysbios.aem4 : BIOS.obj (.text:ti_sysbios_knl_Semaphore_pendTimeout__I)
                  200245f8    00000030                  : BIOS.obj (.text:ti_sysbios_knl_Task_unblockI__E)
                  20024628    00000030     ti.targets.arm.rtsarm.aem4 : SysMin.oem4 (.text:xdc_runtime_SysMin_abort__E)
                  20024658    00000030                                : System.oem4 (.text:xdc_runtime_System_processAtExit__E)
                  20024688    0000002e     drivers_cc32xxware.aem4 : PWMTimerCC3200.oem4 (.text:PWMTimerCC3200_close)
                  200246b6    00000002     --HOLE-- [fill = 0]
                  200246b8    0000002c     driverlib.a : prcm.obj (.text:PRCMLPDSIntervalSet)
                  200246e4    0000002c                 : prcm.obj (.text:PRCMSysResetCauseGet)
                  20024710    0000002c     CDIO_CC3200_pem4.oem4 (.text:ti_sysbios_knl_Clock_doTick__I)
                  2002473c    0000002c     CDIO_CC3200_pem4.oem4 (.text:ti_sysbios_knl_Queue_construct)
                  20024768    0000002c     sysbios.aem4 : BIOS.obj (.text:ti_sysbios_knl_Task_restore__E)
                  20024794    0000002c     ti.targets.arm.rtsarm.aem4 : Text.oem4 (.text:xdc_runtime_Text_cordText__E)
                  200247c0    0000002a     driverlib.a : timer.obj (.text:TimerLoadSet)
                  200247ea    0000002a                 : timer.obj (.text:TimerMatchSet)
                  20024814    0000002a                 : timer.obj (.text:TimerPrescaleMatchSet)
                  2002483e    0000002a                 : timer.obj (.text:TimerPrescaleSet)
                  20024868    0000002a     ti.targets.arm.rtsarm.aem4 : System.oem4 (.text:xdc_runtime_System_putchar__I)
                  20024892    00000002     --HOLE-- [fill = 0]
                  20024894    00000028     driverlib.a : prcm.obj (.text:PRCMLPDSWakeupSourceEnable)
                  200248bc    00000028                 : prcm.obj (.text:PRCMPeripheralClkDisable)
                  200248e4    00000028     drivers_cc32xxware.aem4 : PowerCC3200.oem4 (.text:Power_registerNotify)
                  2002490c    00000028                             : UARTCC3200.oem4 (.text:releasePowerConstraint)
                  20024934    00000004     --HOLE-- [fill = 0]
                  20024938    00000028     sysbios.aem4 : BIOS.obj (.text:ti_sysbios_knl_Swi_Module_startup__E)
                  20024960    00000026     drivers_cc32xxware.aem4 : List.oem4 (.text:List_put)
                  20024986    00000026     ti.targets.arm.rtsarm.aem4 : System.oem4 (.text:xdc_runtime_System_avprintf__E)
                  200249ac    00000024     driverlib.a : prcm.obj (.text:PRCMLPDSWakeUpGPIOSelect)
                  200249d0    00000024                 : uart.obj (.text:UARTCharPutNonBlocking)
                  200249f4    00000024                 : uart.obj (.text:UARTEnable)
                  20024a18    00000024     CDIO_CC3200_pem4.oem4 (.text:ti_sysbios_BIOS_errorRaiseHook__I)
                  20024a3c    00000024     CDIO_CC3200_pem4.oem4 (.text:ti_sysbios_BIOS_registerRTSLock__I)
                  20024a60    00000024     CDIO_CC3200_pem4.oem4 (.text:ti_sysbios_BIOS_removeRTSLock__I)
                  20024a84    00000024     CDIO_CC3200_pem4.oem4 (.text:ti_sysbios_BIOS_startFunc__I)
                  20024aa8    00000024     sysbios.aem4 : BIOS.obj (.text:ti_sysbios_family_arm_m3_Hwi_doTaskRestore__I)
                  20024acc    00000004     --HOLE-- [fill = 0]
                  20024ad0    00000024                  : BIOS.obj (.text:ti_sysbios_family_arm_m3_Timer_startup__E)
                  20024af4    00000024     CDIO_CC3200_pem4.oem4 (.text:ti_sysbios_gates_GateMutex_Object__delete__S)
                  20024b18    00000024     sysbios.aem4 : BIOS.obj (.text:ti_sysbios_knl_Clock_Module_startup__E)
                  20024b3c    00000024     ti.targets.arm.rtsarm.aem4 : System.oem4 (.text:xdc_runtime_System_vprintf__E)
                  20024b60    00000022     driverlib.a : gpio.obj (.text:GPIOIntStatus)
                  20024b82    00000022     CDIO_CC3200_pem4.oem4 (.text:xdc_runtime_SysMin_output__I)
                  20024ba4    00000020     driverlib.a : gpio.obj (.text:GPIOPinWrite)
                  20024bc4    00000020                 : prcm.obj (.text:PRCMLPDSRestoreInfoSet)
                  20024be4    00000020     drivers_cc32xxware.aem4 : PowerCC3200.oem4 (.text:Power_idleFunc)
                  20024c04    00000020                             : PowerCC3200.oem4 (.text:Power_unregisterNotify)
                  20024c24    00000020                             : UARTCC3200.oem4 (.text:getPowerMgrId)
                  20024c44    00000020     CDIO_CC3200_pem4.oem4 (.text:ti_sysbios_BIOS_rtsLock__I)
                  20024c64    00000020     sysbios.aem4 : m3_Hwi_asm.obj (.text:ti_sysbios_family_arm_m3_Hwi_excHandlerAsm__I)
                  20024c84    00000004     --HOLE-- [fill = 0]
                  20024c88    00000020                  : BIOS.obj (.text:ti_sysbios_family_arm_m3_Hwi_excHandler__I)
                  20024ca8    00000020     CDIO_CC3200_pem4.oem4 (.text:ti_sysbios_gates_GateHwi_Object__delete__S)
                  20024cc8    00000020     CDIO_CC3200_pem4.oem4 (.text:ti_sysbios_heaps_HeapMem_Object__delete__S)
                  20024ce8    00000020     CDIO_CC3200_pem4.oem4 (.text:ti_sysbios_knl_Clock_Object__destruct__S)
                  20024d08    00000020     sysbios.aem4 : BIOS.obj (.text:ti_sysbios_knl_Idle_run__E)
                  20024d28    00000020     CDIO_CC3200_pem4.oem4 (.text:ti_sysbios_knl_Semaphore_Object__destruct__S)
                  20024d48    00000020     ti.targets.arm.rtsarm.aem4 : Registry.oem4 (.text:xdc_runtime_Registry_findById__E)
                  20024d68    00000020                                : SysMin.oem4 (.text:xdc_runtime_SysMin_Module_startup__E)
                  20024d88    0000001e     driverlib.a : timer.obj (.text:TimerDisable)
                  20024da6    0000001e                 : timer.obj (.text:TimerEnable)
                  20024dc4    0000001e                 : uart.obj (.text:UARTCharPut)
                  20024de2    0000001e                 : uart.obj (.text:UARTIntStatus)
                  20024e00    0000001e     sysbios.aem4 : m3_Hwi_asm_switch.obj (.text:ti_sysbios_family_xxx_Hwi_switchAndRunFunc)
                  20024e1e    0000001c     driverlib.a : uart.obj (.text:UARTCharGetNonBlocking)
                  20024e3a    0000001c                 : uart.obj (.text:UARTFlowControlSet)
                  20024e56    00000002     --HOLE-- [fill = 0]
                  20024e58    0000001c     CDIO_CC3200_pem4.oem4 (.text:ti_sysbios_family_arm_m3_Hwi_Object__destruct__S)
                  20024e74    00000004     --HOLE-- [fill = 0]
                  20024e78    0000001c     sysbios.aem4 : BIOS.obj (.text:ti_sysbios_family_arm_m3_Timer_stop__E)
                  20024e94    00000004     --HOLE-- [fill = 0]
                  20024e98    0000001c                  : BIOS.obj (.text:ti_sysbios_gates_GateMutex_Instance_init__E)
                  20024eb4    0000001c     CDIO_CC3200_pem4.oem4 (.text:ti_sysbios_knl_Queue_Object__destruct__S)
                  20024ed0    0000001c     sysbios.aem4 : BIOS.obj (.text:ti_sysbios_knl_Task_enter__I)
                  20024eec    0000001c     ti.targets.arm.rtsarm.aem4 : Error.oem4 (.text:xdc_runtime_Error_raiseX__E)
                  20024f08    0000001c                                : Memory.oem4 (.text:xdc_runtime_Memory_valloc__E)
                  20024f24    0000001c                                : SysMin.oem4 (.text:xdc_runtime_SysMin_exit__E)
                  20024f40    0000001c                                : System.oem4 (.text:xdc_runtime_System_abort__E)
                  20024f5c    0000001a     driverlib.a : gpio.obj (.text:GPIOIntEnable)
                  20024f76    0000001a     drivers_cc32xxware.aem4 : List.oem4 (.text:List_remove)
                  20024f90    0000001a     driverlib.a : pin.obj (.text:PinTypeTimer)
                  20024faa    0000001a     CDIO_CC3200_pem4.oem4 (.text:ti_sysbios_family_arm_m3_Hwi_Handle__label__S)
                  20024fc4    0000001a     sysbios.aem4 : m3_Hwi_asm.obj (.text:ti_sysbios_family_arm_m3_Hwi_pendSV__I)
                  20024fde    0000001a     CDIO_CC3200_pem4.oem4 (.text:ti_sysbios_gates_GateHwi_Handle__label__S)
                  20024ff8    0000001a     CDIO_CC3200_pem4.oem4 (.text:ti_sysbios_gates_GateMutex_Handle__label__S)
                  20025012    0000001a     CDIO_CC3200_pem4.oem4 (.text:ti_sysbios_heaps_HeapMem_Handle__label__S)
                  2002502c    0000001a     CDIO_CC3200_pem4.oem4 (.text:ti_sysbios_knl_Swi_Handle__label__S)
                  20025046    0000001a     CDIO_CC3200_pem4.oem4 (.text:ti_sysbios_knl_Task_Handle__label__S)
                  20025060    0000001a     CDIO_CC3200_pem4.oem4 (.text:xdc_runtime_System_aprintf__E)
                  2002507a    0000001a     CDIO_CC3200_pem4.oem4 (.text:xdc_runtime_System_printf__E)
                  20025094    00000018     driverlib.a : uart.obj (.text:UARTBusy)
                  200250ac    00000018                 : uart.obj (.text:UARTFIFOLevelSet)
                  200250c4    00000018                 : uart.obj (.text:UARTIntDisable)
                  200250dc    00000018                 : uart.obj (.text:UARTIntEnable)
                  200250f4    00000018     drivers_cc32xxware.aem4 : UART.oem4 (.text:UART_Params_init)
                  2002510c    00000018     rtsv7M4_T_le_eabi.lib : args_main.obj (.text)
                  20025124    00000018                           : ll_mul_t2.obj (.text)
                  2002513c    00000018     CDIO_CC3200_pem4.oem4 (.text:ti_sysbios_BIOS_rtsUnlock__I)
                  20025154    00000018     CDIO_CC3200_pem4.oem4 (.text:ti_sysbios_family_arm_m3_Hwi_Module__startupDone__F)
                  2002516c    00000018     CDIO_CC3200_pem4.oem4 (.text:ti_sysbios_family_arm_m3_Timer_Module__startupDone__F)
                  20025184    00000004     --HOLE-- [fill = 0]
                  20025188    00000018     sysbios.aem4 : BIOS.obj (.text:ti_sysbios_gates_GateMutex_leave__E)
                  200251a0    00000018                  : BIOS.obj (.text:ti_sysbios_knl_Task_sleepTimeout__I)
                  200251b8    00000018     ti.targets.arm.rtsarm.aem4 : Error.oem4 (.text:xdc_runtime_Error_check__E)
                  200251d0    00000018                                : System.oem4 (.text:xdc_runtime_System_exit__E)
                  200251e8    00000018                                : Text.oem4 (.text:xdc_runtime_Text_ropeText__E)
                  20025200    00000016     tirtosport.aem4 : ClockP_tirtos.oem4 (.text:ClockP_delete)
                  20025216    00000016                     : HwiP_tirtos.oem4 (.text:HwiP_delete)
                  2002522c    00000016     driverlib.a : prcm.obj (.text:PRCMHIBRegRead)
                  20025242    00000016                 : prcm.obj (.text:PRCMHIBRegWrite)
                  20025258    00000016     tirtosport.aem4 : SemaphoreP_tirtos.oem4 (.text:SemaphoreP_delete)
                  2002526e    00000016     driverlib.a : uart.obj (.text:UARTCharGet)
                  20025284    00000016     drivers_cc32xxware.aem4 : UARTCC3200.oem4 (.text:startTxFifoEmptyClk)
                  2002529a    00000016     CDIO_CC3200_pem4.oem4 (.text:ti_sysbios_BIOS_exitFunc__I)
                  200252b0    00000016     CDIO_CC3200.obj (.text:ti_sysbios_knl_Task_Params_init)
                  200252c6    00000014     driverlib.a : cpu.obj (.text:CPUcpsid)
                  200252da    00000014                 : cpu.obj (.text:CPUcpsie)
                  200252ee    00000014                 : gpio.obj (.text:GPIOIntClear)
                  20025302    00000002     --HOLE-- [fill = 0]
                  20025304    00000014     rtsv7M4_T_le_eabi.lib : _lock.obj (.text)
                  20025318    00000014                           : strcpy.obj (.text)
                  2002532c    00000014                           : strlen.obj (.text)
                  20025340    00000014     CDIO_CC3200_pem4.oem4 (.text:ti_sysbios_family_arm_m3_Hwi_Object__get__S)
                  20025354    00000004     --HOLE-- [fill = 0]
                  20025358    00000014     sysbios.aem4 : BIOS.obj (.text:ti_sysbios_family_arm_m3_Hwi_switchFromBootStack__E)
                  2002536c    00000014     CDIO_CC3200_pem4.oem4 (.text:ti_sysbios_heaps_HeapMem_Object__get__S)
                  20025380    00000014     sysbios.aem4 : BIOS.obj (.text:ti_sysbios_knl_Clock_tickReconfig__E)
                  20025394    00000014     CDIO_CC3200_pem4.oem4 (.text:ti_sysbios_knl_Swi_Object__get__S)
                  200253a8    00000012     tirtosport.aem4 : ClockP_tirtos.oem4 (.text:ClockP_start)
                  200253ba    00000012     drivers_cc32xxware.aem4 : RingBuf.oem4 (.text:RingBuf_construct)
                  200253cc    00000012     tirtosport.aem4 : SemaphoreP_tirtos.oem4 (.text:SemaphoreP_pend)
                  200253de    00000012     driverlib.a : uart.obj (.text:UARTIntClear)
                  200253f0    00000012                 : uart.obj (.text:UARTRxErrorGet)
                  20025402    00000006     --HOLE-- [fill = 0]
                  20025408    00000012     sysbios.aem4 : BIOS.obj (.text:ti_sysbios_hal_Hwi_Module_startup__E)
                  2002541a    00000012     CDIO_CC3200_pem4.oem4 (.text:xdc_runtime_Startup_exec__I)
                  2002542c    00000010     CC3200_LAUNCHXL.obj (.text:CC3200_LAUNCHXL_initGeneral)
                  2002543c    00000010     drivers_cc32xxware.aem4 : PWM.oem4 (.text:PWM_Params_init)
                  2002544c    00000010     driverlib.a : uart.obj (.text:UARTRxErrorClear)
                  2002545c    00000010     drivers_cc32xxware.aem4 : UARTCC3200.oem4 (.text:readBlockingTimeout)
                  2002546c    00000004     --HOLE-- [fill = 0]
                  20025470    00000010     sysbios.aem4 : BIOS.obj (.text:ti_sysbios_BIOS_getCpuFreq__E)
                  20025480    00000010                  : BIOS.obj (.text:ti_sysbios_BIOS_setThreadType__E)
                  20025490    00000010                  : BIOS.obj (.text:ti_sysbios_BIOS_start__E)
                  200254a0    00000010                  : m3_TaskSupport_asm.obj (.text:ti_sysbios_family_arm_m3_TaskSupport_glue)
                  200254b0    00000010                  : m3_TaskSupport_asm.obj (.text:ti_sysbios_family_arm_m3_TaskSupport_swap__E)
                  200254c0    00000010                  : BIOS.obj (.text:ti_sysbios_gates_GateMutex_Instance_finalize__E)
                  200254d0    00000010                  : BIOS.obj (.text:ti_sysbios_knl_Semaphore_Instance_finalize__E)
                  200254e0    00000010                  : BIOS.obj (.text:ti_sysbios_knl_Swi_disable__E)
                  200254f0    00000010     CDIO_CC3200_pem4.oem4 (.text:ti_sysbios_knl_Task_Object__get__S)
                  20025500    00000010     sysbios.aem4 : BIOS.obj (.text:ti_sysbios_knl_Task_disable__E)
                  20025510    00000010     ti.targets.arm.rtsarm.aem4 : Gate.oem4 (.text:xdc_runtime_Gate_leaveSystem__E)
                  20025520    00000010                                : Memory.oem4 (.text:xdc_runtime_Memory_free__E)
                  20025530    00000010                                : SysMin.oem4 (.text:xdc_runtime_SysMin_ready__E)
                  20025540    00000010                                : System.oem4 (.text:xdc_runtime_System_vsnprintf__E)
                  20025550    00000010     CDIO_CC3200_pem4.oem4 (.text:xdc_runtime_Text_visitRope__I)
                  20025560    0000000e     tirtosport.aem4 : HwiP_tirtos.oem4 (.text:HwiP_Params_init)
                  2002556e    0000000e     rtsv7M4_T_le_eabi.lib : copy_decompress_none.obj (.text:decompress:none)
                  2002557c    00000004     --HOLE-- [fill = 0]
                  20025580    0000000e     sysbios.aem4 : BIOS.obj (.text:ti_sysbios_knl_Idle_loop__E)
                  2002558e    00000002     --HOLE-- [fill = 0]
                  20025590    0000000e                  : BIOS.obj (.text:ti_sysbios_knl_Queue_empty__E)
                  2002559e    0000000c     driverlib.a : cpu.obj (.text:CPUwfi)
                  200255aa    00000002     --HOLE-- [fill = 0]
                  200255ac    0000000c     tirtosport.aem4 : ClockP_tirtos.oem4 (.text:ClockP_getSystemTickPeriod)
                  200255b8    0000000c     drivers_cc32xxware.aem4 : PowerCC3200.oem4 (.text:Power_getConstraintMask)
                  200255c4    0000000c                             : PowerCC3200.oem4 (.text:Power_getDependencyCount)
                  200255d0    0000000c                             : RingBuf.oem4 (.text:RingBuf_peek)
                  200255dc    0000000c                             : UARTCC3200.oem4 (.text:UARTCC3200_init)
                  200255e8    0000000c                             : UARTCC3200.oem4 (.text:postNotifyFxn)
                  200255f4    0000000c     CDIO_CC3200_pem4.oem4 (.text:ti_sysbios_family_arm_m3_Hwi_Params__init__S)
                  20025600    0000000c     sysbios.aem4 : BIOS.obj (.text:ti_sysbios_family_arm_m3_Hwi_disableFxn__E)
                  2002560c    00000004     --HOLE-- [fill = 0]
                  20025610    0000000c                  : BIOS.obj (.text:ti_sysbios_family_arm_m3_TaskSupport_checkStack__E)
                  2002561c    00000004     --HOLE-- [fill = 0]
                  20025620    0000000c                  : BIOS.obj (.text:ti_sysbios_family_arm_m3_TaskSupport_getStackAlignment__E)
                  2002562c    00000004     --HOLE-- [fill = 0]
                  20025630    0000000c                  : BIOS.obj (.text:ti_sysbios_gates_GateHwi_enter__E)
                  2002563c    0000000c     CDIO_CC3200_pem4.oem4 (.text:ti_sysbios_knl_Clock_Params__init__S)
                  20025648    0000000c     sysbios.aem4 : BIOS.obj (.text:ti_sysbios_knl_Clock_getTicks__E)
                  20025654    00000004     --HOLE-- [fill = 0]
                  20025658    0000000c                  : BIOS.obj (.text:ti_sysbios_knl_Clock_setTicks__E)
                  20025664    00000004     --HOLE-- [fill = 0]
                  20025668    0000000c                  : BIOS.obj (.text:ti_sysbios_knl_Clock_tickStart__E)
                  20025674    00000004     --HOLE-- [fill = 0]
                  20025678    0000000c                  : BIOS.obj (.text:ti_sysbios_knl_Clock_tickStop__E)
                  20025684    0000000c     CDIO_CC3200_pem4.oem4 (.text:ti_sysbios_knl_Queue_Object__get__S)
                  20025690    0000000c     CDIO_CC3200_pem4.oem4 (.text:ti_sysbios_knl_Semaphore_Params__init__S)
                  2002569c    0000000c     CDIO_CC3200_pem4.oem4 (.text:ti_sysbios_knl_Task_Params__init__S)
                  200256a8    0000000c     ti.targets.arm.rtsarm.aem4 : Error.oem4 (.text:xdc_runtime_Error_init__E)
                  200256b4    0000000c                                : Gate.oem4 (.text:xdc_runtime_Gate_enterSystem__E)
                  200256c0    0000000c                                : Memory.oem4 (.text:xdc_runtime_Memory_calloc__E)
                  200256cc    0000000c                                : Memory.oem4 (.text:xdc_runtime_Memory_getMaxDefaultTypeAlign__E)
                  200256d8    0000000a     tirtosport.aem4 : ClockP_tirtos.oem4 (.text:ClockP_stop)
                  200256e2    0000000a     drivers_cc32xxware.aem4 : List.oem4 (.text:List_empty)
                  200256ec    0000000a                             : PWMTimerCC3200.oem4 (.text:PWMTimerCC3200_getPeriodCounts)
                  200256f6    0000000a                             : PWM.oem4 (.text:PWM_setDuty)
                  20025700    0000000a     tirtosport.aem4 : SemaphoreP_tirtos.oem4 (.text:SemaphoreP_post)
                  2002570a    0000000a     drivers_cc32xxware.aem4 : UART.oem4 (.text:UART_read)
                  20025714    0000000a                             : UART.oem4 (.text:UART_write)
                  2002571e    0000000a     CDIO_CC3200_pem4.oem4 (.text:xdc_runtime_IHeap_alloc)
                  20025728    0000000a     CDIO_CC3200_pem4.oem4 (.text:xdc_runtime_IHeap_free)
                  20025732    00000008     CC3200_LAUNCHXL.obj (.text:CC3200_LAUNCHXL_initGPIO)
                  2002573a    00000008     CC3200_LAUNCHXL.obj (.text:CC3200_LAUNCHXL_initPWM)
                  20025742    00000008     CC3200_LAUNCHXL.obj (.text:CC3200_LAUNCHXL_initUART)
                  2002574a    00000008     tirtosport.aem4 : ClockP_tirtos.oem4 (.text:ClockP_Params_init)
                  20025752    00000008     driverlib.a : prcm.obj (.text:PRCMSleepEnter)
                  2002575a    00000008     drivers_cc32xxware.aem4 : PWMTimerCC3200.oem4 (.text:PWMTimerCC3200_init)
                  20025762    00000008     tirtosport.aem4 : SemaphoreP_tirtos.oem4 (.text:SemaphoreP_Params_init)
                  2002576a    00000008     drivers_cc32xxware.aem4 : UARTCC3200.oem4 (.text:readSemCallback)
                  20025772    00000006     --HOLE-- [fill = 0]
                  20025778    00000008     sysbios.aem4 : BIOS.obj (.text:ti_sysbios_family_arm_m3_Hwi_doSwiRestore__I)
                  20025780    00000008                  : BIOS.obj (.text:ti_sysbios_family_arm_m3_Hwi_startup__E)
                  20025788    00000008     drivers_cc32xxware.aem4 : UARTCC3200.oem4 (.text:writeSemCallback)
                  20025790    00000006     sysbios.aem4 : BIOS.obj (.text:ti_sysbios_family_arm_m3_Hwi_restoreFxn__E)
                  20025796    00000002     --HOLE-- [fill = 0]
                  20025798    00000006                  : BIOS.obj (.text:ti_sysbios_gates_GateHwi_leave__E)
                  2002579e    00000002     --HOLE-- [fill = 0]
                  200257a0    00000006                  : BIOS.obj (.text:ti_sysbios_heaps_HeapMem_isBlocking__E)
                  200257a6    00000002     --HOLE-- [fill = 0]
                  200257a8    00000006                  : BIOS.obj (.text:ti_sysbios_knl_Clock_stop__E)
                  200257ae    00000002     --HOLE-- [fill = 0]
                  200257b0    00000006                  : BIOS.obj (.text:ti_sysbios_knl_Queue_Instance_init__E)
                  200257b6    00000002     --HOLE-- [fill = 0]
                  200257b8    00000004                  : BIOS.obj (.text:ti_sysbios_family_arm_m3_Timer_getMaxTicks__E)
                  200257bc    00000004     --HOLE-- [fill = 0]
                  200257c0    00000004                  : BIOS.obj (.text:ti_sysbios_gates_GateHwi_query__E)
                  200257c4    00000004     --HOLE-- [fill = 0]
                  200257c8    00000004                  : BIOS.obj (.text:ti_sysbios_gates_GateMutex_query__E)
                  200257cc    00000004     --HOLE-- [fill = 0]
                  200257d0    00000004                  : BIOS.obj (.text:ti_sysbios_knl_Clock_setTimeout__E)
                  200257d4    00000004     --HOLE-- [fill = 0]
                  200257d8    00000004                  : BIOS.obj (.text:ti_sysbios_knl_Task_startup__E)
                  200257dc    00000004     --HOLE-- [fill = 0]
                  200257e0    00000002                  : BIOS.obj (.text:ti_sysbios_gates_GateHwi_Instance_init__E)
                  200257e2    00000006     --HOLE-- [fill = 0]
                  200257e8    00000002                  : BIOS.obj (.text:ti_sysbios_knl_Clock_logTick__E)

.const     0    200257ec    0000212d     
                  200257ec    00001771     CDIO_CC3200_pem4.oem4 (.const:xdc_runtime_Text_charTab__A)
                  20026f5d    00000001     CDIO_CC3200_pem4.oem4 (.const:ti_sysbios_knl_Clock_tickMode__C)
                  20026f5e    00000002     CDIO_CC3200_pem4.oem4 (.const:ti_sysbios_family_arm_m3_Hwi_Module__id__C)
                  20026f60    00000100     driverlib.a : pin.obj (.const:g_ulPinToPadMap)
                  20027060    000000a8                 : prcm.obj (.const:PRCM_PeriphRegsList)
                  20027108    000000a0     CDIO_CC3200_pem4.oem4 (.const:xdc_runtime_Text_nodeTab__A)
                  200271a8    00000080     driverlib.a : interrupt.obj (.const)
                  20027228    0000004c     drivers_cc32xxware.aem4 : UARTCC3200.oem4 (.const)
                  20027274    00000048     CDIO_CC3200_pem4.oem4 (.const:.string)
                  200272bc    0000003c     CDIO_CC3200_pem4.oem4 (.const:ti_sysbios_knl_Task_Object__PARAMS__C)
                  200272f8    00000034     drivers_cc32xxware.aem4 : GPIOCC3200.oem4 (.const)
                  2002732c    00000030     CDIO_CC3200_pem4.oem4 (.const:ti_sysbios_family_arm_m3_Hwi_Object__PARAMS__C)
                  2002735c    00000030     CC3200_LAUNCHXL.obj (.const:uartCC3200HWAttrs)
                  2002738c    0000002a     drivers_cc32xxware.aem4 : GPIOCC3200.oem4 (.const:.string)
                  200273b6    00000002     CDIO_CC3200_pem4.oem4 (.const:ti_sysbios_family_arm_m3_Timer_Module__id__C)
                  200273b8    00000028     CC3200_LAUNCHXL.obj (.const:PowerCC3200_config)
                  200273e0    00000028     drivers_cc32xxware.aem4 : UARTCC3200.oem4 (.const:UARTCC3200_fxnTable)
                  20027408    00000028     CDIO_CC3200_pem4.oem4 (.const:ti_sysbios_heaps_HeapMem_Module__FXNS__C)
                  20027430    00000024     CC3200_LAUNCHXL.obj (.const:PWM_config)
                  20027454    00000024     CC3200_LAUNCHXL.obj (.const:UART_config)
                  20027478    00000024     drivers_cc32xxware.aem4 : UART.oem4 (.const:UART_defaultParams)
                  2002749c    00000024     CDIO_CC3200_pem4.oem4 (.const:ti_sysbios_gates_GateHwi_Module__FXNS__C)
                  200274c0    00000024     CDIO_CC3200_pem4.oem4 (.const:ti_sysbios_gates_GateMutex_Module__FXNS__C)
                  200274e4    00000024     CDIO_CC3200_pem4.oem4 (.const:ti_sysbios_heaps_HeapMem_Object__PARAMS__C)
                  20027508    00000024     CDIO_CC3200_pem4.oem4 (.const:ti_sysbios_knl_Clock_Object__PARAMS__C)
                  2002752c    00000024     CDIO_CC3200_pem4.oem4 (.const:ti_sysbios_knl_Semaphore_Object__PARAMS__C)
                  20027550    00000020     drivers_cc32xxware.aem4 : PWMTimerCC3200.oem4 (.const)
                  20027570    00000020     CDIO_CC3200_pem4.oem4 (.const:ti_sysbios_family_arm_m3_Hwi_Object__DESC__C)
                  20027590    00000020     CDIO_CC3200_pem4.oem4 (.const:ti_sysbios_gates_GateHwi_Object__DESC__C)
                  200275b0    00000020     CDIO_CC3200_pem4.oem4 (.const:ti_sysbios_gates_GateMutex_Object__DESC__C)
                  200275d0    00000020     CDIO_CC3200_pem4.oem4 (.const:ti_sysbios_heaps_HeapMem_Object__DESC__C)
                  200275f0    00000020     CDIO_CC3200_pem4.oem4 (.const:ti_sysbios_knl_Clock_Object__DESC__C)
                  20027610    00000020     CDIO_CC3200_pem4.oem4 (.const:ti_sysbios_knl_Queue_Object__DESC__C)
                  20027630    00000020     CDIO_CC3200_pem4.oem4 (.const:ti_sysbios_knl_Semaphore_Object__DESC__C)
                  20027650    00000020     CDIO_CC3200_pem4.oem4 (.const:ti_sysbios_knl_Task_Object__DESC__C)
                  20027670    00000020     CDIO_CC3200_pem4.oem4 (.const:xdc_runtime_Startup_sfxnTab__A)
                  20027690    00000018     CDIO_CC3200_pem4.oem4 (.const:ti_sysbios_gates_GateHwi_Object__PARAMS__C)
                  200276a8    00000018     CDIO_CC3200_pem4.oem4 (.const:ti_sysbios_gates_GateMutex_Object__PARAMS__C)
                  200276c0    00000018     CDIO_CC3200_pem4.oem4 (.const:ti_sysbios_knl_Queue_Object__PARAMS__C)
                  200276d8    00000014     CC3200_LAUNCHXL.obj (.const:GPIOCC3200_config)
                  200276ec    00000010     CC3200_LAUNCHXL.obj (.const:pwmTimerCC3200HWAttrs)
                  200276fc    00000010     CDIO_CC3200_pem4.oem4 (.const:xdc_runtime_Startup_sfxnRts__A)
                  2002770c    0000000d     CDIO_CC3200.obj (.const:.string:$P$T0$1)
                  20027719    00000001     CDIO_CC3200_pem4.oem4 (.const:ti_sysbios_knl_Clock_tickSource__C)
                  2002771a    00000002     CDIO_CC3200_pem4.oem4 (.const:ti_sysbios_gates_GateMutex_Module__id__C)
                  2002771c    0000000c     drivers_cc32xxware.aem4 : PWM.oem4 (.const)
                  20027728    0000000c     CDIO_CC3200_pem4.oem4 (.const:xdc_runtime_Startup_firstFxns__A)
                  20027734    00000008     CDIO_CC3200_pem4.oem4 (.const:ti_sysbios_family_arm_m3_Hwi_excHookFuncs__A)
                  2002773c    00000008     CDIO_CC3200_pem4.oem4 (.const:ti_sysbios_knl_Idle_funcList__A)
                  20027744    00000008     CDIO_CC3200_pem4.oem4 (.const:ti_sysbios_knl_Idle_funcList__C)
                  2002774c    00000008     CDIO_CC3200_pem4.oem4 (.const:xdc_runtime_Startup_firstFxns__C)
                  20027754    00000008     CDIO_CC3200_pem4.oem4 (.const:xdc_runtime_Startup_lastFxns__C)
                  2002775c    00000004     CDIO_CC3200_pem4.oem4 (.const:ti_sysbios_family_arm_m3_Hwi_E_NMI__C)
                  20027760    00000004     CDIO_CC3200_pem4.oem4 (.const:ti_sysbios_family_arm_m3_Hwi_E_alreadyDefined__C)
                  20027764    00000004     CDIO_CC3200_pem4.oem4 (.const:ti_sysbios_family_arm_m3_Hwi_E_busFault__C)
                  20027768    00000004     CDIO_CC3200_pem4.oem4 (.const:ti_sysbios_family_arm_m3_Hwi_E_debugMon__C)
                  2002776c    00000004     CDIO_CC3200_pem4.oem4 (.const:ti_sysbios_family_arm_m3_Hwi_E_hardFault__C)
                  20027770    00000004     CDIO_CC3200_pem4.oem4 (.const:ti_sysbios_family_arm_m3_Hwi_E_memFault__C)
                  20027774    00000004     CDIO_CC3200_pem4.oem4 (.const:ti_sysbios_family_arm_m3_Hwi_E_noIsr__C)
                  20027778    00000004     CDIO_CC3200_pem4.oem4 (.const:ti_sysbios_family_arm_m3_Hwi_E_reserved__C)
                  2002777c    00000004     CDIO_CC3200_pem4.oem4 (.const:ti_sysbios_family_arm_m3_Hwi_E_svCall__C)
                  20027780    00000004     CDIO_CC3200_pem4.oem4 (.const:ti_sysbios_family_arm_m3_Hwi_E_usageFault__C)
                  20027784    00000004     CDIO_CC3200_pem4.oem4 (.const:ti_sysbios_family_arm_m3_Hwi_NUM_INTERRUPTS__C)
                  20027788    00000004     CDIO_CC3200_pem4.oem4 (.const:ti_sysbios_family_arm_m3_Hwi_Object__count__C)
                  2002778c    00000004     CDIO_CC3200_pem4.oem4 (.const:ti_sysbios_family_arm_m3_Hwi_ccr__C)
                  20027790    00000004     CDIO_CC3200_pem4.oem4 (.const:ti_sysbios_family_arm_m3_Hwi_excHandlerFunc__C)
                  20027794    00000004     CDIO_CC3200_pem4.oem4 (.const:ti_sysbios_family_arm_m3_Hwi_excHookFuncs__C)
                  20027798    00000004     CDIO_CC3200_pem4.oem4 (.const:ti_sysbios_family_arm_m3_Hwi_nullIsrFunc__C)
                  2002779c    00000004     CDIO_CC3200_pem4.oem4 (.const:ti_sysbios_family_arm_m3_Hwi_priGroup__C)
                  200277a0    00000004     CDIO_CC3200_pem4.oem4 (.const:ti_sysbios_family_arm_m3_TaskSupport_stackAlignment__C)
                  200277a4    00000004     CDIO_CC3200_pem4.oem4 (.const:ti_sysbios_family_arm_m3_Timer_E_cannotSupport__C)
                  200277a8    00000004     CDIO_CC3200_pem4.oem4 (.const:ti_sysbios_family_arm_m3_Timer_startupNeeded__C)
                  200277ac    00000004     CDIO_CC3200_pem4.oem4 (.const:ti_sysbios_gates_GateMutex_A_badContext__C)
                  200277b0    00000004     CDIO_CC3200_pem4.oem4 (.const:ti_sysbios_gates_GateMutex_Instance_State_sem__O)
                  200277b4    00000004     CDIO_CC3200_pem4.oem4 (.const:ti_sysbios_gates_GateMutex_Module__diagsEnabled__C)
                  200277b8    00000004     CDIO_CC3200_pem4.oem4 (.const:ti_sysbios_gates_GateMutex_Module__diagsIncluded__C)
                  200277bc    00000004     CDIO_CC3200_pem4.oem4 (.const:ti_sysbios_gates_GateMutex_Module__diagsMask__C)
                  200277c0    00000004     CDIO_CC3200_pem4.oem4 (.const:ti_sysbios_hal_Hwi_E_stackOverflow__C)
                  200277c4    00000004     CDIO_CC3200_pem4.oem4 (.const:ti_sysbios_heaps_HeapMem_A_align__C)
                  200277c8    00000004     CDIO_CC3200_pem4.oem4 (.const:ti_sysbios_heaps_HeapMem_A_heapSize__C)
                  200277cc    00000004     CDIO_CC3200_pem4.oem4 (.const:ti_sysbios_heaps_HeapMem_A_invalidFree__C)
                  200277d0    00000004     CDIO_CC3200_pem4.oem4 (.const:ti_sysbios_heaps_HeapMem_A_zeroBlock__C)
                  200277d4    00000004     CDIO_CC3200_pem4.oem4 (.const:ti_sysbios_heaps_HeapMem_E_memory__C)
                  200277d8    00000004     CDIO_CC3200_pem4.oem4 (.const:ti_sysbios_heaps_HeapMem_Module__diagsEnabled__C)
                  200277dc    00000004     CDIO_CC3200_pem4.oem4 (.const:ti_sysbios_heaps_HeapMem_Module__diagsIncluded__C)
                  200277e0    00000004     CDIO_CC3200_pem4.oem4 (.const:ti_sysbios_heaps_HeapMem_Module__diagsMask__C)
                  200277e4    00000004     CDIO_CC3200_pem4.oem4 (.const:ti_sysbios_heaps_HeapMem_Module__gateObj__C)
                  200277e8    00000004     CDIO_CC3200_pem4.oem4 (.const:ti_sysbios_heaps_HeapMem_Object__count__C)
                  200277ec    00000004     CDIO_CC3200_pem4.oem4 (.const:ti_sysbios_heaps_HeapMem_reqAlign__C)
                  200277f0    00000004     CDIO_CC3200_pem4.oem4 (.const:ti_sysbios_knl_Clock_A_badThreadType__C)
                  200277f4    00000004     CDIO_CC3200_pem4.oem4 (.const:ti_sysbios_knl_Clock_Module_State_clockQ__O)
                  200277f8    00000004     CDIO_CC3200_pem4.oem4 (.const:ti_sysbios_knl_Clock_Module__diagsEnabled__C)
                  200277fc    00000004     CDIO_CC3200_pem4.oem4 (.const:ti_sysbios_knl_Clock_Module__diagsIncluded__C)
                  20027800    00000004     CDIO_CC3200_pem4.oem4 (.const:ti_sysbios_knl_Clock_Module__diagsMask__C)
                  20027804    00000004     CDIO_CC3200_pem4.oem4 (.const:ti_sysbios_knl_Clock_tickPeriod__C)
                  20027808    00000004     CDIO_CC3200_pem4.oem4 (.const:ti_sysbios_knl_Semaphore_A_badContext__C)
                  2002780c    00000004     CDIO_CC3200_pem4.oem4 (.const:ti_sysbios_knl_Semaphore_A_noEvents__C)
                  20027810    00000004     CDIO_CC3200_pem4.oem4 (.const:ti_sysbios_knl_Semaphore_A_overflow__C)
                  20027814    00000004     CDIO_CC3200_pem4.oem4 (.const:ti_sysbios_knl_Semaphore_A_pendTaskDisabled__C)
                  20027818    00000004     CDIO_CC3200_pem4.oem4 (.const:ti_sysbios_knl_Semaphore_Instance_State_pendQ__O)
                  2002781c    00000004     CDIO_CC3200_pem4.oem4 (.const:ti_sysbios_knl_Semaphore_Module__diagsEnabled__C)
                  20027820    00000004     CDIO_CC3200_pem4.oem4 (.const:ti_sysbios_knl_Semaphore_Module__diagsIncluded__C)
                  20027824    00000004     CDIO_CC3200_pem4.oem4 (.const:ti_sysbios_knl_Semaphore_Module__diagsMask__C)
                  20027828    00000004     CDIO_CC3200_pem4.oem4 (.const:ti_sysbios_knl_Swi_Object__count__C)
                  2002782c    00000004     CDIO_CC3200_pem4.oem4 (.const:ti_sysbios_knl_Task_A_badPriority__C)
                  20027830    00000004     CDIO_CC3200_pem4.oem4 (.const:ti_sysbios_knl_Task_A_badTaskState__C)
                  20027834    00000004     CDIO_CC3200_pem4.oem4 (.const:ti_sysbios_knl_Task_A_badThreadType__C)
                  20027838    00000004     CDIO_CC3200_pem4.oem4 (.const:ti_sysbios_knl_Task_A_badTimeout__C)
                  2002783c    00000004     CDIO_CC3200_pem4.oem4 (.const:ti_sysbios_knl_Task_A_noPendElem__C)
                  20027840    00000004     CDIO_CC3200_pem4.oem4 (.const:ti_sysbios_knl_Task_A_sleepTaskDisabled__C)
                  20027844    00000004     CDIO_CC3200_pem4.oem4 (.const:ti_sysbios_knl_Task_E_spOutOfBounds__C)
                  20027848    00000004     CDIO_CC3200_pem4.oem4 (.const:ti_sysbios_knl_Task_E_stackOverflow__C)
                  2002784c    00000004     CDIO_CC3200_pem4.oem4 (.const:ti_sysbios_knl_Task_Module_State_inactiveQ__O)
                  20027850    00000004     CDIO_CC3200_pem4.oem4 (.const:ti_sysbios_knl_Task_Module__diagsEnabled__C)
                  20027854    00000004     CDIO_CC3200_pem4.oem4 (.const:ti_sysbios_knl_Task_Module__diagsIncluded__C)
                  20027858    00000004     CDIO_CC3200_pem4.oem4 (.const:ti_sysbios_knl_Task_Module__diagsMask__C)
                  2002785c    00000004     CDIO_CC3200_pem4.oem4 (.const:ti_sysbios_knl_Task_Object__count__C)
                  20027860    00000004     CDIO_CC3200_pem4.oem4 (.const:ti_sysbios_knl_Task_allBlockedFunc__C)
                  20027864    00000004     CDIO_CC3200_pem4.oem4 (.const:ti_sysbios_knl_Task_defaultStackHeap__C)
                  20027868    00000004     CDIO_CC3200_pem4.oem4 (.const:ti_sysbios_knl_Task_defaultStackSize__C)
                  2002786c    00000004     CDIO_CC3200_pem4.oem4 (.const:ti_sysbios_knl_Task_numConstructedTasks__C)
                  20027870    00000004     CDIO_CC3200_pem4.oem4 (.const:xdc_runtime_Assert_E_assertFailed__C)
                  20027874    00000004     CDIO_CC3200_pem4.oem4 (.const:xdc_runtime_Core_A_initializedParams__C)
                  20027878    00000004     CDIO_CC3200_pem4.oem4 (.const:xdc_runtime_Core_Module__diagsEnabled__C)
                  2002787c    00000004     CDIO_CC3200_pem4.oem4 (.const:xdc_runtime_Core_Module__diagsIncluded__C)
                  20027880    00000004     CDIO_CC3200_pem4.oem4 (.const:xdc_runtime_Core_Module__diagsMask__C)
                  20027884    00000004     CDIO_CC3200_pem4.oem4 (.const:xdc_runtime_Error_E_memory__C)
                  20027888    00000004     CDIO_CC3200_pem4.oem4 (.const:xdc_runtime_Error_Module__diagsEnabled__C)
                  2002788c    00000004     CDIO_CC3200_pem4.oem4 (.const:xdc_runtime_Error_Module__diagsIncluded__C)
                  20027890    00000004     CDIO_CC3200_pem4.oem4 (.const:xdc_runtime_Error_Module__diagsMask__C)
                  20027894    00000004     CDIO_CC3200_pem4.oem4 (.const:xdc_runtime_Error_Module__loggerFxn8__C)
                  20027898    00000004     CDIO_CC3200_pem4.oem4 (.const:xdc_runtime_Error_Module__loggerObj__C)
                  2002789c    00000004     CDIO_CC3200_pem4.oem4 (.const:xdc_runtime_Error_policyFxn__C)
                  200278a0    00000004     CDIO_CC3200_pem4.oem4 (.const:xdc_runtime_Error_raiseHook__C)
                  200278a4    00000004     CDIO_CC3200_pem4.oem4 (.const:xdc_runtime_IGateProvider_Interface__BASE__C)
                  200278a8    00000004     CDIO_CC3200_pem4.oem4 (.const:xdc_runtime_IHeap_Interface__BASE__C)
                  200278ac    00000004     CDIO_CC3200_pem4.oem4 (.const:xdc_runtime_IModule_Interface__BASE__C)
                  200278b0    00000004     CDIO_CC3200_pem4.oem4 (.const:xdc_runtime_Log_L_error__C)
                  200278b4    00000004     CDIO_CC3200_pem4.oem4 (.const:xdc_runtime_Memory_defaultHeapInstance__C)
                  200278b8    00000004     CDIO_CC3200_pem4.oem4 (.const:xdc_runtime_Startup_execImpl__C)
                  200278bc    00000004     CDIO_CC3200_pem4.oem4 (.const:xdc_runtime_Startup_maxPasses__C)
                  200278c0    00000004     CDIO_CC3200_pem4.oem4 (.const:xdc_runtime_Startup_sfxnRts__C)
                  200278c4    00000004     CDIO_CC3200_pem4.oem4 (.const:xdc_runtime_Startup_sfxnTab__C)
                  200278c8    00000004     CDIO_CC3200_pem4.oem4 (.const:xdc_runtime_SysMin_bufSize__C)
                  200278cc    00000004     CDIO_CC3200_pem4.oem4 (.const:xdc_runtime_SysMin_outputFunc__C)
                  200278d0    00000004     CDIO_CC3200_pem4.oem4 (.const:xdc_runtime_System_Module__gateObj__C)
                  200278d4    00000004     CDIO_CC3200_pem4.oem4 (.const:xdc_runtime_System_abortFxn__C)
                  200278d8    00000004     CDIO_CC3200_pem4.oem4 (.const:xdc_runtime_System_exitFxn__C)
                  200278dc    00000004     CDIO_CC3200_pem4.oem4 (.const:xdc_runtime_System_extendFxn__C)
                  200278e0    00000004     CDIO_CC3200_pem4.oem4 (.const:xdc_runtime_System_maxAtexitHandlers__C)
                  200278e4    00000004     CDIO_CC3200_pem4.oem4 (.const:xdc_runtime_Text_charTab__C)
                  200278e8    00000004     CDIO_CC3200_pem4.oem4 (.const:xdc_runtime_Text_nameEmpty__C)
                  200278ec    00000004     CDIO_CC3200_pem4.oem4 (.const:xdc_runtime_Text_nameStatic__C)
                  200278f0    00000004     CDIO_CC3200_pem4.oem4 (.const:xdc_runtime_Text_nameUnknown__C)
                  200278f4    00000004     CDIO_CC3200_pem4.oem4 (.const:xdc_runtime_Text_nodeTab__C)
                  200278f8    00000004     CDIO_CC3200_pem4.oem4 (.const:xdc_runtime_Text_visitRopeFxn__C)
                  200278fc    00000002     CDIO_CC3200_pem4.oem4 (.const:ti_sysbios_hal_Hwi_Module__id__C)
                  200278fe    00000002     CDIO_CC3200_pem4.oem4 (.const:ti_sysbios_heaps_HeapMem_Module__id__C)
                  20027900    00000002     CDIO_CC3200_pem4.oem4 (.const:ti_sysbios_knl_Clock_Module__id__C)
                  20027902    00000002     CDIO_CC3200_pem4.oem4 (.const:ti_sysbios_knl_Semaphore_Module__id__C)
                  20027904    00000002     CDIO_CC3200_pem4.oem4 (.const:ti_sysbios_knl_Task_Module__id__C)
                  20027906    00000002     CDIO_CC3200_pem4.oem4 (.const:xdc_runtime_Core_Module__id__C)
                  20027908    00000002     CDIO_CC3200_pem4.oem4 (.const:xdc_runtime_Error_Module__loggerDefined__C)
                  2002790a    00000002     CDIO_CC3200_pem4.oem4 (.const:xdc_runtime_Error_maxDepth__C)
                  2002790c    00000002     CDIO_CC3200_pem4.oem4 (.const:xdc_runtime_Memory_Module__id__C)
                  2002790e    00000002     CDIO_CC3200_pem4.oem4 (.const:xdc_runtime_SysMin_flushAtExit__C)
                  20027910    00000002     CDIO_CC3200_pem4.oem4 (.const:xdc_runtime_Text_charCnt__C)
                  20027912    00000002     CDIO_CC3200_pem4.oem4 (.const:xdc_runtime_Text_isLoaded__C)
                  20027914    00000002     CDIO_CC3200_pem4.oem4 (.const:xdc_runtime_Text_registryModsLastId__C)
                  20027916    00000002     CDIO_CC3200_pem4.oem4 (.const:xdc_runtime_Text_unnamedModsLastId__C)
                  20027918    00000001     CDIO_CC3200_pem4.oem4 (.const:xdc_runtime_Error_policy__C)

.cinit     0    20028058    00000348     
                  20028058    0000031d     (.cinit..data.load) [load image, compression = rle]
                  20028375    00000003     --HOLE-- [fill = 0]
                  20028378    0000000d     (.cinit..bss.load) [load image, compression = rle]
                  20028385    00000003     --HOLE-- [fill = 0]
                  20028388    00000008     (__TI_handler_table)
                  20028390    00000010     (__TI_cinit_table)

.init_array 
*          0    20004000    00000000     UNINITIALIZED

.resetVecs 
*          0    20004000    0000030c     
                  20004000    0000030c     CDIO_CC3200_pem4.oem4 (.resetVecs)

.data      0    2002791c    00000439     UNINITIALIZED
                  2002791c    00000080     CDIO_CC3200_pem4.oem4 (.data:ti_sysbios_knl_Swi_Module_State_0_readyQ__A)
                  2002799c    00000080     CDIO_CC3200_pem4.oem4 (.data:ti_sysbios_knl_Task_Module_State_0_readyQ__A)
                  20027a1c    00000054     drivers_cc32xxware.aem4 : PowerCC3200.oem4 (.data:PowerCC3200_module)
                  20027a70    0000004c     CDIO_CC3200_pem4.oem4 (.data:ti_sysbios_knl_Task_Object__table__V)
                  20027abc    00000044     CDIO_CC3200_pem4.oem4 (.data:ti_sysbios_knl_Task_Module__state__V)
                  20027b00    00000038     CDIO_CC3200_pem4.oem4 (.data:ti_sysbios_gates_GateMutex_Object__table__V)
                  20027b38    00000034     CDIO_CC3200_pem4.oem4 (.data:ti_sysbios_family_arm_m3_Hwi_Module__state__V)
                  20027b6c    00000030     CDIO_CC3200_pem4.oem4 (.data:ti_sysbios_family_arm_m3_Timer_Object__table__V)
                  20027b9c    00000030     CDIO_CC3200_pem4.oem4 (.data:ti_sysbios_knl_Swi_Object__table__V)
                  20027bcc    0000002c     CDIO_CC3200_pem4.oem4 (.data:ti_sysbios_knl_Clock_Module__state__V)
                  20027bf8    00000024     CDIO_CC3200_pem4.oem4 (.data:ti_sysbios_BIOS_Module__state__V)
                  20027c1c    0000001c     CDIO_CC3200_pem4.oem4 (.data:ti_sysbios_knl_Swi_Module__state__V)
                  20027c38    00000018     CDIO_CC3200_pem4.oem4 (.data:ti_sysbios_family_arm_m3_Hwi_Object__table__V)
                  20027c50    00000018     CDIO_CC3200_pem4.oem4 (.data:ti_sysbios_heaps_HeapMem_Object__table__V)
                  20027c68    00000014     gpio_if.obj (.data:ulReg)
                  20027c7c    00000010     CC3200_LAUNCHXL.obj (.data:gpioPinConfigs)
                  20027c8c    0000000c     rtsv7M4_T_le_eabi.lib : exit.obj (.data:$O1$$)
                  20027c98    0000000c     CDIO_CC3200_pem4.oem4 (.data:ti_sysbios_family_arm_m3_Timer_Module__state__V)
                  20027ca4    0000000c     CDIO_CC3200_pem4.oem4 (.data:xdc_runtime_SysMin_Module__state__V)
                  20027cb0    00000008     rtsv7M4_T_le_eabi.lib : _lock.obj (.data:$O1$$)
                  20027cb8    00000008     CDIO_CC3200.obj (.data)
                  20027cc0    00000008     drivers_cc32xxware.aem4 : GPIOCC3200.oem4 (.data)
                  20027cc8    00000008     CC3200_LAUNCHXL.obj (.data:gpioCallbackFunctions)
                  20027cd0    00000008     CDIO_CC3200_pem4.oem4 (.data:ti_sysbios_family_arm_m3_Hwi_Module__root__V)
                  20027cd8    00000008     CDIO_CC3200_pem4.oem4 (.data:ti_sysbios_gates_GateHwi_Module__root__V)
                  20027ce0    00000008     CDIO_CC3200_pem4.oem4 (.data:ti_sysbios_gates_GateMutex_Module__root__V)
                  20027ce8    00000008     CDIO_CC3200_pem4.oem4 (.data:ti_sysbios_heaps_HeapMem_Module__root__V)
                  20027cf0    00000008     CDIO_CC3200_pem4.oem4 (.data:ti_sysbios_knl_Clock_Module__root__V)
                  20027cf8    00000008     CDIO_CC3200_pem4.oem4 (.data:ti_sysbios_knl_Queue_Module__root__V)
                  20027d00    00000008     CDIO_CC3200_pem4.oem4 (.data:ti_sysbios_knl_Semaphore_Module__root__V)
                  20027d08    00000008     CDIO_CC3200_pem4.oem4 (.data:ti_sysbios_knl_Task_Module__root__V)
                  20027d10    00000008     CDIO_CC3200_pem4.oem4 (.data:xdc_runtime_Registry_Module__state__V)
                  20027d18    00000008     CDIO_CC3200_pem4.oem4 (.data:xdc_runtime_Startup_Module__state__V)
                  20027d20    00000008     CDIO_CC3200_pem4.oem4 (.data:xdc_runtime_System_Module_State_0_atexitHandlers__A)
                  20027d28    00000008     CDIO_CC3200_pem4.oem4 (.data:xdc_runtime_System_Module__state__V)
                  20027d30    00000004     drivers_cc32xxware.aem4 : PWM.oem4 (.data)
                  20027d34    00000004                             : UART.oem4 (.data)
                  20027d38    00000004     rtsv7M4_T_le_eabi.lib : stkdepth_vars.obj (.data)
                  20027d3c    00000004     CDIO_CC3200_pem4.oem4 (.data:ti_sysbios_family_arm_m3_Hwi_Module_State_0_excContext__A)
                  20027d40    00000004     CDIO_CC3200_pem4.oem4 (.data:ti_sysbios_family_arm_m3_Hwi_Module_State_0_excStack__A)
                  20027d44    00000004     CDIO_CC3200_pem4.oem4 (.data:ti_sysbios_gates_GateHwi_Object__table__V)
                  20027d48    00000004     CDIO_CC3200_pem4.oem4 (.data:ti_sysbios_knl_Task_Module_State_0_idleTask__A)
                  20027d4c    00000004     CDIO_CC3200_pem4.oem4 (.data:xdc_runtime_Memory_Module__state__V)
                  20027d50    00000002     CDIO_CC3200_pem4.oem4 (.data:ti_sysbios_family_arm_m3_Hwi_Module_State_0_excActive__A)
                  20027d52    00000002     CDIO_CC3200_pem4.oem4 (.data:xdc_runtime_Error_Module__state__V)
                  20027d54    00000001     power_cc3200_tirtos.aem4 : PowerCC3200_tirtos.oem4 (.data)

.stack     0    20027d58    00000300     UNINITIALIZED
                  20027d58    00000300     --HOLE--

.bootVecs 
*          0    00000000    00000008     DSECT
                  00000000    00000008     boot.aem4 : boot.oem4 (.bootVecs)

.vecs      0    20004000    00000000     DSECT

xdc.meta   0    00000000    000000f4     COPY SECTION
                  00000000    000000f4     CDIO_CC3200_pem4.oem4 (xdc.meta)

MODULE SUMMARY

       Module                     code    ro data   rw data
       ------                     ----    -------   -------
    .\
       CDIO_CC3200.obj            1836    13        100104 
       CC3200_LAUNCHXL.obj        40      196       384    
       rom_pin_mux_config.obj     258     0         0      
       gpio_if.obj                134     0         20     
    +--+--------------------------+-------+---------+---------+
       Total:                     2268    209       100508 
                                                           
    C:\Users\Gabriel\Documents\GitHub\APA\CDIO_CC3200\Debug\configPkg\package\cfg\
       CDIO_CC3200_pem4.oem4      1786    8222      3348   
    +--+--------------------------+-------+---------+---------+
       Total:                     1786    8222      3348   
                                                           
    C:/ti/tirex-content/tirtos_cc32xx_2_16_00_08/products/CC3200_driverlib_1.1.0/driverlib/ccs/Release/driverlib.a
       prcm.obj                   1208    168       0      
       pin.obj                    406     256       0      
       uart.obj                   524     0         0      
       gpio.obj                   296     0         0      
       timer.obj                  282     0         0      
       interrupt.obj              88      128       0      
       flash.obj                  72      0         0      
       cpu.obj                    52      0         0      
       utils.obj                  6       0         0      
    +--+--------------------------+-------+---------+---------+
       Total:                     2934    552       0      
                                                           
    C:/ti/tirex-content/tirtos_cc32xx_2_16_00_08/products/tidrivers_cc32xx_2_16_00_08/packages/ti/drivers/lib/drivers_cc32xxware.aem4
       UARTCC3200.oem4            2546    116       0      
       PowerCC3200.oem4           940     0         384    
       GPIOCC3200.oem4            960     94        60     
       PWMTimerCC3200.oem4        642     32        0      
       UART.oem4                  148     36        4      
       RingBuf.oem4               164     0         0      
       PWM.oem4                   130     12        4      
       PowerCC3200_asm.oem4       134     0         0      
       List.oem4                  82      0         0      
    +--+--------------------------+-------+---------+---------+
       Total:                     5746    290       452    
                                                           
[...]
20025621  ti_sysbios_family_arm_m3_TaskSupport_getStackAlignment__E  
20025621  ti_sysbios_knl_Task_SupportProxy_getStackAlignment__E      
20025631  ti_sysbios_gates_GateHwi_enter__E                          
2002563d  ti_sysbios_knl_Clock_Params__init__S                       
20025649  ClockP_getSystemTicks                                      
20025649  ti_sysbios_knl_Clock_getTicks__E                           
20025659  ti_sysbios_knl_Clock_setTicks__E                           
20025669  ti_sysbios_knl_Clock_tickStart__E                          
20025679  ti_sysbios_knl_Clock_tickStop__E                           
20025685  ti_sysbios_knl_Queue_Object__get__S                        
20025691  ti_sysbios_knl_Semaphore_Params__init__S                   
2002569d  ti_sysbios_knl_Task_Params__init__S                        
200256a9  xdc_runtime_Error_init__E                                  
200256b5  xdc_runtime_Gate_enterSystem__E                            
200256c1  xdc_runtime_Memory_calloc__E                               
200256cd  xdc_runtime_Memory_getMaxDefaultTypeAlign__E               
200256d9  ClockP_stop                                                
200256d9  ClockP_stopFromISR                                         
200256e3  List_empty                                                 
200256ed  PWMTimerCC3200_getPeriodCounts                             
200256f7  PWM_setDuty                                                
20025701  SemaphoreP_post                                            
20025701  SemaphoreP_postFromClock                                   
20025701  SemaphoreP_postFromISR                                     
2002570b  UART_read                                                  
20025715  UART_write                                                 
2002571f  xdc_runtime_Memory_HeapProxy_alloc__E                      
20025729  xdc_runtime_Memory_HeapProxy_free__E                       
20025733  CC3200_LAUNCHXL_initGPIO                                   
2002573b  CC3200_LAUNCHXL_initPWM                                    
20025743  CC3200_LAUNCHXL_initUART                                   
2002574b  ClockP_Params_init                                         
20025753  PRCMSleepEnter                                             
2002575b  PWMTimerCC3200_init                                        
20025763  SemaphoreP_Params_init                                     
20025779  ti_sysbios_family_arm_m3_Hwi_doSwiRestore__I               
20025781  ti_sysbios_family_arm_m3_Hwi_startup__E                    
20025781  ti_sysbios_hal_Hwi_HwiProxy_startup__E                     
20025791  HwiP_restore                                               
20025791  ti_sysbios_family_arm_m3_Hwi_restoreFxn__E                 
20025791  ti_sysbios_hal_Hwi_HwiProxy_restore__E                     
20025799  ti_sysbios_gates_GateHwi_leave__E                          
200257a1  ti_sysbios_heaps_HeapMem_isBlocking__E                     
200257a9  ti_sysbios_knl_Clock_stop__E                               
200257b1  ti_sysbios_knl_Queue_Instance_init__E                      
200257b9  ti_sysbios_family_arm_m3_Timer_getMaxTicks__E              
200257c1  ti_sysbios_gates_GateHwi_query__E                          
200257c1  xdc_runtime_Main_Module_GateProxy_query__E                 
200257c1  xdc_runtime_System_Module_GateProxy_query__E               
200257c9  ti_sysbios_BIOS_RtsGateProxy_query__E                      
200257c9  ti_sysbios_gates_GateMutex_query__E                        
200257c9  ti_sysbios_heaps_HeapMem_Module_GateProxy_query__E         
200257d1  ti_sysbios_knl_Clock_setTimeout__E                         
200257d9  ti_sysbios_knl_Task_startup__E                             
200257e1  ti_sysbios_gates_GateHwi_Instance_init__E                  
200257e9  ti_sysbios_knl_Clock_logTick__E                            
200257ec  xdc_runtime_Text_charTab__A                                
20026f5d  ti_sysbios_knl_Clock_tickMode__C                           
20026f5e  ti_sysbios_family_arm_m3_Hwi_Module__id__C                 
20027108  xdc_runtime_Text_nodeTab__A                                
200272bc  ti_sysbios_knl_Task_Object__PARAMS__C                      
200272f8  inPinTypes                                                 
200272fe  outPinTypes                                                
20027306  outPinStrengths                                            
2002732c  ti_sysbios_family_arm_m3_Hwi_Object__PARAMS__C             
2002735c  uartCC3200HWAttrs                                          
200273b6  ti_sysbios_family_arm_m3_Timer_Module__id__C               
200273b8  PowerCC3200_config                                         
200273e0  UARTCC3200_fxnTable                                        
20027408  ti_sysbios_heaps_HeapMem_Module__FXNS__C                   
20027430  PWM_config                                                 
20027454  UART_config                                                
20027478  UART_defaultParams                                         
2002749c  ti_sysbios_gates_GateHwi_Module__FXNS__C                   
200274c0  ti_sysbios_gates_GateMutex_Module__FXNS__C                 
200274e4  ti_sysbios_heaps_HeapMem_Object__PARAMS__C                 
20027508  ti_sysbios_knl_Clock_Object__PARAMS__C                     
2002752c  ti_sysbios_knl_Semaphore_Object__PARAMS__C                 
20027550  PWMTimerCC3200_fxnTable                                    
2002756c  PWMTimerCC3200_MAX_PRESCALAR_VALUE                         
2002756e  PWMTimerCC3200_MAX_MATCH_VALUE                             
20027570  ti_sysbios_family_arm_m3_Hwi_Object__DESC__C               
20027590  ti_sysbios_gates_GateHwi_Object__DESC__C                   
200275b0  ti_sysbios_gates_GateMutex_Object__DESC__C                 
200275d0  ti_sysbios_heaps_HeapMem_Object__DESC__C                   
200275f0  ti_sysbios_knl_Clock_Object__DESC__C                       
20027610  ti_sysbios_knl_Queue_Object__DESC__C                       
20027630  ti_sysbios_knl_Semaphore_Object__DESC__C                   
20027650  ti_sysbios_knl_Task_Object__DESC__C                        
20027670  xdc_runtime_Startup_sfxnTab__A                             
20027690  ti_sysbios_gates_GateHwi_Object__PARAMS__C                 
200276a8  ti_sysbios_gates_GateMutex_Object__PARAMS__C               
200276c0  ti_sysbios_knl_Queue_Object__PARAMS__C                     
200276d8  GPIOCC3200_config                                          
200276ec  pwmTimerCC3200HWAttrs                                      
200276fc  xdc_runtime_Startup_sfxnRts__A                             
20027719  ti_sysbios_knl_Clock_tickSource__C                         
2002771a  ti_sysbios_gates_GateMutex_Module__id__C                   
2002771c  PWM_defaultParams                                          
20027728  xdc_runtime_Startup_firstFxns__A                           
20027734  ti_sysbios_family_arm_m3_Hwi_excHookFuncs__A               
2002773c  ti_sysbios_knl_Idle_funcList__A                            
20027744  ti_sysbios_knl_Idle_funcList__C                            
2002774c  xdc_runtime_Startup_firstFxns__C                           
20027754  xdc_runtime_Startup_lastFxns__C                            
2002775c  ti_sysbios_family_arm_m3_Hwi_E_NMI__C                      
20027760  ti_sysbios_family_arm_m3_Hwi_E_alreadyDefined__C           
20027764  ti_sysbios_family_arm_m3_Hwi_E_busFault__C                 
20027768  ti_sysbios_family_arm_m3_Hwi_E_debugMon__C                 
2002776c  ti_sysbios_family_arm_m3_Hwi_E_hardFault__C                
20027770  ti_sysbios_family_arm_m3_Hwi_E_memFault__C                 
20027774  ti_sysbios_family_arm_m3_Hwi_E_noIsr__C                    
20027778  ti_sysbios_family_arm_m3_Hwi_E_reserved__C                 
2002777c  ti_sysbios_family_arm_m3_Hwi_E_svCall__C                   
20027780  ti_sysbios_family_arm_m3_Hwi_E_usageFault__C               
20027784  ti_sysbios_family_arm_m3_Hwi_NUM_INTERRUPTS__C             
20027788  ti_sysbios_family_arm_m3_Hwi_Object__count__C              
2002778c  ti_sysbios_family_arm_m3_Hwi_ccr__C                        
20027790  ti_sysbios_family_arm_m3_Hwi_excHandlerFunc__C             
20027794  ti_sysbios_family_arm_m3_Hwi_excHookFuncs__C               
20027798  ti_sysbios_family_arm_m3_Hwi_nullIsrFunc__C                
2002779c  ti_sysbios_family_arm_m3_Hwi_priGroup__C                   
200277a0  ti_sysbios_family_arm_m3_TaskSupport_stackAlignment__C     
200277a4  ti_sysbios_family_arm_m3_Timer_E_cannotSupport__C          
200277a8  ti_sysbios_family_arm_m3_Timer_startupNeeded__C            
200277ac  ti_sysbios_gates_GateMutex_A_badContext__C                 
200277b0  ti_sysbios_gates_GateMutex_Instance_State_sem__O           
200277b4  ti_sysbios_gates_GateMutex_Module__diagsEnabled__C         
200277b8  ti_sysbios_gates_GateMutex_Module__diagsIncluded__C        
200277bc  ti_sysbios_gates_GateMutex_Module__diagsMask__C            
200277c0  ti_sysbios_hal_Hwi_E_stackOverflow__C                      
200277c4  ti_sysbios_heaps_HeapMem_A_align__C                        
200277c8  ti_sysbios_heaps_HeapMem_A_heapSize__C                     
200277cc  ti_sysbios_heaps_HeapMem_A_invalidFree__C                  
200277d0  ti_sysbios_heaps_HeapMem_A_zeroBlock__C                    
200277d4  ti_sysbios_heaps_HeapMem_E_memory__C                       
200277d8  ti_sysbios_heaps_HeapMem_Module__diagsEnabled__C           
200277dc  ti_sysbios_heaps_HeapMem_Module__diagsIncluded__C          
200277e0  ti_sysbios_heaps_HeapMem_Module__diagsMask__C              
200277e4  ti_sysbios_heaps_HeapMem_Module__gateObj__C                
200277e8  ti_sysbios_heaps_HeapMem_Object__count__C                  
200277ec  ti_sysbios_heaps_HeapMem_reqAlign__C                       
200277f0  ti_sysbios_knl_Clock_A_badThreadType__C                    
200277f4  ti_sysbios_knl_Clock_Module_State_clockQ__O                
200277f8  ti_sysbios_knl_Clock_Module__diagsEnabled__C               
200277fc  ti_sysbios_knl_Clock_Module__diagsIncluded__C              
20027800  ti_sysbios_knl_Clock_Module__diagsMask__C                  
20027804  ti_sysbios_knl_Clock_tickPeriod__C                         
20027808  ti_sysbios_knl_Semaphore_A_badContext__C                   
2002780c  ti_sysbios_knl_Semaphore_A_noEvents__C                     
20027810  ti_sysbios_knl_Semaphore_A_overflow__C                     
20027814  ti_sysbios_knl_Semaphore_A_pendTaskDisabled__C             
20027818  ti_sysbios_knl_Semaphore_Instance_State_pendQ__O           
2002781c  ti_sysbios_knl_Semaphore_Module__diagsEnabled__C           
20027820  ti_sysbios_knl_Semaphore_Module__diagsIncluded__C          
20027824  ti_sysbios_knl_Semaphore_Module__diagsMask__C              
20027828  ti_sysbios_knl_Swi_Object__count__C                        
2002782c  ti_sysbios_knl_Task_A_badPriority__C                       
20027830  ti_sysbios_knl_Task_A_badTaskState__C                      
20027834  ti_sysbios_knl_Task_A_badThreadType__C                     
20027838  ti_sysbios_knl_Task_A_badTimeout__C                        
2002783c  ti_sysbios_knl_Task_A_noPendElem__C                        
20027840  ti_sysbios_knl_Task_A_sleepTaskDisabled__C                 
20027844  ti_sysbios_knl_Task_E_spOutOfBounds__C                     
20027848  ti_sysbios_knl_Task_E_stackOverflow__C                     
2002784c  ti_sysbios_knl_Task_Module_State_inactiveQ__O              
20027850  ti_sysbios_knl_Task_Module__diagsEnabled__C                
20027854  ti_sysbios_knl_Task_Module__diagsIncluded__C               
20027858  ti_sysbios_knl_Task_Module__diagsMask__C                   
2002785c  ti_sysbios_knl_Task_Object__count__C                       
20027860  ti_sysbios_knl_Task_allBlockedFunc__C                      
20027864  ti_sysbios_knl_Task_defaultStackHeap__C                    
20027868  ti_sysbios_knl_Task_defaultStackSize__C                    
2002786c  ti_sysbios_knl_Task_numConstructedTasks__C                 
20027870  xdc_runtime_Assert_E_assertFailed__C                       
20027874  xdc_runtime_Core_A_initializedParams__C                    
20027878  xdc_runtime_Core_Module__diagsEnabled__C                   
2002787c  xdc_runtime_Core_Module__diagsIncluded__C                  
20027880  xdc_runtime_Core_Module__diagsMask__C                      
20027884  xdc_runtime_Error_E_memory__C                              
20027888  xdc_runtime_Error_Module__diagsEnabled__C                  
2002788c  xdc_runtime_Error_Module__diagsIncluded__C                 
20027890  xdc_runtime_Error_Module__diagsMask__C                     
20027894  xdc_runtime_Error_Module__loggerFxn8__C                    
20027898  xdc_runtime_Error_Module__loggerObj__C                     
2002789c  xdc_runtime_Error_policyFxn__C                             
200278a0  xdc_runtime_Error_raiseHook__C                             
200278a4  xdc_runtime_IGateProvider_Interface__BASE__C               
200278a8  xdc_runtime_IHeap_Interface__BASE__C                       
200278ac  xdc_runtime_IModule_Interface__BASE__C                     
200278b0  xdc_runtime_Log_L_error__C                                 
200278b4  xdc_runtime_Memory_defaultHeapInstance__C                  
200278b8  xdc_runtime_Startup_execImpl__C                            
200278bc  xdc_runtime_Startup_maxPasses__C                           
200278c0  xdc_runtime_Startup_sfxnRts__C                             
200278c4  xdc_runtime_Startup_sfxnTab__C                             
200278c8  xdc_runtime_SysMin_bufSize__C                              
200278cc  xdc_runtime_SysMin_outputFunc__C                           
200278d0  xdc_runtime_System_Module__gateObj__C                      
200278d4  xdc_runtime_System_abortFxn__C                             
200278d8  xdc_runtime_System_exitFxn__C                              
200278dc  xdc_runtime_System_extendFxn__C                            
200278e0  xdc_runtime_System_maxAtexitHandlers__C                    
200278e4  xdc_runtime_Text_charTab__C                                
200278e8  xdc_runtime_Text_nameEmpty__C                              
200278ec  xdc_runtime_Text_nameStatic__C                             
200278f0  xdc_runtime_Text_nameUnknown__C                            
200278f4  xdc_runtime_Text_nodeTab__C                                
200278f8  xdc_runtime_Text_visitRopeFxn__C                           
200278fc  ti_sysbios_hal_Hwi_Module__id__C                           
200278fe  ti_sysbios_heaps_HeapMem_Module__id__C                     
20027900  ti_sysbios_knl_Clock_Module__id__C                         
20027902  ti_sysbios_knl_Semaphore_Module__id__C                     
20027904  ti_sysbios_knl_Task_Module__id__C                          
20027906  xdc_runtime_Core_Module__id__C                             
20027908  xdc_runtime_Error_Module__loggerDefined__C                 
2002790a  xdc_runtime_Error_maxDepth__C                              
2002790c  xdc_runtime_Memory_Module__id__C                           
2002790e  xdc_runtime_SysMin_flushAtExit__C                          
20027910  xdc_runtime_Text_charCnt__C                                
20027912  xdc_runtime_Text_isLoaded__C                               
20027914  xdc_runtime_Text_registryModsLastId__C                     
20027916  xdc_runtime_Text_unnamedModsLastId__C                      
20027918  xdc_runtime_Error_policy__C                                
2002791c  ti_sysbios_knl_Swi_Module_State_0_readyQ__A                
2002799c  ti_sysbios_knl_Task_Module_State_0_readyQ__A               
20027a1c  PowerCC3200_module                                         
20027a70  ti_sysbios_knl_Task_Object__table__V                       
20027abc  ti_sysbios_knl_Task_Module__state__V                       
20027b00  ti_sysbios_gates_GateMutex_Object__table__V                
20027b38  ti_sysbios_family_arm_m3_Hwi_Module__state__V              
20027b6c  ti_sysbios_family_arm_m3_Timer_Object__table__V            
20027b9c  ti_sysbios_knl_Swi_Object__table__V                        
20027bcc  ti_sysbios_knl_Clock_Module__state__V                      
20027bf8  ti_sysbios_BIOS_Module__state__V                           
20027c1c  ti_sysbios_knl_Swi_Module__state__V                        
20027c38  ti_sysbios_family_arm_m3_Hwi_Object__table__V              
20027c50  ti_sysbios_heaps_HeapMem_Object__table__V                  
20027c7c  gpioPinConfigs                                             
20027c8c  __TI_cleanup_ptr                                           
20027c90  __TI_dtors_ptr                                             
20027c94  __TI_enable_exit_profile_output                            
20027c98  ti_sysbios_family_arm_m3_Timer_Module__state__V            
20027ca4  xdc_runtime_SysMin_Module__state__V                        
20027cb0  _lock                                                      
20027cb4  _unlock                                                    
20027cb8  originFlagX                                                
20027cbc  originFlagY                                                
20027cc8  gpioCallbackFunctions                                      
20027cd0  ti_sysbios_family_arm_m3_Hwi_Module__root__V               
20027cd8  ti_sysbios_gates_GateHwi_Module__root__V                   
20027ce0  ti_sysbios_gates_GateMutex_Module__root__V                 
20027ce8  ti_sysbios_heaps_HeapMem_Module__root__V                   
20027cf0  ti_sysbios_knl_Clock_Module__root__V                       
20027cf8  ti_sysbios_knl_Queue_Module__root__V                       
20027d00  ti_sysbios_knl_Semaphore_Module__root__V                   
20027d08  ti_sysbios_knl_Task_Module__root__V                        
20027d10  xdc_runtime_Registry_Module__state__V                      
20027d18  xdc_runtime_Startup_Module__state__V                       
20027d20  xdc_runtime_System_Module_State_0_atexitHandlers__A        
20027d28  xdc_runtime_System_Module__state__V                        
20027d38  main_func_sp                                               
20027d3c  ti_sysbios_family_arm_m3_Hwi_Module_State_0_excContext__A  
20027d40  ti_sysbios_family_arm_m3_Hwi_Module_State_0_excStack__A    
20027d44  ti_sysbios_gates_GateHwi_Object__table__V                  
20027d48  ti_sysbios_knl_Task_Module_State_0_idleTask__A             
20027d4c  xdc_runtime_Memory_Module__state__V                        
20027d50  ti_sysbios_family_arm_m3_Hwi_Module_State_0_excActive__A   
20027d52  xdc_runtime_Error_Module__state__V                         
20027d58  __stack                                                    
20028058  __STACK_END                                                
20028058  __TI_static_base__                                         
20028388  __TI_Handler_Table_Base                                    
20028390  __TI_CINIT_Base                                            
20028390  __TI_Handler_Table_Limit                                   
200283a0  __TI_CINIT_Limit                                           
e000e000  ti_sysbios_family_arm_m3_Hwi_nvic                          
ffffffff  __TI_pprof_out_hndl                                        
ffffffff  __TI_prof_data_size                                        
ffffffff  __TI_prof_data_start                                       
ffffffff  __binit__                                                  
ffffffff  __c_args__                                                 
ffffffff  binit                                                      
UNDEFED   SHT$$INIT_ARRAY$$Base                                      
UNDEFED   SHT$$INIT_ARRAY$$Limit                                     

[723 symbols]
