******************************************************************************
                  TI ARM Linker PC v15.12.3                    
******************************************************************************
>> Linked Sat Dec 10 14:17:14 2016

OUTPUT FILE NAME:   <CDIO_CC3200.out>
ENTRY POINT SYMBOL: "_c_int00"  address: 2000a321


MEMORY CONFIGURATION

         name            origin    length      used     unused   attr    fill
----------------------  --------  ---------  --------  --------  ----  --------
  SRAM                  20004000   0003c000  0000e34f  0002dcb1  RW X


SEGMENT ALLOCATION MAP

run origin  load origin   length   init length attrs members
----------  ----------- ---------- ----------- ----- -------
20004000    20004000    0000832a   0000832a    r-x
  20004000    20004000    0000030c   0000030c    r-- .resetVecs
  20004310    20004310    0000801a   0000801a    r-x .text
2000c330    2000c330    000034f3   00000000    rw-
  2000c330    2000c330    000034f3   00000000    rw- .bss
2000f824    2000f824    000020ad   000020ad    r--
  2000f824    2000f824    000020ad   000020ad    r-- .const
200118d4    200118d4    00000748   00000000    rw-
  200118d4    200118d4    00000445   00000000    rw- .data
  20011d1c    20011d1c    00000300   00000000    rw- .stack
20012020    20012020    00000344   00000344    r--
  20012020    20012020    00000344   00000344    r-- .cinit


SECTION ALLOCATION MAP

 output                                  attributes/
section   page    origin      length       input sections
--------  ----  ----------  ----------   ----------------
.text      0    20004310    0000801a     
                  20004310    00000430     sysbios.aem4 : BIOS.obj (.text:ti_sysbios_family_arm_m3_Hwi_excDumpRegs__I)
                  20004740    0000034c     ti.targets.arm.rtsarm.aem4 : System.oem4 (.text:xdc_runtime_System_doPrint__I)
                  20004a8c    00000324     rtsv7M4_T_le_eabi.lib : trgdrv.obj (.text)
                  20004db0    000002c0     sysbios.aem4 : BIOS.obj (.text:ti_sysbios_knl_Semaphore_pend__E)
                  20005070    000002bc     CDIO_CC3200.obj (.text:moveTask)
                  2000532c    00000004     tirtosport.aem4 : ClockP_tirtos.oem4 (.text:ClockP_getCpuFreq)
                  20005330    00000254     sysbios.aem4 : BIOS.obj (.text:ti_sysbios_heaps_HeapMem_free__E)
                  20005584    00000004     tirtosport.aem4 : HwiP_tirtos.oem4 (.text:HwiP_disable)
                  20005588    00000248     sysbios.aem4 : BIOS.obj (.text:ti_sysbios_heaps_HeapMem_alloc__E)
                  200057d0    0000022c                  : BIOS.obj (.text:ti_sysbios_knl_Task_Instance_finalize__E)
                  200059fc    00000208     drivers_cc32xxware.aem4 : UARTCC3200.oem4 (.text:UARTCC3200_open)
                  20005c04    00000004                             : List.oem4 (.text:List_head)
                  20005c08    000001fc     sysbios.aem4 : BIOS.obj (.text:ti_sysbios_family_arm_m3_Hwi_excHandlerMax__I)
                  20005e04    000001f4     rtsv7M4_T_le_eabi.lib : ull_div_t2.obj (.text)
                  20005ff8    000001e0     sysbios.aem4 : BIOS.obj (.text:ti_sysbios_knl_Task_sleep__E)
                  200061d8    000001c8                  : BIOS.obj (.text:ti_sysbios_knl_Task_Instance_init__E)
                  200063a0    00000188     power_cc3200_tirtos.aem4 : PowerCC3200_tirtos.oem4 (.text:PowerCC3200_sleepPolicy)
                  20006528    0000017c     drivers_cc32xxware.aem4 : GPIOCC3200.oem4 (.text:GPIO_setConfig)
                  200066a4    00000004                             : List.oem4 (.text:List_next)
                  200066a8    00000174     sysbios.aem4 : BIOS.obj (.text:ti_sysbios_family_arm_m3_Hwi_excBusFault__I)
                  2000681c    00000004     CDIO_CC3200_pem4.oem4 (.text:ti_sysbios_BIOS_RtsGateProxy_enter__E)
                  20006820    00000164     sysbios.aem4 : BIOS.obj (.text:ti_sysbios_family_arm_m3_Hwi_excUsageFault__I)
                  20006984    00000004     CDIO_CC3200_pem4.oem4 (.text:ti_sysbios_BIOS_RtsGateProxy_leave__E)
                  20006988    00000148     sysbios.aem4 : BIOS.obj (.text:ti_sysbios_family_arm_m3_Hwi_excMemFault__I)
                  20006ad0    0000013c                  : BIOS.obj (.text:ti_sysbios_heaps_HeapMem_Instance_init__E)
                  20006c0c    00000134     driverlib.a : prcm.obj (.text:PRCMCC3200MCUInit)
                  20006d40    0000011c     CDIO_CC3200.obj (.text:move)
                  20006e5c    00000004     CDIO_CC3200_pem4.oem4 (.text:ti_sysbios_family_arm_m3_Hwi_destruct)
                  20006e60    0000011c     sysbios.aem4 : BIOS.obj (.text:ti_sysbios_knl_Clock_Instance_init__E)
                  20006f7c    00000118     ti.targets.arm.rtsarm.aem4 : Error.oem4 (.text:xdc_runtime_Error_policyDefault__E)
                  20007094    00000110     rom_pin_mux_config.obj (.text:PinMuxConfig)
                  200071a4    00000100     ti.targets.arm.rtsarm.aem4 : Core-mem.oem4 (.text:xdc_runtime_Core_createObject__I)
                  200072a4    000000f8     CDIO_CC3200.obj (.text:main)
                  2000739c    000000f8     ti.targets.arm.rtsarm.aem4 : Startup.oem4 (.text:xdc_runtime_Startup_startMods__I)
                  20007494    000000f8     CDIO_CC3200_pem4.oem4 (.text:xdc_runtime_System_printfExtend__I)
                  2000758c    000000f6     CDIO_CC3200.obj (.text:charToInt)
                  20007682    00000006     drivers_cc32xxware.aem4 : PWMTimerCC3200.oem4 (.text:PWMTimerCC3200_getPeriodMicroSecs)
                  20007688    000000ec     sysbios.aem4 : BIOS.obj (.text:ti_sysbios_knl_Semaphore_post__E)
                  20007774    000000e0     drivers_cc32xxware.aem4 : PWMTimerCC3200.oem4 (.text:PWMTimerCC3200_open)
                  20007854    000000d0     gpio_if.obj (.text:GPIO_IF_LedOff)
                  20007924    000000d0     drivers_cc32xxware.aem4 : GPIOCC3200.oem4 (.text:powerNotifyFxn)
                  200079f4    000000d0     sysbios.aem4 : m3_Hwi_asm.obj (.text:ti_sysbios_family_arm_m3_Hwi_dispatch__I)
                  20007ac4    000000cc     ti.targets.arm.rtsarm.aem4 : Core-smem.oem4 (.text:xdc_runtime_Core_constructObject__I)
                  20007b90    000000bc     sysbios.aem4 : BIOS.obj (.text:ti_sysbios_family_arm_m3_Hwi_excDebugMon__I)
                  20007c4c    00000004     CDIO_CC3200_pem4.oem4 (.text:ti_sysbios_family_arm_m3_TaskSupport_Module__startupDone__S)
                  20007c50    000000bc     sysbios.aem4 : BIOS.obj (.text:ti_sysbios_family_arm_m3_Hwi_excHardFault__I)
                  20007d0c    000000b8     drivers_cc32xxware.aem4 : PWMTimerCC3200.oem4 (.text:PWMTimerCC3200_setDuty)
                  20007dc4    00000004     CDIO_CC3200_pem4.oem4 (.text:ti_sysbios_heaps_HeapMem_Module_GateProxy_enter__E)
                  20007dc8    000000b4     sysbios.aem4 : BIOS.obj (.text:ti_sysbios_gates_GateMutex_enter__E)
                  20007e7c    00000004     CDIO_CC3200_pem4.oem4 (.text:ti_sysbios_heaps_HeapMem_Module_GateProxy_leave__E)
                  20007e80    000000b4     sysbios.aem4 : BIOS.obj (.text:ti_sysbios_knl_Task_checkStacks__E)
                  20007f34    00000004     CDIO_CC3200_pem4.oem4 (.text:ti_sysbios_knl_Clock_TimerProxy_getMaxTicks__E)
                  20007f38    000000a8     sysbios.aem4 : BIOS.obj (.text:ti_sysbios_knl_Task_postInit__I)
                  20007fe0    000000a4                  : BIOS.obj (.text:ti_sysbios_knl_Clock_Instance_finalize__E)
                  20008084    000000a2     drivers_cc32xxware.aem4 : UARTCC3200.oem4 (.text:UARTCC3200_write)
                  20008126    00000002     rtsv7M4_T_le_eabi.lib : i_div0.obj (.text)
                  20008128    000000a0     auto_init.aem4 : auto_init.oem4 (.text)
                  200081c8    000000a0     ti.targets.arm.rtsarm.aem4 : Text.oem4 (.text:xdc_runtime_Text_putMod__E)
                  20008268    0000009e     drivers_cc32xxware.aem4 : UARTCC3200.oem4 (.text:readTaskBlocking)
                  20008306    0000009c     rtsv7M4_T_le_eabi.lib : memcpy_t2.obj (.text)
                  200083a2    00000006     driverlib.a : utils.obj (.text:UtilsDelay)
                  200083a8    0000009c     sysbios.aem4 : BIOS.obj (.text:ti_sysbios_knl_Semaphore_Instance_init__E)
                  20008444    0000009a     ti.targets.arm.rtsarm.aem4 : Text.oem4 (.text:xdc_runtime_Text_putSite__E)
                  200084de    00000098     drivers_cc32xxware.aem4 : UARTCC3200.oem4 (.text:UARTCC3200_control)
                  20008576    00000098                             : UARTCC3200.oem4 (.text:UARTCC3200_readPolling)
                  2000860e    00000002     CDIO_CC3200_pem4.oem4 (.text:ti_sysbios_BIOS_nullFunc__I)
                  20008610    00000094     sysbios.aem4 : BIOS.obj (.text:ti_sysbios_family_arm_m3_Hwi_Instance_init__E)
                  200086a4    00000090     drivers_cc32xxware.aem4 : PowerCC3200.oem4 (.text:restoreNVICRegs)
                  20008734    0000008a                             : UARTCC3200.oem4 (.text:readIsrTextBlocking)
                  200087be    00000002     CDIO_CC3200_pem4.oem4 (.text:xdc_runtime_Startup_reset__I)
                  200087c0    00000088     driverlib.a : pin.obj (.text:PinConfigSet)
                  20008848    00000088     drivers_cc32xxware.aem4 : UARTCC3200.oem4 (.text:UARTCC3200_close)
                  200088d0    00000088     sysbios.aem4 : BIOS.obj (.text:ti_sysbios_family_arm_m3_Hwi_initNVIC__E)
                  20008958    00000084     drivers_cc32xxware.aem4 : GPIOCC3200.oem4 (.text:GPIO_init)
                  200089dc    00000084                             : PowerCC3200.oem4 (.text:saveNVICRegs)
                  20008a60    00000084     sysbios.aem4 : BIOS.obj (.text:ti_sysbios_family_arm_m3_Hwi_postInit__I)
                  20008ae4    00000082     driverlib.a : gpio.obj (.text:GPIOIntTypeSet)
                  20008b66    00000082     drivers_cc32xxware.aem4 : UARTCC3200.oem4 (.text:readIsrTextCallback)
                  20008be8    0000007a                             : UARTCC3200.oem4 (.text:readTaskCallback)
                  20008c62    0000007a     rtsv7M4_T_le_eabi.lib : memset_t2.obj (.text)
                  20008cdc    00000076     driverlib.a : uart.obj (.text:UARTConfigSetExpClk)
                  20008d52    00000006     rtsv7M4_T_le_eabi.lib : copy_decompress_rle.obj (.text:decompress:rle24)
                  20008d58    00000074     sysbios.aem4 : BIOS.obj (.text:ti_sysbios_knl_Clock_start__E)
                  20008dcc    00000070     drivers_cc32xxware.aem4 : PWMTimerCC3200.oem4 (.text:PWMTimerCC3200_control)
                  20008e3c    00000070                             : PowerCC3200.oem4 (.text:Power_sleep)
                  20008eac    0000006d     ti.targets.arm.rtsarm.aem4 : System.oem4 (.text:xdc_runtime_System_formatNum__I)
                  20008f19    00000003     --HOLE-- [fill = 0]
                  20008f1c    0000006c     drivers_cc32xxware.aem4 : UARTCC3200.oem4 (.text:initHw)
                  20008f88    0000006c     sysbios.aem4 : BIOS.obj (.text:ti_sysbios_knl_Clock_workFunc__E)
                  20008ff4    00000004     CDIO_CC3200_pem4.oem4 (.text:ti_sysbios_knl_Clock_TimerProxy_setPeriodMicroSecs__E)
                  20008ff8    0000006c     sysbios.aem4 : BIOS.obj (.text:ti_sysbios_knl_Swi_restoreHwi__E)
                  20009064    00000004     CDIO_CC3200_pem4.oem4 (.text:ti_sysbios_knl_Clock_TimerProxy_start__E)
                  20009068    0000006c     sysbios.aem4 : BIOS.obj (.text:ti_sysbios_knl_Task_exit__E)
                  200090d4    0000006c     ti.targets.arm.rtsarm.aem4 : Error.oem4 (.text:xdc_runtime_Error_print__E)
                  20009140    0000006c                                : Memory.oem4 (.text:xdc_runtime_Memory_alloc__E)
                  200091ac    0000006a     rtsv7M4_T_le_eabi.lib : copy_decompress_rle.obj (.text)
                  20009216    00000002     --HOLE-- [fill = 0]
                  20009218    00000068     driverlib.a : prcm.obj (.text:PRCMHibernateWakeUpGPIOSelect)
                  20009280    00000068     rtsv7M4_T_le_eabi.lib : trgmsg.obj (.text)
                  200092e8    00000068     drivers_cc32xxware.aem4 : UARTCC3200.oem4 (.text:writeData)
                  20009350    00000066     ti.targets.arm.rtsarm.aem4 : Core-mem.oem4 (.text:xdc_runtime_Core_deleteObject__I)
                  200093b6    00000002     --HOLE-- [fill = 0]
                  200093b8    00000064     drivers_cc32xxware.aem4 : GPIOCC3200.oem4 (.text:GPIO_hwiIntFxn)
                  2000941c    00000004     CDIO_CC3200_pem4.oem4 (.text:ti_sysbios_knl_Clock_TimerProxy_stop__E)
                  20009420    00000064     sysbios.aem4 : BIOS.obj (.text:ti_sysbios_family_arm_m3_Hwi_dispatchC__I)
                  20009484    00000062     tirtosport.aem4 : HwiP_tirtos.oem4 (.text:HwiP_create)
                  200094e6    00000002     --HOLE-- [fill = 0]
                  200094e8    00000060     sysbios.aem4 : BIOS.obj (.text:ti_sysbios_knl_Task_schedule__I)
                  20009548    0000005e     drivers_cc32xxware.aem4 : UARTCC3200.oem4 (.text:readIsrBinaryBlocking)
                  200095a6    00000002     --HOLE-- [fill = 0]
                  200095a8    0000005c     sysbios.aem4 : BIOS.obj (.text:ti_sysbios_knl_Swi_run__I)
                  20009604    00000004     CDIO_CC3200_pem4.oem4 (.text:ti_sysbios_knl_Clock_destruct)
                  20009608    0000005c     sysbios.aem4 : BIOS.obj (.text:ti_sysbios_knl_Swi_schedule__I)
                  20009664    00000004     CDIO_CC3200_pem4.oem4 (.text:ti_sysbios_knl_Queue_destruct)
                  20009668    0000005c     sysbios.aem4 : BIOS.obj (.text:ti_sysbios_knl_Task_Module_startup__E)
                  200096c4    00000004     CDIO_CC3200_pem4.oem4 (.text:ti_sysbios_knl_Semaphore_destruct)
                  200096c8    0000005c     sysbios.aem4 : BIOS.obj (.text:ti_sysbios_knl_Task_startCore__E)
                  20009724    0000005b     ti.targets.arm.rtsarm.aem4 : Text.oem4 (.text:xdc_runtime_Text_putLab__E)
                  2000977f    00000001     --HOLE-- [fill = 0]
                  20009780    0000005a     tirtosport.aem4 : ClockP_tirtos.oem4 (.text:ClockP_create)
                  200097da    00000002     --HOLE-- [fill = 0]
                  200097dc    00000058     driverlib.a : prcm.obj (.text:PRCMPeripheralReset)
                  20009834    00000058     drivers_cc32xxware.aem4 : PowerCC3200.oem4 (.text:Power_init)
                  2000988c    00000058     tirtosport.aem4 : SemaphoreP_tirtos.oem4 (.text:SemaphoreP_create)
                  200098e4    00000058     CDIO_CC3200_pem4.oem4 (.text:ti_sysbios_family_arm_m3_Hwi_construct)
                  2000993c    00000054     drivers_cc32xxware.aem4 : UARTCC3200.oem4 (.text:UARTCC3200_writeCancel)
                  20009990    00000054                             : UARTCC3200.oem4 (.text:readIsrBinaryCallback)
                  200099e4    00000054     rtsv7M4_T_le_eabi.lib : exit.obj (.text)
                  20009a38    00000054     sysbios.aem4 : BIOS.obj (.text:ti_sysbios_family_arm_m3_Timer_setPeriod__E)
                  20009a8c    00000004     ti.targets.arm.rtsarm.aem4 : Error.oem4 (.text:xdc_runtime_Error_getSite__E)
                  20009a90    00000054     sysbios.aem4 : BIOS.obj (.text:ti_sysbios_family_arm_m3_Timer_start__E)
                  20009ae4    00000054     CDIO_CC3200_pem4.oem4 (.text:ti_sysbios_knl_Task_construct)
                  20009b38    00000054     ti.targets.arm.rtsarm.aem4 : Assert.oem4 (.text:xdc_runtime_Assert_raise__I)
                  20009b8c    00000050     drivers_cc32xxware.aem4 : GPIOCC3200.oem4 (.text:GPIO_write)
                  20009bdc    00000004     CDIO_CC3200_pem4.oem4 (.text:xdc_runtime_System_Module_GateProxy_enter__E)
                  20009be0    00000050     sysbios.aem4 : BIOS.obj (.text:ti_sysbios_family_arm_m3_Hwi_Module_startup__E)
                  20009c30    00000050     ti.targets.arm.rtsarm.aem4 : Startup.oem4 (.text:xdc_runtime_Startup_exec__E)
                  20009c80    00000050                                : Text.oem4 (.text:xdc_runtime_Text_visitRope2__I)
                  20009cd0    0000004c     gpio_if.obj (.text:GPIO_IF_GetPortNPin)
                  20009d1c    0000004c     drivers_cc32xxware.aem4 : GPIOCC3200.oem4 (.text:GPIO_setCallback)
                  20009d68    0000004c     rtsv7M4_T_le_eabi.lib : cpy_tbl.obj (.text)
                  20009db4    0000004c     sysbios.aem4 : m3_TaskSupport_asm.obj (.text:ti_sysbios_family_arm_m3_TaskSupport_buildTaskStack)
                  20009e00    0000004c                  : BIOS.obj (.text:ti_sysbios_family_arm_m3_Timer_setPeriodMicroSecs__E)
                  20009e4c    00000004     CDIO_CC3200_pem4.oem4 (.text:xdc_runtime_System_Module_GateProxy_leave__E)
                  20009e50    0000004c     sysbios.aem4 : BIOS.obj (.text:ti_sysbios_heaps_HeapMem_getStats__E)
                  20009e9c    00000004     ti.targets.arm.rtsarm.aem4 : System.oem4 (.text:xdc_runtime_System_aprintf_va__F)
                  20009ea0    0000004c     sysbios.aem4 : BIOS.obj (.text:ti_sysbios_knl_Swi_runLoop__I)
                  20009eec    00000004     ti.targets.arm.rtsarm.aem4 : System.oem4 (.text:xdc_runtime_System_printf_va__F)
                  20009ef0    0000004c     sysbios.aem4 : BIOS.obj (.text:ti_sysbios_knl_Task_allBlockedFunction__I)
                  20009f3c    00000048     driverlib.a : flash.obj (.text:FlashDisable)
                  20009f84    00000048                 : prcm.obj (.text:PRCMHibernateWakeupSourceEnable)
                  20009fcc    00000048                 : pin.obj (.text:PinConfigGet)
                  2000a014    00000048     drivers_cc32xxware.aem4 : PowerCC3200.oem4 (.text:notify)
                  2000a05c    00000004     --HOLE-- [fill = 0]
                  2000a060    00000048     sysbios.aem4 : BIOS.obj (.text:ti_sysbios_family_arm_m3_Hwi_disableInterrupt__E)
                  2000a0a8    00000048                  : BIOS.obj (.text:ti_sysbios_family_arm_m3_Hwi_enableInterrupt__E)
                  2000a0f0    00000048                  : BIOS.obj (.text:ti_sysbios_family_arm_m3_Hwi_excReserved__I)
                  2000a138    00000048                  : m3_Hwi_asm_switch.obj (.text:ti_sysbios_family_arm_m3_Hwi_initStacks__E)
                  2000a180    00000048                  : BIOS.obj (.text:ti_sysbios_family_arm_m3_Timer_initDevice__I)
                  2000a1c8    00000046     drivers_cc32xxware.aem4 : RingBuf.oem4 (.text:RingBuf_put)
                  2000a20e    00000046     ti.targets.arm.rtsarm.aem4 : Core-params.oem4 (.text:xdc_runtime_Core_assignParams__I)
                  2000a254    00000044     driverlib.a : prcm.obj (.text:PRCMLPDSEnter)
                  2000a298    00000044     drivers_cc32xxware.aem4 : PowerCC3200_asm.oem4 (.text:PowerCC3200_enterLPDS)
                  2000a2dc    00000044                             : UARTCC3200.oem4 (.text:UARTCC3200_hwiIntFxn)
                  2000a320    00000044     boot.aem4 : boot.oem4 (.text)
                  2000a364    00000004     --HOLE-- [fill = 0]
                  2000a368    00000044     sysbios.aem4 : BIOS.obj (.text:ti_sysbios_family_arm_m3_Hwi_getStackInfo__E)
                  2000a3ac    00000004     --HOLE-- [fill = 0]
                  2000a3b0    00000044                  : BIOS.obj (.text:ti_sysbios_knl_Swi_post__E)
                  2000a3f4    00000044     ti.targets.arm.rtsarm.aem4 : Error.oem4 (.text:xdc_runtime_Error_setX__E)
                  2000a438    00000044                                : SysMin.oem4 (.text:xdc_runtime_SysMin_flush__E)
                  2000a47c    00000044                                : Text.oem4 (.text:xdc_runtime_Text_xprintf__I)
                  2000a4c0    00000042     drivers_cc32xxware.aem4 : PowerCC3200_asm.oem4 (.text:PowerCC3200_resumeLPDS)
                  2000a502    00000042                             : UARTCC3200.oem4 (.text:UARTCC3200_writePolling)
                  2000a544    00000040                             : GPIOCC3200.oem4 (.text:GPIO_enableInt)
                  2000a584    00000040     driverlib.a : pin.obj (.text:PinModeSet)
                  2000a5c4    00000040     drivers_cc32xxware.aem4 : PowerCC3200.oem4 (.text:Power_setDependency)
                  2000a604    00000040                             : RingBuf.oem4 (.text:RingBuf_get)
                  2000a644    00000040                             : UARTCC3200.oem4 (.text:UARTCC3200_read)
                  2000a684    00000040     rtsv7M4_T_le_eabi.lib : u_divt2.obj (.text)
                  2000a6c4    00000004     --HOLE-- [fill = 0]
                  2000a6c8    00000040     sysbios.aem4 : BIOS.obj (.text:ti_sysbios_family_arm_m3_Timer_Module_startup__E)
                  2000a708    0000003c     driverlib.a : prcm.obj (.text:PRCMPeripheralClkEnable)
                  2000a744    0000003c                 : prcm.obj (.text:PRCMSlowClkCtrFastGet)
                  2000a780    0000003c                 : pin.obj (.text:PinDirModeSet)
                  2000a7bc    00000004     --HOLE-- [fill = 0]
                  2000a7c0    0000003c     sysbios.aem4 : BIOS.obj (.text:ti_sysbios_family_arm_m3_Hwi_excSvCall__I)
                  2000a7fc    00000004     --HOLE-- [fill = 0]
                  2000a800    0000003c                  : BIOS.obj (.text:ti_sysbios_heaps_HeapMem_init__I)
                  2000a83c    00000004     --HOLE-- [fill = 0]
                  2000a840    0000003c                  : BIOS.obj (.text:ti_sysbios_knl_Clock_walkQueuePeriodic__E)
                  2000a87c    00000004     --HOLE-- [fill = 0]
                  2000a880    0000003c                  : BIOS.obj (.text:ti_sysbios_knl_Swi_restore__E)
                  2000a8bc    00000004     --HOLE-- [fill = 0]
                  2000a8c0    0000003c                  : BIOS.obj (.text:ti_sysbios_knl_Swi_startup__E)
                  2000a8fc    0000003a     gpio_if.obj (.text:GPIO_IF_Set)
                  2000a936    00000002     --HOLE-- [fill = 0]
                  2000a938    00000038     driverlib.a : prcm.obj (.text:PRCMIntEnable)
                  2000a970    00000038     drivers_cc32xxware.aem4 : PWM.oem4 (.text:PWM_init)
                  2000a9a8    00000038     power_cc3200_tirtos.aem4 : PowerCC3200_tirtos.oem4 (.text:PowerCC3200_initPolicy)
                  2000a9e0    00000038     drivers_cc32xxware.aem4 : UART.oem4 (.text:UART_init)
                  2000aa18    00000038     sysbios.aem4 : BIOS.obj (.text:ti_sysbios_family_arm_m3_Hwi_excNoIsr__I)
                  2000aa50    00000038                  : BIOS.obj (.text:ti_sysbios_knl_Task_processVitalTaskFlag__I)
                  2000aa88    00000038     ti.targets.arm.rtsarm.aem4 : SysMin.oem4 (.text:xdc_runtime_SysMin_putch__E)
                  2000aac0    00000038                                : System.oem4 (.text:xdc_runtime_System_atexit__E)
                  2000aaf8    00000036     driverlib.a : gpio.obj (.text:GPIODirModeSet)
                  2000ab2e    00000036                 : timer.obj (.text:TimerControlLevel)
                  2000ab64    00000036     drivers_cc32xxware.aem4 : UARTCC3200.oem4 (.text:UARTCC3200_readCancel)
                  2000ab9a    00000002     --HOLE-- [fill = 0]
                  2000ab9c    00000034     driverlib.a : prcm.obj (.text:PRCMPeripheralStatusGet)
                  2000abd0    00000034                 : prcm.obj (.text:PRCMSRAMRetentionEnable)
                  2000ac04    00000034     drivers_cc32xxware.aem4 : PowerCC3200.oem4 (.text:Power_releaseDependency)
                  2000ac38    00000034     power_cc3200_tirtos.aem4 : PowerCC3200_tirtos.oem4 (.text:getCountsRTC)
                  2000ac6c    00000034     drivers_cc32xxware.aem4 : PWMTimerCC3200.oem4 (.text:getPowerMgrId)
                  2000aca0    00000034                             : PowerCC3200.oem4 (.text:restorePeriphClocks)
                  2000acd4    00000004     --HOLE-- [fill = 0]
                  2000acd8    00000034     sysbios.aem4 : BIOS.obj (.text:ti_sysbios_family_arm_m3_Hwi_Instance_finalize__E)
                  2000ad0c    00000004     --HOLE-- [fill = 0]
                  2000ad10    00000034                  : BIOS.obj (.text:ti_sysbios_family_arm_m3_Hwi_excNmi__I)
                  2000ad44    00000004     --HOLE-- [fill = 0]
                  2000ad48    00000034                  : BIOS.obj (.text:ti_sysbios_family_arm_m3_Timer_periodicStub__I)
                  2000ad7c    00000004     --HOLE-- [fill = 0]
                  2000ad80    00000034                  : BIOS.obj (.text:ti_sysbios_hal_Hwi_checkStack)
                  2000adb4    00000034     CDIO_CC3200_pem4.oem4 (.text:ti_sysbios_knl_Clock_construct)
                  2000ade8    00000034     ti.targets.arm.rtsarm.aem4 : Core-label.oem4 (.text:xdc_runtime_Core_assignLabel__I)
                  2000ae1c    00000033                                : Text.oem4 (.text:xdc_runtime_Text_printVisFxn__I)
                  2000ae4f    00000001     --HOLE-- [fill = 0]
                  2000ae50    00000032     sysbios.aem4 : BIOS.obj (.text:ti_sysbios_hal_Hwi_initStack)
                  2000ae82    00000002     --HOLE-- [fill = 0]
                  2000ae84    00000030     drivers_cc32xxware.aem4 : PWM.oem4 (.text:PWM_open)
                  2000aeb4    00000030     driverlib.a : pin.obj (.text:PinTypeGPIO)
                  2000aee4    00000030     drivers_cc32xxware.aem4 : PowerCC3200.oem4 (.text:Power_releaseConstraint)
                  2000af14    00000030                             : PowerCC3200.oem4 (.text:Power_setConstraint)
                  2000af44    00000030     driverlib.a : uart.obj (.text:UARTDisable)
                  2000af74    00000030     drivers_cc32xxware.aem4 : UART.oem4 (.text:UART_open)
                  2000afa4    00000030     CDIO_CC3200_pem4.oem4 (.text:ti_sysbios_BIOS_atExitFunc__I)
                  2000afd4    00000004     --HOLE-- [fill = 0]
                  2000afd8    00000030     sysbios.aem4 : BIOS.obj (.text:ti_sysbios_family_arm_m3_TaskSupport_start__E)
                  2000b008    00000030     CDIO_CC3200_pem4.oem4 (.text:ti_sysbios_gates_GateHwi_Object__create__S)
                  2000b038    00000030     CDIO_CC3200_pem4.oem4 (.text:ti_sysbios_gates_GateMutex_Object__create__S)
                  2000b068    00000030     CDIO_CC3200_pem4.oem4 (.text:ti_sysbios_heaps_HeapMem_Object__create__S)
                  2000b098    00000030     CDIO_CC3200_pem4.oem4 (.text:ti_sysbios_knl_Semaphore_construct)
                  2000b0c8    00000030     sysbios.aem4 : BIOS.obj (.text:ti_sysbios_knl_Semaphore_pendTimeout__I)
                  2000b0f8    00000030                  : BIOS.obj (.text:ti_sysbios_knl_Task_unblockI__E)
                  2000b128    00000030     ti.targets.arm.rtsarm.aem4 : SysMin.oem4 (.text:xdc_runtime_SysMin_abort__E)
                  2000b158    00000030                                : System.oem4 (.text:xdc_runtime_System_processAtExit__E)
                  2000b188    0000002e     drivers_cc32xxware.aem4 : PWMTimerCC3200.oem4 (.text:PWMTimerCC3200_close)
                  2000b1b6    00000002     --HOLE-- [fill = 0]
                  2000b1b8    0000002c     driverlib.a : prcm.obj (.text:PRCMLPDSIntervalSet)
                  2000b1e4    0000002c                 : prcm.obj (.text:PRCMSysResetCauseGet)
                  2000b210    0000002c     CDIO_CC3200_pem4.oem4 (.text:ti_sysbios_knl_Clock_doTick__I)
                  2000b23c    0000002c     CDIO_CC3200_pem4.oem4 (.text:ti_sysbios_knl_Queue_construct)
                  2000b268    0000002c     sysbios.aem4 : BIOS.obj (.text:ti_sysbios_knl_Task_restore__E)
                  2000b294    0000002c     ti.targets.arm.rtsarm.aem4 : Text.oem4 (.text:xdc_runtime_Text_cordText__E)
                  2000b2c0    0000002a     driverlib.a : timer.obj (.text:TimerLoadSet)
                  2000b2ea    0000002a                 : timer.obj (.text:TimerMatchSet)
                  2000b314    0000002a                 : timer.obj (.text:TimerPrescaleMatchSet)
                  2000b33e    0000002a                 : timer.obj (.text:TimerPrescaleSet)
                  2000b368    0000002a     ti.targets.arm.rtsarm.aem4 : System.oem4 (.text:xdc_runtime_System_putchar__I)
                  2000b392    00000002     --HOLE-- [fill = 0]
                  2000b394    00000028     driverlib.a : prcm.obj (.text:PRCMLPDSWakeupSourceEnable)
                  2000b3bc    00000028                 : prcm.obj (.text:PRCMPeripheralClkDisable)
                  2000b3e4    00000028     drivers_cc32xxware.aem4 : PowerCC3200.oem4 (.text:Power_registerNotify)
                  2000b40c    00000028                             : UARTCC3200.oem4 (.text:releasePowerConstraint)
                  2000b434    00000004     --HOLE-- [fill = 0]
                  2000b438    00000028     sysbios.aem4 : BIOS.obj (.text:ti_sysbios_knl_Swi_Module_startup__E)
                  2000b460    00000026     drivers_cc32xxware.aem4 : List.oem4 (.text:List_put)
                  2000b486    00000026     ti.targets.arm.rtsarm.aem4 : System.oem4 (.text:xdc_runtime_System_avprintf__E)
                  2000b4ac    00000024     driverlib.a : prcm.obj (.text:PRCMLPDSWakeUpGPIOSelect)
                  2000b4d0    00000024                 : uart.obj (.text:UARTCharPutNonBlocking)
                  2000b4f4    00000024                 : uart.obj (.text:UARTEnable)
                  2000b518    00000024     CDIO_CC3200_pem4.oem4 (.text:ti_sysbios_BIOS_errorRaiseHook__I)
                  2000b53c    00000024     CDIO_CC3200_pem4.oem4 (.text:ti_sysbios_BIOS_registerRTSLock__I)
                  2000b560    00000024     CDIO_CC3200_pem4.oem4 (.text:ti_sysbios_BIOS_removeRTSLock__I)
                  2000b584    00000024     CDIO_CC3200_pem4.oem4 (.text:ti_sysbios_BIOS_startFunc__I)
                  2000b5a8    00000024     sysbios.aem4 : BIOS.obj (.text:ti_sysbios_family_arm_m3_Hwi_doTaskRestore__I)
                  2000b5cc    00000004     --HOLE-- [fill = 0]
                  2000b5d0    00000024                  : BIOS.obj (.text:ti_sysbios_family_arm_m3_Timer_startup__E)
                  2000b5f4    00000024     CDIO_CC3200_pem4.oem4 (.text:ti_sysbios_gates_GateMutex_Object__delete__S)
                  2000b618    00000024     sysbios.aem4 : BIOS.obj (.text:ti_sysbios_knl_Clock_Module_startup__E)
                  2000b63c    00000024     ti.targets.arm.rtsarm.aem4 : System.oem4 (.text:xdc_runtime_System_vprintf__E)
                  2000b660    00000022     driverlib.a : gpio.obj (.text:GPIOIntStatus)
                  2000b682    00000022     CDIO_CC3200_pem4.oem4 (.text:xdc_runtime_SysMin_output__I)
                  2000b6a4    00000020     driverlib.a : gpio.obj (.text:GPIOPinWrite)
                  2000b6c4    00000020                 : prcm.obj (.text:PRCMLPDSRestoreInfoSet)
                  2000b6e4    00000020     drivers_cc32xxware.aem4 : PowerCC3200.oem4 (.text:Power_idleFunc)
                  2000b704    00000020                             : PowerCC3200.oem4 (.text:Power_unregisterNotify)
                  2000b724    00000020     CDIO_CC3200.obj (.text:brytarInt)
                  2000b744    00000020     CDIO_CC3200.obj (.text:brytarIntYO)
                  2000b764    00000020     drivers_cc32xxware.aem4 : UARTCC3200.oem4 (.text:getPowerMgrId)
                  2000b784    00000020     CDIO_CC3200_pem4.oem4 (.text:ti_sysbios_BIOS_rtsLock__I)
                  2000b7a4    00000020     sysbios.aem4 : m3_Hwi_asm.obj (.text:ti_sysbios_family_arm_m3_Hwi_excHandlerAsm__I)
                  2000b7c4    00000004     --HOLE-- [fill = 0]
                  2000b7c8    00000020                  : BIOS.obj (.text:ti_sysbios_family_arm_m3_Hwi_excHandler__I)
                  2000b7e8    00000020     CDIO_CC3200_pem4.oem4 (.text:ti_sysbios_gates_GateHwi_Object__delete__S)
                  2000b808    00000020     CDIO_CC3200_pem4.oem4 (.text:ti_sysbios_heaps_HeapMem_Object__delete__S)
                  2000b828    00000020     CDIO_CC3200_pem4.oem4 (.text:ti_sysbios_knl_Clock_Object__destruct__S)
                  2000b848    00000020     sysbios.aem4 : BIOS.obj (.text:ti_sysbios_knl_Idle_run__E)
                  2000b868    00000020     CDIO_CC3200_pem4.oem4 (.text:ti_sysbios_knl_Semaphore_Object__destruct__S)
                  2000b888    00000020     ti.targets.arm.rtsarm.aem4 : Registry.oem4 (.text:xdc_runtime_Registry_findById__E)
                  2000b8a8    00000020                                : SysMin.oem4 (.text:xdc_runtime_SysMin_Module_startup__E)
                  2000b8c8    0000001e     driverlib.a : timer.obj (.text:TimerDisable)
                  2000b8e6    0000001e                 : timer.obj (.text:TimerEnable)
                  2000b904    0000001e                 : uart.obj (.text:UARTCharPut)
                  2000b922    0000001e                 : uart.obj (.text:UARTIntStatus)
                  2000b940    0000001e     sysbios.aem4 : m3_Hwi_asm_switch.obj (.text:ti_sysbios_family_xxx_Hwi_switchAndRunFunc)
                  2000b95e    0000001c     driverlib.a : uart.obj (.text:UARTCharGetNonBlocking)
                  2000b97a    0000001c                 : uart.obj (.text:UARTFlowControlSet)
                  2000b996    00000002     --HOLE-- [fill = 0]
                  2000b998    0000001c     CDIO_CC3200_pem4.oem4 (.text:ti_sysbios_family_arm_m3_Hwi_Object__destruct__S)
                  2000b9b4    00000004     --HOLE-- [fill = 0]
                  2000b9b8    0000001c     sysbios.aem4 : BIOS.obj (.text:ti_sysbios_family_arm_m3_Timer_stop__E)
                  2000b9d4    00000004     --HOLE-- [fill = 0]
                  2000b9d8    0000001c                  : BIOS.obj (.text:ti_sysbios_gates_GateMutex_Instance_init__E)
                  2000b9f4    0000001c     CDIO_CC3200_pem4.oem4 (.text:ti_sysbios_knl_Queue_Object__destruct__S)
                  2000ba10    0000001c     sysbios.aem4 : BIOS.obj (.text:ti_sysbios_knl_Task_enter__I)
                  2000ba2c    0000001c     ti.targets.arm.rtsarm.aem4 : Error.oem4 (.text:xdc_runtime_Error_raiseX__E)
                  2000ba48    0000001c                                : Memory.oem4 (.text:xdc_runtime_Memory_valloc__E)
                  2000ba64    0000001c                                : SysMin.oem4 (.text:xdc_runtime_SysMin_exit__E)
                  2000ba80    0000001c                                : System.oem4 (.text:xdc_runtime_System_abort__E)
                  2000ba9c    0000001a     driverlib.a : gpio.obj (.text:GPIOIntEnable)
                  2000bab6    0000001a     drivers_cc32xxware.aem4 : List.oem4 (.text:List_remove)
                  2000bad0    0000001a     driverlib.a : pin.obj (.text:PinTypeTimer)
                  2000baea    0000001a     CDIO_CC3200_pem4.oem4 (.text:ti_sysbios_family_arm_m3_Hwi_Handle__label__S)
                  2000bb04    0000001a     sysbios.aem4 : m3_Hwi_asm.obj (.text:ti_sysbios_family_arm_m3_Hwi_pendSV__I)
                  2000bb1e    0000001a     CDIO_CC3200_pem4.oem4 (.text:ti_sysbios_gates_GateHwi_Handle__label__S)
                  2000bb38    0000001a     CDIO_CC3200_pem4.oem4 (.text:ti_sysbios_gates_GateMutex_Handle__label__S)
                  2000bb52    0000001a     CDIO_CC3200_pem4.oem4 (.text:ti_sysbios_heaps_HeapMem_Handle__label__S)
                  2000bb6c    0000001a     CDIO_CC3200_pem4.oem4 (.text:ti_sysbios_knl_Swi_Handle__label__S)
                  2000bb86    0000001a     CDIO_CC3200_pem4.oem4 (.text:ti_sysbios_knl_Task_Handle__label__S)
                  2000bba0    0000001a     CDIO_CC3200_pem4.oem4 (.text:xdc_runtime_System_aprintf__E)
                  2000bbba    0000001a     CDIO_CC3200_pem4.oem4 (.text:xdc_runtime_System_printf__E)
                  2000bbd4    00000018     driverlib.a : uart.obj (.text:UARTBusy)
                  2000bbec    00000018                 : uart.obj (.text:UARTFIFOLevelSet)
                  2000bc04    00000018                 : uart.obj (.text:UARTIntDisable)
                  2000bc1c    00000018                 : uart.obj (.text:UARTIntEnable)
                  2000bc34    00000018     drivers_cc32xxware.aem4 : UART.oem4 (.text:UART_Params_init)
                  2000bc4c    00000018     rtsv7M4_T_le_eabi.lib : args_main.obj (.text)
                  2000bc64    00000018                           : ll_mul_t2.obj (.text)
                  2000bc7c    00000018     CDIO_CC3200_pem4.oem4 (.text:ti_sysbios_BIOS_rtsUnlock__I)
                  2000bc94    00000018     CDIO_CC3200_pem4.oem4 (.text:ti_sysbios_family_arm_m3_Hwi_Module__startupDone__F)
                  2000bcac    00000018     CDIO_CC3200_pem4.oem4 (.text:ti_sysbios_family_arm_m3_Timer_Module__startupDone__F)
                  2000bcc4    00000004     --HOLE-- [fill = 0]
                  2000bcc8    00000018     sysbios.aem4 : BIOS.obj (.text:ti_sysbios_gates_GateMutex_leave__E)
                  2000bce0    00000018                  : BIOS.obj (.text:ti_sysbios_knl_Task_sleepTimeout__I)
                  2000bcf8    00000018     ti.targets.arm.rtsarm.aem4 : Error.oem4 (.text:xdc_runtime_Error_check__E)
                  2000bd10    00000018                                : System.oem4 (.text:xdc_runtime_System_exit__E)
                  2000bd28    00000018                                : Text.oem4 (.text:xdc_runtime_Text_ropeText__E)
                  2000bd40    00000016     tirtosport.aem4 : ClockP_tirtos.oem4 (.text:ClockP_delete)
                  2000bd56    00000016                     : HwiP_tirtos.oem4 (.text:HwiP_delete)
                  2000bd6c    00000016     driverlib.a : prcm.obj (.text:PRCMHIBRegRead)
                  2000bd82    00000016                 : prcm.obj (.text:PRCMHIBRegWrite)
                  2000bd98    00000016     tirtosport.aem4 : SemaphoreP_tirtos.oem4 (.text:SemaphoreP_delete)
                  2000bdae    00000016     driverlib.a : uart.obj (.text:UARTCharGet)
                  2000bdc4    00000016     drivers_cc32xxware.aem4 : UARTCC3200.oem4 (.text:startTxFifoEmptyClk)
                  2000bdda    00000016     CDIO_CC3200_pem4.oem4 (.text:ti_sysbios_BIOS_exitFunc__I)
                  2000bdf0    00000016     CDIO_CC3200.obj (.text:ti_sysbios_knl_Task_Params_init)
                  2000be06    00000014     driverlib.a : cpu.obj (.text:CPUcpsid)
                  2000be1a    00000014                 : cpu.obj (.text:CPUcpsie)
                  2000be2e    00000014                 : gpio.obj (.text:GPIOIntClear)
                  2000be42    00000002     --HOLE-- [fill = 0]
                  2000be44    00000014     rtsv7M4_T_le_eabi.lib : _lock.obj (.text)
                  2000be58    00000014                           : strcpy.obj (.text)
                  2000be6c    00000014                           : strlen.obj (.text)
                  2000be80    00000014     CDIO_CC3200_pem4.oem4 (.text:ti_sysbios_family_arm_m3_Hwi_Object__get__S)
                  2000be94    00000004     --HOLE-- [fill = 0]
                  2000be98    00000014     sysbios.aem4 : BIOS.obj (.text:ti_sysbios_family_arm_m3_Hwi_switchFromBootStack__E)
                  2000beac    00000014     CDIO_CC3200_pem4.oem4 (.text:ti_sysbios_heaps_HeapMem_Object__get__S)
                  2000bec0    00000014     sysbios.aem4 : BIOS.obj (.text:ti_sysbios_knl_Clock_tickReconfig__E)
                  2000bed4    00000014     CDIO_CC3200_pem4.oem4 (.text:ti_sysbios_knl_Swi_Object__get__S)
                  2000bee8    00000012     tirtosport.aem4 : ClockP_tirtos.oem4 (.text:ClockP_start)
                  2000befa    00000012     drivers_cc32xxware.aem4 : RingBuf.oem4 (.text:RingBuf_construct)
                  2000bf0c    00000012     tirtosport.aem4 : SemaphoreP_tirtos.oem4 (.text:SemaphoreP_pend)
                  2000bf1e    00000012     driverlib.a : uart.obj (.text:UARTIntClear)
                  2000bf30    00000012                 : uart.obj (.text:UARTRxErrorGet)
                  2000bf42    00000006     ti.targets.arm.rtsarm.aem4 : System.oem4 (.text:xdc_runtime_System_Module_startup__E)
                  2000bf48    00000012     sysbios.aem4 : BIOS.obj (.text:ti_sysbios_hal_Hwi_Module_startup__E)
                  2000bf5a    00000012     CDIO_CC3200_pem4.oem4 (.text:xdc_runtime_Startup_exec__I)
                  2000bf6c    00000010     CC3200_LAUNCHXL.obj (.text:CC3200_LAUNCHXL_initGeneral)
                  2000bf7c    00000010     drivers_cc32xxware.aem4 : PWM.oem4 (.text:PWM_Params_init)
                  2000bf8c    00000010     driverlib.a : uart.obj (.text:UARTRxErrorClear)
                  2000bf9c    00000010     drivers_cc32xxware.aem4 : UARTCC3200.oem4 (.text:readBlockingTimeout)
                  2000bfac    00000004     --HOLE-- [fill = 0]
                  2000bfb0    00000010     sysbios.aem4 : BIOS.obj (.text:ti_sysbios_BIOS_getCpuFreq__E)
                  2000bfc0    00000010                  : BIOS.obj (.text:ti_sysbios_BIOS_setThreadType__E)
                  2000bfd0    00000010                  : BIOS.obj (.text:ti_sysbios_BIOS_start__E)
                  2000bfe0    00000010                  : m3_TaskSupport_asm.obj (.text:ti_sysbios_family_arm_m3_TaskSupport_glue)
                  2000bff0    00000010                  : m3_TaskSupport_asm.obj (.text:ti_sysbios_family_arm_m3_TaskSupport_swap__E)
                  2000c000    00000010                  : BIOS.obj (.text:ti_sysbios_gates_GateMutex_Instance_finalize__E)
                  2000c010    00000010                  : BIOS.obj (.text:ti_sysbios_knl_Semaphore_Instance_finalize__E)
                  2000c020    00000010                  : BIOS.obj (.text:ti_sysbios_knl_Swi_disable__E)
                  2000c030    00000010     CDIO_CC3200_pem4.oem4 (.text:ti_sysbios_knl_Task_Object__get__S)
                  2000c040    00000010     sysbios.aem4 : BIOS.obj (.text:ti_sysbios_knl_Task_disable__E)
                  2000c050    00000010     ti.targets.arm.rtsarm.aem4 : Gate.oem4 (.text:xdc_runtime_Gate_leaveSystem__E)
                  2000c060    00000010                                : Memory.oem4 (.text:xdc_runtime_Memory_free__E)
                  2000c070    00000010                                : SysMin.oem4 (.text:xdc_runtime_SysMin_ready__E)
                  2000c080    00000010                                : System.oem4 (.text:xdc_runtime_System_vsnprintf__E)
                  2000c090    00000010     CDIO_CC3200_pem4.oem4 (.text:xdc_runtime_Text_visitRope__I)
                  2000c0a0    0000000e     tirtosport.aem4 : HwiP_tirtos.oem4 (.text:HwiP_Params_init)
                  2000c0ae    0000000e     rtsv7M4_T_le_eabi.lib : copy_decompress_none.obj (.text:decompress:none)
                  2000c0bc    00000004     --HOLE-- [fill = 0]
                  2000c0c0    0000000e     sysbios.aem4 : BIOS.obj (.text:ti_sysbios_knl_Idle_loop__E)
                  2000c0ce    00000002     --HOLE-- [fill = 0]
                  2000c0d0    0000000e                  : BIOS.obj (.text:ti_sysbios_knl_Queue_empty__E)
                  2000c0de    0000000c     driverlib.a : cpu.obj (.text:CPUwfi)
                  2000c0ea    00000002     --HOLE-- [fill = 0]
                  2000c0ec    0000000c     tirtosport.aem4 : ClockP_tirtos.oem4 (.text:ClockP_getSystemTickPeriod)
                  2000c0f8    0000000c     drivers_cc32xxware.aem4 : PowerCC3200.oem4 (.text:Power_getConstraintMask)
                  2000c104    0000000c                             : PowerCC3200.oem4 (.text:Power_getDependencyCount)
                  2000c110    0000000c                             : RingBuf.oem4 (.text:RingBuf_peek)
                  2000c11c    0000000c                             : UARTCC3200.oem4 (.text:UARTCC3200_init)
                  2000c128    0000000c                             : UARTCC3200.oem4 (.text:postNotifyFxn)
                  2000c134    0000000c     CDIO_CC3200_pem4.oem4 (.text:ti_sysbios_family_arm_m3_Hwi_Params__init__S)
                  2000c140    0000000c     sysbios.aem4 : BIOS.obj (.text:ti_sysbios_family_arm_m3_Hwi_disableFxn__E)
                  2000c14c    00000004     --HOLE-- [fill = 0]
                  2000c150    0000000c                  : BIOS.obj (.text:ti_sysbios_family_arm_m3_TaskSupport_checkStack__E)
                  2000c15c    00000004     --HOLE-- [fill = 0]
                  2000c160    0000000c                  : BIOS.obj (.text:ti_sysbios_family_arm_m3_TaskSupport_getStackAlignment__E)
                  2000c16c    00000004     --HOLE-- [fill = 0]
                  2000c170    0000000c                  : BIOS.obj (.text:ti_sysbios_gates_GateHwi_enter__E)
                  2000c17c    0000000c     CDIO_CC3200_pem4.oem4 (.text:ti_sysbios_knl_Clock_Params__init__S)
                  2000c188    0000000c     sysbios.aem4 : BIOS.obj (.text:ti_sysbios_knl_Clock_getTicks__E)
                  2000c194    00000004     --HOLE-- [fill = 0]
                  2000c198    0000000c                  : BIOS.obj (.text:ti_sysbios_knl_Clock_setTicks__E)
                  2000c1a4    00000004     --HOLE-- [fill = 0]
                  2000c1a8    0000000c                  : BIOS.obj (.text:ti_sysbios_knl_Clock_tickStart__E)
                  2000c1b4    00000004     --HOLE-- [fill = 0]
                  2000c1b8    0000000c                  : BIOS.obj (.text:ti_sysbios_knl_Clock_tickStop__E)
                  2000c1c4    0000000c     CDIO_CC3200_pem4.oem4 (.text:ti_sysbios_knl_Queue_Object__get__S)
                  2000c1d0    0000000c     CDIO_CC3200_pem4.oem4 (.text:ti_sysbios_knl_Semaphore_Params__init__S)
                  2000c1dc    0000000c     CDIO_CC3200_pem4.oem4 (.text:ti_sysbios_knl_Task_Params__init__S)
                  2000c1e8    0000000c     ti.targets.arm.rtsarm.aem4 : Error.oem4 (.text:xdc_runtime_Error_init__E)
                  2000c1f4    0000000c                                : Gate.oem4 (.text:xdc_runtime_Gate_enterSystem__E)
                  2000c200    0000000c                                : Memory.oem4 (.text:xdc_runtime_Memory_calloc__E)
                  2000c20c    0000000c                                : Memory.oem4 (.text:xdc_runtime_Memory_getMaxDefaultTypeAlign__E)
                  2000c218    0000000a     tirtosport.aem4 : ClockP_tirtos.oem4 (.text:ClockP_stop)
                  2000c222    0000000a     drivers_cc32xxware.aem4 : List.oem4 (.text:List_empty)
                  2000c22c    0000000a                             : PWMTimerCC3200.oem4 (.text:PWMTimerCC3200_getPeriodCounts)
                  2000c236    0000000a                             : PWM.oem4 (.text:PWM_setDuty)
                  2000c240    0000000a     tirtosport.aem4 : SemaphoreP_tirtos.oem4 (.text:SemaphoreP_post)
                  2000c24a    0000000a     drivers_cc32xxware.aem4 : UART.oem4 (.text:UART_read)
                  2000c254    0000000a                             : UART.oem4 (.text:UART_write)
                  2000c25e    0000000a     CDIO_CC3200_pem4.oem4 (.text:xdc_runtime_IHeap_alloc)
                  2000c268    0000000a     CDIO_CC3200_pem4.oem4 (.text:xdc_runtime_IHeap_free)
                  2000c272    00000008     CC3200_LAUNCHXL.obj (.text:CC3200_LAUNCHXL_initGPIO)
                  2000c27a    00000008     CC3200_LAUNCHXL.obj (.text:CC3200_LAUNCHXL_initPWM)
                  2000c282    00000008     CC3200_LAUNCHXL.obj (.text:CC3200_LAUNCHXL_initUART)
                  2000c28a    00000008     tirtosport.aem4 : ClockP_tirtos.oem4 (.text:ClockP_Params_init)
                  2000c292    00000008     driverlib.a : prcm.obj (.text:PRCMSleepEnter)
                  2000c29a    00000008     drivers_cc32xxware.aem4 : PWMTimerCC3200.oem4 (.text:PWMTimerCC3200_init)
                  2000c2a2    00000008     tirtosport.aem4 : SemaphoreP_tirtos.oem4 (.text:SemaphoreP_Params_init)
                  2000c2aa    00000008     drivers_cc32xxware.aem4 : UARTCC3200.oem4 (.text:readSemCallback)
                  2000c2b2    00000006     --HOLE-- [fill = 0]
                  2000c2b8    00000008     sysbios.aem4 : BIOS.obj (.text:ti_sysbios_family_arm_m3_Hwi_doSwiRestore__I)
                  2000c2c0    00000008                  : BIOS.obj (.text:ti_sysbios_family_arm_m3_Hwi_startup__E)
                  2000c2c8    00000008     drivers_cc32xxware.aem4 : UARTCC3200.oem4 (.text:writeSemCallback)
                  2000c2d0    00000006     sysbios.aem4 : BIOS.obj (.text:ti_sysbios_family_arm_m3_Hwi_restoreFxn__E)
                  2000c2d6    00000002     --HOLE-- [fill = 0]
                  2000c2d8    00000006                  : BIOS.obj (.text:ti_sysbios_gates_GateHwi_leave__E)
                  2000c2de    00000002     --HOLE-- [fill = 0]
                  2000c2e0    00000006                  : BIOS.obj (.text:ti_sysbios_heaps_HeapMem_isBlocking__E)
                  2000c2e6    00000002     --HOLE-- [fill = 0]
                  2000c2e8    00000006                  : BIOS.obj (.text:ti_sysbios_knl_Clock_stop__E)
                  2000c2ee    00000002     --HOLE-- [fill = 0]
                  2000c2f0    00000006                  : BIOS.obj (.text:ti_sysbios_knl_Queue_Instance_init__E)
                  2000c2f6    00000002     --HOLE-- [fill = 0]
                  2000c2f8    00000004                  : BIOS.obj (.text:ti_sysbios_family_arm_m3_Timer_getMaxTicks__E)
                  2000c2fc    00000004     --HOLE-- [fill = 0]
                  2000c300    00000004                  : BIOS.obj (.text:ti_sysbios_gates_GateHwi_query__E)
                  2000c304    00000004     --HOLE-- [fill = 0]
                  2000c308    00000004                  : BIOS.obj (.text:ti_sysbios_gates_GateMutex_query__E)
                  2000c30c    00000004     --HOLE-- [fill = 0]
                  2000c310    00000004                  : BIOS.obj (.text:ti_sysbios_knl_Clock_setTimeout__E)
                  2000c314    00000004     --HOLE-- [fill = 0]
                  2000c318    00000004                  : BIOS.obj (.text:ti_sysbios_knl_Task_startup__E)
                  2000c31c    00000004     --HOLE-- [fill = 0]
                  2000c320    00000002                  : BIOS.obj (.text:ti_sysbios_gates_GateHwi_Instance_init__E)
                  2000c322    00000006     --HOLE-- [fill = 0]
                  2000c328    00000002                  : BIOS.obj (.text:ti_sysbios_knl_Clock_logTick__E)

.bss       0    2000c330    000034f3     UNINITIALIZED
                  2000c330    00002710     (.common:task0Stack)
                  2000ea40    00000400     (.common:ti_sysbios_heaps_HeapMem_Instance_State_0_buf__A)
                  2000ee40    0000030c     (.common:ti_sysbios_family_arm_m3_Hwi_dispatchTable)
                  2000f14c    00000004     (.common:firstTick$2)
                  2000f150    00000200     CDIO_CC3200_pem4.oem4 (.bss:taskStackSection)
                  2000f350    0000012c     drivers_cc32xxware.aem4 : PowerCC3200.oem4 (.bss:PowerCC3200_contextSave)
                  2000f47c    00000120     rtsv7M4_T_le_eabi.lib : trgmsg.obj (.bss:_CIOBUF_)
                  2000f59c    00000108     (.common:uartCC3200Objects)
                  2000f6a4    00000080     (.common:xdc_runtime_SysMin_Module_State_0_outbuf__A)
                  2000f724    00000050     (.common:task0Struct)
                  2000f774    00000040     (.common:uartCC3200RingBuffer)
                  2000f7b4    00000020     (.common:gpioCallbackInfo)
                  2000f7d4    00000020     (.common:pwmTimerCC3200Objects)
                  2000f7f4    00000014     (.common:powerNotifyObj)
                  2000f808    00000008                           : trgdrv.obj (.bss:parmbuf)
                  2000f810    00000008     (.common:firstRTC$1)
                  2000f818    00000008     (.common:steps)
                  2000f820    00000001     (.common:g_ucLED1Pin)
                  2000f821    00000001     (.common:g_ucLED2Pin)
                  2000f822    00000001     (.common:g_ucLED3Pin)

.const     0    2000f824    000020ad     
                  2000f824    00001771     CDIO_CC3200_pem4.oem4 (.const:xdc_runtime_Text_charTab__A)
                  20010f95    00000001     CDIO_CC3200_pem4.oem4 (.const:ti_sysbios_knl_Clock_tickMode__C)
                  20010f96    00000002     CDIO_CC3200_pem4.oem4 (.const:ti_sysbios_family_arm_m3_Hwi_Module__id__C)
                  20010f98    00000100     driverlib.a : pin.obj (.const:g_ulPinToPadMap)
                  20011098    000000a8                 : prcm.obj (.const:PRCM_PeriphRegsList)
                  20011140    000000a0     CDIO_CC3200_pem4.oem4 (.const:xdc_runtime_Text_nodeTab__A)
                  200111e0    0000004c     drivers_cc32xxware.aem4 : UARTCC3200.oem4 (.const)
                  2001122c    00000048     CDIO_CC3200_pem4.oem4 (.const:.string)
                  20011274    0000003c     CDIO_CC3200_pem4.oem4 (.const:ti_sysbios_knl_Task_Object__PARAMS__C)
                  200112b0    00000034     drivers_cc32xxware.aem4 : GPIOCC3200.oem4 (.const)
                  200112e4    00000030     CDIO_CC3200_pem4.oem4 (.const:ti_sysbios_family_arm_m3_Hwi_Object__PARAMS__C)
                  20011314    00000030     CC3200_LAUNCHXL.obj (.const:uartCC3200HWAttrs)
                  20011344    0000002a     drivers_cc32xxware.aem4 : GPIOCC3200.oem4 (.const:.string)
                  2001136e    00000002     CDIO_CC3200_pem4.oem4 (.const:ti_sysbios_family_arm_m3_Timer_Module__id__C)
                  20011370    00000028     CC3200_LAUNCHXL.obj (.const:PowerCC3200_config)
                  20011398    00000028     drivers_cc32xxware.aem4 : UARTCC3200.oem4 (.const:UARTCC3200_fxnTable)
                  200113c0    00000028     CDIO_CC3200_pem4.oem4 (.const:ti_sysbios_heaps_HeapMem_Module__FXNS__C)
                  200113e8    00000024     CC3200_LAUNCHXL.obj (.const:PWM_config)
                  2001140c    00000024     CC3200_LAUNCHXL.obj (.const:UART_config)
                  20011430    00000024     drivers_cc32xxware.aem4 : UART.oem4 (.const:UART_defaultParams)
                  20011454    00000024     CDIO_CC3200_pem4.oem4 (.const:ti_sysbios_gates_GateHwi_Module__FXNS__C)
                  20011478    00000024     CDIO_CC3200_pem4.oem4 (.const:ti_sysbios_gates_GateMutex_Module__FXNS__C)
                  2001149c    00000024     CDIO_CC3200_pem4.oem4 (.const:ti_sysbios_heaps_HeapMem_Object__PARAMS__C)
                  200114c0    00000024     CDIO_CC3200_pem4.oem4 (.const:ti_sysbios_knl_Clock_Object__PARAMS__C)
                  200114e4    00000024     CDIO_CC3200_pem4.oem4 (.const:ti_sysbios_knl_Semaphore_Object__PARAMS__C)
                  20011508    00000020     drivers_cc32xxware.aem4 : PWMTimerCC3200.oem4 (.const)
                  20011528    00000020     CDIO_CC3200_pem4.oem4 (.const:ti_sysbios_family_arm_m3_Hwi_Object__DESC__C)
                  20011548    00000020     CDIO_CC3200_pem4.oem4 (.const:ti_sysbios_gates_GateHwi_Object__DESC__C)
                  20011568    00000020     CDIO_CC3200_pem4.oem4 (.const:ti_sysbios_gates_GateMutex_Object__DESC__C)
                  20011588    00000020     CDIO_CC3200_pem4.oem4 (.const:ti_sysbios_heaps_HeapMem_Object__DESC__C)
                  200115a8    00000020     CDIO_CC3200_pem4.oem4 (.const:ti_sysbios_knl_Clock_Object__DESC__C)
                  200115c8    00000020     CDIO_CC3200_pem4.oem4 (.const:ti_sysbios_knl_Queue_Object__DESC__C)
                  200115e8    00000020     CDIO_CC3200_pem4.oem4 (.const:ti_sysbios_knl_Semaphore_Object__DESC__C)
                  20011608    00000020     CDIO_CC3200_pem4.oem4 (.const:ti_sysbios_knl_Task_Object__DESC__C)
                  20011628    00000020     CDIO_CC3200_pem4.oem4 (.const:xdc_runtime_Startup_sfxnTab__A)
                  20011648    00000018     CDIO_CC3200_pem4.oem4 (.const:ti_sysbios_gates_GateHwi_Object__PARAMS__C)
                  20011660    00000018     CDIO_CC3200_pem4.oem4 (.const:ti_sysbios_gates_GateMutex_Object__PARAMS__C)
                  20011678    00000018     CDIO_CC3200_pem4.oem4 (.const:ti_sysbios_knl_Queue_Object__PARAMS__C)
                  20011690    00000014     CC3200_LAUNCHXL.obj (.const:GPIOCC3200_config)
                  200116a4    00000010     CC3200_LAUNCHXL.obj (.const:pwmTimerCC3200HWAttrs)
                  200116b4    00000010     CDIO_CC3200_pem4.oem4 (.const:xdc_runtime_Startup_sfxnRts__A)
                  200116c4    0000000d     CDIO_CC3200.obj (.const:.string:$P$T0$1)
                  200116d1    00000001     CDIO_CC3200_pem4.oem4 (.const:ti_sysbios_knl_Clock_tickSource__C)
                  200116d2    00000002     CDIO_CC3200_pem4.oem4 (.const:ti_sysbios_gates_GateMutex_Module__id__C)
                  200116d4    0000000c     drivers_cc32xxware.aem4 : PWM.oem4 (.const)
                  200116e0    0000000c     CDIO_CC3200_pem4.oem4 (.const:xdc_runtime_Startup_firstFxns__A)
                  200116ec    00000008     CDIO_CC3200_pem4.oem4 (.const:ti_sysbios_family_arm_m3_Hwi_excHookFuncs__A)
                  200116f4    00000008     CDIO_CC3200_pem4.oem4 (.const:ti_sysbios_knl_Idle_funcList__A)
                  200116fc    00000008     CDIO_CC3200_pem4.oem4 (.const:ti_sysbios_knl_Idle_funcList__C)
                  20011704    00000008     CDIO_CC3200_pem4.oem4 (.const:xdc_runtime_Startup_firstFxns__C)
                  2001170c    00000008     CDIO_CC3200_pem4.oem4 (.const:xdc_runtime_Startup_lastFxns__C)
                  20011714    00000004     CDIO_CC3200_pem4.oem4 (.const:ti_sysbios_family_arm_m3_Hwi_E_NMI__C)
                  20011718    00000004     CDIO_CC3200_pem4.oem4 (.const:ti_sysbios_family_arm_m3_Hwi_E_alreadyDefined__C)
                  2001171c    00000004     CDIO_CC3200_pem4.oem4 (.const:ti_sysbios_family_arm_m3_Hwi_E_busFault__C)
                  20011720    00000004     CDIO_CC3200_pem4.oem4 (.const:ti_sysbios_family_arm_m3_Hwi_E_debugMon__C)
                  20011724    00000004     CDIO_CC3200_pem4.oem4 (.const:ti_sysbios_family_arm_m3_Hwi_E_hardFault__C)
                  20011728    00000004     CDIO_CC3200_pem4.oem4 (.const:ti_sysbios_family_arm_m3_Hwi_E_memFault__C)
                  2001172c    00000004     CDIO_CC3200_pem4.oem4 (.const:ti_sysbios_family_arm_m3_Hwi_E_noIsr__C)
                  20011730    00000004     CDIO_CC3200_pem4.oem4 (.const:ti_sysbios_family_arm_m3_Hwi_E_reserved__C)
                  20011734    00000004     CDIO_CC3200_pem4.oem4 (.const:ti_sysbios_family_arm_m3_Hwi_E_svCall__C)
                  20011738    00000004     CDIO_CC3200_pem4.oem4 (.const:ti_sysbios_family_arm_m3_Hwi_E_usageFault__C)
                  2001173c    00000004     CDIO_CC3200_pem4.oem4 (.const:ti_sysbios_family_arm_m3_Hwi_NUM_INTERRUPTS__C)
                  20011740    00000004     CDIO_CC3200_pem4.oem4 (.const:ti_sysbios_family_arm_m3_Hwi_Object__count__C)
                  20011744    00000004     CDIO_CC3200_pem4.oem4 (.const:ti_sysbios_family_arm_m3_Hwi_ccr__C)
                  20011748    00000004     CDIO_CC3200_pem4.oem4 (.const:ti_sysbios_family_arm_m3_Hwi_excHandlerFunc__C)
                  2001174c    00000004     CDIO_CC3200_pem4.oem4 (.const:ti_sysbios_family_arm_m3_Hwi_excHookFuncs__C)
                  20011750    00000004     CDIO_CC3200_pem4.oem4 (.const:ti_sysbios_family_arm_m3_Hwi_nullIsrFunc__C)
                  20011754    00000004     CDIO_CC3200_pem4.oem4 (.const:ti_sysbios_family_arm_m3_Hwi_priGroup__C)
                  20011758    00000004     CDIO_CC3200_pem4.oem4 (.const:ti_sysbios_family_arm_m3_TaskSupport_stackAlignment__C)
                  2001175c    00000004     CDIO_CC3200_pem4.oem4 (.const:ti_sysbios_family_arm_m3_Timer_E_cannotSupport__C)
                  20011760    00000004     CDIO_CC3200_pem4.oem4 (.const:ti_sysbios_family_arm_m3_Timer_startupNeeded__C)
                  20011764    00000004     CDIO_CC3200_pem4.oem4 (.const:ti_sysbios_gates_GateMutex_A_badContext__C)
                  20011768    00000004     CDIO_CC3200_pem4.oem4 (.const:ti_sysbios_gates_GateMutex_Instance_State_sem__O)
                  2001176c    00000004     CDIO_CC3200_pem4.oem4 (.const:ti_sysbios_gates_GateMutex_Module__diagsEnabled__C)
                  20011770    00000004     CDIO_CC3200_pem4.oem4 (.const:ti_sysbios_gates_GateMutex_Module__diagsIncluded__C)
                  20011774    00000004     CDIO_CC3200_pem4.oem4 (.const:ti_sysbios_gates_GateMutex_Module__diagsMask__C)
                  20011778    00000004     CDIO_CC3200_pem4.oem4 (.const:ti_sysbios_hal_Hwi_E_stackOverflow__C)
                  2001177c    00000004     CDIO_CC3200_pem4.oem4 (.const:ti_sysbios_heaps_HeapMem_A_align__C)
                  20011780    00000004     CDIO_CC3200_pem4.oem4 (.const:ti_sysbios_heaps_HeapMem_A_heapSize__C)
                  20011784    00000004     CDIO_CC3200_pem4.oem4 (.const:ti_sysbios_heaps_HeapMem_A_invalidFree__C)
                  20011788    00000004     CDIO_CC3200_pem4.oem4 (.const:ti_sysbios_heaps_HeapMem_A_zeroBlock__C)
                  2001178c    00000004     CDIO_CC3200_pem4.oem4 (.const:ti_sysbios_heaps_HeapMem_E_memory__C)
                  20011790    00000004     CDIO_CC3200_pem4.oem4 (.const:ti_sysbios_heaps_HeapMem_Module__diagsEnabled__C)
                  20011794    00000004     CDIO_CC3200_pem4.oem4 (.const:ti_sysbios_heaps_HeapMem_Module__diagsIncluded__C)
                  20011798    00000004     CDIO_CC3200_pem4.oem4 (.const:ti_sysbios_heaps_HeapMem_Module__diagsMask__C)
                  2001179c    00000004     CDIO_CC3200_pem4.oem4 (.const:ti_sysbios_heaps_HeapMem_Module__gateObj__C)
                  200117a0    00000004     CDIO_CC3200_pem4.oem4 (.const:ti_sysbios_heaps_HeapMem_Object__count__C)
                  200117a4    00000004     CDIO_CC3200_pem4.oem4 (.const:ti_sysbios_heaps_HeapMem_reqAlign__C)
                  200117a8    00000004     CDIO_CC3200_pem4.oem4 (.const:ti_sysbios_knl_Clock_A_badThreadType__C)
                  200117ac    00000004     CDIO_CC3200_pem4.oem4 (.const:ti_sysbios_knl_Clock_Module_State_clockQ__O)
                  200117b0    00000004     CDIO_CC3200_pem4.oem4 (.const:ti_sysbios_knl_Clock_Module__diagsEnabled__C)
                  200117b4    00000004     CDIO_CC3200_pem4.oem4 (.const:ti_sysbios_knl_Clock_Module__diagsIncluded__C)
                  200117b8    00000004     CDIO_CC3200_pem4.oem4 (.const:ti_sysbios_knl_Clock_Module__diagsMask__C)
                  200117bc    00000004     CDIO_CC3200_pem4.oem4 (.const:ti_sysbios_knl_Clock_tickPeriod__C)
                  200117c0    00000004     CDIO_CC3200_pem4.oem4 (.const:ti_sysbios_knl_Semaphore_A_badContext__C)
                  200117c4    00000004     CDIO_CC3200_pem4.oem4 (.const:ti_sysbios_knl_Semaphore_A_noEvents__C)
                  200117c8    00000004     CDIO_CC3200_pem4.oem4 (.const:ti_sysbios_knl_Semaphore_A_overflow__C)
                  200117cc    00000004     CDIO_CC3200_pem4.oem4 (.const:ti_sysbios_knl_Semaphore_A_pendTaskDisabled__C)
                  200117d0    00000004     CDIO_CC3200_pem4.oem4 (.const:ti_sysbios_knl_Semaphore_Instance_State_pendQ__O)
                  200117d4    00000004     CDIO_CC3200_pem4.oem4 (.const:ti_sysbios_knl_Semaphore_Module__diagsEnabled__C)
                  200117d8    00000004     CDIO_CC3200_pem4.oem4 (.const:ti_sysbios_knl_Semaphore_Module__diagsIncluded__C)
                  200117dc    00000004     CDIO_CC3200_pem4.oem4 (.const:ti_sysbios_knl_Semaphore_Module__diagsMask__C)
                  200117e0    00000004     CDIO_CC3200_pem4.oem4 (.const:ti_sysbios_knl_Swi_Object__count__C)
                  200117e4    00000004     CDIO_CC3200_pem4.oem4 (.const:ti_sysbios_knl_Task_A_badPriority__C)
                  200117e8    00000004     CDIO_CC3200_pem4.oem4 (.const:ti_sysbios_knl_Task_A_badTaskState__C)
                  200117ec    00000004     CDIO_CC3200_pem4.oem4 (.const:ti_sysbios_knl_Task_A_badThreadType__C)
                  200117f0    00000004     CDIO_CC3200_pem4.oem4 (.const:ti_sysbios_knl_Task_A_badTimeout__C)
                  200117f4    00000004     CDIO_CC3200_pem4.oem4 (.const:ti_sysbios_knl_Task_A_noPendElem__C)
                  200117f8    00000004     CDIO_CC3200_pem4.oem4 (.const:ti_sysbios_knl_Task_A_sleepTaskDisabled__C)
                  200117fc    00000004     CDIO_CC3200_pem4.oem4 (.const:ti_sysbios_knl_Task_E_spOutOfBounds__C)
                  20011800    00000004     CDIO_CC3200_pem4.oem4 (.const:ti_sysbios_knl_Task_E_stackOverflow__C)
                  20011804    00000004     CDIO_CC3200_pem4.oem4 (.const:ti_sysbios_knl_Task_Module_State_inactiveQ__O)
                  20011808    00000004     CDIO_CC3200_pem4.oem4 (.const:ti_sysbios_knl_Task_Module__diagsEnabled__C)
                  2001180c    00000004     CDIO_CC3200_pem4.oem4 (.const:ti_sysbios_knl_Task_Module__diagsIncluded__C)
                  20011810    00000004     CDIO_CC3200_pem4.oem4 (.const:ti_sysbios_knl_Task_Module__diagsMask__C)
                  20011814    00000004     CDIO_CC3200_pem4.oem4 (.const:ti_sysbios_knl_Task_Object__count__C)
                  20011818    00000004     CDIO_CC3200_pem4.oem4 (.const:ti_sysbios_knl_Task_allBlockedFunc__C)
                  2001181c    00000004     CDIO_CC3200_pem4.oem4 (.const:ti_sysbios_knl_Task_defaultStackHeap__C)
                  20011820    00000004     CDIO_CC3200_pem4.oem4 (.const:ti_sysbios_knl_Task_defaultStackSize__C)
                  20011824    00000004     CDIO_CC3200_pem4.oem4 (.const:ti_sysbios_knl_Task_numConstructedTasks__C)
                  20011828    00000004     CDIO_CC3200_pem4.oem4 (.const:xdc_runtime_Assert_E_assertFailed__C)
                  2001182c    00000004     CDIO_CC3200_pem4.oem4 (.const:xdc_runtime_Core_A_initializedParams__C)
                  20011830    00000004     CDIO_CC3200_pem4.oem4 (.const:xdc_runtime_Core_Module__diagsEnabled__C)
                  20011834    00000004     CDIO_CC3200_pem4.oem4 (.const:xdc_runtime_Core_Module__diagsIncluded__C)
                  20011838    00000004     CDIO_CC3200_pem4.oem4 (.const:xdc_runtime_Core_Module__diagsMask__C)
                  2001183c    00000004     CDIO_CC3200_pem4.oem4 (.const:xdc_runtime_Error_E_memory__C)
                  20011840    00000004     CDIO_CC3200_pem4.oem4 (.const:xdc_runtime_Error_Module__diagsEnabled__C)
                  20011844    00000004     CDIO_CC3200_pem4.oem4 (.const:xdc_runtime_Error_Module__diagsIncluded__C)
                  20011848    00000004     CDIO_CC3200_pem4.oem4 (.const:xdc_runtime_Error_Module__diagsMask__C)
                  2001184c    00000004     CDIO_CC3200_pem4.oem4 (.const:xdc_runtime_Error_Module__loggerFxn8__C)
                  20011850    00000004     CDIO_CC3200_pem4.oem4 (.const:xdc_runtime_Error_Module__loggerObj__C)
                  20011854    00000004     CDIO_CC3200_pem4.oem4 (.const:xdc_runtime_Error_policyFxn__C)
                  20011858    00000004     CDIO_CC3200_pem4.oem4 (.const:xdc_runtime_Error_raiseHook__C)
                  2001185c    00000004     CDIO_CC3200_pem4.oem4 (.const:xdc_runtime_IGateProvider_Interface__BASE__C)
                  20011860    00000004     CDIO_CC3200_pem4.oem4 (.const:xdc_runtime_IHeap_Interface__BASE__C)
                  20011864    00000004     CDIO_CC3200_pem4.oem4 (.const:xdc_runtime_IModule_Interface__BASE__C)
                  20011868    00000004     CDIO_CC3200_pem4.oem4 (.const:xdc_runtime_Log_L_error__C)
                  2001186c    00000004     CDIO_CC3200_pem4.oem4 (.const:xdc_runtime_Memory_defaultHeapInstance__C)
                  20011870    00000004     CDIO_CC3200_pem4.oem4 (.const:xdc_runtime_Startup_execImpl__C)
                  20011874    00000004     CDIO_CC3200_pem4.oem4 (.const:xdc_runtime_Startup_maxPasses__C)
                  20011878    00000004     CDIO_CC3200_pem4.oem4 (.const:xdc_runtime_Startup_sfxnRts__C)
                  2001187c    00000004     CDIO_CC3200_pem4.oem4 (.const:xdc_runtime_Startup_sfxnTab__C)
                  20011880    00000004     CDIO_CC3200_pem4.oem4 (.const:xdc_runtime_SysMin_bufSize__C)
                  20011884    00000004     CDIO_CC3200_pem4.oem4 (.const:xdc_runtime_SysMin_outputFunc__C)
                  20011888    00000004     CDIO_CC3200_pem4.oem4 (.const:xdc_runtime_System_Module__gateObj__C)
                  2001188c    00000004     CDIO_CC3200_pem4.oem4 (.const:xdc_runtime_System_abortFxn__C)
                  20011890    00000004     CDIO_CC3200_pem4.oem4 (.const:xdc_runtime_System_exitFxn__C)
                  20011894    00000004     CDIO_CC3200_pem4.oem4 (.const:xdc_runtime_System_extendFxn__C)
                  20011898    00000004     CDIO_CC3200_pem4.oem4 (.const:xdc_runtime_System_maxAtexitHandlers__C)
                  2001189c    00000004     CDIO_CC3200_pem4.oem4 (.const:xdc_runtime_Text_charTab__C)
                  200118a0    00000004     CDIO_CC3200_pem4.oem4 (.const:xdc_runtime_Text_nameEmpty__C)
                  200118a4    00000004     CDIO_CC3200_pem4.oem4 (.const:xdc_runtime_Text_nameStatic__C)
                  200118a8    00000004     CDIO_CC3200_pem4.oem4 (.const:xdc_runtime_Text_nameUnknown__C)
                  200118ac    00000004     CDIO_CC3200_pem4.oem4 (.const:xdc_runtime_Text_nodeTab__C)
                  200118b0    00000004     CDIO_CC3200_pem4.oem4 (.const:xdc_runtime_Text_visitRopeFxn__C)
                  200118b4    00000002     CDIO_CC3200_pem4.oem4 (.const:ti_sysbios_hal_Hwi_Module__id__C)
                  200118b6    00000002     CDIO_CC3200_pem4.oem4 (.const:ti_sysbios_heaps_HeapMem_Module__id__C)
                  200118b8    00000002     CDIO_CC3200_pem4.oem4 (.const:ti_sysbios_knl_Clock_Module__id__C)
                  200118ba    00000002     CDIO_CC3200_pem4.oem4 (.const:ti_sysbios_knl_Semaphore_Module__id__C)
                  200118bc    00000002     CDIO_CC3200_pem4.oem4 (.const:ti_sysbios_knl_Task_Module__id__C)
                  200118be    00000002     CDIO_CC3200_pem4.oem4 (.const:xdc_runtime_Core_Module__id__C)
                  200118c0    00000002     CDIO_CC3200_pem4.oem4 (.const:xdc_runtime_Error_Module__loggerDefined__C)
                  200118c2    00000002     CDIO_CC3200_pem4.oem4 (.const:xdc_runtime_Error_maxDepth__C)
                  200118c4    00000002     CDIO_CC3200_pem4.oem4 (.const:xdc_runtime_Memory_Module__id__C)
                  200118c6    00000002     CDIO_CC3200_pem4.oem4 (.const:xdc_runtime_SysMin_flushAtExit__C)
                  200118c8    00000002     CDIO_CC3200_pem4.oem4 (.const:xdc_runtime_Text_charCnt__C)
                  200118ca    00000002     CDIO_CC3200_pem4.oem4 (.const:xdc_runtime_Text_isLoaded__C)
                  200118cc    00000002     CDIO_CC3200_pem4.oem4 (.const:xdc_runtime_Text_registryModsLastId__C)
                  200118ce    00000002     CDIO_CC3200_pem4.oem4 (.const:xdc_runtime_Text_unnamedModsLastId__C)
                  200118d0    00000001     CDIO_CC3200_pem4.oem4 (.const:xdc_runtime_Error_policy__C)

.cinit     0    20012020    00000344     
                  20012020    00000320     (.cinit..data.load) [load image, compression = rle]
                  20012340    0000000b     (.cinit..bss.load) [load image, compression = rle]
                  2001234b    00000001     --HOLE-- [fill = 0]
                  2001234c    00000008     (__TI_handler_table)
                  20012354    00000010     (__TI_cinit_table)

.init_array 
*          0    20004000    00000000     UNINITIALIZED

.resetVecs 
*          0    20004000    0000030c     
                  20004000    0000030c     CDIO_CC3200_pem4.oem4 (.resetVecs)

.data      0    200118d4    00000445     UNINITIALIZED
                  200118d4    00000080     CDIO_CC3200_pem4.oem4 (.data:ti_sysbios_knl_Swi_Module_State_0_readyQ__A)
                  20011954    00000080     CDIO_CC3200_pem4.oem4 (.data:ti_sysbios_knl_Task_Module_State_0_readyQ__A)
                  200119d4    00000054     drivers_cc32xxware.aem4 : PowerCC3200.oem4 (.data:PowerCC3200_module)
                  20011a28    0000004c     CDIO_CC3200_pem4.oem4 (.data:ti_sysbios_knl_Task_Object__table__V)
                  20011a74    00000044     CDIO_CC3200_pem4.oem4 (.data:ti_sysbios_knl_Task_Module__state__V)
                  20011ab8    00000038     CDIO_CC3200_pem4.oem4 (.data:ti_sysbios_gates_GateMutex_Object__table__V)
                  20011af0    00000034     CDIO_CC3200_pem4.oem4 (.data:ti_sysbios_family_arm_m3_Hwi_Module__state__V)
                  20011b24    00000030     CDIO_CC3200_pem4.oem4 (.data:ti_sysbios_family_arm_m3_Timer_Object__table__V)
                  20011b54    00000030     CDIO_CC3200_pem4.oem4 (.data:ti_sysbios_knl_Swi_Object__table__V)
                  20011b84    0000002c     CDIO_CC3200_pem4.oem4 (.data:ti_sysbios_knl_Clock_Module__state__V)
                  20011bb0    00000024     CDIO_CC3200_pem4.oem4 (.data:ti_sysbios_BIOS_Module__state__V)
                  20011bd4    0000001c     CDIO_CC3200_pem4.oem4 (.data:ti_sysbios_knl_Swi_Module__state__V)
                  20011bf0    00000018     CDIO_CC3200_pem4.oem4 (.data:ti_sysbios_family_arm_m3_Hwi_Object__table__V)
                  20011c08    00000018     CDIO_CC3200_pem4.oem4 (.data:ti_sysbios_heaps_HeapMem_Object__table__V)
                  20011c20    00000014     CC3200_LAUNCHXL.obj (.data:gpioPinConfigs)
                  20011c34    00000014     gpio_if.obj (.data:ulReg)
                  20011c48    0000000c     rtsv7M4_T_le_eabi.lib : exit.obj (.data:$O1$$)
                  20011c54    0000000c     gpio_if.obj (.data)
                  20011c60    0000000c     CDIO_CC3200_pem4.oem4 (.data:ti_sysbios_family_arm_m3_Timer_Module__state__V)
                  20011c6c    0000000c     CDIO_CC3200_pem4.oem4 (.data:xdc_runtime_SysMin_Module__state__V)
                  20011c78    00000008     rtsv7M4_T_le_eabi.lib : _lock.obj (.data:$O1$$)
                  20011c80    00000008     drivers_cc32xxware.aem4 : GPIOCC3200.oem4 (.data)
                  20011c88    00000008     CC3200_LAUNCHXL.obj (.data:gpioCallbackFunctions)
                  20011c90    00000008     CDIO_CC3200_pem4.oem4 (.data:ti_sysbios_family_arm_m3_Hwi_Module__root__V)
                  20011c98    00000008     CDIO_CC3200_pem4.oem4 (.data:ti_sysbios_gates_GateHwi_Module__root__V)
                  20011ca0    00000008     CDIO_CC3200_pem4.oem4 (.data:ti_sysbios_gates_GateMutex_Module__root__V)
                  20011ca8    00000008     CDIO_CC3200_pem4.oem4 (.data:ti_sysbios_heaps_HeapMem_Module__root__V)
                  20011cb0    00000008     CDIO_CC3200_pem4.oem4 (.data:ti_sysbios_knl_Clock_Module__root__V)
                  20011cb8    00000008     CDIO_CC3200_pem4.oem4 (.data:ti_sysbios_knl_Queue_Module__root__V)
                  20011cc0    00000008     CDIO_CC3200_pem4.oem4 (.data:ti_sysbios_knl_Semaphore_Module__root__V)
                  20011cc8    00000008     CDIO_CC3200_pem4.oem4 (.data:ti_sysbios_knl_Task_Module__root__V)
                  20011cd0    00000008     CDIO_CC3200_pem4.oem4 (.data:xdc_runtime_Registry_Module__state__V)
                  20011cd8    00000008     CDIO_CC3200_pem4.oem4 (.data:xdc_runtime_Startup_Module__state__V)
                  20011ce0    00000008     CDIO_CC3200_pem4.oem4 (.data:xdc_runtime_System_Module_State_0_atexitHandlers__A)
                  20011ce8    00000008     CDIO_CC3200_pem4.oem4 (.data:xdc_runtime_System_Module__state__V)
                  20011cf0    00000004     CDIO_CC3200.obj (.data)
                  20011cf4    00000004     drivers_cc32xxware.aem4 : PWM.oem4 (.data)
                  20011cf8    00000004                             : UART.oem4 (.data)
                  20011cfc    00000004     rtsv7M4_T_le_eabi.lib : stkdepth_vars.obj (.data)
                  20011d00    00000004     CDIO_CC3200_pem4.oem4 (.data:ti_sysbios_family_arm_m3_Hwi_Module_State_0_excContext__A)
                  20011d04    00000004     CDIO_CC3200_pem4.oem4 (.data:ti_sysbios_family_arm_m3_Hwi_Module_State_0_excStack__A)
                  20011d08    00000004     CDIO_CC3200_pem4.oem4 (.data:ti_sysbios_gates_GateHwi_Object__table__V)
                  20011d0c    00000004     CDIO_CC3200_pem4.oem4 (.data:ti_sysbios_knl_Task_Module_State_0_idleTask__A)
                  20011d10    00000004     CDIO_CC3200_pem4.oem4 (.data:xdc_runtime_Memory_Module__state__V)
                  20011d14    00000002     CDIO_CC3200_pem4.oem4 (.data:ti_sysbios_family_arm_m3_Hwi_Module_State_0_excActive__A)
                  20011d16    00000002     CDIO_CC3200_pem4.oem4 (.data:xdc_runtime_Error_Module__state__V)
                  20011d18    00000001     power_cc3200_tirtos.aem4 : PowerCC3200_tirtos.oem4 (.data)

.stack     0    20011d1c    00000300     UNINITIALIZED
                  20011d1c    00000300     --HOLE--

.bootVecs 
*          0    00000000    00000008     DSECT
                  00000000    00000008     boot.aem4 : boot.oem4 (.bootVecs)

.vecs      0    20004000    00000000     DSECT

xdc.meta   0    00000000    000000f4     COPY SECTION
                  00000000    000000f4     CDIO_CC3200_pem4.oem4 (xdc.meta)

MODULE SUMMARY

       Module                     code    ro data   rw data
       ------                     ----    -------   -------
    .\
       CDIO_CC3200.obj            1564    13        10092  
       CC3200_LAUNCHXL.obj        40      196       388    
       gpio_if.obj                342     0         35     
       rom_pin_mux_config.obj     272     0         0      
    +--+--------------------------+-------+---------+---------+
       Total:                     2218    209       10515  
                                                           
    C:\Users\Gabriel\Documents\GitHub\APA\CDIO_CC3200\Debug\configPkg\package\cfg\
       CDIO_CC3200_pem4.oem4      1786    8222      3348   
    +--+--------------------------+-------+---------+---------+
       Total:                     1786    8222      3348   
                                                           
    C:/ti/tirex-content/tirtos_cc32xx_2_16_00_08/products/CC3200_driverlib_1.1.0/driverlib/ccs/Release/driverlib.a
       prcm.obj                   1208    168       0      
       pin.obj                    406     256       0      
       uart.obj                   524     0         0      
       gpio.obj                   296     0         0      
       timer.obj                  282     0         0      
       flash.obj                  72      0         0      
       cpu.obj                    52      0         0      
       utils.obj                  6       0         0      
    +--+--------------------------+-------+---------+---------+
       Total:                     2846    424       0      
                                                           
    C:/ti/tirex-content/tirtos_cc32xx_2_16_00_08/products/tidrivers_cc32xx_2_16_00_08/packages/ti/drivers/lib/drivers_cc32xxware.aem4
       UARTCC3200.oem4            2546    116       0      
       PowerCC3200.oem4           940     0         384    
       GPIOCC3200.oem4            1040    94        60     
       PWMTimerCC3200.oem4        642     32        0      
       UART.oem4                  148     36        4      
       RingBuf.oem4               164     0         0      
       PWM.oem4                   130     12        4      
       PowerCC3200_asm.oem4       134     0         0      
       List.oem4                  82      0         0      
    +--+--------------------------+-------+---------+---------+
       Total:                     5826    290       452    
[...]
2000c219  ClockP_stopFromISR                                         
2000c223  List_empty                                                 
2000c22d  PWMTimerCC3200_getPeriodCounts                             
2000c237  PWM_setDuty                                                
2000c241  SemaphoreP_post                                            
2000c241  SemaphoreP_postFromClock                                   
2000c241  SemaphoreP_postFromISR                                     
2000c24b  UART_read                                                  
2000c255  UART_write                                                 
2000c25f  xdc_runtime_Memory_HeapProxy_alloc__E                      
2000c269  xdc_runtime_Memory_HeapProxy_free__E                       
2000c273  CC3200_LAUNCHXL_initGPIO                                   
2000c27b  CC3200_LAUNCHXL_initPWM                                    
2000c283  CC3200_LAUNCHXL_initUART                                   
2000c28b  ClockP_Params_init                                         
2000c293  PRCMSleepEnter                                             
2000c29b  PWMTimerCC3200_init                                        
2000c2a3  SemaphoreP_Params_init                                     
2000c2b9  ti_sysbios_family_arm_m3_Hwi_doSwiRestore__I               
2000c2c1  ti_sysbios_family_arm_m3_Hwi_startup__E                    
2000c2c1  ti_sysbios_hal_Hwi_HwiProxy_startup__E                     
2000c2d1  HwiP_restore                                               
2000c2d1  ti_sysbios_family_arm_m3_Hwi_restoreFxn__E                 
2000c2d1  ti_sysbios_hal_Hwi_HwiProxy_restore__E                     
2000c2d9  ti_sysbios_gates_GateHwi_leave__E                          
2000c2e1  ti_sysbios_heaps_HeapMem_isBlocking__E                     
2000c2e9  ti_sysbios_knl_Clock_stop__E                               
2000c2f1  ti_sysbios_knl_Queue_Instance_init__E                      
2000c2f9  ti_sysbios_family_arm_m3_Timer_getMaxTicks__E              
2000c301  ti_sysbios_gates_GateHwi_query__E                          
2000c301  xdc_runtime_Main_Module_GateProxy_query__E                 
2000c301  xdc_runtime_System_Module_GateProxy_query__E               
2000c309  ti_sysbios_BIOS_RtsGateProxy_query__E                      
2000c309  ti_sysbios_gates_GateMutex_query__E                        
2000c309  ti_sysbios_heaps_HeapMem_Module_GateProxy_query__E         
2000c311  ti_sysbios_knl_Clock_setTimeout__E                         
2000c319  ti_sysbios_knl_Task_startup__E                             
2000c321  ti_sysbios_gates_GateHwi_Instance_init__E                  
2000c329  ti_sysbios_knl_Clock_logTick__E                            
2000c330  task0Stack                                                 
2000ea40  ti_sysbios_heaps_HeapMem_Instance_State_0_buf__A           
2000ee40  ti_sysbios_family_arm_m3_Hwi_dispatchTable                 
2000f150  ti_sysbios_knl_Task_Instance_State_0_stack__A              
2000f350  PowerCC3200_contextSave                                    
2000f47c  __CIOBUF_                                                  
2000f59c  uartCC3200Objects                                          
2000f6a4  xdc_runtime_SysMin_Module_State_0_outbuf__A                
2000f724  task0Struct                                                
2000f774  uartCC3200RingBuffer                                       
2000f7d4  pwmTimerCC3200Objects                                      
2000f818  steps                                                      
2000f820  g_ucLED1Pin                                                
2000f821  g_ucLED2Pin                                                
2000f822  g_ucLED3Pin                                                
2000f824  xdc_runtime_Text_charTab__A                                
20010f95  ti_sysbios_knl_Clock_tickMode__C                           
20010f96  ti_sysbios_family_arm_m3_Hwi_Module__id__C                 
20011140  xdc_runtime_Text_nodeTab__A                                
20011274  ti_sysbios_knl_Task_Object__PARAMS__C                      
200112b0  inPinTypes                                                 
200112b6  outPinTypes                                                
200112be  outPinStrengths                                            
200112e4  ti_sysbios_family_arm_m3_Hwi_Object__PARAMS__C             
20011314  uartCC3200HWAttrs                                          
2001136e  ti_sysbios_family_arm_m3_Timer_Module__id__C               
20011370  PowerCC3200_config                                         
20011398  UARTCC3200_fxnTable                                        
200113c0  ti_sysbios_heaps_HeapMem_Module__FXNS__C                   
200113e8  PWM_config                                                 
2001140c  UART_config                                                
20011430  UART_defaultParams                                         
20011454  ti_sysbios_gates_GateHwi_Module__FXNS__C                   
20011478  ti_sysbios_gates_GateMutex_Module__FXNS__C                 
2001149c  ti_sysbios_heaps_HeapMem_Object__PARAMS__C                 
200114c0  ti_sysbios_knl_Clock_Object__PARAMS__C                     
200114e4  ti_sysbios_knl_Semaphore_Object__PARAMS__C                 
20011508  PWMTimerCC3200_fxnTable                                    
20011524  PWMTimerCC3200_MAX_PRESCALAR_VALUE                         
20011526  PWMTimerCC3200_MAX_MATCH_VALUE                             
20011528  ti_sysbios_family_arm_m3_Hwi_Object__DESC__C               
20011548  ti_sysbios_gates_GateHwi_Object__DESC__C                   
20011568  ti_sysbios_gates_GateMutex_Object__DESC__C                 
20011588  ti_sysbios_heaps_HeapMem_Object__DESC__C                   
200115a8  ti_sysbios_knl_Clock_Object__DESC__C                       
200115c8  ti_sysbios_knl_Queue_Object__DESC__C                       
200115e8  ti_sysbios_knl_Semaphore_Object__DESC__C                   
20011608  ti_sysbios_knl_Task_Object__DESC__C                        
20011628  xdc_runtime_Startup_sfxnTab__A                             
20011648  ti_sysbios_gates_GateHwi_Object__PARAMS__C                 
20011660  ti_sysbios_gates_GateMutex_Object__PARAMS__C               
20011678  ti_sysbios_knl_Queue_Object__PARAMS__C                     
20011690  GPIOCC3200_config                                          
200116a4  pwmTimerCC3200HWAttrs                                      
200116b4  xdc_runtime_Startup_sfxnRts__A                             
200116d1  ti_sysbios_knl_Clock_tickSource__C                         
200116d2  ti_sysbios_gates_GateMutex_Module__id__C                   
200116d4  PWM_defaultParams                                          
200116e0  xdc_runtime_Startup_firstFxns__A                           
200116ec  ti_sysbios_family_arm_m3_Hwi_excHookFuncs__A               
200116f4  ti_sysbios_knl_Idle_funcList__A                            
200116fc  ti_sysbios_knl_Idle_funcList__C                            
20011704  xdc_runtime_Startup_firstFxns__C                           
2001170c  xdc_runtime_Startup_lastFxns__C                            
20011714  ti_sysbios_family_arm_m3_Hwi_E_NMI__C                      
20011718  ti_sysbios_family_arm_m3_Hwi_E_alreadyDefined__C           
2001171c  ti_sysbios_family_arm_m3_Hwi_E_busFault__C                 
20011720  ti_sysbios_family_arm_m3_Hwi_E_debugMon__C                 
20011724  ti_sysbios_family_arm_m3_Hwi_E_hardFault__C                
20011728  ti_sysbios_family_arm_m3_Hwi_E_memFault__C                 
2001172c  ti_sysbios_family_arm_m3_Hwi_E_noIsr__C                    
20011730  ti_sysbios_family_arm_m3_Hwi_E_reserved__C                 
20011734  ti_sysbios_family_arm_m3_Hwi_E_svCall__C                   
20011738  ti_sysbios_family_arm_m3_Hwi_E_usageFault__C               
2001173c  ti_sysbios_family_arm_m3_Hwi_NUM_INTERRUPTS__C             
20011740  ti_sysbios_family_arm_m3_Hwi_Object__count__C              
20011744  ti_sysbios_family_arm_m3_Hwi_ccr__C                        
20011748  ti_sysbios_family_arm_m3_Hwi_excHandlerFunc__C             
2001174c  ti_sysbios_family_arm_m3_Hwi_excHookFuncs__C               
20011750  ti_sysbios_family_arm_m3_Hwi_nullIsrFunc__C                
20011754  ti_sysbios_family_arm_m3_Hwi_priGroup__C                   
20011758  ti_sysbios_family_arm_m3_TaskSupport_stackAlignment__C     
2001175c  ti_sysbios_family_arm_m3_Timer_E_cannotSupport__C          
20011760  ti_sysbios_family_arm_m3_Timer_startupNeeded__C            
20011764  ti_sysbios_gates_GateMutex_A_badContext__C                 
20011768  ti_sysbios_gates_GateMutex_Instance_State_sem__O           
2001176c  ti_sysbios_gates_GateMutex_Module__diagsEnabled__C         
20011770  ti_sysbios_gates_GateMutex_Module__diagsIncluded__C        
20011774  ti_sysbios_gates_GateMutex_Module__diagsMask__C            
20011778  ti_sysbios_hal_Hwi_E_stackOverflow__C                      
2001177c  ti_sysbios_heaps_HeapMem_A_align__C                        
20011780  ti_sysbios_heaps_HeapMem_A_heapSize__C                     
20011784  ti_sysbios_heaps_HeapMem_A_invalidFree__C                  
20011788  ti_sysbios_heaps_HeapMem_A_zeroBlock__C                    
2001178c  ti_sysbios_heaps_HeapMem_E_memory__C                       
20011790  ti_sysbios_heaps_HeapMem_Module__diagsEnabled__C           
20011794  ti_sysbios_heaps_HeapMem_Module__diagsIncluded__C          
20011798  ti_sysbios_heaps_HeapMem_Module__diagsMask__C              
2001179c  ti_sysbios_heaps_HeapMem_Module__gateObj__C                
200117a0  ti_sysbios_heaps_HeapMem_Object__count__C                  
200117a4  ti_sysbios_heaps_HeapMem_reqAlign__C                       
200117a8  ti_sysbios_knl_Clock_A_badThreadType__C                    
200117ac  ti_sysbios_knl_Clock_Module_State_clockQ__O                
200117b0  ti_sysbios_knl_Clock_Module__diagsEnabled__C               
200117b4  ti_sysbios_knl_Clock_Module__diagsIncluded__C              
200117b8  ti_sysbios_knl_Clock_Module__diagsMask__C                  
200117bc  ti_sysbios_knl_Clock_tickPeriod__C                         
200117c0  ti_sysbios_knl_Semaphore_A_badContext__C                   
200117c4  ti_sysbios_knl_Semaphore_A_noEvents__C                     
200117c8  ti_sysbios_knl_Semaphore_A_overflow__C                     
200117cc  ti_sysbios_knl_Semaphore_A_pendTaskDisabled__C             
200117d0  ti_sysbios_knl_Semaphore_Instance_State_pendQ__O           
200117d4  ti_sysbios_knl_Semaphore_Module__diagsEnabled__C           
200117d8  ti_sysbios_knl_Semaphore_Module__diagsIncluded__C          
200117dc  ti_sysbios_knl_Semaphore_Module__diagsMask__C              
200117e0  ti_sysbios_knl_Swi_Object__count__C                        
200117e4  ti_sysbios_knl_Task_A_badPriority__C                       
200117e8  ti_sysbios_knl_Task_A_badTaskState__C                      
200117ec  ti_sysbios_knl_Task_A_badThreadType__C                     
200117f0  ti_sysbios_knl_Task_A_badTimeout__C                        
200117f4  ti_sysbios_knl_Task_A_noPendElem__C                        
200117f8  ti_sysbios_knl_Task_A_sleepTaskDisabled__C                 
200117fc  ti_sysbios_knl_Task_E_spOutOfBounds__C                     
20011800  ti_sysbios_knl_Task_E_stackOverflow__C                     
20011804  ti_sysbios_knl_Task_Module_State_inactiveQ__O              
20011808  ti_sysbios_knl_Task_Module__diagsEnabled__C                
2001180c  ti_sysbios_knl_Task_Module__diagsIncluded__C               
20011810  ti_sysbios_knl_Task_Module__diagsMask__C                   
20011814  ti_sysbios_knl_Task_Object__count__C                       
20011818  ti_sysbios_knl_Task_allBlockedFunc__C                      
2001181c  ti_sysbios_knl_Task_defaultStackHeap__C                    
20011820  ti_sysbios_knl_Task_defaultStackSize__C                    
20011824  ti_sysbios_knl_Task_numConstructedTasks__C                 
20011828  xdc_runtime_Assert_E_assertFailed__C                       
2001182c  xdc_runtime_Core_A_initializedParams__C                    
20011830  xdc_runtime_Core_Module__diagsEnabled__C                   
20011834  xdc_runtime_Core_Module__diagsIncluded__C                  
20011838  xdc_runtime_Core_Module__diagsMask__C                      
2001183c  xdc_runtime_Error_E_memory__C                              
20011840  xdc_runtime_Error_Module__diagsEnabled__C                  
20011844  xdc_runtime_Error_Module__diagsIncluded__C                 
20011848  xdc_runtime_Error_Module__diagsMask__C                     
2001184c  xdc_runtime_Error_Module__loggerFxn8__C                    
20011850  xdc_runtime_Error_Module__loggerObj__C                     
20011854  xdc_runtime_Error_policyFxn__C                             
20011858  xdc_runtime_Error_raiseHook__C                             
2001185c  xdc_runtime_IGateProvider_Interface__BASE__C               
20011860  xdc_runtime_IHeap_Interface__BASE__C                       
20011864  xdc_runtime_IModule_Interface__BASE__C                     
20011868  xdc_runtime_Log_L_error__C                                 
2001186c  xdc_runtime_Memory_defaultHeapInstance__C                  
20011870  xdc_runtime_Startup_execImpl__C                            
20011874  xdc_runtime_Startup_maxPasses__C                           
20011878  xdc_runtime_Startup_sfxnRts__C                             
2001187c  xdc_runtime_Startup_sfxnTab__C                             
20011880  xdc_runtime_SysMin_bufSize__C                              
20011884  xdc_runtime_SysMin_outputFunc__C                           
20011888  xdc_runtime_System_Module__gateObj__C                      
2001188c  xdc_runtime_System_abortFxn__C                             
20011890  xdc_runtime_System_exitFxn__C                              
20011894  xdc_runtime_System_extendFxn__C                            
20011898  xdc_runtime_System_maxAtexitHandlers__C                    
2001189c  xdc_runtime_Text_charTab__C                                
200118a0  xdc_runtime_Text_nameEmpty__C                              
200118a4  xdc_runtime_Text_nameStatic__C                             
200118a8  xdc_runtime_Text_nameUnknown__C                            
200118ac  xdc_runtime_Text_nodeTab__C                                
200118b0  xdc_runtime_Text_visitRopeFxn__C                           
200118b4  ti_sysbios_hal_Hwi_Module__id__C                           
200118b6  ti_sysbios_heaps_HeapMem_Module__id__C                     
200118b8  ti_sysbios_knl_Clock_Module__id__C                         
200118ba  ti_sysbios_knl_Semaphore_Module__id__C                     
200118bc  ti_sysbios_knl_Task_Module__id__C                          
200118be  xdc_runtime_Core_Module__id__C                             
200118c0  xdc_runtime_Error_Module__loggerDefined__C                 
200118c2  xdc_runtime_Error_maxDepth__C                              
200118c4  xdc_runtime_Memory_Module__id__C                           
200118c6  xdc_runtime_SysMin_flushAtExit__C                          
200118c8  xdc_runtime_Text_charCnt__C                                
200118ca  xdc_runtime_Text_isLoaded__C                               
200118cc  xdc_runtime_Text_registryModsLastId__C                     
200118ce  xdc_runtime_Text_unnamedModsLastId__C                      
200118d0  xdc_runtime_Error_policy__C                                
200118d4  ti_sysbios_knl_Swi_Module_State_0_readyQ__A                
20011954  ti_sysbios_knl_Task_Module_State_0_readyQ__A               
200119d4  PowerCC3200_module                                         
20011a28  ti_sysbios_knl_Task_Object__table__V                       
20011a74  ti_sysbios_knl_Task_Module__state__V                       
20011ab8  ti_sysbios_gates_GateMutex_Object__table__V                
20011af0  ti_sysbios_family_arm_m3_Hwi_Module__state__V              
20011b24  ti_sysbios_family_arm_m3_Timer_Object__table__V            
20011b54  ti_sysbios_knl_Swi_Object__table__V                        
20011b84  ti_sysbios_knl_Clock_Module__state__V                      
20011bb0  ti_sysbios_BIOS_Module__state__V                           
20011bd4  ti_sysbios_knl_Swi_Module__state__V                        
20011bf0  ti_sysbios_family_arm_m3_Hwi_Object__table__V              
20011c08  ti_sysbios_heaps_HeapMem_Object__table__V                  
20011c20  gpioPinConfigs                                             
20011c48  __TI_cleanup_ptr                                           
20011c4c  __TI_dtors_ptr                                             
20011c50  __TI_enable_exit_profile_output                            
20011c54  g_uiLED1Port                                               
20011c58  g_uiLED2Port                                               
20011c5c  g_uiLED3Port                                               
20011c60  ti_sysbios_family_arm_m3_Timer_Module__state__V            
20011c6c  xdc_runtime_SysMin_Module__state__V                        
20011c78  _lock                                                      
20011c7c  _unlock                                                    
20011c88  gpioCallbackFunctions                                      
20011c90  ti_sysbios_family_arm_m3_Hwi_Module__root__V               
20011c98  ti_sysbios_gates_GateHwi_Module__root__V                   
20011ca0  ti_sysbios_gates_GateMutex_Module__root__V                 
20011ca8  ti_sysbios_heaps_HeapMem_Module__root__V                   
20011cb0  ti_sysbios_knl_Clock_Module__root__V                       
20011cb8  ti_sysbios_knl_Queue_Module__root__V                       
20011cc0  ti_sysbios_knl_Semaphore_Module__root__V                   
20011cc8  ti_sysbios_knl_Task_Module__root__V                        
20011cd0  xdc_runtime_Registry_Module__state__V                      
20011cd8  xdc_runtime_Startup_Module__state__V                       
20011ce0  xdc_runtime_System_Module_State_0_atexitHandlers__A        
20011ce8  xdc_runtime_System_Module__state__V                        
20011cf0  count                                                      
20011cfc  main_func_sp                                               
20011d00  ti_sysbios_family_arm_m3_Hwi_Module_State_0_excContext__A  
20011d04  ti_sysbios_family_arm_m3_Hwi_Module_State_0_excStack__A    
20011d08  ti_sysbios_gates_GateHwi_Object__table__V                  
20011d0c  ti_sysbios_knl_Task_Module_State_0_idleTask__A             
20011d10  xdc_runtime_Memory_Module__state__V                        
20011d14  ti_sysbios_family_arm_m3_Hwi_Module_State_0_excActive__A   
20011d16  xdc_runtime_Error_Module__state__V                         
20011d1c  __stack                                                    
2001201c  __STACK_END                                                
20012020  __TI_static_base__                                         
2001234c  __TI_Handler_Table_Base                                    
20012354  __TI_CINIT_Base                                            
20012354  __TI_Handler_Table_Limit                                   
20012364  __TI_CINIT_Limit                                           
e000e000  ti_sysbios_family_arm_m3_Hwi_nvic                          
ffffffff  __TI_pprof_out_hndl                                        
ffffffff  __TI_prof_data_size                                        
ffffffff  __TI_prof_data_start                                       
ffffffff  __binit__                                                  
ffffffff  __c_args__                                                 
ffffffff  binit                                                      
UNDEFED   SHT$$INIT_ARRAY$$Base                                      
UNDEFED   SHT$$INIT_ARRAY$$Limit                                     

[727 symbols]
