******************************************************************************
                  TI ARM Linker PC v15.12.3                    
******************************************************************************
>> Linked Fri Dec 09 19:28:37 2016

OUTPUT FILE NAME:   <CDIO_CC3200.out>
ENTRY POINT SYMBOL: "_c_int00"  address: 2000a129


MEMORY CONFIGURATION

         name            origin    length      used     unused   attr    fill
----------------------  --------  ---------  --------  --------  ----  --------
  SRAM                  20004000   0003c000  0000e137  0002dec9  RW X


SEGMENT ALLOCATION MAP

run origin  load origin   length   init length attrs members
----------  ----------- ---------- ----------- ----- -------
20004000    20004000    0000811a   0000811a    r-x
  20004000    20004000    0000030c   0000030c    r-- .resetVecs
  20004310    20004310    00007e0a   00007e0a    r-x .text
2000c120    2000c120    000034f3   00000000    rw-
  2000c120    2000c120    000034f3   00000000    rw- .bss
2000f614    2000f614    000020a5   000020a5    r--
  2000f614    2000f614    000020a5   000020a5    r-- .const
200116bc    200116bc    00000748   00000000    rw-
  200116bc    200116bc    00000445   00000000    rw- .data
  20011b04    20011b04    00000300   00000000    rw- .stack
20011e08    20011e08    00000344   00000344    r--
  20011e08    20011e08    00000344   00000344    r-- .cinit


SECTION ALLOCATION MAP

 output                                  attributes/
section   page    origin      length       input sections
--------  ----  ----------  ----------   ----------------
.text      0    20004310    00007e0a     
                  20004310    00000430     sysbios.aem4 : BIOS.obj (.text:ti_sysbios_family_arm_m3_Hwi_excDumpRegs__I)
                  20004740    0000034c     ti.targets.arm.rtsarm.aem4 : System.oem4 (.text:xdc_runtime_System_doPrint__I)
                  20004a8c    00000324     rtsv7M4_T_le_eabi.lib : trgdrv.obj (.text)
                  20004db0    000002c0     sysbios.aem4 : BIOS.obj (.text:ti_sysbios_knl_Semaphore_pend__E)
                  20005070    000002b4     CDIO_CC3200.obj (.text:moveTask)
                  20005324    00000004     tirtosport.aem4 : ClockP_tirtos.oem4 (.text:ClockP_getCpuFreq)
                  20005328    00000254     sysbios.aem4 : BIOS.obj (.text:ti_sysbios_heaps_HeapMem_free__E)
                  2000557c    00000004     tirtosport.aem4 : HwiP_tirtos.oem4 (.text:HwiP_disable)
                  20005580    00000248     sysbios.aem4 : BIOS.obj (.text:ti_sysbios_heaps_HeapMem_alloc__E)
                  200057c8    0000022c                  : BIOS.obj (.text:ti_sysbios_knl_Task_Instance_finalize__E)
                  200059f4    00000208     drivers_cc32xxware.aem4 : UARTCC3200.oem4 (.text:UARTCC3200_open)
                  20005bfc    00000004                             : List.oem4 (.text:List_head)
                  20005c00    000001fc     sysbios.aem4 : BIOS.obj (.text:ti_sysbios_family_arm_m3_Hwi_excHandlerMax__I)
                  20005dfc    000001f4     rtsv7M4_T_le_eabi.lib : ull_div_t2.obj (.text)
                  20005ff0    000001c8     sysbios.aem4 : BIOS.obj (.text:ti_sysbios_knl_Task_Instance_init__E)
                  200061b8    00000188     power_cc3200_tirtos.aem4 : PowerCC3200_tirtos.oem4 (.text:PowerCC3200_sleepPolicy)
                  20006340    0000017c     drivers_cc32xxware.aem4 : GPIOCC3200.oem4 (.text:GPIO_setConfig)
                  200064bc    00000004                             : List.oem4 (.text:List_next)
                  200064c0    00000174     sysbios.aem4 : BIOS.obj (.text:ti_sysbios_family_arm_m3_Hwi_excBusFault__I)
                  20006634    00000004     CDIO_CC3200_pem4.oem4 (.text:ti_sysbios_BIOS_RtsGateProxy_enter__E)
                  20006638    00000164     sysbios.aem4 : BIOS.obj (.text:ti_sysbios_family_arm_m3_Hwi_excUsageFault__I)
                  2000679c    00000004     CDIO_CC3200_pem4.oem4 (.text:ti_sysbios_BIOS_RtsGateProxy_leave__E)
                  200067a0    00000148     sysbios.aem4 : BIOS.obj (.text:ti_sysbios_family_arm_m3_Hwi_excMemFault__I)
                  200068e8    0000013c                  : BIOS.obj (.text:ti_sysbios_heaps_HeapMem_Instance_init__E)
                  20006a24    00000134     driverlib.a : prcm.obj (.text:PRCMCC3200MCUInit)
                  20006b58    0000011c     CDIO_CC3200.obj (.text:move)
                  20006c74    00000004     CDIO_CC3200_pem4.oem4 (.text:ti_sysbios_family_arm_m3_Hwi_destruct)
                  20006c78    0000011c     sysbios.aem4 : BIOS.obj (.text:ti_sysbios_knl_Clock_Instance_init__E)
                  20006d94    00000118     ti.targets.arm.rtsarm.aem4 : Error.oem4 (.text:xdc_runtime_Error_policyDefault__E)
                  20006eac    00000102     rom_pin_mux_config.obj (.text:PinMuxConfig)
                  20006fae    00000002     rtsv7M4_T_le_eabi.lib : i_div0.obj (.text)
                  20006fb0    00000100     ti.targets.arm.rtsarm.aem4 : Core-mem.oem4 (.text:xdc_runtime_Core_createObject__I)
                  200070b0    000000f8     CDIO_CC3200.obj (.text:main)
                  200071a8    000000f8     ti.targets.arm.rtsarm.aem4 : Startup.oem4 (.text:xdc_runtime_Startup_startMods__I)
                  200072a0    000000f8     CDIO_CC3200_pem4.oem4 (.text:xdc_runtime_System_printfExtend__I)
                  20007398    000000f6     CDIO_CC3200.obj (.text:charToInt)
                  2000748e    00000002     CDIO_CC3200_pem4.oem4 (.text:ti_sysbios_BIOS_nullFunc__I)
                  20007490    000000ec     sysbios.aem4 : BIOS.obj (.text:ti_sysbios_knl_Semaphore_post__E)
                  2000757c    000000e0     drivers_cc32xxware.aem4 : PWMTimerCC3200.oem4 (.text:PWMTimerCC3200_open)
                  2000765c    000000d0     gpio_if.obj (.text:GPIO_IF_LedOff)
                  2000772c    000000d0     drivers_cc32xxware.aem4 : GPIOCC3200.oem4 (.text:powerNotifyFxn)
                  200077fc    000000d0     sysbios.aem4 : m3_Hwi_asm.obj (.text:ti_sysbios_family_arm_m3_Hwi_dispatch__I)
                  200078cc    000000cc     ti.targets.arm.rtsarm.aem4 : Core-smem.oem4 (.text:xdc_runtime_Core_constructObject__I)
                  20007998    000000bc     sysbios.aem4 : BIOS.obj (.text:ti_sysbios_family_arm_m3_Hwi_excDebugMon__I)
                  20007a54    00000004     CDIO_CC3200_pem4.oem4 (.text:ti_sysbios_family_arm_m3_TaskSupport_Module__startupDone__S)
                  20007a58    000000bc     sysbios.aem4 : BIOS.obj (.text:ti_sysbios_family_arm_m3_Hwi_excHardFault__I)
                  20007b14    000000b8     drivers_cc32xxware.aem4 : PWMTimerCC3200.oem4 (.text:PWMTimerCC3200_setDuty)
                  20007bcc    00000004     CDIO_CC3200_pem4.oem4 (.text:ti_sysbios_heaps_HeapMem_Module_GateProxy_enter__E)
                  20007bd0    000000b4     sysbios.aem4 : BIOS.obj (.text:ti_sysbios_gates_GateMutex_enter__E)
                  20007c84    00000004     CDIO_CC3200_pem4.oem4 (.text:ti_sysbios_heaps_HeapMem_Module_GateProxy_leave__E)
                  20007c88    000000b4     sysbios.aem4 : BIOS.obj (.text:ti_sysbios_knl_Task_checkStacks__E)
                  20007d3c    00000004     CDIO_CC3200_pem4.oem4 (.text:ti_sysbios_knl_Clock_TimerProxy_getMaxTicks__E)
                  20007d40    000000a8     sysbios.aem4 : BIOS.obj (.text:ti_sysbios_knl_Task_postInit__I)
                  20007de8    000000a4                  : BIOS.obj (.text:ti_sysbios_knl_Clock_Instance_finalize__E)
                  20007e8c    000000a2     drivers_cc32xxware.aem4 : UARTCC3200.oem4 (.text:UARTCC3200_write)
                  20007f2e    00000002     CDIO_CC3200_pem4.oem4 (.text:xdc_runtime_Startup_reset__I)
                  20007f30    000000a0     auto_init.aem4 : auto_init.oem4 (.text)
                  20007fd0    000000a0     ti.targets.arm.rtsarm.aem4 : Text.oem4 (.text:xdc_runtime_Text_putMod__E)
                  20008070    0000009e     drivers_cc32xxware.aem4 : UARTCC3200.oem4 (.text:readTaskBlocking)
                  2000810e    0000009c     rtsv7M4_T_le_eabi.lib : memcpy_t2.obj (.text)
                  200081aa    00000006     drivers_cc32xxware.aem4 : PWMTimerCC3200.oem4 (.text:PWMTimerCC3200_getPeriodMicroSecs)
                  200081b0    0000009c     sysbios.aem4 : BIOS.obj (.text:ti_sysbios_knl_Semaphore_Instance_init__E)
                  2000824c    0000009a     ti.targets.arm.rtsarm.aem4 : Text.oem4 (.text:xdc_runtime_Text_putSite__E)
                  200082e6    00000098     drivers_cc32xxware.aem4 : UARTCC3200.oem4 (.text:UARTCC3200_control)
                  2000837e    00000098                             : UARTCC3200.oem4 (.text:UARTCC3200_readPolling)
                  20008416    00000002     --HOLE-- [fill = 0]
                  20008418    00000094     sysbios.aem4 : BIOS.obj (.text:ti_sysbios_family_arm_m3_Hwi_Instance_init__E)
                  200084ac    00000090     drivers_cc32xxware.aem4 : PowerCC3200.oem4 (.text:restoreNVICRegs)
                  2000853c    0000008a                             : UARTCC3200.oem4 (.text:readIsrTextBlocking)
                  200085c6    00000002     --HOLE-- [fill = 0]
                  200085c8    00000088     driverlib.a : pin.obj (.text:PinConfigSet)
                  20008650    00000088     drivers_cc32xxware.aem4 : UARTCC3200.oem4 (.text:UARTCC3200_close)
                  200086d8    00000088     sysbios.aem4 : BIOS.obj (.text:ti_sysbios_family_arm_m3_Hwi_initNVIC__E)
                  20008760    00000084     drivers_cc32xxware.aem4 : GPIOCC3200.oem4 (.text:GPIO_init)
                  200087e4    00000084                             : PowerCC3200.oem4 (.text:saveNVICRegs)
                  20008868    00000084     sysbios.aem4 : BIOS.obj (.text:ti_sysbios_family_arm_m3_Hwi_postInit__I)
                  200088ec    00000082     driverlib.a : gpio.obj (.text:GPIOIntTypeSet)
                  2000896e    00000082     drivers_cc32xxware.aem4 : UARTCC3200.oem4 (.text:readIsrTextCallback)
                  200089f0    0000007a                             : UARTCC3200.oem4 (.text:readTaskCallback)
                  20008a6a    0000007a     rtsv7M4_T_le_eabi.lib : memset_t2.obj (.text)
                  20008ae4    00000076     driverlib.a : uart.obj (.text:UARTConfigSetExpClk)
                  20008b5a    00000006                 : utils.obj (.text:UtilsDelay)
                  20008b60    00000074     sysbios.aem4 : BIOS.obj (.text:ti_sysbios_knl_Clock_start__E)
                  20008bd4    00000070     drivers_cc32xxware.aem4 : PWMTimerCC3200.oem4 (.text:PWMTimerCC3200_control)
                  20008c44    00000070                             : PowerCC3200.oem4 (.text:Power_sleep)
                  20008cb4    0000006d     ti.targets.arm.rtsarm.aem4 : System.oem4 (.text:xdc_runtime_System_formatNum__I)
                  20008d21    00000003     --HOLE-- [fill = 0]
                  20008d24    0000006c     drivers_cc32xxware.aem4 : UARTCC3200.oem4 (.text:initHw)
                  20008d90    0000006c     sysbios.aem4 : BIOS.obj (.text:ti_sysbios_knl_Clock_workFunc__E)
                  20008dfc    00000004     CDIO_CC3200_pem4.oem4 (.text:ti_sysbios_knl_Clock_TimerProxy_setPeriodMicroSecs__E)
                  20008e00    0000006c     sysbios.aem4 : BIOS.obj (.text:ti_sysbios_knl_Swi_restoreHwi__E)
                  20008e6c    00000004     CDIO_CC3200_pem4.oem4 (.text:ti_sysbios_knl_Clock_TimerProxy_start__E)
                  20008e70    0000006c     sysbios.aem4 : BIOS.obj (.text:ti_sysbios_knl_Task_exit__E)
                  20008edc    0000006c     ti.targets.arm.rtsarm.aem4 : Error.oem4 (.text:xdc_runtime_Error_print__E)
                  20008f48    0000006c                                : Memory.oem4 (.text:xdc_runtime_Memory_alloc__E)
                  20008fb4    0000006a     rtsv7M4_T_le_eabi.lib : copy_decompress_rle.obj (.text)
                  2000901e    00000002     --HOLE-- [fill = 0]
                  20009020    00000068     driverlib.a : prcm.obj (.text:PRCMHibernateWakeUpGPIOSelect)
                  20009088    00000068     rtsv7M4_T_le_eabi.lib : trgmsg.obj (.text)
                  200090f0    00000068     drivers_cc32xxware.aem4 : UARTCC3200.oem4 (.text:writeData)
                  20009158    00000066     ti.targets.arm.rtsarm.aem4 : Core-mem.oem4 (.text:xdc_runtime_Core_deleteObject__I)
                  200091be    00000002     --HOLE-- [fill = 0]
                  200091c0    00000064     drivers_cc32xxware.aem4 : GPIOCC3200.oem4 (.text:GPIO_hwiIntFxn)
                  20009224    00000004     CDIO_CC3200_pem4.oem4 (.text:ti_sysbios_knl_Clock_TimerProxy_stop__E)
                  20009228    00000064     sysbios.aem4 : BIOS.obj (.text:ti_sysbios_family_arm_m3_Hwi_dispatchC__I)
                  2000928c    00000062     tirtosport.aem4 : HwiP_tirtos.oem4 (.text:HwiP_create)
                  200092ee    00000002     --HOLE-- [fill = 0]
                  200092f0    00000060     sysbios.aem4 : BIOS.obj (.text:ti_sysbios_knl_Task_schedule__I)
                  20009350    0000005e     drivers_cc32xxware.aem4 : UARTCC3200.oem4 (.text:readIsrBinaryBlocking)
                  200093ae    00000002     --HOLE-- [fill = 0]
                  200093b0    0000005c     sysbios.aem4 : BIOS.obj (.text:ti_sysbios_knl_Swi_run__I)
                  2000940c    00000004     CDIO_CC3200_pem4.oem4 (.text:ti_sysbios_knl_Clock_destruct)
                  20009410    0000005c     sysbios.aem4 : BIOS.obj (.text:ti_sysbios_knl_Swi_schedule__I)
                  2000946c    00000004     CDIO_CC3200_pem4.oem4 (.text:ti_sysbios_knl_Queue_destruct)
                  20009470    0000005c     sysbios.aem4 : BIOS.obj (.text:ti_sysbios_knl_Task_Module_startup__E)
                  200094cc    00000004     CDIO_CC3200_pem4.oem4 (.text:ti_sysbios_knl_Semaphore_destruct)
                  200094d0    0000005c     sysbios.aem4 : BIOS.obj (.text:ti_sysbios_knl_Task_startCore__E)
                  2000952c    0000005b     ti.targets.arm.rtsarm.aem4 : Text.oem4 (.text:xdc_runtime_Text_putLab__E)
                  20009587    00000001     --HOLE-- [fill = 0]
                  20009588    0000005a     tirtosport.aem4 : ClockP_tirtos.oem4 (.text:ClockP_create)
                  200095e2    00000002     --HOLE-- [fill = 0]
                  200095e4    00000058     driverlib.a : prcm.obj (.text:PRCMPeripheralReset)
                  2000963c    00000058     drivers_cc32xxware.aem4 : PowerCC3200.oem4 (.text:Power_init)
                  20009694    00000058     tirtosport.aem4 : SemaphoreP_tirtos.oem4 (.text:SemaphoreP_create)
                  200096ec    00000058     CDIO_CC3200_pem4.oem4 (.text:ti_sysbios_family_arm_m3_Hwi_construct)
                  20009744    00000054     drivers_cc32xxware.aem4 : UARTCC3200.oem4 (.text:UARTCC3200_writeCancel)
                  20009798    00000054                             : UARTCC3200.oem4 (.text:readIsrBinaryCallback)
                  200097ec    00000054     rtsv7M4_T_le_eabi.lib : exit.obj (.text)
                  20009840    00000054     sysbios.aem4 : BIOS.obj (.text:ti_sysbios_family_arm_m3_Timer_setPeriod__E)
                  20009894    00000004     ti.targets.arm.rtsarm.aem4 : Error.oem4 (.text:xdc_runtime_Error_getSite__E)
                  20009898    00000054     sysbios.aem4 : BIOS.obj (.text:ti_sysbios_family_arm_m3_Timer_start__E)
                  200098ec    00000054     CDIO_CC3200_pem4.oem4 (.text:ti_sysbios_knl_Task_construct)
                  20009940    00000054     ti.targets.arm.rtsarm.aem4 : Assert.oem4 (.text:xdc_runtime_Assert_raise__I)
                  20009994    00000050     drivers_cc32xxware.aem4 : GPIOCC3200.oem4 (.text:GPIO_write)
                  200099e4    00000004     CDIO_CC3200_pem4.oem4 (.text:xdc_runtime_System_Module_GateProxy_enter__E)
                  200099e8    00000050     sysbios.aem4 : BIOS.obj (.text:ti_sysbios_family_arm_m3_Hwi_Module_startup__E)
                  20009a38    00000050     ti.targets.arm.rtsarm.aem4 : Startup.oem4 (.text:xdc_runtime_Startup_exec__E)
                  20009a88    00000050                                : Text.oem4 (.text:xdc_runtime_Text_visitRope2__I)
                  20009ad8    0000004c     gpio_if.obj (.text:GPIO_IF_GetPortNPin)
                  20009b24    0000004c     drivers_cc32xxware.aem4 : GPIOCC3200.oem4 (.text:GPIO_setCallback)
                  20009b70    0000004c     rtsv7M4_T_le_eabi.lib : cpy_tbl.obj (.text)
                  20009bbc    0000004c     sysbios.aem4 : m3_TaskSupport_asm.obj (.text:ti_sysbios_family_arm_m3_TaskSupport_buildTaskStack)
                  20009c08    0000004c                  : BIOS.obj (.text:ti_sysbios_family_arm_m3_Timer_setPeriodMicroSecs__E)
                  20009c54    00000004     CDIO_CC3200_pem4.oem4 (.text:xdc_runtime_System_Module_GateProxy_leave__E)
                  20009c58    0000004c     sysbios.aem4 : BIOS.obj (.text:ti_sysbios_heaps_HeapMem_getStats__E)
                  20009ca4    00000004     ti.targets.arm.rtsarm.aem4 : System.oem4 (.text:xdc_runtime_System_aprintf_va__F)
                  20009ca8    0000004c     sysbios.aem4 : BIOS.obj (.text:ti_sysbios_knl_Swi_runLoop__I)
                  20009cf4    00000004     ti.targets.arm.rtsarm.aem4 : System.oem4 (.text:xdc_runtime_System_printf_va__F)
                  20009cf8    0000004c     sysbios.aem4 : BIOS.obj (.text:ti_sysbios_knl_Task_allBlockedFunction__I)
                  20009d44    00000048     driverlib.a : flash.obj (.text:FlashDisable)
                  20009d8c    00000048                 : prcm.obj (.text:PRCMHibernateWakeupSourceEnable)
                  20009dd4    00000048                 : pin.obj (.text:PinConfigGet)
                  20009e1c    00000048     drivers_cc32xxware.aem4 : PowerCC3200.oem4 (.text:notify)
                  20009e64    00000004     --HOLE-- [fill = 0]
                  20009e68    00000048     sysbios.aem4 : BIOS.obj (.text:ti_sysbios_family_arm_m3_Hwi_disableInterrupt__E)
                  20009eb0    00000048                  : BIOS.obj (.text:ti_sysbios_family_arm_m3_Hwi_enableInterrupt__E)
                  20009ef8    00000048                  : BIOS.obj (.text:ti_sysbios_family_arm_m3_Hwi_excReserved__I)
                  20009f40    00000048                  : m3_Hwi_asm_switch.obj (.text:ti_sysbios_family_arm_m3_Hwi_initStacks__E)
                  20009f88    00000048                  : BIOS.obj (.text:ti_sysbios_family_arm_m3_Timer_initDevice__I)
                  20009fd0    00000046     drivers_cc32xxware.aem4 : RingBuf.oem4 (.text:RingBuf_put)
                  2000a016    00000046     ti.targets.arm.rtsarm.aem4 : Core-params.oem4 (.text:xdc_runtime_Core_assignParams__I)
                  2000a05c    00000044     driverlib.a : prcm.obj (.text:PRCMLPDSEnter)
                  2000a0a0    00000044     drivers_cc32xxware.aem4 : PowerCC3200_asm.oem4 (.text:PowerCC3200_enterLPDS)
                  2000a0e4    00000044                             : UARTCC3200.oem4 (.text:UARTCC3200_hwiIntFxn)
                  2000a128    00000044     boot.aem4 : boot.oem4 (.text)
                  2000a16c    00000004     --HOLE-- [fill = 0]
                  2000a170    00000044     sysbios.aem4 : BIOS.obj (.text:ti_sysbios_family_arm_m3_Hwi_getStackInfo__E)
                  2000a1b4    00000004     --HOLE-- [fill = 0]
                  2000a1b8    00000044                  : BIOS.obj (.text:ti_sysbios_knl_Swi_post__E)
                  2000a1fc    00000044     ti.targets.arm.rtsarm.aem4 : Error.oem4 (.text:xdc_runtime_Error_setX__E)
                  2000a240    00000044                                : SysMin.oem4 (.text:xdc_runtime_SysMin_flush__E)
                  2000a284    00000044                                : Text.oem4 (.text:xdc_runtime_Text_xprintf__I)
                  2000a2c8    00000042     drivers_cc32xxware.aem4 : PowerCC3200_asm.oem4 (.text:PowerCC3200_resumeLPDS)
                  2000a30a    00000042                             : UARTCC3200.oem4 (.text:UARTCC3200_writePolling)
                  2000a34c    00000040                             : GPIOCC3200.oem4 (.text:GPIO_enableInt)
                  2000a38c    00000040     driverlib.a : pin.obj (.text:PinModeSet)
                  2000a3cc    00000040     drivers_cc32xxware.aem4 : PowerCC3200.oem4 (.text:Power_setDependency)
                  2000a40c    00000040                             : RingBuf.oem4 (.text:RingBuf_get)
                  2000a44c    00000040                             : UARTCC3200.oem4 (.text:UARTCC3200_read)
                  2000a48c    00000040     rtsv7M4_T_le_eabi.lib : u_divt2.obj (.text)
                  2000a4cc    00000004     --HOLE-- [fill = 0]
                  2000a4d0    00000040     sysbios.aem4 : BIOS.obj (.text:ti_sysbios_family_arm_m3_Timer_Module_startup__E)
                  2000a510    0000003c     driverlib.a : prcm.obj (.text:PRCMPeripheralClkEnable)
                  2000a54c    0000003c                 : prcm.obj (.text:PRCMSlowClkCtrFastGet)
                  2000a588    0000003c                 : pin.obj (.text:PinDirModeSet)
                  2000a5c4    00000004     --HOLE-- [fill = 0]
                  2000a5c8    0000003c     sysbios.aem4 : BIOS.obj (.text:ti_sysbios_family_arm_m3_Hwi_excSvCall__I)
                  2000a604    00000004     --HOLE-- [fill = 0]
                  2000a608    0000003c                  : BIOS.obj (.text:ti_sysbios_heaps_HeapMem_init__I)
                  2000a644    00000004     --HOLE-- [fill = 0]
                  2000a648    0000003c                  : BIOS.obj (.text:ti_sysbios_knl_Clock_walkQueuePeriodic__E)
                  2000a684    00000004     --HOLE-- [fill = 0]
                  2000a688    0000003c                  : BIOS.obj (.text:ti_sysbios_knl_Swi_restore__E)
                  2000a6c4    00000004     --HOLE-- [fill = 0]
                  2000a6c8    0000003c                  : BIOS.obj (.text:ti_sysbios_knl_Swi_startup__E)
                  2000a704    0000003a     gpio_if.obj (.text:GPIO_IF_Set)
                  2000a73e    00000002     --HOLE-- [fill = 0]
                  2000a740    00000038     driverlib.a : prcm.obj (.text:PRCMIntEnable)
                  2000a778    00000038     drivers_cc32xxware.aem4 : PWM.oem4 (.text:PWM_init)
                  2000a7b0    00000038     power_cc3200_tirtos.aem4 : PowerCC3200_tirtos.oem4 (.text:PowerCC3200_initPolicy)
                  2000a7e8    00000038     drivers_cc32xxware.aem4 : UART.oem4 (.text:UART_init)
                  2000a820    00000038     sysbios.aem4 : BIOS.obj (.text:ti_sysbios_family_arm_m3_Hwi_excNoIsr__I)
                  2000a858    00000038                  : BIOS.obj (.text:ti_sysbios_knl_Task_processVitalTaskFlag__I)
                  2000a890    00000038     ti.targets.arm.rtsarm.aem4 : SysMin.oem4 (.text:xdc_runtime_SysMin_putch__E)
                  2000a8c8    00000038                                : System.oem4 (.text:xdc_runtime_System_atexit__E)
                  2000a900    00000036     driverlib.a : gpio.obj (.text:GPIODirModeSet)
                  2000a936    00000036                 : timer.obj (.text:TimerControlLevel)
                  2000a96c    00000036     drivers_cc32xxware.aem4 : UARTCC3200.oem4 (.text:UARTCC3200_readCancel)
                  2000a9a2    00000002     --HOLE-- [fill = 0]
                  2000a9a4    00000034     driverlib.a : prcm.obj (.text:PRCMPeripheralStatusGet)
                  2000a9d8    00000034                 : prcm.obj (.text:PRCMSRAMRetentionEnable)
                  2000aa0c    00000034     drivers_cc32xxware.aem4 : PowerCC3200.oem4 (.text:Power_releaseDependency)
                  2000aa40    00000034     power_cc3200_tirtos.aem4 : PowerCC3200_tirtos.oem4 (.text:getCountsRTC)
                  2000aa74    00000034     drivers_cc32xxware.aem4 : PWMTimerCC3200.oem4 (.text:getPowerMgrId)
                  2000aaa8    00000034                             : PowerCC3200.oem4 (.text:restorePeriphClocks)
                  2000aadc    00000004     --HOLE-- [fill = 0]
                  2000aae0    00000034     sysbios.aem4 : BIOS.obj (.text:ti_sysbios_family_arm_m3_Hwi_Instance_finalize__E)
                  2000ab14    00000004     --HOLE-- [fill = 0]
                  2000ab18    00000034                  : BIOS.obj (.text:ti_sysbios_family_arm_m3_Hwi_excNmi__I)
                  2000ab4c    00000004     --HOLE-- [fill = 0]
                  2000ab50    00000034                  : BIOS.obj (.text:ti_sysbios_family_arm_m3_Timer_periodicStub__I)
                  2000ab84    00000004     --HOLE-- [fill = 0]
                  2000ab88    00000034                  : BIOS.obj (.text:ti_sysbios_hal_Hwi_checkStack)
                  2000abbc    00000034     CDIO_CC3200_pem4.oem4 (.text:ti_sysbios_knl_Clock_construct)
                  2000abf0    00000034     ti.targets.arm.rtsarm.aem4 : Core-label.oem4 (.text:xdc_runtime_Core_assignLabel__I)
                  2000ac24    00000033                                : Text.oem4 (.text:xdc_runtime_Text_printVisFxn__I)
                  2000ac57    00000001     --HOLE-- [fill = 0]
                  2000ac58    00000032     sysbios.aem4 : BIOS.obj (.text:ti_sysbios_hal_Hwi_initStack)
                  2000ac8a    00000002     --HOLE-- [fill = 0]
                  2000ac8c    00000030     drivers_cc32xxware.aem4 : PWM.oem4 (.text:PWM_open)
                  2000acbc    00000030     driverlib.a : pin.obj (.text:PinTypeGPIO)
                  2000acec    00000030     drivers_cc32xxware.aem4 : PowerCC3200.oem4 (.text:Power_releaseConstraint)
                  2000ad1c    00000030                             : PowerCC3200.oem4 (.text:Power_setConstraint)
                  2000ad4c    00000030     driverlib.a : uart.obj (.text:UARTDisable)
                  2000ad7c    00000030     drivers_cc32xxware.aem4 : UART.oem4 (.text:UART_open)
                  2000adac    00000030     CDIO_CC3200_pem4.oem4 (.text:ti_sysbios_BIOS_atExitFunc__I)
                  2000addc    00000004     --HOLE-- [fill = 0]
                  2000ade0    00000030     sysbios.aem4 : BIOS.obj (.text:ti_sysbios_family_arm_m3_TaskSupport_start__E)
                  2000ae10    00000030     CDIO_CC3200_pem4.oem4 (.text:ti_sysbios_gates_GateHwi_Object__create__S)
                  2000ae40    00000030     CDIO_CC3200_pem4.oem4 (.text:ti_sysbios_gates_GateMutex_Object__create__S)
                  2000ae70    00000030     CDIO_CC3200_pem4.oem4 (.text:ti_sysbios_heaps_HeapMem_Object__create__S)
                  2000aea0    00000030     CDIO_CC3200_pem4.oem4 (.text:ti_sysbios_knl_Semaphore_construct)
                  2000aed0    00000030     sysbios.aem4 : BIOS.obj (.text:ti_sysbios_knl_Semaphore_pendTimeout__I)
                  2000af00    00000030                  : BIOS.obj (.text:ti_sysbios_knl_Task_unblockI__E)
                  2000af30    00000030     ti.targets.arm.rtsarm.aem4 : SysMin.oem4 (.text:xdc_runtime_SysMin_abort__E)
                  2000af60    00000030                                : System.oem4 (.text:xdc_runtime_System_processAtExit__E)
                  2000af90    0000002e     drivers_cc32xxware.aem4 : PWMTimerCC3200.oem4 (.text:PWMTimerCC3200_close)
                  2000afbe    00000002     --HOLE-- [fill = 0]
                  2000afc0    0000002c     driverlib.a : prcm.obj (.text:PRCMLPDSIntervalSet)
                  2000afec    0000002c                 : prcm.obj (.text:PRCMSysResetCauseGet)
                  2000b018    0000002c     CDIO_CC3200_pem4.oem4 (.text:ti_sysbios_knl_Clock_doTick__I)
                  2000b044    0000002c     CDIO_CC3200_pem4.oem4 (.text:ti_sysbios_knl_Queue_construct)
                  2000b070    0000002c     sysbios.aem4 : BIOS.obj (.text:ti_sysbios_knl_Task_restore__E)
                  2000b09c    0000002c     ti.targets.arm.rtsarm.aem4 : Text.oem4 (.text:xdc_runtime_Text_cordText__E)
                  2000b0c8    0000002a     driverlib.a : timer.obj (.text:TimerLoadSet)
                  2000b0f2    0000002a                 : timer.obj (.text:TimerMatchSet)
                  2000b11c    0000002a                 : timer.obj (.text:TimerPrescaleMatchSet)
                  2000b146    0000002a                 : timer.obj (.text:TimerPrescaleSet)
                  2000b170    0000002a     ti.targets.arm.rtsarm.aem4 : System.oem4 (.text:xdc_runtime_System_putchar__I)
                  2000b19a    00000002     --HOLE-- [fill = 0]
                  2000b19c    00000028     driverlib.a : prcm.obj (.text:PRCMLPDSWakeupSourceEnable)
                  2000b1c4    00000028                 : prcm.obj (.text:PRCMPeripheralClkDisable)
                  2000b1ec    00000028     drivers_cc32xxware.aem4 : PowerCC3200.oem4 (.text:Power_registerNotify)
                  2000b214    00000028                             : UARTCC3200.oem4 (.text:releasePowerConstraint)
                  2000b23c    00000004     --HOLE-- [fill = 0]
                  2000b240    00000028     sysbios.aem4 : BIOS.obj (.text:ti_sysbios_knl_Swi_Module_startup__E)
                  2000b268    00000026     drivers_cc32xxware.aem4 : List.oem4 (.text:List_put)
                  2000b28e    00000026     ti.targets.arm.rtsarm.aem4 : System.oem4 (.text:xdc_runtime_System_avprintf__E)
                  2000b2b4    00000024     driverlib.a : prcm.obj (.text:PRCMLPDSWakeUpGPIOSelect)
                  2000b2d8    00000024                 : uart.obj (.text:UARTCharPutNonBlocking)
                  2000b2fc    00000024                 : uart.obj (.text:UARTEnable)
                  2000b320    00000024     CDIO_CC3200_pem4.oem4 (.text:ti_sysbios_BIOS_errorRaiseHook__I)
                  2000b344    00000024     CDIO_CC3200_pem4.oem4 (.text:ti_sysbios_BIOS_registerRTSLock__I)
                  2000b368    00000024     CDIO_CC3200_pem4.oem4 (.text:ti_sysbios_BIOS_removeRTSLock__I)
                  2000b38c    00000024     CDIO_CC3200_pem4.oem4 (.text:ti_sysbios_BIOS_startFunc__I)
                  2000b3b0    00000024     sysbios.aem4 : BIOS.obj (.text:ti_sysbios_family_arm_m3_Hwi_doTaskRestore__I)
                  2000b3d4    00000004     --HOLE-- [fill = 0]
                  2000b3d8    00000024                  : BIOS.obj (.text:ti_sysbios_family_arm_m3_Timer_startup__E)
                  2000b3fc    00000024     CDIO_CC3200_pem4.oem4 (.text:ti_sysbios_gates_GateMutex_Object__delete__S)
                  2000b420    00000024     sysbios.aem4 : BIOS.obj (.text:ti_sysbios_knl_Clock_Module_startup__E)
                  2000b444    00000024     ti.targets.arm.rtsarm.aem4 : System.oem4 (.text:xdc_runtime_System_vprintf__E)
                  2000b468    00000022     driverlib.a : gpio.obj (.text:GPIOIntStatus)
                  2000b48a    00000022     CDIO_CC3200_pem4.oem4 (.text:xdc_runtime_SysMin_output__I)
                  2000b4ac    00000020     driverlib.a : gpio.obj (.text:GPIOPinWrite)
                  2000b4cc    00000020                 : prcm.obj (.text:PRCMLPDSRestoreInfoSet)
                  2000b4ec    00000020     drivers_cc32xxware.aem4 : PowerCC3200.oem4 (.text:Power_idleFunc)
                  2000b50c    00000020                             : PowerCC3200.oem4 (.text:Power_unregisterNotify)
                  2000b52c    00000020     CDIO_CC3200.obj (.text:brytarInt)
                  2000b54c    00000020     CDIO_CC3200.obj (.text:brytarIntYO)
                  2000b56c    00000020     drivers_cc32xxware.aem4 : UARTCC3200.oem4 (.text:getPowerMgrId)
                  2000b58c    00000020     CDIO_CC3200_pem4.oem4 (.text:ti_sysbios_BIOS_rtsLock__I)
                  2000b5ac    00000020     sysbios.aem4 : m3_Hwi_asm.obj (.text:ti_sysbios_family_arm_m3_Hwi_excHandlerAsm__I)
                  2000b5cc    00000004     --HOLE-- [fill = 0]
                  2000b5d0    00000020                  : BIOS.obj (.text:ti_sysbios_family_arm_m3_Hwi_excHandler__I)
                  2000b5f0    00000020     CDIO_CC3200_pem4.oem4 (.text:ti_sysbios_gates_GateHwi_Object__delete__S)
                  2000b610    00000020     CDIO_CC3200_pem4.oem4 (.text:ti_sysbios_heaps_HeapMem_Object__delete__S)
                  2000b630    00000020     CDIO_CC3200_pem4.oem4 (.text:ti_sysbios_knl_Clock_Object__destruct__S)
                  2000b650    00000020     sysbios.aem4 : BIOS.obj (.text:ti_sysbios_knl_Idle_run__E)
                  2000b670    00000020     CDIO_CC3200_pem4.oem4 (.text:ti_sysbios_knl_Semaphore_Object__destruct__S)
                  2000b690    00000020     ti.targets.arm.rtsarm.aem4 : Registry.oem4 (.text:xdc_runtime_Registry_findById__E)
                  2000b6b0    00000020                                : SysMin.oem4 (.text:xdc_runtime_SysMin_Module_startup__E)
                  2000b6d0    0000001e     driverlib.a : timer.obj (.text:TimerDisable)
                  2000b6ee    0000001e                 : timer.obj (.text:TimerEnable)
                  2000b70c    0000001e                 : uart.obj (.text:UARTCharPut)
                  2000b72a    0000001e                 : uart.obj (.text:UARTIntStatus)
                  2000b748    0000001e     sysbios.aem4 : m3_Hwi_asm_switch.obj (.text:ti_sysbios_family_xxx_Hwi_switchAndRunFunc)
                  2000b766    0000001c     driverlib.a : uart.obj (.text:UARTCharGetNonBlocking)
                  2000b782    0000001c                 : uart.obj (.text:UARTFlowControlSet)
                  2000b79e    00000002     --HOLE-- [fill = 0]
                  2000b7a0    0000001c     CDIO_CC3200_pem4.oem4 (.text:ti_sysbios_family_arm_m3_Hwi_Object__destruct__S)
                  2000b7bc    00000004     --HOLE-- [fill = 0]
                  2000b7c0    0000001c     sysbios.aem4 : BIOS.obj (.text:ti_sysbios_family_arm_m3_Timer_stop__E)
                  2000b7dc    00000004     --HOLE-- [fill = 0]
                  2000b7e0    0000001c                  : BIOS.obj (.text:ti_sysbios_gates_GateMutex_Instance_init__E)
                  2000b7fc    0000001c     CDIO_CC3200_pem4.oem4 (.text:ti_sysbios_knl_Queue_Object__destruct__S)
                  2000b818    0000001c     sysbios.aem4 : BIOS.obj (.text:ti_sysbios_knl_Task_enter__I)
                  2000b834    0000001c     ti.targets.arm.rtsarm.aem4 : Error.oem4 (.text:xdc_runtime_Error_raiseX__E)
                  2000b850    0000001c                                : Memory.oem4 (.text:xdc_runtime_Memory_valloc__E)
                  2000b86c    0000001c                                : SysMin.oem4 (.text:xdc_runtime_SysMin_exit__E)
                  2000b888    0000001c                                : System.oem4 (.text:xdc_runtime_System_abort__E)
                  2000b8a4    0000001a     driverlib.a : gpio.obj (.text:GPIOIntEnable)
                  2000b8be    0000001a     drivers_cc32xxware.aem4 : List.oem4 (.text:List_remove)
                  2000b8d8    0000001a     driverlib.a : pin.obj (.text:PinTypeTimer)
                  2000b8f2    0000001a     CDIO_CC3200_pem4.oem4 (.text:ti_sysbios_family_arm_m3_Hwi_Handle__label__S)
                  2000b90c    0000001a     sysbios.aem4 : m3_Hwi_asm.obj (.text:ti_sysbios_family_arm_m3_Hwi_pendSV__I)
                  2000b926    0000001a     CDIO_CC3200_pem4.oem4 (.text:ti_sysbios_gates_GateHwi_Handle__label__S)
                  2000b940    0000001a     CDIO_CC3200_pem4.oem4 (.text:ti_sysbios_gates_GateMutex_Handle__label__S)
                  2000b95a    0000001a     CDIO_CC3200_pem4.oem4 (.text:ti_sysbios_heaps_HeapMem_Handle__label__S)
                  2000b974    0000001a     CDIO_CC3200_pem4.oem4 (.text:ti_sysbios_knl_Swi_Handle__label__S)
                  2000b98e    0000001a     CDIO_CC3200_pem4.oem4 (.text:ti_sysbios_knl_Task_Handle__label__S)
                  2000b9a8    0000001a     CDIO_CC3200_pem4.oem4 (.text:xdc_runtime_System_aprintf__E)
                  2000b9c2    0000001a     CDIO_CC3200_pem4.oem4 (.text:xdc_runtime_System_printf__E)
                  2000b9dc    00000018     driverlib.a : uart.obj (.text:UARTBusy)
                  2000b9f4    00000018                 : uart.obj (.text:UARTFIFOLevelSet)
                  2000ba0c    00000018                 : uart.obj (.text:UARTIntDisable)
                  2000ba24    00000018                 : uart.obj (.text:UARTIntEnable)
                  2000ba3c    00000018     drivers_cc32xxware.aem4 : UART.oem4 (.text:UART_Params_init)
                  2000ba54    00000018     rtsv7M4_T_le_eabi.lib : args_main.obj (.text)
                  2000ba6c    00000018                           : ll_mul_t2.obj (.text)
                  2000ba84    00000018     CDIO_CC3200_pem4.oem4 (.text:ti_sysbios_BIOS_rtsUnlock__I)
                  2000ba9c    00000018     CDIO_CC3200_pem4.oem4 (.text:ti_sysbios_family_arm_m3_Hwi_Module__startupDone__F)
                  2000bab4    00000018     CDIO_CC3200_pem4.oem4 (.text:ti_sysbios_family_arm_m3_Timer_Module__startupDone__F)
                  2000bacc    00000004     --HOLE-- [fill = 0]
                  2000bad0    00000018     sysbios.aem4 : BIOS.obj (.text:ti_sysbios_gates_GateMutex_leave__E)
                  2000bae8    00000018     ti.targets.arm.rtsarm.aem4 : Error.oem4 (.text:xdc_runtime_Error_check__E)
                  2000bb00    00000018                                : System.oem4 (.text:xdc_runtime_System_exit__E)
                  2000bb18    00000018                                : Text.oem4 (.text:xdc_runtime_Text_ropeText__E)
                  2000bb30    00000016     tirtosport.aem4 : ClockP_tirtos.oem4 (.text:ClockP_delete)
                  2000bb46    00000016                     : HwiP_tirtos.oem4 (.text:HwiP_delete)
                  2000bb5c    00000016     driverlib.a : prcm.obj (.text:PRCMHIBRegRead)
                  2000bb72    00000016                 : prcm.obj (.text:PRCMHIBRegWrite)
                  2000bb88    00000016     tirtosport.aem4 : SemaphoreP_tirtos.oem4 (.text:SemaphoreP_delete)
                  2000bb9e    00000016     driverlib.a : uart.obj (.text:UARTCharGet)
                  2000bbb4    00000016     drivers_cc32xxware.aem4 : UARTCC3200.oem4 (.text:startTxFifoEmptyClk)
                  2000bbca    00000016     CDIO_CC3200_pem4.oem4 (.text:ti_sysbios_BIOS_exitFunc__I)
                  2000bbe0    00000016     CDIO_CC3200.obj (.text:ti_sysbios_knl_Task_Params_init)
                  2000bbf6    00000014     driverlib.a : cpu.obj (.text:CPUcpsid)
                  2000bc0a    00000014                 : cpu.obj (.text:CPUcpsie)
                  2000bc1e    00000014                 : gpio.obj (.text:GPIOIntClear)
                  2000bc32    00000002     --HOLE-- [fill = 0]
                  2000bc34    00000014     rtsv7M4_T_le_eabi.lib : _lock.obj (.text)
                  2000bc48    00000014                           : strcpy.obj (.text)
                  2000bc5c    00000014                           : strlen.obj (.text)
                  2000bc70    00000014     CDIO_CC3200_pem4.oem4 (.text:ti_sysbios_family_arm_m3_Hwi_Object__get__S)
                  2000bc84    00000004     --HOLE-- [fill = 0]
                  2000bc88    00000014     sysbios.aem4 : BIOS.obj (.text:ti_sysbios_family_arm_m3_Hwi_switchFromBootStack__E)
                  2000bc9c    00000014     CDIO_CC3200_pem4.oem4 (.text:ti_sysbios_heaps_HeapMem_Object__get__S)
                  2000bcb0    00000014     sysbios.aem4 : BIOS.obj (.text:ti_sysbios_knl_Clock_tickReconfig__E)
                  2000bcc4    00000014     CDIO_CC3200_pem4.oem4 (.text:ti_sysbios_knl_Swi_Object__get__S)
                  2000bcd8    00000012     tirtosport.aem4 : ClockP_tirtos.oem4 (.text:ClockP_start)
                  2000bcea    00000012     drivers_cc32xxware.aem4 : RingBuf.oem4 (.text:RingBuf_construct)
                  2000bcfc    00000012     tirtosport.aem4 : SemaphoreP_tirtos.oem4 (.text:SemaphoreP_pend)
                  2000bd0e    00000012     driverlib.a : uart.obj (.text:UARTIntClear)
                  2000bd20    00000012                 : uart.obj (.text:UARTRxErrorGet)
                  2000bd32    00000006     rtsv7M4_T_le_eabi.lib : copy_decompress_rle.obj (.text:decompress:rle24)
                  2000bd38    00000012     sysbios.aem4 : BIOS.obj (.text:ti_sysbios_hal_Hwi_Module_startup__E)
                  2000bd4a    00000012     CDIO_CC3200_pem4.oem4 (.text:xdc_runtime_Startup_exec__I)
                  2000bd5c    00000010     CC3200_LAUNCHXL.obj (.text:CC3200_LAUNCHXL_initGeneral)
                  2000bd6c    00000010     drivers_cc32xxware.aem4 : PWM.oem4 (.text:PWM_Params_init)
                  2000bd7c    00000010     driverlib.a : uart.obj (.text:UARTRxErrorClear)
                  2000bd8c    00000010     drivers_cc32xxware.aem4 : UARTCC3200.oem4 (.text:readBlockingTimeout)
                  2000bd9c    00000004     --HOLE-- [fill = 0]
                  2000bda0    00000010     sysbios.aem4 : BIOS.obj (.text:ti_sysbios_BIOS_getCpuFreq__E)
                  2000bdb0    00000010                  : BIOS.obj (.text:ti_sysbios_BIOS_setThreadType__E)
                  2000bdc0    00000010                  : BIOS.obj (.text:ti_sysbios_BIOS_start__E)
                  2000bdd0    00000010                  : m3_TaskSupport_asm.obj (.text:ti_sysbios_family_arm_m3_TaskSupport_glue)
                  2000bde0    00000010                  : m3_TaskSupport_asm.obj (.text:ti_sysbios_family_arm_m3_TaskSupport_swap__E)
                  2000bdf0    00000010                  : BIOS.obj (.text:ti_sysbios_gates_GateMutex_Instance_finalize__E)
                  2000be00    00000010                  : BIOS.obj (.text:ti_sysbios_knl_Semaphore_Instance_finalize__E)
                  2000be10    00000010                  : BIOS.obj (.text:ti_sysbios_knl_Swi_disable__E)
                  2000be20    00000010     CDIO_CC3200_pem4.oem4 (.text:ti_sysbios_knl_Task_Object__get__S)
                  2000be30    00000010     sysbios.aem4 : BIOS.obj (.text:ti_sysbios_knl_Task_disable__E)
                  2000be40    00000010     ti.targets.arm.rtsarm.aem4 : Gate.oem4 (.text:xdc_runtime_Gate_leaveSystem__E)
                  2000be50    00000010                                : Memory.oem4 (.text:xdc_runtime_Memory_free__E)
                  2000be60    00000010                                : SysMin.oem4 (.text:xdc_runtime_SysMin_ready__E)
                  2000be70    00000010                                : System.oem4 (.text:xdc_runtime_System_vsnprintf__E)
                  2000be80    00000010     CDIO_CC3200_pem4.oem4 (.text:xdc_runtime_Text_visitRope__I)
                  2000be90    0000000e     tirtosport.aem4 : HwiP_tirtos.oem4 (.text:HwiP_Params_init)
                  2000be9e    0000000e     rtsv7M4_T_le_eabi.lib : copy_decompress_none.obj (.text:decompress:none)
                  2000beac    00000004     --HOLE-- [fill = 0]
                  2000beb0    0000000e     sysbios.aem4 : BIOS.obj (.text:ti_sysbios_knl_Idle_loop__E)
                  2000bebe    00000002     --HOLE-- [fill = 0]
                  2000bec0    0000000e                  : BIOS.obj (.text:ti_sysbios_knl_Queue_empty__E)
                  2000bece    0000000c     driverlib.a : cpu.obj (.text:CPUwfi)
                  2000beda    00000002     --HOLE-- [fill = 0]
                  2000bedc    0000000c     tirtosport.aem4 : ClockP_tirtos.oem4 (.text:ClockP_getSystemTickPeriod)
                  2000bee8    0000000c     drivers_cc32xxware.aem4 : PowerCC3200.oem4 (.text:Power_getConstraintMask)
                  2000bef4    0000000c                             : PowerCC3200.oem4 (.text:Power_getDependencyCount)
                  2000bf00    0000000c                             : RingBuf.oem4 (.text:RingBuf_peek)
                  2000bf0c    0000000c                             : UARTCC3200.oem4 (.text:UARTCC3200_init)
                  2000bf18    0000000c                             : UARTCC3200.oem4 (.text:postNotifyFxn)
                  2000bf24    0000000c     CDIO_CC3200_pem4.oem4 (.text:ti_sysbios_family_arm_m3_Hwi_Params__init__S)
                  2000bf30    0000000c     sysbios.aem4 : BIOS.obj (.text:ti_sysbios_family_arm_m3_Hwi_disableFxn__E)
                  2000bf3c    00000004     --HOLE-- [fill = 0]
                  2000bf40    0000000c                  : BIOS.obj (.text:ti_sysbios_family_arm_m3_TaskSupport_checkStack__E)
                  2000bf4c    00000004     --HOLE-- [fill = 0]
                  2000bf50    0000000c                  : BIOS.obj (.text:ti_sysbios_family_arm_m3_TaskSupport_getStackAlignment__E)
                  2000bf5c    00000004     --HOLE-- [fill = 0]
                  2000bf60    0000000c                  : BIOS.obj (.text:ti_sysbios_gates_GateHwi_enter__E)
                  2000bf6c    0000000c     CDIO_CC3200_pem4.oem4 (.text:ti_sysbios_knl_Clock_Params__init__S)
                  2000bf78    0000000c     sysbios.aem4 : BIOS.obj (.text:ti_sysbios_knl_Clock_getTicks__E)
                  2000bf84    00000004     --HOLE-- [fill = 0]
                  2000bf88    0000000c                  : BIOS.obj (.text:ti_sysbios_knl_Clock_setTicks__E)
                  2000bf94    00000004     --HOLE-- [fill = 0]
                  2000bf98    0000000c                  : BIOS.obj (.text:ti_sysbios_knl_Clock_tickStart__E)
                  2000bfa4    00000004     --HOLE-- [fill = 0]
                  2000bfa8    0000000c                  : BIOS.obj (.text:ti_sysbios_knl_Clock_tickStop__E)
                  2000bfb4    0000000c     CDIO_CC3200_pem4.oem4 (.text:ti_sysbios_knl_Queue_Object__get__S)
                  2000bfc0    0000000c     CDIO_CC3200_pem4.oem4 (.text:ti_sysbios_knl_Semaphore_Params__init__S)
                  2000bfcc    0000000c     CDIO_CC3200_pem4.oem4 (.text:ti_sysbios_knl_Task_Params__init__S)
                  2000bfd8    0000000c     ti.targets.arm.rtsarm.aem4 : Error.oem4 (.text:xdc_runtime_Error_init__E)
                  2000bfe4    0000000c                                : Gate.oem4 (.text:xdc_runtime_Gate_enterSystem__E)
                  2000bff0    0000000c                                : Memory.oem4 (.text:xdc_runtime_Memory_calloc__E)
                  2000bffc    0000000c                                : Memory.oem4 (.text:xdc_runtime_Memory_getMaxDefaultTypeAlign__E)
                  2000c008    0000000a     tirtosport.aem4 : ClockP_tirtos.oem4 (.text:ClockP_stop)
                  2000c012    0000000a     drivers_cc32xxware.aem4 : List.oem4 (.text:List_empty)
                  2000c01c    0000000a                             : PWMTimerCC3200.oem4 (.text:PWMTimerCC3200_getPeriodCounts)
                  2000c026    0000000a                             : PWM.oem4 (.text:PWM_setDuty)
                  2000c030    0000000a     tirtosport.aem4 : SemaphoreP_tirtos.oem4 (.text:SemaphoreP_post)
                  2000c03a    0000000a     drivers_cc32xxware.aem4 : UART.oem4 (.text:UART_read)
                  2000c044    0000000a                             : UART.oem4 (.text:UART_write)
                  2000c04e    0000000a     CDIO_CC3200_pem4.oem4 (.text:xdc_runtime_IHeap_alloc)
                  2000c058    0000000a     CDIO_CC3200_pem4.oem4 (.text:xdc_runtime_IHeap_free)
                  2000c062    00000008     CC3200_LAUNCHXL.obj (.text:CC3200_LAUNCHXL_initGPIO)
                  2000c06a    00000008     CC3200_LAUNCHXL.obj (.text:CC3200_LAUNCHXL_initPWM)
                  2000c072    00000008     CC3200_LAUNCHXL.obj (.text:CC3200_LAUNCHXL_initUART)
                  2000c07a    00000008     tirtosport.aem4 : ClockP_tirtos.oem4 (.text:ClockP_Params_init)
                  2000c082    00000008     driverlib.a : prcm.obj (.text:PRCMSleepEnter)
                  2000c08a    00000008     drivers_cc32xxware.aem4 : PWMTimerCC3200.oem4 (.text:PWMTimerCC3200_init)
                  2000c092    00000008     tirtosport.aem4 : SemaphoreP_tirtos.oem4 (.text:SemaphoreP_Params_init)
                  2000c09a    00000008     drivers_cc32xxware.aem4 : UARTCC3200.oem4 (.text:readSemCallback)
                  2000c0a2    00000006     ti.targets.arm.rtsarm.aem4 : System.oem4 (.text:xdc_runtime_System_Module_startup__E)
                  2000c0a8    00000008     sysbios.aem4 : BIOS.obj (.text:ti_sysbios_family_arm_m3_Hwi_doSwiRestore__I)
                  2000c0b0    00000008                  : BIOS.obj (.text:ti_sysbios_family_arm_m3_Hwi_startup__E)
                  2000c0b8    00000008     drivers_cc32xxware.aem4 : UARTCC3200.oem4 (.text:writeSemCallback)
                  2000c0c0    00000006     sysbios.aem4 : BIOS.obj (.text:ti_sysbios_family_arm_m3_Hwi_restoreFxn__E)
                  2000c0c6    00000002     --HOLE-- [fill = 0]
                  2000c0c8    00000006                  : BIOS.obj (.text:ti_sysbios_gates_GateHwi_leave__E)
                  2000c0ce    00000002     --HOLE-- [fill = 0]
                  2000c0d0    00000006                  : BIOS.obj (.text:ti_sysbios_heaps_HeapMem_isBlocking__E)
                  2000c0d6    00000002     --HOLE-- [fill = 0]
                  2000c0d8    00000006                  : BIOS.obj (.text:ti_sysbios_knl_Clock_stop__E)
                  2000c0de    00000002     --HOLE-- [fill = 0]
                  2000c0e0    00000006                  : BIOS.obj (.text:ti_sysbios_knl_Queue_Instance_init__E)
                  2000c0e6    00000002     --HOLE-- [fill = 0]
                  2000c0e8    00000004                  : BIOS.obj (.text:ti_sysbios_family_arm_m3_Timer_getMaxTicks__E)
                  2000c0ec    00000004     --HOLE-- [fill = 0]
                  2000c0f0    00000004                  : BIOS.obj (.text:ti_sysbios_gates_GateHwi_query__E)
                  2000c0f4    00000004     --HOLE-- [fill = 0]
                  2000c0f8    00000004                  : BIOS.obj (.text:ti_sysbios_gates_GateMutex_query__E)
                  2000c0fc    00000004     --HOLE-- [fill = 0]
                  2000c100    00000004                  : BIOS.obj (.text:ti_sysbios_knl_Clock_setTimeout__E)
                  2000c104    00000004     --HOLE-- [fill = 0]
                  2000c108    00000004                  : BIOS.obj (.text:ti_sysbios_knl_Task_startup__E)
                  2000c10c    00000004     --HOLE-- [fill = 0]
                  2000c110    00000002                  : BIOS.obj (.text:ti_sysbios_gates_GateHwi_Instance_init__E)
                  2000c112    00000006     --HOLE-- [fill = 0]
                  2000c118    00000002                  : BIOS.obj (.text:ti_sysbios_knl_Clock_logTick__E)

.bss       0    2000c120    000034f3     UNINITIALIZED
                  2000c120    00002710     (.common:task0Stack)
                  2000e830    00000400     (.common:ti_sysbios_heaps_HeapMem_Instance_State_0_buf__A)
                  2000ec30    0000030c     (.common:ti_sysbios_family_arm_m3_Hwi_dispatchTable)
                  2000ef3c    00000004     (.common:firstTick$2)
                  2000ef40    00000200     CDIO_CC3200_pem4.oem4 (.bss:taskStackSection)
                  2000f140    0000012c     drivers_cc32xxware.aem4 : PowerCC3200.oem4 (.bss:PowerCC3200_contextSave)
                  2000f26c    00000120     rtsv7M4_T_le_eabi.lib : trgmsg.obj (.bss:_CIOBUF_)
                  2000f38c    00000108     (.common:uartCC3200Objects)
                  2000f494    00000080     (.common:xdc_runtime_SysMin_Module_State_0_outbuf__A)
                  2000f514    00000050     (.common:task0Struct)
                  2000f564    00000040     (.common:uartCC3200RingBuffer)
                  2000f5a4    00000020     (.common:gpioCallbackInfo)
                  2000f5c4    00000020     (.common:pwmTimerCC3200Objects)
                  2000f5e4    00000014     (.common:powerNotifyObj)
                  2000f5f8    00000008                           : trgdrv.obj (.bss:parmbuf)
                  2000f600    00000008     (.common:firstRTC$1)
                  2000f608    00000008     (.common:steps)
                  2000f610    00000001     (.common:g_ucLED1Pin)
                  2000f611    00000001     (.common:g_ucLED2Pin)
                  2000f612    00000001     (.common:g_ucLED3Pin)

.const     0    2000f614    000020a5     
                  2000f614    00001771     CDIO_CC3200_pem4.oem4 (.const:xdc_runtime_Text_charTab__A)
                  20010d85    00000001     CDIO_CC3200_pem4.oem4 (.const:ti_sysbios_knl_Clock_tickMode__C)
                  20010d86    00000002     CDIO_CC3200_pem4.oem4 (.const:ti_sysbios_family_arm_m3_Hwi_Module__id__C)
                  20010d88    00000100     driverlib.a : pin.obj (.const:g_ulPinToPadMap)
                  20010e88    000000a8                 : prcm.obj (.const:PRCM_PeriphRegsList)
                  20010f30    000000a0     CDIO_CC3200_pem4.oem4 (.const:xdc_runtime_Text_nodeTab__A)
                  20010fd0    0000004c     drivers_cc32xxware.aem4 : UARTCC3200.oem4 (.const)
                  2001101c    00000048     CDIO_CC3200_pem4.oem4 (.const:.string)
                  20011064    0000003c     CDIO_CC3200_pem4.oem4 (.const:ti_sysbios_knl_Task_Object__PARAMS__C)
                  200110a0    00000034     drivers_cc32xxware.aem4 : GPIOCC3200.oem4 (.const)
                  200110d4    00000030     CDIO_CC3200_pem4.oem4 (.const:ti_sysbios_family_arm_m3_Hwi_Object__PARAMS__C)
                  20011104    00000030     CC3200_LAUNCHXL.obj (.const:uartCC3200HWAttrs)
                  20011134    0000002a     drivers_cc32xxware.aem4 : GPIOCC3200.oem4 (.const:.string)
                  2001115e    00000002     CDIO_CC3200_pem4.oem4 (.const:ti_sysbios_family_arm_m3_Timer_Module__id__C)
                  20011160    00000028     CC3200_LAUNCHXL.obj (.const:PowerCC3200_config)
                  20011188    00000028     drivers_cc32xxware.aem4 : UARTCC3200.oem4 (.const:UARTCC3200_fxnTable)
                  200111b0    00000028     CDIO_CC3200_pem4.oem4 (.const:ti_sysbios_heaps_HeapMem_Module__FXNS__C)
                  200111d8    00000024     CC3200_LAUNCHXL.obj (.const:PWM_config)
                  200111fc    00000024     CC3200_LAUNCHXL.obj (.const:UART_config)
                  20011220    00000024     drivers_cc32xxware.aem4 : UART.oem4 (.const:UART_defaultParams)
                  20011244    00000024     CDIO_CC3200_pem4.oem4 (.const:ti_sysbios_gates_GateHwi_Module__FXNS__C)
                  20011268    00000024     CDIO_CC3200_pem4.oem4 (.const:ti_sysbios_gates_GateMutex_Module__FXNS__C)
                  2001128c    00000024     CDIO_CC3200_pem4.oem4 (.const:ti_sysbios_heaps_HeapMem_Object__PARAMS__C)
                  200112b0    00000024     CDIO_CC3200_pem4.oem4 (.const:ti_sysbios_knl_Clock_Object__PARAMS__C)
                  200112d4    00000024     CDIO_CC3200_pem4.oem4 (.const:ti_sysbios_knl_Semaphore_Object__PARAMS__C)
                  200112f8    00000020     drivers_cc32xxware.aem4 : PWMTimerCC3200.oem4 (.const)
                  20011318    00000020     CDIO_CC3200_pem4.oem4 (.const:ti_sysbios_family_arm_m3_Hwi_Object__DESC__C)
                  20011338    00000020     CDIO_CC3200_pem4.oem4 (.const:ti_sysbios_gates_GateHwi_Object__DESC__C)
                  20011358    00000020     CDIO_CC3200_pem4.oem4 (.const:ti_sysbios_gates_GateMutex_Object__DESC__C)
                  20011378    00000020     CDIO_CC3200_pem4.oem4 (.const:ti_sysbios_heaps_HeapMem_Object__DESC__C)
                  20011398    00000020     CDIO_CC3200_pem4.oem4 (.const:ti_sysbios_knl_Clock_Object__DESC__C)
                  200113b8    00000020     CDIO_CC3200_pem4.oem4 (.const:ti_sysbios_knl_Queue_Object__DESC__C)
                  200113d8    00000020     CDIO_CC3200_pem4.oem4 (.const:ti_sysbios_knl_Semaphore_Object__DESC__C)
                  200113f8    00000020     CDIO_CC3200_pem4.oem4 (.const:ti_sysbios_knl_Task_Object__DESC__C)
                  20011418    00000020     CDIO_CC3200_pem4.oem4 (.const:xdc_runtime_Startup_sfxnTab__A)
                  20011438    00000018     CDIO_CC3200_pem4.oem4 (.const:ti_sysbios_gates_GateHwi_Object__PARAMS__C)
                  20011450    00000018     CDIO_CC3200_pem4.oem4 (.const:ti_sysbios_gates_GateMutex_Object__PARAMS__C)
                  20011468    00000018     CDIO_CC3200_pem4.oem4 (.const:ti_sysbios_knl_Queue_Object__PARAMS__C)
                  20011480    00000014     CC3200_LAUNCHXL.obj (.const:GPIOCC3200_config)
                  20011494    00000010     CC3200_LAUNCHXL.obj (.const:pwmTimerCC3200HWAttrs)
                  200114a4    00000010     CDIO_CC3200_pem4.oem4 (.const:xdc_runtime_Startup_sfxnRts__A)
                  200114b4    0000000d     CDIO_CC3200.obj (.const:.string:$P$T0$1)
                  200114c1    00000001     CDIO_CC3200_pem4.oem4 (.const:ti_sysbios_knl_Clock_tickSource__C)
                  200114c2    00000002     CDIO_CC3200_pem4.oem4 (.const:ti_sysbios_gates_GateMutex_Module__id__C)
                  200114c4    0000000c     drivers_cc32xxware.aem4 : PWM.oem4 (.const)
                  200114d0    0000000c     CDIO_CC3200_pem4.oem4 (.const:xdc_runtime_Startup_firstFxns__A)
                  200114dc    00000008     CDIO_CC3200_pem4.oem4 (.const:ti_sysbios_family_arm_m3_Hwi_excHookFuncs__A)
                  200114e4    00000008     CDIO_CC3200_pem4.oem4 (.const:ti_sysbios_knl_Idle_funcList__A)
                  200114ec    00000008     CDIO_CC3200_pem4.oem4 (.const:ti_sysbios_knl_Idle_funcList__C)
                  200114f4    00000008     CDIO_CC3200_pem4.oem4 (.const:xdc_runtime_Startup_firstFxns__C)
                  200114fc    00000008     CDIO_CC3200_pem4.oem4 (.const:xdc_runtime_Startup_lastFxns__C)
                  20011504    00000004     CDIO_CC3200_pem4.oem4 (.const:ti_sysbios_family_arm_m3_Hwi_E_NMI__C)
                  20011508    00000004     CDIO_CC3200_pem4.oem4 (.const:ti_sysbios_family_arm_m3_Hwi_E_alreadyDefined__C)
                  2001150c    00000004     CDIO_CC3200_pem4.oem4 (.const:ti_sysbios_family_arm_m3_Hwi_E_busFault__C)
                  20011510    00000004     CDIO_CC3200_pem4.oem4 (.const:ti_sysbios_family_arm_m3_Hwi_E_debugMon__C)
                  20011514    00000004     CDIO_CC3200_pem4.oem4 (.const:ti_sysbios_family_arm_m3_Hwi_E_hardFault__C)
                  20011518    00000004     CDIO_CC3200_pem4.oem4 (.const:ti_sysbios_family_arm_m3_Hwi_E_memFault__C)
                  2001151c    00000004     CDIO_CC3200_pem4.oem4 (.const:ti_sysbios_family_arm_m3_Hwi_E_noIsr__C)
                  20011520    00000004     CDIO_CC3200_pem4.oem4 (.const:ti_sysbios_family_arm_m3_Hwi_E_reserved__C)
                  20011524    00000004     CDIO_CC3200_pem4.oem4 (.const:ti_sysbios_family_arm_m3_Hwi_E_svCall__C)
                  20011528    00000004     CDIO_CC3200_pem4.oem4 (.const:ti_sysbios_family_arm_m3_Hwi_E_usageFault__C)
                  2001152c    00000004     CDIO_CC3200_pem4.oem4 (.const:ti_sysbios_family_arm_m3_Hwi_NUM_INTERRUPTS__C)
                  20011530    00000004     CDIO_CC3200_pem4.oem4 (.const:ti_sysbios_family_arm_m3_Hwi_Object__count__C)
                  20011534    00000004     CDIO_CC3200_pem4.oem4 (.const:ti_sysbios_family_arm_m3_Hwi_ccr__C)
                  20011538    00000004     CDIO_CC3200_pem4.oem4 (.const:ti_sysbios_family_arm_m3_Hwi_excHandlerFunc__C)
                  2001153c    00000004     CDIO_CC3200_pem4.oem4 (.const:ti_sysbios_family_arm_m3_Hwi_excHookFuncs__C)
                  20011540    00000004     CDIO_CC3200_pem4.oem4 (.const:ti_sysbios_family_arm_m3_Hwi_nullIsrFunc__C)
                  20011544    00000004     CDIO_CC3200_pem4.oem4 (.const:ti_sysbios_family_arm_m3_Hwi_priGroup__C)
                  20011548    00000004     CDIO_CC3200_pem4.oem4 (.const:ti_sysbios_family_arm_m3_TaskSupport_stackAlignment__C)
                  2001154c    00000004     CDIO_CC3200_pem4.oem4 (.const:ti_sysbios_family_arm_m3_Timer_E_cannotSupport__C)
                  20011550    00000004     CDIO_CC3200_pem4.oem4 (.const:ti_sysbios_family_arm_m3_Timer_startupNeeded__C)
                  20011554    00000004     CDIO_CC3200_pem4.oem4 (.const:ti_sysbios_gates_GateMutex_A_badContext__C)
                  20011558    00000004     CDIO_CC3200_pem4.oem4 (.const:ti_sysbios_gates_GateMutex_Instance_State_sem__O)
                  2001155c    00000004     CDIO_CC3200_pem4.oem4 (.const:ti_sysbios_gates_GateMutex_Module__diagsEnabled__C)
                  20011560    00000004     CDIO_CC3200_pem4.oem4 (.const:ti_sysbios_gates_GateMutex_Module__diagsIncluded__C)
                  20011564    00000004     CDIO_CC3200_pem4.oem4 (.const:ti_sysbios_gates_GateMutex_Module__diagsMask__C)
                  20011568    00000004     CDIO_CC3200_pem4.oem4 (.const:ti_sysbios_hal_Hwi_E_stackOverflow__C)
                  2001156c    00000004     CDIO_CC3200_pem4.oem4 (.const:ti_sysbios_heaps_HeapMem_A_align__C)
                  20011570    00000004     CDIO_CC3200_pem4.oem4 (.const:ti_sysbios_heaps_HeapMem_A_heapSize__C)
                  20011574    00000004     CDIO_CC3200_pem4.oem4 (.const:ti_sysbios_heaps_HeapMem_A_invalidFree__C)
                  20011578    00000004     CDIO_CC3200_pem4.oem4 (.const:ti_sysbios_heaps_HeapMem_A_zeroBlock__C)
                  2001157c    00000004     CDIO_CC3200_pem4.oem4 (.const:ti_sysbios_heaps_HeapMem_E_memory__C)
                  20011580    00000004     CDIO_CC3200_pem4.oem4 (.const:ti_sysbios_heaps_HeapMem_Module__diagsEnabled__C)
                  20011584    00000004     CDIO_CC3200_pem4.oem4 (.const:ti_sysbios_heaps_HeapMem_Module__diagsIncluded__C)
                  20011588    00000004     CDIO_CC3200_pem4.oem4 (.const:ti_sysbios_heaps_HeapMem_Module__diagsMask__C)
                  2001158c    00000004     CDIO_CC3200_pem4.oem4 (.const:ti_sysbios_heaps_HeapMem_Module__gateObj__C)
                  20011590    00000004     CDIO_CC3200_pem4.oem4 (.const:ti_sysbios_heaps_HeapMem_Object__count__C)
                  20011594    00000004     CDIO_CC3200_pem4.oem4 (.const:ti_sysbios_heaps_HeapMem_reqAlign__C)
                  20011598    00000004     CDIO_CC3200_pem4.oem4 (.const:ti_sysbios_knl_Clock_A_badThreadType__C)
                  2001159c    00000004     CDIO_CC3200_pem4.oem4 (.const:ti_sysbios_knl_Clock_Module_State_clockQ__O)
                  200115a0    00000004     CDIO_CC3200_pem4.oem4 (.const:ti_sysbios_knl_Clock_Module__diagsEnabled__C)
                  200115a4    00000004     CDIO_CC3200_pem4.oem4 (.const:ti_sysbios_knl_Clock_Module__diagsIncluded__C)
                  200115a8    00000004     CDIO_CC3200_pem4.oem4 (.const:ti_sysbios_knl_Clock_Module__diagsMask__C)
                  200115ac    00000004     CDIO_CC3200_pem4.oem4 (.const:ti_sysbios_knl_Clock_tickPeriod__C)
                  200115b0    00000004     CDIO_CC3200_pem4.oem4 (.const:ti_sysbios_knl_Semaphore_A_badContext__C)
                  200115b4    00000004     CDIO_CC3200_pem4.oem4 (.const:ti_sysbios_knl_Semaphore_A_noEvents__C)
                  200115b8    00000004     CDIO_CC3200_pem4.oem4 (.const:ti_sysbios_knl_Semaphore_A_overflow__C)
                  200115bc    00000004     CDIO_CC3200_pem4.oem4 (.const:ti_sysbios_knl_Semaphore_A_pendTaskDisabled__C)
                  200115c0    00000004     CDIO_CC3200_pem4.oem4 (.const:ti_sysbios_knl_Semaphore_Instance_State_pendQ__O)
                  200115c4    00000004     CDIO_CC3200_pem4.oem4 (.const:ti_sysbios_knl_Semaphore_Module__diagsEnabled__C)
                  200115c8    00000004     CDIO_CC3200_pem4.oem4 (.const:ti_sysbios_knl_Semaphore_Module__diagsIncluded__C)
                  200115cc    00000004     CDIO_CC3200_pem4.oem4 (.const:ti_sysbios_knl_Semaphore_Module__diagsMask__C)
                  200115d0    00000004     CDIO_CC3200_pem4.oem4 (.const:ti_sysbios_knl_Swi_Object__count__C)
                  200115d4    00000004     CDIO_CC3200_pem4.oem4 (.const:ti_sysbios_knl_Task_A_badPriority__C)
                  200115d8    00000004     CDIO_CC3200_pem4.oem4 (.const:ti_sysbios_knl_Task_A_badTaskState__C)
                  200115dc    00000004     CDIO_CC3200_pem4.oem4 (.const:ti_sysbios_knl_Task_A_badThreadType__C)
                  200115e0    00000004     CDIO_CC3200_pem4.oem4 (.const:ti_sysbios_knl_Task_A_noPendElem__C)
                  200115e4    00000004     CDIO_CC3200_pem4.oem4 (.const:ti_sysbios_knl_Task_E_spOutOfBounds__C)
                  200115e8    00000004     CDIO_CC3200_pem4.oem4 (.const:ti_sysbios_knl_Task_E_stackOverflow__C)
                  200115ec    00000004     CDIO_CC3200_pem4.oem4 (.const:ti_sysbios_knl_Task_Module_State_inactiveQ__O)
                  200115f0    00000004     CDIO_CC3200_pem4.oem4 (.const:ti_sysbios_knl_Task_Module__diagsEnabled__C)
                  200115f4    00000004     CDIO_CC3200_pem4.oem4 (.const:ti_sysbios_knl_Task_Module__diagsIncluded__C)
                  200115f8    00000004     CDIO_CC3200_pem4.oem4 (.const:ti_sysbios_knl_Task_Module__diagsMask__C)
                  200115fc    00000004     CDIO_CC3200_pem4.oem4 (.const:ti_sysbios_knl_Task_Object__count__C)
                  20011600    00000004     CDIO_CC3200_pem4.oem4 (.const:ti_sysbios_knl_Task_allBlockedFunc__C)
                  20011604    00000004     CDIO_CC3200_pem4.oem4 (.const:ti_sysbios_knl_Task_defaultStackHeap__C)
                  20011608    00000004     CDIO_CC3200_pem4.oem4 (.const:ti_sysbios_knl_Task_defaultStackSize__C)
                  2001160c    00000004     CDIO_CC3200_pem4.oem4 (.const:ti_sysbios_knl_Task_numConstructedTasks__C)
                  20011610    00000004     CDIO_CC3200_pem4.oem4 (.const:xdc_runtime_Assert_E_assertFailed__C)
                  20011614    00000004     CDIO_CC3200_pem4.oem4 (.const:xdc_runtime_Core_A_initializedParams__C)
                  20011618    00000004     CDIO_CC3200_pem4.oem4 (.const:xdc_runtime_Core_Module__diagsEnabled__C)
                  2001161c    00000004     CDIO_CC3200_pem4.oem4 (.const:xdc_runtime_Core_Module__diagsIncluded__C)
                  20011620    00000004     CDIO_CC3200_pem4.oem4 (.const:xdc_runtime_Core_Module__diagsMask__C)
                  20011624    00000004     CDIO_CC3200_pem4.oem4 (.const:xdc_runtime_Error_E_memory__C)
                  20011628    00000004     CDIO_CC3200_pem4.oem4 (.const:xdc_runtime_Error_Module__diagsEnabled__C)
                  2001162c    00000004     CDIO_CC3200_pem4.oem4 (.const:xdc_runtime_Error_Module__diagsIncluded__C)
                  20011630    00000004     CDIO_CC3200_pem4.oem4 (.const:xdc_runtime_Error_Module__diagsMask__C)
                  20011634    00000004     CDIO_CC3200_pem4.oem4 (.const:xdc_runtime_Error_Module__loggerFxn8__C)
                  20011638    00000004     CDIO_CC3200_pem4.oem4 (.const:xdc_runtime_Error_Module__loggerObj__C)
                  2001163c    00000004     CDIO_CC3200_pem4.oem4 (.const:xdc_runtime_Error_policyFxn__C)
                  20011640    00000004     CDIO_CC3200_pem4.oem4 (.const:xdc_runtime_Error_raiseHook__C)
                  20011644    00000004     CDIO_CC3200_pem4.oem4 (.const:xdc_runtime_IGateProvider_Interface__BASE__C)
                  20011648    00000004     CDIO_CC3200_pem4.oem4 (.const:xdc_runtime_IHeap_Interface__BASE__C)
                  2001164c    00000004     CDIO_CC3200_pem4.oem4 (.const:xdc_runtime_IModule_Interface__BASE__C)
                  20011650    00000004     CDIO_CC3200_pem4.oem4 (.const:xdc_runtime_Log_L_error__C)
                  20011654    00000004     CDIO_CC3200_pem4.oem4 (.const:xdc_runtime_Memory_defaultHeapInstance__C)
                  20011658    00000004     CDIO_CC3200_pem4.oem4 (.const:xdc_runtime_Startup_execImpl__C)
                  2001165c    00000004     CDIO_CC3200_pem4.oem4 (.const:xdc_runtime_Startup_maxPasses__C)
                  20011660    00000004     CDIO_CC3200_pem4.oem4 (.const:xdc_runtime_Startup_sfxnRts__C)
                  20011664    00000004     CDIO_CC3200_pem4.oem4 (.const:xdc_runtime_Startup_sfxnTab__C)
                  20011668    00000004     CDIO_CC3200_pem4.oem4 (.const:xdc_runtime_SysMin_bufSize__C)
                  2001166c    00000004     CDIO_CC3200_pem4.oem4 (.const:xdc_runtime_SysMin_outputFunc__C)
                  20011670    00000004     CDIO_CC3200_pem4.oem4 (.const:xdc_runtime_System_Module__gateObj__C)
                  20011674    00000004     CDIO_CC3200_pem4.oem4 (.const:xdc_runtime_System_abortFxn__C)
                  20011678    00000004     CDIO_CC3200_pem4.oem4 (.const:xdc_runtime_System_exitFxn__C)
                  2001167c    00000004     CDIO_CC3200_pem4.oem4 (.const:xdc_runtime_System_extendFxn__C)
                  20011680    00000004     CDIO_CC3200_pem4.oem4 (.const:xdc_runtime_System_maxAtexitHandlers__C)
                  20011684    00000004     CDIO_CC3200_pem4.oem4 (.const:xdc_runtime_Text_charTab__C)
                  20011688    00000004     CDIO_CC3200_pem4.oem4 (.const:xdc_runtime_Text_nameEmpty__C)
                  2001168c    00000004     CDIO_CC3200_pem4.oem4 (.const:xdc_runtime_Text_nameStatic__C)
                  20011690    00000004     CDIO_CC3200_pem4.oem4 (.const:xdc_runtime_Text_nameUnknown__C)
                  20011694    00000004     CDIO_CC3200_pem4.oem4 (.const:xdc_runtime_Text_nodeTab__C)
                  20011698    00000004     CDIO_CC3200_pem4.oem4 (.const:xdc_runtime_Text_visitRopeFxn__C)
                  2001169c    00000002     CDIO_CC3200_pem4.oem4 (.const:ti_sysbios_hal_Hwi_Module__id__C)
                  2001169e    00000002     CDIO_CC3200_pem4.oem4 (.const:ti_sysbios_heaps_HeapMem_Module__id__C)
                  200116a0    00000002     CDIO_CC3200_pem4.oem4 (.const:ti_sysbios_knl_Clock_Module__id__C)
                  200116a2    00000002     CDIO_CC3200_pem4.oem4 (.const:ti_sysbios_knl_Semaphore_Module__id__C)
                  200116a4    00000002     CDIO_CC3200_pem4.oem4 (.const:ti_sysbios_knl_Task_Module__id__C)
                  200116a6    00000002     CDIO_CC3200_pem4.oem4 (.const:xdc_runtime_Core_Module__id__C)
                  200116a8    00000002     CDIO_CC3200_pem4.oem4 (.const:xdc_runtime_Error_Module__loggerDefined__C)
                  200116aa    00000002     CDIO_CC3200_pem4.oem4 (.const:xdc_runtime_Error_maxDepth__C)
                  200116ac    00000002     CDIO_CC3200_pem4.oem4 (.const:xdc_runtime_Memory_Module__id__C)
                  200116ae    00000002     CDIO_CC3200_pem4.oem4 (.const:xdc_runtime_SysMin_flushAtExit__C)
                  200116b0    00000002     CDIO_CC3200_pem4.oem4 (.const:xdc_runtime_Text_charCnt__C)
                  200116b2    00000002     CDIO_CC3200_pem4.oem4 (.const:xdc_runtime_Text_isLoaded__C)
                  200116b4    00000002     CDIO_CC3200_pem4.oem4 (.const:xdc_runtime_Text_registryModsLastId__C)
                  200116b6    00000002     CDIO_CC3200_pem4.oem4 (.const:xdc_runtime_Text_unnamedModsLastId__C)
                  200116b8    00000001     CDIO_CC3200_pem4.oem4 (.const:xdc_runtime_Error_policy__C)

.cinit     0    20011e08    00000344     
                  20011e08    00000320     (.cinit..data.load) [load image, compression = rle]
                  20012128    0000000b     (.cinit..bss.load) [load image, compression = rle]
                  20012133    00000001     --HOLE-- [fill = 0]
                  20012134    00000008     (__TI_handler_table)
                  2001213c    00000010     (__TI_cinit_table)

.init_array 
*          0    20004000    00000000     UNINITIALIZED

.resetVecs 
*          0    20004000    0000030c     
                  20004000    0000030c     CDIO_CC3200_pem4.oem4 (.resetVecs)

.data      0    200116bc    00000445     UNINITIALIZED
                  200116bc    00000080     CDIO_CC3200_pem4.oem4 (.data:ti_sysbios_knl_Swi_Module_State_0_readyQ__A)
                  2001173c    00000080     CDIO_CC3200_pem4.oem4 (.data:ti_sysbios_knl_Task_Module_State_0_readyQ__A)
                  200117bc    00000054     drivers_cc32xxware.aem4 : PowerCC3200.oem4 (.data:PowerCC3200_module)
                  20011810    0000004c     CDIO_CC3200_pem4.oem4 (.data:ti_sysbios_knl_Task_Object__table__V)
                  2001185c    00000044     CDIO_CC3200_pem4.oem4 (.data:ti_sysbios_knl_Task_Module__state__V)
                  200118a0    00000038     CDIO_CC3200_pem4.oem4 (.data:ti_sysbios_gates_GateMutex_Object__table__V)
                  200118d8    00000034     CDIO_CC3200_pem4.oem4 (.data:ti_sysbios_family_arm_m3_Hwi_Module__state__V)
                  2001190c    00000030     CDIO_CC3200_pem4.oem4 (.data:ti_sysbios_family_arm_m3_Timer_Object__table__V)
                  2001193c    00000030     CDIO_CC3200_pem4.oem4 (.data:ti_sysbios_knl_Swi_Object__table__V)
                  2001196c    0000002c     CDIO_CC3200_pem4.oem4 (.data:ti_sysbios_knl_Clock_Module__state__V)
                  20011998    00000024     CDIO_CC3200_pem4.oem4 (.data:ti_sysbios_BIOS_Module__state__V)
                  200119bc    0000001c     CDIO_CC3200_pem4.oem4 (.data:ti_sysbios_knl_Swi_Module__state__V)
                  200119d8    00000018     CDIO_CC3200_pem4.oem4 (.data:ti_sysbios_family_arm_m3_Hwi_Object__table__V)
                  200119f0    00000018     CDIO_CC3200_pem4.oem4 (.data:ti_sysbios_heaps_HeapMem_Object__table__V)
                  20011a08    00000014     CC3200_LAUNCHXL.obj (.data:gpioPinConfigs)
                  20011a1c    00000014     gpio_if.obj (.data:ulReg)
                  20011a30    0000000c     rtsv7M4_T_le_eabi.lib : exit.obj (.data:$O1$$)
                  20011a3c    0000000c     gpio_if.obj (.data)
                  20011a48    0000000c     CDIO_CC3200_pem4.oem4 (.data:ti_sysbios_family_arm_m3_Timer_Module__state__V)
                  20011a54    0000000c     CDIO_CC3200_pem4.oem4 (.data:xdc_runtime_SysMin_Module__state__V)
                  20011a60    00000008     rtsv7M4_T_le_eabi.lib : _lock.obj (.data:$O1$$)
                  20011a68    00000008     drivers_cc32xxware.aem4 : GPIOCC3200.oem4 (.data)
                  20011a70    00000008     CC3200_LAUNCHXL.obj (.data:gpioCallbackFunctions)
                  20011a78    00000008     CDIO_CC3200_pem4.oem4 (.data:ti_sysbios_family_arm_m3_Hwi_Module__root__V)
                  20011a80    00000008     CDIO_CC3200_pem4.oem4 (.data:ti_sysbios_gates_GateHwi_Module__root__V)
                  20011a88    00000008     CDIO_CC3200_pem4.oem4 (.data:ti_sysbios_gates_GateMutex_Module__root__V)
                  20011a90    00000008     CDIO_CC3200_pem4.oem4 (.data:ti_sysbios_heaps_HeapMem_Module__root__V)
                  20011a98    00000008     CDIO_CC3200_pem4.oem4 (.data:ti_sysbios_knl_Clock_Module__root__V)
                  20011aa0    00000008     CDIO_CC3200_pem4.oem4 (.data:ti_sysbios_knl_Queue_Module__root__V)
                  20011aa8    00000008     CDIO_CC3200_pem4.oem4 (.data:ti_sysbios_knl_Semaphore_Module__root__V)
                  20011ab0    00000008     CDIO_CC3200_pem4.oem4 (.data:ti_sysbios_knl_Task_Module__root__V)
                  20011ab8    00000008     CDIO_CC3200_pem4.oem4 (.data:xdc_runtime_Registry_Module__state__V)
                  20011ac0    00000008     CDIO_CC3200_pem4.oem4 (.data:xdc_runtime_Startup_Module__state__V)
                  20011ac8    00000008     CDIO_CC3200_pem4.oem4 (.data:xdc_runtime_System_Module_State_0_atexitHandlers__A)
                  20011ad0    00000008     CDIO_CC3200_pem4.oem4 (.data:xdc_runtime_System_Module__state__V)
                  20011ad8    00000004     CDIO_CC3200.obj (.data)
                  20011adc    00000004     drivers_cc32xxware.aem4 : PWM.oem4 (.data)
                  20011ae0    00000004                             : UART.oem4 (.data)
                  20011ae4    00000004     rtsv7M4_T_le_eabi.lib : stkdepth_vars.obj (.data)
                  20011ae8    00000004     CDIO_CC3200_pem4.oem4 (.data:ti_sysbios_family_arm_m3_Hwi_Module_State_0_excContext__A)
                  20011aec    00000004     CDIO_CC3200_pem4.oem4 (.data:ti_sysbios_family_arm_m3_Hwi_Module_State_0_excStack__A)
                  20011af0    00000004     CDIO_CC3200_pem4.oem4 (.data:ti_sysbios_gates_GateHwi_Object__table__V)
                  20011af4    00000004     CDIO_CC3200_pem4.oem4 (.data:ti_sysbios_knl_Task_Module_State_0_idleTask__A)
                  20011af8    00000004     CDIO_CC3200_pem4.oem4 (.data:xdc_runtime_Memory_Module__state__V)
                  20011afc    00000002     CDIO_CC3200_pem4.oem4 (.data:ti_sysbios_family_arm_m3_Hwi_Module_State_0_excActive__A)
                  20011afe    00000002     CDIO_CC3200_pem4.oem4 (.data:xdc_runtime_Error_Module__state__V)
                  20011b00    00000001     power_cc3200_tirtos.aem4 : PowerCC3200_tirtos.oem4 (.data)

.stack     0    20011b04    00000300     UNINITIALIZED
                  20011b04    00000300     --HOLE--

.bootVecs 
*          0    00000000    00000008     DSECT
                  00000000    00000008     boot.aem4 : boot.oem4 (.bootVecs)

.vecs      0    20004000    00000000     DSECT

xdc.meta   0    00000000    000000f4     COPY SECTION
                  00000000    000000f4     CDIO_CC3200_pem4.oem4 (xdc.meta)

MODULE SUMMARY

       Module                     code    ro data   rw data
       ------                     ----    -------   -------
    .\
       CDIO_CC3200.obj            1556    13        10092  
       CC3200_LAUNCHXL.obj        40      196       388    
       gpio_if.obj                342     0         35     
       rom_pin_mux_config.obj     258     0         0      
    +--+--------------------------+-------+---------+---------+
       Total:                     2196    209       10515  
                                                           
    C:\Users\Gabriel\Documents\GitHub\APA\CDIO_CC3200\Debug\configPkg\package\cfg\
       CDIO_CC3200_pem4.oem4      1786    8214      3348   
    +--+--------------------------+-------+---------+---------+
       Total:                     1786    8214      3348   
                                                           
    C:/ti/tirex-content/tirtos_cc32xx_2_16_00_08/products/CC3200_driverlib_1.1.0/driverlib/ccs/Release/driverlib.a
       prcm.obj                   1208    168       0      
       pin.obj                    406     256       0      
       uart.obj                   524     0         0      
       gpio.obj                   296     0         0      
       timer.obj                  282     0         0      
       flash.obj                  72      0         0      
       cpu.obj                    52      0         0      
       utils.obj                  6       0         0      
    +--+--------------------------+-------+---------+---------+
       Total:                     2846    424       0      
                                                           
    C:/ti/tirex-content/tirtos_cc32xx_2_16_00_08/products/tidrivers_cc32xx_2_16_00_08/packages/ti/drivers/lib/drivers_cc32xxware.aem4
       UARTCC3200.oem4            2546    116       0      
       PowerCC3200.oem4           940     0         384    
       GPIOCC3200.oem4            1040    94        60     
       PWMTimerCC3200.oem4        642     32        0      
       UART.oem4                  148     36        4      
       RingBuf.oem4               164     0         0      
       PWM.oem4                   130     12        4      
       PowerCC3200_asm.oem4       134     0         0      
       List.oem4                  82      0         0      
    +--+--------------------------+-------+---------+---------+
       Total:                     5826    290       452    
                                                           
    C:/ti/tirex-content/tirtos_cc32xx_2_16_00_08/products/tidrivers_cc32xx_2_16_00_08/packages/ti/drivers/lib/power_cc3200_tirtos.aem4
       PowerCC3200_tirtos.oem4    500     0         13     
    +--+--------------------------+-------+---------+---------+
       Total:                     500     0         13     
[...]
2000c009  ClockP_stop                                                
2000c009  ClockP_stopFromISR                                         
2000c013  List_empty                                                 
2000c01d  PWMTimerCC3200_getPeriodCounts                             
2000c027  PWM_setDuty                                                
2000c031  SemaphoreP_post                                            
2000c031  SemaphoreP_postFromClock                                   
2000c031  SemaphoreP_postFromISR                                     
2000c03b  UART_read                                                  
2000c045  UART_write                                                 
2000c04f  xdc_runtime_Memory_HeapProxy_alloc__E                      
2000c059  xdc_runtime_Memory_HeapProxy_free__E                       
2000c063  CC3200_LAUNCHXL_initGPIO                                   
2000c06b  CC3200_LAUNCHXL_initPWM                                    
2000c073  CC3200_LAUNCHXL_initUART                                   
2000c07b  ClockP_Params_init                                         
2000c083  PRCMSleepEnter                                             
2000c08b  PWMTimerCC3200_init                                        
2000c093  SemaphoreP_Params_init                                     
2000c0a3  xdc_runtime_System_Module_startup__E                       
2000c0a9  ti_sysbios_family_arm_m3_Hwi_doSwiRestore__I               
2000c0b1  ti_sysbios_family_arm_m3_Hwi_startup__E                    
2000c0b1  ti_sysbios_hal_Hwi_HwiProxy_startup__E                     
2000c0c1  HwiP_restore                                               
2000c0c1  ti_sysbios_family_arm_m3_Hwi_restoreFxn__E                 
2000c0c1  ti_sysbios_hal_Hwi_HwiProxy_restore__E                     
2000c0c9  ti_sysbios_gates_GateHwi_leave__E                          
2000c0d1  ti_sysbios_heaps_HeapMem_isBlocking__E                     
2000c0d9  ti_sysbios_knl_Clock_stop__E                               
2000c0e1  ti_sysbios_knl_Queue_Instance_init__E                      
2000c0e9  ti_sysbios_family_arm_m3_Timer_getMaxTicks__E              
2000c0f1  ti_sysbios_gates_GateHwi_query__E                          
2000c0f1  xdc_runtime_Main_Module_GateProxy_query__E                 
2000c0f1  xdc_runtime_System_Module_GateProxy_query__E               
2000c0f9  ti_sysbios_BIOS_RtsGateProxy_query__E                      
2000c0f9  ti_sysbios_gates_GateMutex_query__E                        
2000c0f9  ti_sysbios_heaps_HeapMem_Module_GateProxy_query__E         
2000c101  ti_sysbios_knl_Clock_setTimeout__E                         
2000c109  ti_sysbios_knl_Task_startup__E                             
2000c111  ti_sysbios_gates_GateHwi_Instance_init__E                  
2000c119  ti_sysbios_knl_Clock_logTick__E                            
2000c120  task0Stack                                                 
2000e830  ti_sysbios_heaps_HeapMem_Instance_State_0_buf__A           
2000ec30  ti_sysbios_family_arm_m3_Hwi_dispatchTable                 
2000ef40  ti_sysbios_knl_Task_Instance_State_0_stack__A              
2000f140  PowerCC3200_contextSave                                    
2000f26c  __CIOBUF_                                                  
2000f38c  uartCC3200Objects                                          
2000f494  xdc_runtime_SysMin_Module_State_0_outbuf__A                
2000f514  task0Struct                                                
2000f564  uartCC3200RingBuffer                                       
2000f5c4  pwmTimerCC3200Objects                                      
2000f608  steps                                                      
2000f610  g_ucLED1Pin                                                
2000f611  g_ucLED2Pin                                                
2000f612  g_ucLED3Pin                                                
2000f614  xdc_runtime_Text_charTab__A                                
20010d85  ti_sysbios_knl_Clock_tickMode__C                           
20010d86  ti_sysbios_family_arm_m3_Hwi_Module__id__C                 
20010f30  xdc_runtime_Text_nodeTab__A                                
20011064  ti_sysbios_knl_Task_Object__PARAMS__C                      
200110a0  inPinTypes                                                 
200110a6  outPinTypes                                                
200110ae  outPinStrengths                                            
200110d4  ti_sysbios_family_arm_m3_Hwi_Object__PARAMS__C             
20011104  uartCC3200HWAttrs                                          
2001115e  ti_sysbios_family_arm_m3_Timer_Module__id__C               
20011160  PowerCC3200_config                                         
20011188  UARTCC3200_fxnTable                                        
200111b0  ti_sysbios_heaps_HeapMem_Module__FXNS__C                   
200111d8  PWM_config                                                 
200111fc  UART_config                                                
20011220  UART_defaultParams                                         
20011244  ti_sysbios_gates_GateHwi_Module__FXNS__C                   
20011268  ti_sysbios_gates_GateMutex_Module__FXNS__C                 
2001128c  ti_sysbios_heaps_HeapMem_Object__PARAMS__C                 
200112b0  ti_sysbios_knl_Clock_Object__PARAMS__C                     
200112d4  ti_sysbios_knl_Semaphore_Object__PARAMS__C                 
200112f8  PWMTimerCC3200_fxnTable                                    
20011314  PWMTimerCC3200_MAX_PRESCALAR_VALUE                         
20011316  PWMTimerCC3200_MAX_MATCH_VALUE                             
20011318  ti_sysbios_family_arm_m3_Hwi_Object__DESC__C               
20011338  ti_sysbios_gates_GateHwi_Object__DESC__C                   
20011358  ti_sysbios_gates_GateMutex_Object__DESC__C                 
20011378  ti_sysbios_heaps_HeapMem_Object__DESC__C                   
20011398  ti_sysbios_knl_Clock_Object__DESC__C                       
200113b8  ti_sysbios_knl_Queue_Object__DESC__C                       
200113d8  ti_sysbios_knl_Semaphore_Object__DESC__C                   
200113f8  ti_sysbios_knl_Task_Object__DESC__C                        
20011418  xdc_runtime_Startup_sfxnTab__A                             
20011438  ti_sysbios_gates_GateHwi_Object__PARAMS__C                 
20011450  ti_sysbios_gates_GateMutex_Object__PARAMS__C               
20011468  ti_sysbios_knl_Queue_Object__PARAMS__C                     
20011480  GPIOCC3200_config                                          
20011494  pwmTimerCC3200HWAttrs                                      
200114a4  xdc_runtime_Startup_sfxnRts__A                             
200114c1  ti_sysbios_knl_Clock_tickSource__C                         
200114c2  ti_sysbios_gates_GateMutex_Module__id__C                   
200114c4  PWM_defaultParams                                          
200114d0  xdc_runtime_Startup_firstFxns__A                           
200114dc  ti_sysbios_family_arm_m3_Hwi_excHookFuncs__A               
200114e4  ti_sysbios_knl_Idle_funcList__A                            
200114ec  ti_sysbios_knl_Idle_funcList__C                            
200114f4  xdc_runtime_Startup_firstFxns__C                           
200114fc  xdc_runtime_Startup_lastFxns__C                            
20011504  ti_sysbios_family_arm_m3_Hwi_E_NMI__C                      
20011508  ti_sysbios_family_arm_m3_Hwi_E_alreadyDefined__C           
2001150c  ti_sysbios_family_arm_m3_Hwi_E_busFault__C                 
20011510  ti_sysbios_family_arm_m3_Hwi_E_debugMon__C                 
20011514  ti_sysbios_family_arm_m3_Hwi_E_hardFault__C                
20011518  ti_sysbios_family_arm_m3_Hwi_E_memFault__C                 
2001151c  ti_sysbios_family_arm_m3_Hwi_E_noIsr__C                    
20011520  ti_sysbios_family_arm_m3_Hwi_E_reserved__C                 
20011524  ti_sysbios_family_arm_m3_Hwi_E_svCall__C                   
20011528  ti_sysbios_family_arm_m3_Hwi_E_usageFault__C               
2001152c  ti_sysbios_family_arm_m3_Hwi_NUM_INTERRUPTS__C             
20011530  ti_sysbios_family_arm_m3_Hwi_Object__count__C              
20011534  ti_sysbios_family_arm_m3_Hwi_ccr__C                        
20011538  ti_sysbios_family_arm_m3_Hwi_excHandlerFunc__C             
2001153c  ti_sysbios_family_arm_m3_Hwi_excHookFuncs__C               
20011540  ti_sysbios_family_arm_m3_Hwi_nullIsrFunc__C                
20011544  ti_sysbios_family_arm_m3_Hwi_priGroup__C                   
20011548  ti_sysbios_family_arm_m3_TaskSupport_stackAlignment__C     
2001154c  ti_sysbios_family_arm_m3_Timer_E_cannotSupport__C          
20011550  ti_sysbios_family_arm_m3_Timer_startupNeeded__C            
20011554  ti_sysbios_gates_GateMutex_A_badContext__C                 
20011558  ti_sysbios_gates_GateMutex_Instance_State_sem__O           
2001155c  ti_sysbios_gates_GateMutex_Module__diagsEnabled__C         
20011560  ti_sysbios_gates_GateMutex_Module__diagsIncluded__C        
20011564  ti_sysbios_gates_GateMutex_Module__diagsMask__C            
20011568  ti_sysbios_hal_Hwi_E_stackOverflow__C                      
2001156c  ti_sysbios_heaps_HeapMem_A_align__C                        
20011570  ti_sysbios_heaps_HeapMem_A_heapSize__C                     
20011574  ti_sysbios_heaps_HeapMem_A_invalidFree__C                  
20011578  ti_sysbios_heaps_HeapMem_A_zeroBlock__C                    
2001157c  ti_sysbios_heaps_HeapMem_E_memory__C                       
20011580  ti_sysbios_heaps_HeapMem_Module__diagsEnabled__C           
20011584  ti_sysbios_heaps_HeapMem_Module__diagsIncluded__C          
20011588  ti_sysbios_heaps_HeapMem_Module__diagsMask__C              
2001158c  ti_sysbios_heaps_HeapMem_Module__gateObj__C                
20011590  ti_sysbios_heaps_HeapMem_Object__count__C                  
20011594  ti_sysbios_heaps_HeapMem_reqAlign__C                       
20011598  ti_sysbios_knl_Clock_A_badThreadType__C                    
2001159c  ti_sysbios_knl_Clock_Module_State_clockQ__O                
200115a0  ti_sysbios_knl_Clock_Module__diagsEnabled__C               
200115a4  ti_sysbios_knl_Clock_Module__diagsIncluded__C              
200115a8  ti_sysbios_knl_Clock_Module__diagsMask__C                  
200115ac  ti_sysbios_knl_Clock_tickPeriod__C                         
200115b0  ti_sysbios_knl_Semaphore_A_badContext__C                   
200115b4  ti_sysbios_knl_Semaphore_A_noEvents__C                     
200115b8  ti_sysbios_knl_Semaphore_A_overflow__C                     
200115bc  ti_sysbios_knl_Semaphore_A_pendTaskDisabled__C             
200115c0  ti_sysbios_knl_Semaphore_Instance_State_pendQ__O           
200115c4  ti_sysbios_knl_Semaphore_Module__diagsEnabled__C           
200115c8  ti_sysbios_knl_Semaphore_Module__diagsIncluded__C          
200115cc  ti_sysbios_knl_Semaphore_Module__diagsMask__C              
200115d0  ti_sysbios_knl_Swi_Object__count__C                        
200115d4  ti_sysbios_knl_Task_A_badPriority__C                       
200115d8  ti_sysbios_knl_Task_A_badTaskState__C                      
200115dc  ti_sysbios_knl_Task_A_badThreadType__C                     
200115e0  ti_sysbios_knl_Task_A_noPendElem__C                        
200115e4  ti_sysbios_knl_Task_E_spOutOfBounds__C                     
200115e8  ti_sysbios_knl_Task_E_stackOverflow__C                     
200115ec  ti_sysbios_knl_Task_Module_State_inactiveQ__O              
200115f0  ti_sysbios_knl_Task_Module__diagsEnabled__C                
200115f4  ti_sysbios_knl_Task_Module__diagsIncluded__C               
200115f8  ti_sysbios_knl_Task_Module__diagsMask__C                   
200115fc  ti_sysbios_knl_Task_Object__count__C                       
20011600  ti_sysbios_knl_Task_allBlockedFunc__C                      
20011604  ti_sysbios_knl_Task_defaultStackHeap__C                    
20011608  ti_sysbios_knl_Task_defaultStackSize__C                    
2001160c  ti_sysbios_knl_Task_numConstructedTasks__C                 
20011610  xdc_runtime_Assert_E_assertFailed__C                       
20011614  xdc_runtime_Core_A_initializedParams__C                    
20011618  xdc_runtime_Core_Module__diagsEnabled__C                   
2001161c  xdc_runtime_Core_Module__diagsIncluded__C                  
20011620  xdc_runtime_Core_Module__diagsMask__C                      
20011624  xdc_runtime_Error_E_memory__C                              
20011628  xdc_runtime_Error_Module__diagsEnabled__C                  
2001162c  xdc_runtime_Error_Module__diagsIncluded__C                 
20011630  xdc_runtime_Error_Module__diagsMask__C                     
20011634  xdc_runtime_Error_Module__loggerFxn8__C                    
20011638  xdc_runtime_Error_Module__loggerObj__C                     
2001163c  xdc_runtime_Error_policyFxn__C                             
20011640  xdc_runtime_Error_raiseHook__C                             
20011644  xdc_runtime_IGateProvider_Interface__BASE__C               
20011648  xdc_runtime_IHeap_Interface__BASE__C                       
2001164c  xdc_runtime_IModule_Interface__BASE__C                     
20011650  xdc_runtime_Log_L_error__C                                 
20011654  xdc_runtime_Memory_defaultHeapInstance__C                  
20011658  xdc_runtime_Startup_execImpl__C                            
2001165c  xdc_runtime_Startup_maxPasses__C                           
20011660  xdc_runtime_Startup_sfxnRts__C                             
20011664  xdc_runtime_Startup_sfxnTab__C                             
20011668  xdc_runtime_SysMin_bufSize__C                              
2001166c  xdc_runtime_SysMin_outputFunc__C                           
20011670  xdc_runtime_System_Module__gateObj__C                      
20011674  xdc_runtime_System_abortFxn__C                             
20011678  xdc_runtime_System_exitFxn__C                              
2001167c  xdc_runtime_System_extendFxn__C                            
20011680  xdc_runtime_System_maxAtexitHandlers__C                    
20011684  xdc_runtime_Text_charTab__C                                
20011688  xdc_runtime_Text_nameEmpty__C                              
2001168c  xdc_runtime_Text_nameStatic__C                             
20011690  xdc_runtime_Text_nameUnknown__C                            
20011694  xdc_runtime_Text_nodeTab__C                                
20011698  xdc_runtime_Text_visitRopeFxn__C                           
2001169c  ti_sysbios_hal_Hwi_Module__id__C                           
2001169e  ti_sysbios_heaps_HeapMem_Module__id__C                     
200116a0  ti_sysbios_knl_Clock_Module__id__C                         
200116a2  ti_sysbios_knl_Semaphore_Module__id__C                     
200116a4  ti_sysbios_knl_Task_Module__id__C                          
200116a6  xdc_runtime_Core_Module__id__C                             
200116a8  xdc_runtime_Error_Module__loggerDefined__C                 
200116aa  xdc_runtime_Error_maxDepth__C                              
200116ac  xdc_runtime_Memory_Module__id__C                           
200116ae  xdc_runtime_SysMin_flushAtExit__C                          
200116b0  xdc_runtime_Text_charCnt__C                                
200116b2  xdc_runtime_Text_isLoaded__C                               
200116b4  xdc_runtime_Text_registryModsLastId__C                     
200116b6  xdc_runtime_Text_unnamedModsLastId__C                      
200116b8  xdc_runtime_Error_policy__C                                
200116bc  ti_sysbios_knl_Swi_Module_State_0_readyQ__A                
2001173c  ti_sysbios_knl_Task_Module_State_0_readyQ__A               
200117bc  PowerCC3200_module                                         
20011810  ti_sysbios_knl_Task_Object__table__V                       
2001185c  ti_sysbios_knl_Task_Module__state__V                       
200118a0  ti_sysbios_gates_GateMutex_Object__table__V                
200118d8  ti_sysbios_family_arm_m3_Hwi_Module__state__V              
2001190c  ti_sysbios_family_arm_m3_Timer_Object__table__V            
2001193c  ti_sysbios_knl_Swi_Object__table__V                        
2001196c  ti_sysbios_knl_Clock_Module__state__V                      
20011998  ti_sysbios_BIOS_Module__state__V                           
200119bc  ti_sysbios_knl_Swi_Module__state__V                        
200119d8  ti_sysbios_family_arm_m3_Hwi_Object__table__V              
200119f0  ti_sysbios_heaps_HeapMem_Object__table__V                  
20011a08  gpioPinConfigs                                             
20011a30  __TI_cleanup_ptr                                           
20011a34  __TI_dtors_ptr                                             
20011a38  __TI_enable_exit_profile_output                            
20011a3c  g_uiLED1Port                                               
20011a40  g_uiLED2Port                                               
20011a44  g_uiLED3Port                                               
20011a48  ti_sysbios_family_arm_m3_Timer_Module__state__V            
20011a54  xdc_runtime_SysMin_Module__state__V                        
20011a60  _lock                                                      
20011a64  _unlock                                                    
20011a70  gpioCallbackFunctions                                      
20011a78  ti_sysbios_family_arm_m3_Hwi_Module__root__V               
20011a80  ti_sysbios_gates_GateHwi_Module__root__V                   
20011a88  ti_sysbios_gates_GateMutex_Module__root__V                 
20011a90  ti_sysbios_heaps_HeapMem_Module__root__V                   
20011a98  ti_sysbios_knl_Clock_Module__root__V                       
20011aa0  ti_sysbios_knl_Queue_Module__root__V                       
20011aa8  ti_sysbios_knl_Semaphore_Module__root__V                   
20011ab0  ti_sysbios_knl_Task_Module__root__V                        
20011ab8  xdc_runtime_Registry_Module__state__V                      
20011ac0  xdc_runtime_Startup_Module__state__V                       
20011ac8  xdc_runtime_System_Module_State_0_atexitHandlers__A        
20011ad0  xdc_runtime_System_Module__state__V                        
20011ad8  count                                                      
20011ae4  main_func_sp                                               
20011ae8  ti_sysbios_family_arm_m3_Hwi_Module_State_0_excContext__A  
20011aec  ti_sysbios_family_arm_m3_Hwi_Module_State_0_excStack__A    
20011af0  ti_sysbios_gates_GateHwi_Object__table__V                  
20011af4  ti_sysbios_knl_Task_Module_State_0_idleTask__A             
20011af8  xdc_runtime_Memory_Module__state__V                        
20011afc  ti_sysbios_family_arm_m3_Hwi_Module_State_0_excActive__A   
20011afe  xdc_runtime_Error_Module__state__V                         
20011b04  __stack                                                    
20011e04  __STACK_END                                                
20011e08  __TI_static_base__                                         
20012134  __TI_Handler_Table_Base                                    
2001213c  __TI_CINIT_Base                                            
2001213c  __TI_Handler_Table_Limit                                   
2001214c  __TI_CINIT_Limit                                           
e000e000  ti_sysbios_family_arm_m3_Hwi_nvic                          
ffffffff  __TI_pprof_out_hndl                                        
ffffffff  __TI_prof_data_size                                        
ffffffff  __TI_prof_data_start                                       
ffffffff  __binit__                                                  
ffffffff  __c_args__                                                 
ffffffff  binit                                                      
UNDEFED   SHT$$INIT_ARRAY$$Base                                      
UNDEFED   SHT$$INIT_ARRAY$$Limit                                     

[723 symbols]
