******************************************************************************
                  TI ARM Linker PC v15.12.3                    
******************************************************************************
>> Linked Mon Nov 21 12:04:08 2016

OUTPUT FILE NAME:   <empty_CC3200_LAUNCHXL_TI.out>
ENTRY POINT SYMBOL: "_c_int00"  address: 20008e2d


MEMORY CONFIGURATION

         name            origin    length      used     unused   attr    fill
----------------------  --------  ---------  --------  --------  ----  --------
  SRAM                  20004000   0003c000  00009d89  00032277  RW X


SEGMENT ALLOCATION MAP

run origin  load origin   length   init length attrs members
----------  ----------- ---------- ----------- ----- -------
20004000    20004000    000084fa   000084fa    r-x
  20004000    20004000    0000030c   0000030c    r-- .resetVecs
  20004310    20004310    000062ea   000062ea    r-x .text
  2000a5fc    2000a5fc    00001efe   00001efe    r-- .const
2000c500    2000c500    0000157c   00000000    rw-
  2000c500    2000c500    00000e70   00000000    rw- .bss
  2000d370    2000d370    00000409   00000000    rw- .data
  2000d77c    2000d77c    00000300   00000000    rw- .stack
2000da80    2000da80    0000031c   0000031c    r--
  2000da80    2000da80    0000031c   0000031c    r-- .cinit


SECTION ALLOCATION MAP

 output                                  attributes/
section   page    origin      length       input sections
--------  ----  ----------  ----------   ----------------
.text      0    20004310    000062ea     
                  20004310    00000430     sysbios.aem4 : BIOS.obj (.text:ti_sysbios_family_arm_m3_Hwi_excDumpRegs__I)
                  20004740    0000034c     ti.targets.arm.rtsarm.aem4 : System.oem4 (.text:xdc_runtime_System_doPrint__I)
                  20004a8c    00000324     rtsv7M4_T_le_eabi.lib : trgdrv.obj (.text)
                  20004db0    000002c0     sysbios.aem4 : BIOS.obj (.text:ti_sysbios_knl_Semaphore_pend__E)
                  20005070    00000254                  : BIOS.obj (.text:ti_sysbios_heaps_HeapMem_free__E)
                  200052c4    00000004     tirtosport.aem4 : HwiP_tirtos.oem4 (.text:HwiP_disable)
                  200052c8    00000248     sysbios.aem4 : BIOS.obj (.text:ti_sysbios_heaps_HeapMem_alloc__E)
                  20005510    0000022c                  : BIOS.obj (.text:ti_sysbios_knl_Task_Instance_finalize__E)
                  2000573c    00000004     drivers_cc32xxware.aem4 : List.oem4 (.text:List_head)
                  20005740    000001fc     sysbios.aem4 : BIOS.obj (.text:ti_sysbios_family_arm_m3_Hwi_excHandlerMax__I)
                  2000593c    000001f4     rtsv7M4_T_le_eabi.lib : ull_div_t2.obj (.text)
                  20005b30    000001e0     sysbios.aem4 : BIOS.obj (.text:ti_sysbios_knl_Task_sleep__E)
                  20005d10    000001c8                  : BIOS.obj (.text:ti_sysbios_knl_Task_Instance_init__E)
                  20005ed8    00000188     power_cc3200_tirtos.aem4 : PowerCC3200_tirtos.oem4 (.text:PowerCC3200_sleepPolicy)
                  20006060    0000017c     drivers_cc32xxware.aem4 : GPIOCC3200.oem4 (.text:GPIO_setConfig)
                  200061dc    00000004                             : List.oem4 (.text:List_next)
                  200061e0    00000174     sysbios.aem4 : BIOS.obj (.text:ti_sysbios_family_arm_m3_Hwi_excBusFault__I)
                  20006354    00000004     empty_pem4.oem4 (.text:ti_sysbios_BIOS_RtsGateProxy_enter__E)
                  20006358    00000164     sysbios.aem4 : BIOS.obj (.text:ti_sysbios_family_arm_m3_Hwi_excUsageFault__I)
                  200064bc    00000004     empty_pem4.oem4 (.text:ti_sysbios_BIOS_RtsGateProxy_leave__E)
                  200064c0    00000148     sysbios.aem4 : BIOS.obj (.text:ti_sysbios_family_arm_m3_Hwi_excMemFault__I)
                  20006608    0000013c                  : BIOS.obj (.text:ti_sysbios_heaps_HeapMem_Instance_init__E)
                  20006744    00000134     driverlib.a : prcm.obj (.text:PRCMCC3200MCUInit)
                  20006878    00000118     ti.targets.arm.rtsarm.aem4 : Error.oem4 (.text:xdc_runtime_Error_policyDefault__E)
                  20006990    00000100                                : Core-mem.oem4 (.text:xdc_runtime_Core_createObject__I)
                  20006a90    000000f8                                : Startup.oem4 (.text:xdc_runtime_Startup_startMods__I)
                  20006b88    000000f8     empty_pem4.oem4 (.text:xdc_runtime_System_printfExtend__I)
                  20006c80    000000ec     sysbios.aem4 : BIOS.obj (.text:ti_sysbios_knl_Semaphore_post__E)
                  20006d6c    000000d0     drivers_cc32xxware.aem4 : GPIOCC3200.oem4 (.text:powerNotifyFxn)
                  20006e3c    000000d0     sysbios.aem4 : m3_Hwi_asm.obj (.text:ti_sysbios_family_arm_m3_Hwi_dispatch__I)
                  20006f0c    000000cc     ti.targets.arm.rtsarm.aem4 : Core-smem.oem4 (.text:xdc_runtime_Core_constructObject__I)
                  20006fd8    000000c4     empty.obj (.text:main)
                  2000709c    00000004     empty_pem4.oem4 (.text:ti_sysbios_family_arm_m3_TaskSupport_Module__startupDone__S)
                  200070a0    000000bc     sysbios.aem4 : BIOS.obj (.text:ti_sysbios_family_arm_m3_Hwi_excDebugMon__I)
                  2000715c    00000004     empty_pem4.oem4 (.text:ti_sysbios_heaps_HeapMem_Module_GateProxy_enter__E)
                  20007160    000000bc     sysbios.aem4 : BIOS.obj (.text:ti_sysbios_family_arm_m3_Hwi_excHardFault__I)
                  2000721c    00000004     empty_pem4.oem4 (.text:ti_sysbios_heaps_HeapMem_Module_GateProxy_leave__E)
                  20007220    000000b4     sysbios.aem4 : BIOS.obj (.text:ti_sysbios_gates_GateMutex_enter__E)
                  200072d4    00000004     empty_pem4.oem4 (.text:ti_sysbios_knl_Clock_TimerProxy_getMaxTicks__E)
                  200072d8    000000b4     sysbios.aem4 : BIOS.obj (.text:ti_sysbios_knl_Task_checkStacks__E)
                  2000738c    00000004     empty_pem4.oem4 (.text:ti_sysbios_knl_Clock_TimerProxy_setPeriodMicroSecs__E)
                  20007390    000000a8     sysbios.aem4 : BIOS.obj (.text:ti_sysbios_knl_Task_postInit__I)
                  20007438    000000a0     auto_init.aem4 : auto_init.oem4 (.text)
                  200074d8    000000a0     ti.targets.arm.rtsarm.aem4 : Text.oem4 (.text:xdc_runtime_Text_putMod__E)
                  20007578    0000009c     rtsv7M4_T_le_eabi.lib : memcpy_t2.obj (.text)
                  20007614    00000004     empty_pem4.oem4 (.text:ti_sysbios_knl_Clock_TimerProxy_start__E)
                  20007618    0000009c     sysbios.aem4 : BIOS.obj (.text:ti_sysbios_knl_Semaphore_Instance_init__E)
                  200076b4    0000009a     ti.targets.arm.rtsarm.aem4 : Text.oem4 (.text:xdc_runtime_Text_putSite__E)
                  2000774e    00000002     rtsv7M4_T_le_eabi.lib : i_div0.obj (.text)
                  20007750    00000094     sysbios.aem4 : BIOS.obj (.text:ti_sysbios_family_arm_m3_Hwi_Instance_init__E)
                  200077e4    00000090     drivers_cc32xxware.aem4 : PowerCC3200.oem4 (.text:restoreNVICRegs)
                  20007874    00000088     driverlib.a : pin.obj (.text:PinConfigSet)
                  200078fc    00000004     empty_pem4.oem4 (.text:ti_sysbios_knl_Clock_TimerProxy_stop__E)
                  20007900    00000088     sysbios.aem4 : BIOS.obj (.text:ti_sysbios_family_arm_m3_Hwi_initNVIC__E)
                  20007988    00000084     drivers_cc32xxware.aem4 : GPIOCC3200.oem4 (.text:GPIO_init)
                  20007a0c    00000084                             : PowerCC3200.oem4 (.text:saveNVICRegs)
                  20007a90    00000084     sysbios.aem4 : BIOS.obj (.text:ti_sysbios_family_arm_m3_Hwi_postInit__I)
                  20007b14    00000082     driverlib.a : gpio.obj (.text:GPIOIntTypeSet)
                  20007b96    0000007a     rtsv7M4_T_le_eabi.lib : memset_t2.obj (.text)
                  20007c10    00000070     drivers_cc32xxware.aem4 : PowerCC3200.oem4 (.text:Power_sleep)
                  20007c80    0000006d     ti.targets.arm.rtsarm.aem4 : System.oem4 (.text:xdc_runtime_System_formatNum__I)
                  20007ced    00000001     --HOLE-- [fill = 0]
                  20007cee    00000002     empty_pem4.oem4 (.text:ti_sysbios_BIOS_nullFunc__I)
                  20007cf0    0000006c     sysbios.aem4 : BIOS.obj (.text:ti_sysbios_knl_Clock_workFunc__E)
                  20007d5c    00000004     empty_pem4.oem4 (.text:ti_sysbios_knl_Queue_destruct)
                  20007d60    0000006c     sysbios.aem4 : BIOS.obj (.text:ti_sysbios_knl_Swi_restoreHwi__E)
                  20007dcc    00000004     empty_pem4.oem4 (.text:ti_sysbios_knl_Semaphore_destruct)
                  20007dd0    0000006c     sysbios.aem4 : BIOS.obj (.text:ti_sysbios_knl_Task_exit__E)
                  20007e3c    0000006c     ti.targets.arm.rtsarm.aem4 : Error.oem4 (.text:xdc_runtime_Error_print__E)
                  20007ea8    0000006c                                : Memory.oem4 (.text:xdc_runtime_Memory_alloc__E)
                  20007f14    0000006a     rtsv7M4_T_le_eabi.lib : copy_decompress_rle.obj (.text)
                  20007f7e    00000002     empty_pem4.oem4 (.text:xdc_runtime_Startup_reset__I)
                  20007f80    00000068     driverlib.a : prcm.obj (.text:PRCMHibernateWakeUpGPIOSelect)
                  20007fe8    00000068     rtsv7M4_T_le_eabi.lib : trgmsg.obj (.text)
                  20008050    00000066     ti.targets.arm.rtsarm.aem4 : Core-mem.oem4 (.text:xdc_runtime_Core_deleteObject__I)
                  200080b6    00000002     --HOLE-- [fill = 0]
                  200080b8    00000064     drivers_cc32xxware.aem4 : GPIOCC3200.oem4 (.text:GPIO_hwiIntFxn)
                  2000811c    00000004     ti.targets.arm.rtsarm.aem4 : Error.oem4 (.text:xdc_runtime_Error_getSite__E)
                  20008120    00000064     sysbios.aem4 : BIOS.obj (.text:ti_sysbios_family_arm_m3_Hwi_dispatchC__I)
                  20008184    00000062     tirtosport.aem4 : HwiP_tirtos.oem4 (.text:HwiP_create)
                  200081e6    00000002     --HOLE-- [fill = 0]
                  200081e8    00000060     sysbios.aem4 : BIOS.obj (.text:ti_sysbios_knl_Task_schedule__I)
                  20008248    0000005c                  : BIOS.obj (.text:ti_sysbios_knl_Swi_run__I)
                  200082a4    00000004     empty_pem4.oem4 (.text:xdc_runtime_System_Module_GateProxy_enter__E)
                  200082a8    0000005c     sysbios.aem4 : BIOS.obj (.text:ti_sysbios_knl_Swi_schedule__I)
                  20008304    00000004     empty_pem4.oem4 (.text:xdc_runtime_System_Module_GateProxy_leave__E)
                  20008308    0000005c     sysbios.aem4 : BIOS.obj (.text:ti_sysbios_knl_Task_Module_startup__E)
                  20008364    00000004     ti.targets.arm.rtsarm.aem4 : System.oem4 (.text:xdc_runtime_System_aprintf_va__F)
                  20008368    0000005c     sysbios.aem4 : BIOS.obj (.text:ti_sysbios_knl_Task_startCore__E)
                  200083c4    0000005b     ti.targets.arm.rtsarm.aem4 : Text.oem4 (.text:xdc_runtime_Text_putLab__E)
                  2000841f    00000001     --HOLE-- [fill = 0]
                  20008420    00000058     driverlib.a : prcm.obj (.text:PRCMPeripheralReset)
                  20008478    00000058     drivers_cc32xxware.aem4 : PowerCC3200.oem4 (.text:Power_init)
                  200084d0    00000058     empty_pem4.oem4 (.text:ti_sysbios_family_arm_m3_Hwi_construct)
                  20008528    00000054     rtsv7M4_T_le_eabi.lib : exit.obj (.text)
                  2000857c    00000004     ti.targets.arm.rtsarm.aem4 : System.oem4 (.text:xdc_runtime_System_printf_va__F)
                  20008580    00000054     sysbios.aem4 : BIOS.obj (.text:ti_sysbios_family_arm_m3_Timer_setPeriod__E)
                  200085d4    00000004     --HOLE-- [fill = 0]
                  200085d8    00000054                  : BIOS.obj (.text:ti_sysbios_family_arm_m3_Timer_start__E)
                  2000862c    00000054     empty_pem4.oem4 (.text:ti_sysbios_knl_Task_construct)
                  20008680    00000054     ti.targets.arm.rtsarm.aem4 : Assert.oem4 (.text:xdc_runtime_Assert_raise__I)
                  200086d4    00000050     drivers_cc32xxware.aem4 : GPIOCC3200.oem4 (.text:GPIO_toggle)
                  20008724    00000050                             : GPIOCC3200.oem4 (.text:GPIO_write)
                  20008774    00000004     --HOLE-- [fill = 0]
                  20008778    00000050     sysbios.aem4 : BIOS.obj (.text:ti_sysbios_family_arm_m3_Hwi_Module_startup__E)
                  200087c8    00000050     ti.targets.arm.rtsarm.aem4 : Startup.oem4 (.text:xdc_runtime_Startup_exec__E)
                  20008818    00000050                                : Text.oem4 (.text:xdc_runtime_Text_visitRope2__I)
                  20008868    0000004c     drivers_cc32xxware.aem4 : GPIOCC3200.oem4 (.text:GPIO_setCallback)
                  200088b4    0000004c     rtsv7M4_T_le_eabi.lib : cpy_tbl.obj (.text)
                  20008900    0000004c     sysbios.aem4 : m3_TaskSupport_asm.obj (.text:ti_sysbios_family_arm_m3_TaskSupport_buildTaskStack)
                  2000894c    00000004     --HOLE-- [fill = 0]
                  20008950    0000004c                  : BIOS.obj (.text:ti_sysbios_family_arm_m3_Timer_setPeriodMicroSecs__E)
                  2000899c    00000004     --HOLE-- [fill = 0]
                  200089a0    0000004c                  : BIOS.obj (.text:ti_sysbios_heaps_HeapMem_getStats__E)
                  200089ec    00000004     --HOLE-- [fill = 0]
                  200089f0    0000004c                  : BIOS.obj (.text:ti_sysbios_knl_Swi_runLoop__I)
                  20008a3c    00000004     --HOLE-- [fill = 0]
                  20008a40    0000004c                  : BIOS.obj (.text:ti_sysbios_knl_Task_allBlockedFunction__I)
                  20008a8c    00000048     driverlib.a : flash.obj (.text:FlashDisable)
                  20008ad4    00000048                 : prcm.obj (.text:PRCMHibernateWakeupSourceEnable)
                  20008b1c    00000048                 : pin.obj (.text:PinConfigGet)
                  20008b64    00000048     drivers_cc32xxware.aem4 : PowerCC3200.oem4 (.text:notify)
                  20008bac    00000004     --HOLE-- [fill = 0]
                  20008bb0    00000048     sysbios.aem4 : BIOS.obj (.text:ti_sysbios_family_arm_m3_Hwi_disableInterrupt__E)
                  20008bf8    00000048                  : BIOS.obj (.text:ti_sysbios_family_arm_m3_Hwi_enableInterrupt__E)
                  20008c40    00000048                  : BIOS.obj (.text:ti_sysbios_family_arm_m3_Hwi_excReserved__I)
                  20008c88    00000048                  : m3_Hwi_asm_switch.obj (.text:ti_sysbios_family_arm_m3_Hwi_initStacks__E)
                  20008cd0    00000048                  : BIOS.obj (.text:ti_sysbios_family_arm_m3_Timer_initDevice__I)
                  20008d18    00000046     ti.targets.arm.rtsarm.aem4 : Core-params.oem4 (.text:xdc_runtime_Core_assignParams__I)
                  20008d5e    00000002     --HOLE-- [fill = 0]
                  20008d60    00000044     driverlib.a : prcm.obj (.text:PRCMLPDSEnter)
                  20008da4    00000044     rom_pin_mux_config.obj (.text:PinMuxConfig)
                  20008de8    00000044     drivers_cc32xxware.aem4 : PowerCC3200_asm.oem4 (.text:PowerCC3200_enterLPDS)
                  20008e2c    00000044     boot.aem4 : boot.oem4 (.text)
                  20008e70    00000044     sysbios.aem4 : BIOS.obj (.text:ti_sysbios_family_arm_m3_Hwi_getStackInfo__E)
                  20008eb4    00000004     --HOLE-- [fill = 0]
                  20008eb8    00000044                  : BIOS.obj (.text:ti_sysbios_knl_Swi_post__E)
                  20008efc    00000044     ti.targets.arm.rtsarm.aem4 : Error.oem4 (.text:xdc_runtime_Error_setX__E)
                  20008f40    00000044                                : SysMin.oem4 (.text:xdc_runtime_SysMin_flush__E)
                  20008f84    00000044                                : Text.oem4 (.text:xdc_runtime_Text_xprintf__I)
                  20008fc8    00000042     drivers_cc32xxware.aem4 : PowerCC3200_asm.oem4 (.text:PowerCC3200_resumeLPDS)
                  2000900a    00000002     --HOLE-- [fill = 0]
                  2000900c    00000040                             : GPIOCC3200.oem4 (.text:GPIO_enableInt)
                  2000904c    00000040     driverlib.a : pin.obj (.text:PinModeSet)
                  2000908c    00000040     drivers_cc32xxware.aem4 : PowerCC3200.oem4 (.text:Power_setDependency)
                  200090cc    00000040     rtsv7M4_T_le_eabi.lib : u_divt2.obj (.text)
                  2000910c    00000004     --HOLE-- [fill = 0]
                  20009110    00000040     sysbios.aem4 : BIOS.obj (.text:ti_sysbios_family_arm_m3_Timer_Module_startup__E)
                  20009150    0000003c     driverlib.a : prcm.obj (.text:PRCMPeripheralClkEnable)
                  2000918c    0000003c                 : prcm.obj (.text:PRCMSlowClkCtrFastGet)
                  200091c8    0000003c                 : pin.obj (.text:PinDirModeSet)
                  20009204    00000004     --HOLE-- [fill = 0]
                  20009208    0000003c     sysbios.aem4 : BIOS.obj (.text:ti_sysbios_family_arm_m3_Hwi_excSvCall__I)
                  20009244    00000004     --HOLE-- [fill = 0]
                  20009248    0000003c                  : BIOS.obj (.text:ti_sysbios_heaps_HeapMem_init__I)
                  20009284    00000004     --HOLE-- [fill = 0]
                  20009288    0000003c                  : BIOS.obj (.text:ti_sysbios_knl_Clock_walkQueuePeriodic__E)
                  200092c4    00000004     --HOLE-- [fill = 0]
                  200092c8    0000003c                  : BIOS.obj (.text:ti_sysbios_knl_Swi_restore__E)
                  20009304    00000004     --HOLE-- [fill = 0]
                  20009308    0000003c                  : BIOS.obj (.text:ti_sysbios_knl_Swi_startup__E)
                  20009344    00000038     driverlib.a : prcm.obj (.text:PRCMIntEnable)
                  2000937c    00000038     power_cc3200_tirtos.aem4 : PowerCC3200_tirtos.oem4 (.text:PowerCC3200_initPolicy)
                  200093b4    00000004     --HOLE-- [fill = 0]
                  200093b8    00000038     sysbios.aem4 : BIOS.obj (.text:ti_sysbios_family_arm_m3_Hwi_excNoIsr__I)
                  200093f0    00000038                  : BIOS.obj (.text:ti_sysbios_knl_Task_processVitalTaskFlag__I)
                  20009428    00000038     ti.targets.arm.rtsarm.aem4 : SysMin.oem4 (.text:xdc_runtime_SysMin_putch__E)
                  20009460    00000038                                : System.oem4 (.text:xdc_runtime_System_atexit__E)
                  20009498    00000036     driverlib.a : gpio.obj (.text:GPIODirModeSet)
                  200094ce    00000002     --HOLE-- [fill = 0]
                  200094d0    00000034                 : prcm.obj (.text:PRCMPeripheralStatusGet)
                  20009504    00000034                 : prcm.obj (.text:PRCMSRAMRetentionEnable)
                  20009538    00000034     power_cc3200_tirtos.aem4 : PowerCC3200_tirtos.oem4 (.text:getCountsRTC)
                  2000956c    00000034     drivers_cc32xxware.aem4 : PowerCC3200.oem4 (.text:restorePeriphClocks)
                  200095a0    00000034     sysbios.aem4 : BIOS.obj (.text:ti_sysbios_family_arm_m3_Hwi_Instance_finalize__E)
                  200095d4    00000004     --HOLE-- [fill = 0]
                  200095d8    00000034                  : BIOS.obj (.text:ti_sysbios_family_arm_m3_Hwi_excNmi__I)
                  2000960c    00000004     --HOLE-- [fill = 0]
                  20009610    00000034                  : BIOS.obj (.text:ti_sysbios_family_arm_m3_Timer_periodicStub__I)
                  20009644    00000004     --HOLE-- [fill = 0]
                  20009648    00000034                  : BIOS.obj (.text:ti_sysbios_hal_Hwi_checkStack)
                  2000967c    00000034     ti.targets.arm.rtsarm.aem4 : Core-label.oem4 (.text:xdc_runtime_Core_assignLabel__I)
                  200096b0    00000033                                : Text.oem4 (.text:xdc_runtime_Text_printVisFxn__I)
                  200096e3    00000005     --HOLE-- [fill = 0]
                  200096e8    00000032     sysbios.aem4 : BIOS.obj (.text:ti_sysbios_hal_Hwi_initStack)
                  2000971a    00000030     driverlib.a : pin.obj (.text:PinTypeGPIO)
                  2000974a    00000002     --HOLE-- [fill = 0]
                  2000974c    00000030     drivers_cc32xxware.aem4 : PowerCC3200.oem4 (.text:Power_setConstraint)
                  2000977c    00000030     empty_pem4.oem4 (.text:ti_sysbios_BIOS_atExitFunc__I)
                  200097ac    00000004     --HOLE-- [fill = 0]
                  200097b0    00000030     sysbios.aem4 : BIOS.obj (.text:ti_sysbios_family_arm_m3_TaskSupport_start__E)
                  200097e0    00000030     empty_pem4.oem4 (.text:ti_sysbios_gates_GateHwi_Object__create__S)
                  20009810    00000030     empty_pem4.oem4 (.text:ti_sysbios_gates_GateMutex_Object__create__S)
                  20009840    00000030     empty_pem4.oem4 (.text:ti_sysbios_heaps_HeapMem_Object__create__S)
                  20009870    00000030     empty_pem4.oem4 (.text:ti_sysbios_knl_Semaphore_construct)
                  200098a0    00000030     sysbios.aem4 : BIOS.obj (.text:ti_sysbios_knl_Semaphore_pendTimeout__I)
                  200098d0    00000030                  : BIOS.obj (.text:ti_sysbios_knl_Task_unblockI__E)
                  20009900    00000030     ti.targets.arm.rtsarm.aem4 : SysMin.oem4 (.text:xdc_runtime_SysMin_abort__E)
                  20009930    00000030                                : System.oem4 (.text:xdc_runtime_System_processAtExit__E)
                  20009960    0000002c     driverlib.a : prcm.obj (.text:PRCMLPDSIntervalSet)
                  2000998c    0000002c                 : prcm.obj (.text:PRCMSysResetCauseGet)
                  200099b8    0000002c     empty_pem4.oem4 (.text:ti_sysbios_knl_Clock_doTick__I)
                  200099e4    0000002c     empty_pem4.oem4 (.text:ti_sysbios_knl_Queue_construct)
                  20009a10    0000002c     sysbios.aem4 : BIOS.obj (.text:ti_sysbios_knl_Task_restore__E)
                  20009a3c    0000002c     ti.targets.arm.rtsarm.aem4 : Text.oem4 (.text:xdc_runtime_Text_cordText__E)
                  20009a68    0000002a                                : System.oem4 (.text:xdc_runtime_System_putchar__I)
                  20009a92    00000002     --HOLE-- [fill = 0]
                  20009a94    00000028     driverlib.a : prcm.obj (.text:PRCMLPDSWakeupSourceEnable)
                  20009abc    00000028                 : prcm.obj (.text:PRCMPeripheralClkDisable)
                  20009ae4    00000028     drivers_cc32xxware.aem4 : PowerCC3200.oem4 (.text:Power_registerNotify)
                  20009b0c    00000004     --HOLE-- [fill = 0]
                  20009b10    00000028     sysbios.aem4 : BIOS.obj (.text:ti_sysbios_knl_Swi_Module_startup__E)
                  20009b38    00000026     drivers_cc32xxware.aem4 : List.oem4 (.text:List_put)
                  20009b5e    00000026     ti.targets.arm.rtsarm.aem4 : System.oem4 (.text:xdc_runtime_System_avprintf__E)
                  20009b84    00000024     driverlib.a : prcm.obj (.text:PRCMLPDSWakeUpGPIOSelect)
                  20009ba8    00000024     empty_pem4.oem4 (.text:ti_sysbios_BIOS_errorRaiseHook__I)
                  20009bcc    00000024     empty_pem4.oem4 (.text:ti_sysbios_BIOS_registerRTSLock__I)
                  20009bf0    00000024     empty_pem4.oem4 (.text:ti_sysbios_BIOS_removeRTSLock__I)
                  20009c14    00000024     empty_pem4.oem4 (.text:ti_sysbios_BIOS_startFunc__I)
                  20009c38    00000024     sysbios.aem4 : BIOS.obj (.text:ti_sysbios_family_arm_m3_Hwi_doTaskRestore__I)
                  20009c5c    00000004     --HOLE-- [fill = 0]
                  20009c60    00000024                  : BIOS.obj (.text:ti_sysbios_family_arm_m3_Timer_startup__E)
                  20009c84    00000024     empty_pem4.oem4 (.text:ti_sysbios_gates_GateMutex_Object__delete__S)
                  20009ca8    00000024     sysbios.aem4 : BIOS.obj (.text:ti_sysbios_knl_Clock_Module_startup__E)
                  20009ccc    00000024     ti.targets.arm.rtsarm.aem4 : System.oem4 (.text:xdc_runtime_System_vprintf__E)
                  20009cf0    00000022     driverlib.a : gpio.obj (.text:GPIOIntStatus)
                  20009d12    00000022     empty_pem4.oem4 (.text:xdc_runtime_SysMin_output__I)
                  20009d34    00000020     driverlib.a : gpio.obj (.text:GPIOPinWrite)
                  20009d54    00000020                 : prcm.obj (.text:PRCMLPDSRestoreInfoSet)
                  20009d74    00000020     drivers_cc32xxware.aem4 : PowerCC3200.oem4 (.text:Power_idleFunc)
                  20009d94    00000020     empty_pem4.oem4 (.text:ti_sysbios_BIOS_rtsLock__I)
                  20009db4    00000020     sysbios.aem4 : m3_Hwi_asm.obj (.text:ti_sysbios_family_arm_m3_Hwi_excHandlerAsm__I)
                  20009dd4    00000004     --HOLE-- [fill = 0]
                  20009dd8    00000020                  : BIOS.obj (.text:ti_sysbios_family_arm_m3_Hwi_excHandler__I)
                  20009df8    00000020     empty_pem4.oem4 (.text:ti_sysbios_gates_GateHwi_Object__delete__S)
                  20009e18    00000020     empty_pem4.oem4 (.text:ti_sysbios_heaps_HeapMem_Object__delete__S)
                  20009e38    00000020     sysbios.aem4 : BIOS.obj (.text:ti_sysbios_knl_Idle_run__E)
                  20009e58    00000020     empty_pem4.oem4 (.text:ti_sysbios_knl_Semaphore_Object__destruct__S)
                  20009e78    00000020     ti.targets.arm.rtsarm.aem4 : Registry.oem4 (.text:xdc_runtime_Registry_findById__E)
                  20009e98    00000020                                : SysMin.oem4 (.text:xdc_runtime_SysMin_Module_startup__E)
                  20009eb8    0000001e     sysbios.aem4 : m3_Hwi_asm_switch.obj (.text:ti_sysbios_family_xxx_Hwi_switchAndRunFunc)
                  20009ed6    00000002     --HOLE-- [fill = 0]
                  20009ed8    0000001c                  : BIOS.obj (.text:ti_sysbios_family_arm_m3_Timer_stop__E)
                  20009ef4    00000004     --HOLE-- [fill = 0]
                  20009ef8    0000001c                  : BIOS.obj (.text:ti_sysbios_gates_GateMutex_Instance_init__E)
                  20009f14    0000001c     empty_pem4.oem4 (.text:ti_sysbios_knl_Queue_Object__destruct__S)
                  20009f30    0000001c     sysbios.aem4 : BIOS.obj (.text:ti_sysbios_knl_Task_enter__I)
                  20009f4c    0000001c     ti.targets.arm.rtsarm.aem4 : Error.oem4 (.text:xdc_runtime_Error_raiseX__E)
                  20009f68    0000001c                                : Memory.oem4 (.text:xdc_runtime_Memory_valloc__E)
                  20009f84    0000001c                                : SysMin.oem4 (.text:xdc_runtime_SysMin_exit__E)
                  20009fa0    0000001c                                : System.oem4 (.text:xdc_runtime_System_abort__E)
                  20009fbc    0000001a     driverlib.a : gpio.obj (.text:GPIOIntEnable)
                  20009fd6    0000001a     empty_pem4.oem4 (.text:ti_sysbios_family_arm_m3_Hwi_Handle__label__S)
                  20009ff0    0000001a     sysbios.aem4 : m3_Hwi_asm.obj (.text:ti_sysbios_family_arm_m3_Hwi_pendSV__I)
                  2000a00a    0000001a     empty_pem4.oem4 (.text:ti_sysbios_gates_GateHwi_Handle__label__S)
                  2000a024    0000001a     empty_pem4.oem4 (.text:ti_sysbios_gates_GateMutex_Handle__label__S)
                  2000a03e    0000001a     empty_pem4.oem4 (.text:ti_sysbios_heaps_HeapMem_Handle__label__S)
                  2000a058    0000001a     empty_pem4.oem4 (.text:ti_sysbios_knl_Swi_Handle__label__S)
                  2000a072    0000001a     empty_pem4.oem4 (.text:ti_sysbios_knl_Task_Handle__label__S)
                  2000a08c    0000001a     empty_pem4.oem4 (.text:xdc_runtime_System_aprintf__E)
                  2000a0a6    0000001a     empty_pem4.oem4 (.text:xdc_runtime_System_printf__E)
                  2000a0c0    00000018     driverlib.a : gpio.obj (.text:GPIOPinRead)
                  2000a0d8    00000018     rtsv7M4_T_le_eabi.lib : args_main.obj (.text)
                  2000a0f0    00000018                           : ll_mul_t2.obj (.text)
                  2000a108    00000018     empty_pem4.oem4 (.text:ti_sysbios_BIOS_rtsUnlock__I)
                  2000a120    00000018     empty_pem4.oem4 (.text:ti_sysbios_family_arm_m3_Hwi_Module__startupDone__F)
                  2000a138    00000018     empty_pem4.oem4 (.text:ti_sysbios_family_arm_m3_Timer_Module__startupDone__F)
                  2000a150    00000018     sysbios.aem4 : BIOS.obj (.text:ti_sysbios_gates_GateMutex_leave__E)
                  2000a168    00000018                  : BIOS.obj (.text:ti_sysbios_knl_Task_sleepTimeout__I)
                  2000a180    00000018     ti.targets.arm.rtsarm.aem4 : Error.oem4 (.text:xdc_runtime_Error_check__E)
                  2000a198    00000018                                : System.oem4 (.text:xdc_runtime_System_exit__E)
                  2000a1b0    00000018                                : Text.oem4 (.text:xdc_runtime_Text_ropeText__E)
                  2000a1c8    00000016     driverlib.a : prcm.obj (.text:PRCMHIBRegRead)
                  2000a1de    00000016                 : prcm.obj (.text:PRCMHIBRegWrite)
                  2000a1f4    00000016     empty_pem4.oem4 (.text:ti_sysbios_BIOS_exitFunc__I)
                  2000a20a    00000016     empty.obj (.text:ti_sysbios_knl_Task_Params_init)
                  2000a220    00000014     driverlib.a : cpu.obj (.text:CPUcpsid)
                  2000a234    00000014                 : cpu.obj (.text:CPUcpsie)
                  2000a248    00000014                 : gpio.obj (.text:GPIOIntClear)
                  2000a25c    00000014     empty.obj (.text:heartBeatFxn)
                  2000a270    00000014     rtsv7M4_T_le_eabi.lib : _lock.obj (.text)
                  2000a284    00000014                           : strcpy.obj (.text)
                  2000a298    00000014                           : strlen.obj (.text)
                  2000a2ac    00000014     empty_pem4.oem4 (.text:ti_sysbios_family_arm_m3_Hwi_Object__get__S)
                  2000a2c0    00000014     sysbios.aem4 : BIOS.obj (.text:ti_sysbios_family_arm_m3_Hwi_switchFromBootStack__E)
                  2000a2d4    00000014     empty_pem4.oem4 (.text:ti_sysbios_heaps_HeapMem_Object__get__S)
                  2000a2e8    00000014     sysbios.aem4 : BIOS.obj (.text:ti_sysbios_knl_Clock_tickReconfig__E)
                  2000a2fc    00000014     empty_pem4.oem4 (.text:ti_sysbios_knl_Swi_Object__get__S)
                  2000a310    00000012     sysbios.aem4 : BIOS.obj (.text:ti_sysbios_hal_Hwi_Module_startup__E)
                  2000a322    00000012     empty_pem4.oem4 (.text:xdc_runtime_Startup_exec__I)
                  2000a334    00000010     CC3200_LAUNCHXL.obj (.text:CC3200_LAUNCHXL_initGeneral)
                  2000a344    00000004     --HOLE-- [fill = 0]
                  2000a348    00000010     sysbios.aem4 : BIOS.obj (.text:ti_sysbios_BIOS_setThreadType__E)
                  2000a358    00000010                  : BIOS.obj (.text:ti_sysbios_BIOS_start__E)
                  2000a368    00000010                  : m3_TaskSupport_asm.obj (.text:ti_sysbios_family_arm_m3_TaskSupport_glue)
                  2000a378    00000010                  : m3_TaskSupport_asm.obj (.text:ti_sysbios_family_arm_m3_TaskSupport_swap__E)
                  2000a388    00000010                  : BIOS.obj (.text:ti_sysbios_gates_GateMutex_Instance_finalize__E)
                  2000a398    00000010                  : BIOS.obj (.text:ti_sysbios_knl_Semaphore_Instance_finalize__E)
                  2000a3a8    00000010                  : BIOS.obj (.text:ti_sysbios_knl_Swi_disable__E)
                  2000a3b8    00000010     empty_pem4.oem4 (.text:ti_sysbios_knl_Task_Object__get__S)
                  2000a3c8    00000010     sysbios.aem4 : BIOS.obj (.text:ti_sysbios_knl_Task_disable__E)
                  2000a3d8    00000010     ti.targets.arm.rtsarm.aem4 : Gate.oem4 (.text:xdc_runtime_Gate_leaveSystem__E)
                  2000a3e8    00000010                                : Memory.oem4 (.text:xdc_runtime_Memory_free__E)
                  2000a3f8    00000010                                : SysMin.oem4 (.text:xdc_runtime_SysMin_ready__E)
                  2000a408    00000010                                : System.oem4 (.text:xdc_runtime_System_vsnprintf__E)
                  2000a418    00000010     empty_pem4.oem4 (.text:xdc_runtime_Text_visitRope__I)
                  2000a428    0000000e     tirtosport.aem4 : HwiP_tirtos.oem4 (.text:HwiP_Params_init)
                  2000a436    0000000e     rtsv7M4_T_le_eabi.lib : copy_decompress_none.obj (.text:decompress:none)
                  2000a444    00000004     --HOLE-- [fill = 0]
                  2000a448    0000000e     sysbios.aem4 : BIOS.obj (.text:ti_sysbios_knl_Idle_loop__E)
                  2000a456    00000002     --HOLE-- [fill = 0]
                  2000a458    0000000e                  : BIOS.obj (.text:ti_sysbios_knl_Queue_empty__E)
                  2000a466    0000000c     driverlib.a : cpu.obj (.text:CPUwfi)
                  2000a472    00000002     --HOLE-- [fill = 0]
                  2000a474    0000000c     drivers_cc32xxware.aem4 : PowerCC3200.oem4 (.text:Power_getConstraintMask)
                  2000a480    0000000c                             : PowerCC3200.oem4 (.text:Power_getDependencyCount)
                  2000a48c    0000000c     empty_pem4.oem4 (.text:ti_sysbios_family_arm_m3_Hwi_Params__init__S)
                  2000a498    0000000c     sysbios.aem4 : BIOS.obj (.text:ti_sysbios_family_arm_m3_Hwi_disableFxn__E)
                  2000a4a4    00000004     --HOLE-- [fill = 0]
                  2000a4a8    0000000c                  : BIOS.obj (.text:ti_sysbios_family_arm_m3_TaskSupport_checkStack__E)
                  2000a4b4    00000004     --HOLE-- [fill = 0]
                  2000a4b8    0000000c                  : BIOS.obj (.text:ti_sysbios_family_arm_m3_TaskSupport_getStackAlignment__E)
                  2000a4c4    00000004     --HOLE-- [fill = 0]
                  2000a4c8    0000000c                  : BIOS.obj (.text:ti_sysbios_gates_GateHwi_enter__E)
                  2000a4d4    00000004     --HOLE-- [fill = 0]
                  2000a4d8    0000000c                  : BIOS.obj (.text:ti_sysbios_knl_Clock_getTicks__E)
                  2000a4e4    00000004     --HOLE-- [fill = 0]
                  2000a4e8    0000000c                  : BIOS.obj (.text:ti_sysbios_knl_Clock_setTicks__E)
                  2000a4f4    00000004     --HOLE-- [fill = 0]
                  2000a4f8    0000000c                  : BIOS.obj (.text:ti_sysbios_knl_Clock_tickStart__E)
                  2000a504    00000004     --HOLE-- [fill = 0]
                  2000a508    0000000c                  : BIOS.obj (.text:ti_sysbios_knl_Clock_tickStop__E)
                  2000a514    0000000c     empty_pem4.oem4 (.text:ti_sysbios_knl_Queue_Object__get__S)
                  2000a520    0000000c     empty_pem4.oem4 (.text:ti_sysbios_knl_Task_Params__init__S)
                  2000a52c    0000000c     ti.targets.arm.rtsarm.aem4 : Error.oem4 (.text:xdc_runtime_Error_init__E)
                  2000a538    0000000c                                : Gate.oem4 (.text:xdc_runtime_Gate_enterSystem__E)
                  2000a544    0000000c                                : Memory.oem4 (.text:xdc_runtime_Memory_calloc__E)
                  2000a550    0000000c                                : Memory.oem4 (.text:xdc_runtime_Memory_getMaxDefaultTypeAlign__E)
                  2000a55c    0000000a     drivers_cc32xxware.aem4 : List.oem4 (.text:List_empty)
                  2000a566    0000000a     empty_pem4.oem4 (.text:xdc_runtime_IHeap_alloc)
                  2000a570    0000000a     empty_pem4.oem4 (.text:xdc_runtime_IHeap_free)
                  2000a57a    00000008     CC3200_LAUNCHXL.obj (.text:CC3200_LAUNCHXL_initGPIO)
                  2000a582    00000008     driverlib.a : prcm.obj (.text:PRCMSleepEnter)
                  2000a58a    00000006                 : utils.obj (.text:UtilsDelay)
                  2000a590    00000008     sysbios.aem4 : BIOS.obj (.text:ti_sysbios_family_arm_m3_Hwi_doSwiRestore__I)
                  2000a598    00000008                  : BIOS.obj (.text:ti_sysbios_family_arm_m3_Hwi_startup__E)
                  2000a5a0    00000006     rtsv7M4_T_le_eabi.lib : copy_decompress_rle.obj (.text:decompress:rle24)
                  2000a5a6    00000002     --HOLE-- [fill = 0]
                  2000a5a8    00000006     sysbios.aem4 : BIOS.obj (.text:ti_sysbios_family_arm_m3_Hwi_restoreFxn__E)
                  2000a5ae    00000002     --HOLE-- [fill = 0]
                  2000a5b0    00000006                  : BIOS.obj (.text:ti_sysbios_gates_GateHwi_leave__E)
                  2000a5b6    00000002     --HOLE-- [fill = 0]
                  2000a5b8    00000006                  : BIOS.obj (.text:ti_sysbios_heaps_HeapMem_isBlocking__E)
                  2000a5be    00000002     --HOLE-- [fill = 0]
                  2000a5c0    00000006                  : BIOS.obj (.text:ti_sysbios_knl_Queue_Instance_init__E)
                  2000a5c6    00000006     ti.targets.arm.rtsarm.aem4 : System.oem4 (.text:xdc_runtime_System_Module_startup__E)
                  2000a5cc    00000004     --HOLE-- [fill = 0]
                  2000a5d0    00000004     sysbios.aem4 : BIOS.obj (.text:ti_sysbios_family_arm_m3_Timer_getMaxTicks__E)
                  2000a5d4    00000004     --HOLE-- [fill = 0]
                  2000a5d8    00000004                  : BIOS.obj (.text:ti_sysbios_gates_GateHwi_query__E)
                  2000a5dc    00000004     --HOLE-- [fill = 0]
                  2000a5e0    00000004                  : BIOS.obj (.text:ti_sysbios_gates_GateMutex_query__E)
                  2000a5e4    00000004     --HOLE-- [fill = 0]
                  2000a5e8    00000004                  : BIOS.obj (.text:ti_sysbios_knl_Task_startup__E)
                  2000a5ec    00000004     --HOLE-- [fill = 0]
                  2000a5f0    00000002                  : BIOS.obj (.text:ti_sysbios_gates_GateHwi_Instance_init__E)
                  2000a5f2    00000006     --HOLE-- [fill = 0]
                  2000a5f8    00000002                  : BIOS.obj (.text:ti_sysbios_knl_Clock_logTick__E)

.const     0    2000a5fc    00001efe     
                  2000a5fc    00001771     empty_pem4.oem4 (.const:xdc_runtime_Text_charTab__A)
                  2000bd6d    00000001     empty_pem4.oem4 (.const:ti_sysbios_knl_Clock_tickMode__C)
                  2000bd6e    00000002     empty_pem4.oem4 (.const:ti_sysbios_family_arm_m3_Hwi_Module__id__C)
                  2000bd70    00000100     driverlib.a : pin.obj (.const:g_ulPinToPadMap)
                  2000be70    000000a8                 : prcm.obj (.const:PRCM_PeriphRegsList)
                  2000bf18    000000a0     empty_pem4.oem4 (.const:xdc_runtime_Text_nodeTab__A)
                  2000bfb8    00000048     empty_pem4.oem4 (.const:.string)
                  2000c000    0000003c     empty_pem4.oem4 (.const:ti_sysbios_knl_Task_Object__PARAMS__C)
                  2000c03c    00000034     drivers_cc32xxware.aem4 : GPIOCC3200.oem4 (.const)
                  2000c070    00000030     empty_pem4.oem4 (.const:ti_sysbios_family_arm_m3_Hwi_Object__PARAMS__C)
                  2000c0a0    0000002a     drivers_cc32xxware.aem4 : GPIOCC3200.oem4 (.const:.string)
                  2000c0ca    00000002     empty_pem4.oem4 (.const:ti_sysbios_family_arm_m3_Timer_Module__id__C)
                  2000c0cc    00000028     CC3200_LAUNCHXL.obj (.const:PowerCC3200_config)
                  2000c0f4    00000028     empty_pem4.oem4 (.const:ti_sysbios_heaps_HeapMem_Module__FXNS__C)
                  2000c11c    00000024     empty_pem4.oem4 (.const:ti_sysbios_gates_GateHwi_Module__FXNS__C)
                  2000c140    00000024     empty_pem4.oem4 (.const:ti_sysbios_gates_GateMutex_Module__FXNS__C)
                  2000c164    00000024     empty_pem4.oem4 (.const:ti_sysbios_heaps_HeapMem_Object__PARAMS__C)
                  2000c188    00000024     empty_pem4.oem4 (.const:ti_sysbios_knl_Semaphore_Object__PARAMS__C)
                  2000c1ac    00000020     empty_pem4.oem4 (.const:ti_sysbios_family_arm_m3_Hwi_Object__DESC__C)
                  2000c1cc    00000020     empty_pem4.oem4 (.const:ti_sysbios_gates_GateHwi_Object__DESC__C)
                  2000c1ec    00000020     empty_pem4.oem4 (.const:ti_sysbios_gates_GateMutex_Object__DESC__C)
                  2000c20c    00000020     empty_pem4.oem4 (.const:ti_sysbios_heaps_HeapMem_Object__DESC__C)
                  2000c22c    00000020     empty_pem4.oem4 (.const:ti_sysbios_knl_Queue_Object__DESC__C)
                  2000c24c    00000020     empty_pem4.oem4 (.const:ti_sysbios_knl_Semaphore_Object__DESC__C)
                  2000c26c    00000020     empty_pem4.oem4 (.const:ti_sysbios_knl_Task_Object__DESC__C)
                  2000c28c    00000020     empty_pem4.oem4 (.const:xdc_runtime_Startup_sfxnTab__A)
                  2000c2ac    00000018     empty_pem4.oem4 (.const:ti_sysbios_gates_GateHwi_Object__PARAMS__C)
                  2000c2c4    00000018     empty_pem4.oem4 (.const:ti_sysbios_gates_GateMutex_Object__PARAMS__C)
                  2000c2dc    00000018     empty_pem4.oem4 (.const:ti_sysbios_knl_Queue_Object__PARAMS__C)
                  2000c2f4    00000014     CC3200_LAUNCHXL.obj (.const:GPIOCC3200_config)
                  2000c308    00000010     empty_pem4.oem4 (.const:xdc_runtime_Startup_sfxnRts__A)
                  2000c318    0000000c     empty_pem4.oem4 (.const:xdc_runtime_Startup_firstFxns__A)
                  2000c324    00000008     empty_pem4.oem4 (.const:ti_sysbios_family_arm_m3_Hwi_excHookFuncs__A)
                  2000c32c    00000008     empty_pem4.oem4 (.const:ti_sysbios_knl_Idle_funcList__A)
                  2000c334    00000008     empty_pem4.oem4 (.const:ti_sysbios_knl_Idle_funcList__C)
                  2000c33c    00000008     empty_pem4.oem4 (.const:xdc_runtime_Startup_firstFxns__C)
                  2000c344    00000008     empty_pem4.oem4 (.const:xdc_runtime_Startup_lastFxns__C)
                  2000c34c    00000004     empty_pem4.oem4 (.const:ti_sysbios_family_arm_m3_Hwi_E_NMI__C)
                  2000c350    00000004     empty_pem4.oem4 (.const:ti_sysbios_family_arm_m3_Hwi_E_alreadyDefined__C)
                  2000c354    00000004     empty_pem4.oem4 (.const:ti_sysbios_family_arm_m3_Hwi_E_busFault__C)
                  2000c358    00000004     empty_pem4.oem4 (.const:ti_sysbios_family_arm_m3_Hwi_E_debugMon__C)
                  2000c35c    00000004     empty_pem4.oem4 (.const:ti_sysbios_family_arm_m3_Hwi_E_hardFault__C)
                  2000c360    00000004     empty_pem4.oem4 (.const:ti_sysbios_family_arm_m3_Hwi_E_memFault__C)
                  2000c364    00000004     empty_pem4.oem4 (.const:ti_sysbios_family_arm_m3_Hwi_E_noIsr__C)
                  2000c368    00000004     empty_pem4.oem4 (.const:ti_sysbios_family_arm_m3_Hwi_E_reserved__C)
                  2000c36c    00000004     empty_pem4.oem4 (.const:ti_sysbios_family_arm_m3_Hwi_E_svCall__C)
                  2000c370    00000004     empty_pem4.oem4 (.const:ti_sysbios_family_arm_m3_Hwi_E_usageFault__C)
                  2000c374    00000004     empty_pem4.oem4 (.const:ti_sysbios_family_arm_m3_Hwi_NUM_INTERRUPTS__C)
                  2000c378    00000004     empty_pem4.oem4 (.const:ti_sysbios_family_arm_m3_Hwi_Object__count__C)
                  2000c37c    00000004     empty_pem4.oem4 (.const:ti_sysbios_family_arm_m3_Hwi_ccr__C)
                  2000c380    00000004     empty_pem4.oem4 (.const:ti_sysbios_family_arm_m3_Hwi_excHandlerFunc__C)
                  2000c384    00000004     empty_pem4.oem4 (.const:ti_sysbios_family_arm_m3_Hwi_excHookFuncs__C)
                  2000c388    00000004     empty_pem4.oem4 (.const:ti_sysbios_family_arm_m3_Hwi_nullIsrFunc__C)
                  2000c38c    00000004     empty_pem4.oem4 (.const:ti_sysbios_family_arm_m3_Hwi_priGroup__C)
                  2000c390    00000004     empty_pem4.oem4 (.const:ti_sysbios_family_arm_m3_TaskSupport_stackAlignment__C)
                  2000c394    00000004     empty_pem4.oem4 (.const:ti_sysbios_family_arm_m3_Timer_E_cannotSupport__C)
                  2000c398    00000004     empty_pem4.oem4 (.const:ti_sysbios_family_arm_m3_Timer_startupNeeded__C)
                  2000c39c    00000004     empty_pem4.oem4 (.const:ti_sysbios_gates_GateMutex_A_badContext__C)
                  2000c3a0    00000004     empty_pem4.oem4 (.const:ti_sysbios_gates_GateMutex_Instance_State_sem__O)
                  2000c3a4    00000004     empty_pem4.oem4 (.const:ti_sysbios_gates_GateMutex_Module__diagsEnabled__C)
                  2000c3a8    00000004     empty_pem4.oem4 (.const:ti_sysbios_gates_GateMutex_Module__diagsIncluded__C)
                  2000c3ac    00000004     empty_pem4.oem4 (.const:ti_sysbios_gates_GateMutex_Module__diagsMask__C)
                  2000c3b0    00000004     empty_pem4.oem4 (.const:ti_sysbios_hal_Hwi_E_stackOverflow__C)
                  2000c3b4    00000004     empty_pem4.oem4 (.const:ti_sysbios_heaps_HeapMem_A_align__C)
                  2000c3b8    00000004     empty_pem4.oem4 (.const:ti_sysbios_heaps_HeapMem_A_heapSize__C)
                  2000c3bc    00000004     empty_pem4.oem4 (.const:ti_sysbios_heaps_HeapMem_A_invalidFree__C)
                  2000c3c0    00000004     empty_pem4.oem4 (.const:ti_sysbios_heaps_HeapMem_A_zeroBlock__C)
                  2000c3c4    00000004     empty_pem4.oem4 (.const:ti_sysbios_heaps_HeapMem_E_memory__C)
                  2000c3c8    00000004     empty_pem4.oem4 (.const:ti_sysbios_heaps_HeapMem_Module__diagsEnabled__C)
                  2000c3cc    00000004     empty_pem4.oem4 (.const:ti_sysbios_heaps_HeapMem_Module__diagsIncluded__C)
                  2000c3d0    00000004     empty_pem4.oem4 (.const:ti_sysbios_heaps_HeapMem_Module__diagsMask__C)
                  2000c3d4    00000004     empty_pem4.oem4 (.const:ti_sysbios_heaps_HeapMem_Module__gateObj__C)
                  2000c3d8    00000004     empty_pem4.oem4 (.const:ti_sysbios_heaps_HeapMem_Object__count__C)
                  2000c3dc    00000004     empty_pem4.oem4 (.const:ti_sysbios_heaps_HeapMem_reqAlign__C)
                  2000c3e0    00000004     empty_pem4.oem4 (.const:ti_sysbios_knl_Clock_Module_State_clockQ__O)
                  2000c3e4    00000004     empty_pem4.oem4 (.const:ti_sysbios_knl_Clock_tickPeriod__C)
                  2000c3e8    00000004     empty_pem4.oem4 (.const:ti_sysbios_knl_Semaphore_A_badContext__C)
                  2000c3ec    00000004     empty_pem4.oem4 (.const:ti_sysbios_knl_Semaphore_A_noEvents__C)
                  2000c3f0    00000004     empty_pem4.oem4 (.const:ti_sysbios_knl_Semaphore_A_overflow__C)
                  2000c3f4    00000004     empty_pem4.oem4 (.const:ti_sysbios_knl_Semaphore_A_pendTaskDisabled__C)
                  2000c3f8    00000004     empty_pem4.oem4 (.const:ti_sysbios_knl_Semaphore_Instance_State_pendQ__O)
                  2000c3fc    00000004     empty_pem4.oem4 (.const:ti_sysbios_knl_Semaphore_Module__diagsEnabled__C)
                  2000c400    00000004     empty_pem4.oem4 (.const:ti_sysbios_knl_Semaphore_Module__diagsIncluded__C)
                  2000c404    00000004     empty_pem4.oem4 (.const:ti_sysbios_knl_Semaphore_Module__diagsMask__C)
                  2000c408    00000004     empty_pem4.oem4 (.const:ti_sysbios_knl_Swi_Object__count__C)
                  2000c40c    00000004     empty_pem4.oem4 (.const:ti_sysbios_knl_Task_A_badPriority__C)
                  2000c410    00000004     empty_pem4.oem4 (.const:ti_sysbios_knl_Task_A_badTaskState__C)
                  2000c414    00000004     empty_pem4.oem4 (.const:ti_sysbios_knl_Task_A_badThreadType__C)
                  2000c418    00000004     empty_pem4.oem4 (.const:ti_sysbios_knl_Task_A_badTimeout__C)
                  2000c41c    00000004     empty_pem4.oem4 (.const:ti_sysbios_knl_Task_A_noPendElem__C)
                  2000c420    00000004     empty_pem4.oem4 (.const:ti_sysbios_knl_Task_A_sleepTaskDisabled__C)
                  2000c424    00000004     empty_pem4.oem4 (.const:ti_sysbios_knl_Task_E_spOutOfBounds__C)
                  2000c428    00000004     empty_pem4.oem4 (.const:ti_sysbios_knl_Task_E_stackOverflow__C)
                  2000c42c    00000004     empty_pem4.oem4 (.const:ti_sysbios_knl_Task_Module_State_inactiveQ__O)
                  2000c430    00000004     empty_pem4.oem4 (.const:ti_sysbios_knl_Task_Module__diagsEnabled__C)
                  2000c434    00000004     empty_pem4.oem4 (.const:ti_sysbios_knl_Task_Module__diagsIncluded__C)
                  2000c438    00000004     empty_pem4.oem4 (.const:ti_sysbios_knl_Task_Module__diagsMask__C)
                  2000c43c    00000004     empty_pem4.oem4 (.const:ti_sysbios_knl_Task_Object__count__C)
                  2000c440    00000004     empty_pem4.oem4 (.const:ti_sysbios_knl_Task_allBlockedFunc__C)
                  2000c444    00000004     empty_pem4.oem4 (.const:ti_sysbios_knl_Task_defaultStackHeap__C)
                  2000c448    00000004     empty_pem4.oem4 (.const:ti_sysbios_knl_Task_defaultStackSize__C)
                  2000c44c    00000004     empty_pem4.oem4 (.const:ti_sysbios_knl_Task_numConstructedTasks__C)
                  2000c450    00000004     empty_pem4.oem4 (.const:xdc_runtime_Assert_E_assertFailed__C)
                  2000c454    00000004     empty_pem4.oem4 (.const:xdc_runtime_Core_A_initializedParams__C)
                  2000c458    00000004     empty_pem4.oem4 (.const:xdc_runtime_Core_Module__diagsEnabled__C)
                  2000c45c    00000004     empty_pem4.oem4 (.const:xdc_runtime_Core_Module__diagsIncluded__C)
                  2000c460    00000004     empty_pem4.oem4 (.const:xdc_runtime_Core_Module__diagsMask__C)
                  2000c464    00000004     empty_pem4.oem4 (.const:xdc_runtime_Error_E_memory__C)
                  2000c468    00000004     empty_pem4.oem4 (.const:xdc_runtime_Error_Module__diagsEnabled__C)
                  2000c46c    00000004     empty_pem4.oem4 (.const:xdc_runtime_Error_Module__diagsIncluded__C)
                  2000c470    00000004     empty_pem4.oem4 (.const:xdc_runtime_Error_Module__diagsMask__C)
                  2000c474    00000004     empty_pem4.oem4 (.const:xdc_runtime_Error_Module__loggerFxn8__C)
                  2000c478    00000004     empty_pem4.oem4 (.const:xdc_runtime_Error_Module__loggerObj__C)
                  2000c47c    00000004     empty_pem4.oem4 (.const:xdc_runtime_Error_policyFxn__C)
                  2000c480    00000004     empty_pem4.oem4 (.const:xdc_runtime_Error_raiseHook__C)
                  2000c484    00000004     empty_pem4.oem4 (.const:xdc_runtime_IGateProvider_Interface__BASE__C)
                  2000c488    00000004     empty_pem4.oem4 (.const:xdc_runtime_IHeap_Interface__BASE__C)
                  2000c48c    00000004     empty_pem4.oem4 (.const:xdc_runtime_IModule_Interface__BASE__C)
                  2000c490    00000004     empty_pem4.oem4 (.const:xdc_runtime_Log_L_error__C)
                  2000c494    00000004     empty_pem4.oem4 (.const:xdc_runtime_Memory_defaultHeapInstance__C)
                  2000c498    00000004     empty_pem4.oem4 (.const:xdc_runtime_Startup_execImpl__C)
                  2000c49c    00000004     empty_pem4.oem4 (.const:xdc_runtime_Startup_maxPasses__C)
                  2000c4a0    00000004     empty_pem4.oem4 (.const:xdc_runtime_Startup_sfxnRts__C)
                  2000c4a4    00000004     empty_pem4.oem4 (.const:xdc_runtime_Startup_sfxnTab__C)
                  2000c4a8    00000004     empty_pem4.oem4 (.const:xdc_runtime_SysMin_bufSize__C)
                  2000c4ac    00000004     empty_pem4.oem4 (.const:xdc_runtime_SysMin_outputFunc__C)
                  2000c4b0    00000004     empty_pem4.oem4 (.const:xdc_runtime_System_Module__gateObj__C)
                  2000c4b4    00000004     empty_pem4.oem4 (.const:xdc_runtime_System_abortFxn__C)
                  2000c4b8    00000004     empty_pem4.oem4 (.const:xdc_runtime_System_exitFxn__C)
                  2000c4bc    00000004     empty_pem4.oem4 (.const:xdc_runtime_System_extendFxn__C)
                  2000c4c0    00000004     empty_pem4.oem4 (.const:xdc_runtime_System_maxAtexitHandlers__C)
                  2000c4c4    00000004     empty_pem4.oem4 (.const:xdc_runtime_Text_charTab__C)
                  2000c4c8    00000004     empty_pem4.oem4 (.const:xdc_runtime_Text_nameEmpty__C)
                  2000c4cc    00000004     empty_pem4.oem4 (.const:xdc_runtime_Text_nameStatic__C)
                  2000c4d0    00000004     empty_pem4.oem4 (.const:xdc_runtime_Text_nameUnknown__C)
                  2000c4d4    00000004     empty_pem4.oem4 (.const:xdc_runtime_Text_nodeTab__C)
                  2000c4d8    00000004     empty_pem4.oem4 (.const:xdc_runtime_Text_visitRopeFxn__C)
                  2000c4dc    00000002     empty_pem4.oem4 (.const:ti_sysbios_gates_GateMutex_Module__id__C)
                  2000c4de    00000002     empty_pem4.oem4 (.const:ti_sysbios_hal_Hwi_Module__id__C)
                  2000c4e0    00000002     empty_pem4.oem4 (.const:ti_sysbios_heaps_HeapMem_Module__id__C)
                  2000c4e2    00000002     empty_pem4.oem4 (.const:ti_sysbios_knl_Semaphore_Module__id__C)
                  2000c4e4    00000002     empty_pem4.oem4 (.const:ti_sysbios_knl_Task_Module__id__C)
                  2000c4e6    00000002     empty_pem4.oem4 (.const:xdc_runtime_Core_Module__id__C)
                  2000c4e8    00000002     empty_pem4.oem4 (.const:xdc_runtime_Error_Module__loggerDefined__C)
                  2000c4ea    00000002     empty_pem4.oem4 (.const:xdc_runtime_Error_maxDepth__C)
                  2000c4ec    00000002     empty_pem4.oem4 (.const:xdc_runtime_Memory_Module__id__C)
                  2000c4ee    00000002     empty_pem4.oem4 (.const:xdc_runtime_SysMin_flushAtExit__C)
                  2000c4f0    00000002     empty_pem4.oem4 (.const:xdc_runtime_Text_charCnt__C)
                  2000c4f2    00000002     empty_pem4.oem4 (.const:xdc_runtime_Text_isLoaded__C)
                  2000c4f4    00000002     empty_pem4.oem4 (.const:xdc_runtime_Text_registryModsLastId__C)
                  2000c4f6    00000002     empty_pem4.oem4 (.const:xdc_runtime_Text_unnamedModsLastId__C)
                  2000c4f8    00000001     empty_pem4.oem4 (.const:ti_sysbios_knl_Clock_tickSource__C)
                  2000c4f9    00000001     empty_pem4.oem4 (.const:xdc_runtime_Error_policy__C)

.cinit     0    2000da80    0000031c     
                  2000da80    000002f4     (.cinit..data.load) [load image, compression = rle]
                  2000dd74    00000004     --HOLE-- [fill = 0]
                  2000dd78    0000000b     (.cinit..bss.load) [load image, compression = rle]
                  2000dd83    00000001     --HOLE-- [fill = 0]
                  2000dd84    00000008     (__TI_handler_table)
                  2000dd8c    00000010     (__TI_cinit_table)

.init_array 
*          0    20004000    00000000     UNINITIALIZED

.resetVecs 
*          0    20004000    0000030c     
                  20004000    0000030c     empty_pem4.oem4 (.resetVecs)

.bss       0    2000c500    00000e70     UNINITIALIZED
                  2000c500    00000400     (.common:ti_sysbios_heaps_HeapMem_Instance_State_0_buf__A)
                  2000c900    0000030c     (.common:ti_sysbios_family_arm_m3_Hwi_dispatchTable)
                  2000cc0c    00000004     (.common:firstTick$2)
                  2000cc10    00000200     empty_pem4.oem4 (.bss:taskStackSection)
                  2000ce10    00000200     (.common:task0Stack)
                  2000d010    0000012c     drivers_cc32xxware.aem4 : PowerCC3200.oem4 (.bss:PowerCC3200_contextSave)
                  2000d13c    00000120     rtsv7M4_T_le_eabi.lib : trgmsg.obj (.bss:_CIOBUF_)
                  2000d25c    00000080     (.common:xdc_runtime_SysMin_Module_State_0_outbuf__A)
                  2000d2dc    00000050     (.common:task0Struct)
                  2000d32c    00000020     (.common:gpioCallbackInfo)
                  2000d34c    00000014     (.common:powerNotifyObj)
                  2000d360    00000008                           : trgdrv.obj (.bss:parmbuf)
                  2000d368    00000008     (.common:firstRTC$1)

.data      0    2000d370    00000409     UNINITIALIZED
                  2000d370    00000080     empty_pem4.oem4 (.data:ti_sysbios_knl_Swi_Module_State_0_readyQ__A)
                  2000d3f0    00000080     empty_pem4.oem4 (.data:ti_sysbios_knl_Task_Module_State_0_readyQ__A)
                  2000d470    00000054     drivers_cc32xxware.aem4 : PowerCC3200.oem4 (.data:PowerCC3200_module)
                  2000d4c4    0000004c     empty_pem4.oem4 (.data:ti_sysbios_knl_Task_Object__table__V)
                  2000d510    00000044     empty_pem4.oem4 (.data:ti_sysbios_knl_Task_Module__state__V)
                  2000d554    00000038     empty_pem4.oem4 (.data:ti_sysbios_gates_GateMutex_Object__table__V)
                  2000d58c    00000034     empty_pem4.oem4 (.data:ti_sysbios_family_arm_m3_Hwi_Module__state__V)
                  2000d5c0    00000030     empty_pem4.oem4 (.data:ti_sysbios_family_arm_m3_Timer_Object__table__V)
                  2000d5f0    00000030     empty_pem4.oem4 (.data:ti_sysbios_knl_Swi_Object__table__V)
                  2000d620    0000002c     empty_pem4.oem4 (.data:ti_sysbios_knl_Clock_Module__state__V)
                  2000d64c    00000024     empty_pem4.oem4 (.data:ti_sysbios_BIOS_Module__state__V)
                  2000d670    0000001c     empty_pem4.oem4 (.data:ti_sysbios_knl_Swi_Module__state__V)
                  2000d68c    00000018     empty_pem4.oem4 (.data:ti_sysbios_family_arm_m3_Hwi_Object__table__V)
                  2000d6a4    00000018     empty_pem4.oem4 (.data:ti_sysbios_heaps_HeapMem_Object__table__V)
                  2000d6bc    0000000c     rtsv7M4_T_le_eabi.lib : exit.obj (.data:$O1$$)
                  2000d6c8    0000000c     CC3200_LAUNCHXL.obj (.data:gpioPinConfigs)
                  2000d6d4    0000000c     empty_pem4.oem4 (.data:ti_sysbios_family_arm_m3_Timer_Module__state__V)
                  2000d6e0    0000000c     empty_pem4.oem4 (.data:xdc_runtime_SysMin_Module__state__V)
                  2000d6ec    00000008     rtsv7M4_T_le_eabi.lib : _lock.obj (.data:$O1$$)
                  2000d6f4    00000008     drivers_cc32xxware.aem4 : GPIOCC3200.oem4 (.data)
                  2000d6fc    00000008     CC3200_LAUNCHXL.obj (.data:gpioCallbackFunctions)
                  2000d704    00000008     empty_pem4.oem4 (.data:ti_sysbios_family_arm_m3_Hwi_Module__root__V)
                  2000d70c    00000008     empty_pem4.oem4 (.data:ti_sysbios_gates_GateHwi_Module__root__V)
                  2000d714    00000008     empty_pem4.oem4 (.data:ti_sysbios_gates_GateMutex_Module__root__V)
                  2000d71c    00000008     empty_pem4.oem4 (.data:ti_sysbios_heaps_HeapMem_Module__root__V)
                  2000d724    00000008     empty_pem4.oem4 (.data:ti_sysbios_knl_Queue_Module__root__V)
                  2000d72c    00000008     empty_pem4.oem4 (.data:ti_sysbios_knl_Semaphore_Module__root__V)
                  2000d734    00000008     empty_pem4.oem4 (.data:ti_sysbios_knl_Task_Module__root__V)
                  2000d73c    00000008     empty_pem4.oem4 (.data:xdc_runtime_Registry_Module__state__V)
                  2000d744    00000008     empty_pem4.oem4 (.data:xdc_runtime_Startup_Module__state__V)
                  2000d74c    00000008     empty_pem4.oem4 (.data:xdc_runtime_System_Module_State_0_atexitHandlers__A)
                  2000d754    00000008     empty_pem4.oem4 (.data:xdc_runtime_System_Module__state__V)
                  2000d75c    00000004     rtsv7M4_T_le_eabi.lib : stkdepth_vars.obj (.data)
                  2000d760    00000004     empty_pem4.oem4 (.data:ti_sysbios_family_arm_m3_Hwi_Module_State_0_excContext__A)
                  2000d764    00000004     empty_pem4.oem4 (.data:ti_sysbios_family_arm_m3_Hwi_Module_State_0_excStack__A)
                  2000d768    00000004     empty_pem4.oem4 (.data:ti_sysbios_gates_GateHwi_Object__table__V)
                  2000d76c    00000004     empty_pem4.oem4 (.data:ti_sysbios_knl_Task_Module_State_0_idleTask__A)
                  2000d770    00000004     empty_pem4.oem4 (.data:xdc_runtime_Memory_Module__state__V)
                  2000d774    00000002     empty_pem4.oem4 (.data:ti_sysbios_family_arm_m3_Hwi_Module_State_0_excActive__A)
                  2000d776    00000002     empty_pem4.oem4 (.data:xdc_runtime_Error_Module__state__V)
                  2000d778    00000001     power_cc3200_tirtos.aem4 : PowerCC3200_tirtos.oem4 (.data)

.stack     0    2000d77c    00000300     UNINITIALIZED
                  2000d77c    00000300     --HOLE--

.bootVecs 
*          0    00000000    00000008     DSECT
                  00000000    00000008     boot.aem4 : boot.oem4 (.bootVecs)

.vecs      0    20004000    00000000     DSECT

xdc.meta   0    00000000    000000f5     COPY SECTION
                  00000000    000000f5     empty_pem4.oem4 (xdc.meta)

MODULE SUMMARY

       Module                     code    ro data   rw data
       ------                     ----    -------   -------
    .\
       empty.obj                  238     0         592    
       CC3200_LAUNCHXL.obj        24      60        20     
       rom_pin_mux_config.obj     68      0         0      
    +--+--------------------------+-------+---------+---------+
       Total:                     330     60        612    
                                                           
    C:\Users\Gabriel\workspace_v6_2\empty_CC3200_LAUNCHXL_TI\Debug\configPkg\package\cfg\
       empty_pem4.oem4            1642    8136      3340   
    +--+--------------------------+-------+---------+---------+
       Total:                     1642    8136      3340   
                                                           
    C:/ti/tirex-content/tirtos_cc32xx_2_16_00_08/products/CC3200_driverlib_1.1.0/driverlib/ccs/Release/driverlib.a
       prcm.obj                   1208    168       0      
       pin.obj                    380     256       0      
       gpio.obj                   320     0         0      
       flash.obj                  72      0         0      
       cpu.obj                    52      0         0      
       utils.obj                  6       0         0      
    +--+--------------------------+-------+---------+---------+
       Total:                     2038    424       0      
                                                           
    C:/ti/tirex-content/tirtos_cc32xx_2_16_00_08/products/tidrivers_cc32xx_2_16_00_08/packages/ti/drivers/lib/drivers_cc32xxware.aem4
       GPIOCC3200.oem4            1120    94        60     
       PowerCC3200.oem4           808     0         384    
       PowerCC3200_asm.oem4       134     0         0      
       List.oem4                  56      0         0      
    +--+--------------------------+-------+---------+---------+
       Total:                     2118    94        444    
                                                           
    C:/ti/tirex-content/tirtos_cc32xx_2_16_00_08/products/tidrivers_cc32xx_2_16_00_08/packages/ti/drivers/lib/power_cc3200_tirtos.aem4
       PowerCC3200_tirtos.oem4    500     0         13     
    +--+--------------------------+-------+---------+---------+
       Total:                     500     0         13     
                                                           
    C:/ti/tirex-content/tirtos_cc32xx_2_16_00_08/products/tidrivers_cc32xx_2_16_00_08/packages/ti/drivers/ports/lib/tirtosport.aem4
       HwiP_tirtos.oem4           116     0         0      
    +--+--------------------------+-------+---------+---------+
       Total:                     116     0         0      
                                                           
    C:\Users\Gabriel\workspace_v6_2\empty_CC3200_LAUNCHXL_TI\src\sysbios\sysbios.aem4
       BIOS.obj                   11508   0         0      
       m3_Hwi_asm.obj             266     0         0      
       m3_TaskSupport_asm.obj     108     0         0      
       m3_Hwi_asm_switch.obj      102     0         0      
    +--+--------------------------+-------+---------+---------+
       Total:                     11984   0         0      
                                                           
    C:\ti\ccsv62\ccsv6\tools\compiler\arm_15.12.3.LTS\lib\rtsv7M4_T_le_eabi.lib
       trgdrv.obj                 804     0         8      
       ull_div_t2.obj             500     0         0      
       trgmsg.obj                 104     0         288    
       memcpy_t2.obj              156     0         0      
       memset_t2.obj              122     0         0      
       copy_decompress_rle.obj    112     0         0      
       exit.obj                   84      0         12     
       cpy_tbl.obj                76      0         0      
       u_divt2.obj                64      0         0      
       _lock.obj                  20      0         8      
       args_main.obj              24      0         0      
       ll_mul_t2.obj              24      0         0      
       strcpy.obj                 20      0         0      
       strlen.obj                 20      0         0      
       copy_decompress_none.obj   14      0         0      
       stkdepth_vars.obj          0       0         4      
       i_div0.obj                 2       0         0      
    +--+--------------------------+-------+---------+---------+
       Total:                     2146    0         320    
                                                           
    C:\ti\tirex-content\tirtos_cc32xx_2_16_00_08\products\bios_6_45_01_29\packages\ti\targets\arm\rtsarm\lib\auto_init.aem4
       auto_init.oem4             160     0         0      
    +--+--------------------------+-------+---------+---------+
       Total:                     160     0         0      
                                                           
    C:\ti\tirex-content\tirtos_cc32xx_2_16_00_08\products\bios_6_45_01_29\packages\ti\targets\arm\rtsarm\lib\boot.aem4
       boot.oem4                  68      0         0      
    +--+--------------------------+-------+---------+---------+
       Total:                     68      0         0      
                                                           
    C:\ti\tirex-content\tirtos_cc32xx_2_16_00_08\products\bios_6_45_01_29\packages\ti\targets\arm\rtsarm\lib\ti.targets.arm.rtsarm.aem4
       System.oem4                1255    0         0      
       Text.oem4                  672     0         0      
       Error.oem4                 524     0         0      
       Core-mem.oem4              358     0         0      
       Startup.oem4               328     0         0      
       SysMin.oem4                248     0         0      
       Core-smem.oem4             204     0         0      
       Memory.oem4                176     0         0      
       Assert.oem4                84      0         0      
       Core-params.oem4           70      0         0      
       Core-label.oem4            52      0         0      
       Registry.oem4              32      0         0      
       Gate.oem4                  28      0         0      
    +--+--------------------------+-------+---------+---------+
       Total:                     4031    0         0      
                                                           
       Stack:                     0       0         768    
       Linker Generated:          0       791       0      
    +--+--------------------------+-------+---------+---------+
       Grand Total:               25133   9505      5497   


LINKER GENERATED COPY TABLES

__TI_cinit_table @ 2000dd8c records: 2, size/record: 8, table size: 16
	.data: load addr=2000da80, load size=000002f4 bytes, run addr=2000d370, run size=00000409 bytes, compression=rle
	.bss: load addr=2000dd78, load size=0000000b bytes, run addr=2000c500, run size=00000e70 bytes, compression=rle


LINKER GENERATED HANDLER TABLE

__TI_handler_table @ 2000dd84 records: 2, size/record: 4, table size: 8
	index: 0, handler: __TI_decompress_rle24
	index: 1, handler: __TI_decompress_none


GLOBAL SYMBOLS: SORTED ALPHABETICALLY BY Name 

address   name                                                       
-------   ----                                                       
20008529  C$$EXIT                                                    
20008017  C$$IO$$                                                    
2000a57b  CC3200_LAUNCHXL_initGPIO                                   
2000a335  CC3200_LAUNCHXL_initGeneral                                
2000a221  CPUcpsid                                                   
2000a235  CPUcpsie                                                   
2000a467  CPUwfi                                                     
2000a4d9  ClockP_getSystemTicks                                      
20008a8d  FlashDisable                                               
2000c2f4  GPIOCC3200_config                                          
20009499  GPIODirModeSet                                             
2000a249  GPIOIntClear                                               
20009fbd  GPIOIntEnable                                              
20009cf1  GPIOIntStatus                                              
20007b15  GPIOIntTypeSet                                             
2000a0c1  GPIOPinRead                                                
20009d35  GPIOPinWrite                                               
2000900d  GPIO_enableInt                                             
200080b9  GPIO_hwiIntFxn                                             
20007989  GPIO_init                                                  
20008869  GPIO_setCallback                                           
20006061  GPIO_setConfig                                             
200086d5  GPIO_toggle                                                
20008725  GPIO_write                                                 
20004d63  HOSTclock                                                  
20004d2b  HOSTclose                                                  
20004ced  HOSTgetenv                                                 
20004c91  HOSTlseek                                                  
20004c3f  HOSTopen                                                   
20004bf3  HOSTread                                                   
20004b95  HOSTrename                                                 
20004b5b  HOSTtime                                                   
20004b11  HOSTtime64                                                 
20004ad9  HOSTunlink                                                 
20004a8d  HOSTwrite                                                  
2000a429  HwiP_Params_init                                           
20008185  HwiP_create                                                
200052c5  HwiP_disable                                               
2000a5a9  HwiP_restore                                               
2000a55d  List_empty                                                 
2000573d  List_head                                                  
200061dd  List_next                                                  
20009b39  List_put                                                   
20006745  PRCMCC3200MCUInit                                          
2000a1c9  PRCMHIBRegRead                                             
2000a1df  PRCMHIBRegWrite                                            
20007f81  PRCMHibernateWakeUpGPIOSelect                              
20008ad5  PRCMHibernateWakeupSourceEnable                            
20009345  PRCMIntEnable                                              
20008d61  PRCMLPDSEnter                                              
20009961  PRCMLPDSIntervalSet                                        
20009d55  PRCMLPDSRestoreInfoSet                                     
20009b85  PRCMLPDSWakeUpGPIOSelect                                   
20009a95  PRCMLPDSWakeupSourceEnable                                 
20009abd  PRCMPeripheralClkDisable                                   
20009151  PRCMPeripheralClkEnable                                    
20008421  PRCMPeripheralReset                                        
200094d1  PRCMPeripheralStatusGet                                    
20009505  PRCMSRAMRetentionEnable                                    
2000a583  PRCMSleepEnter                                             
2000918d  PRCMSlowClkCtrFastGet                                      
2000998d  PRCMSysResetCauseGet                                       
20008b1d  PinConfigGet                                               
20007875  PinConfigSet                                               
200091c9  PinDirModeSet                                              
2000904d  PinModeSet                                                 
20008da5  PinMuxConfig                                               
2000971b  PinTypeGPIO                                                
2000c0cc  PowerCC3200_config                                         
2000d010  PowerCC3200_contextSave                                    
20008de9  PowerCC3200_enterLPDS                                      
2000937d  PowerCC3200_initPolicy                                     
2000d470  PowerCC3200_module                                         
20008fc9  PowerCC3200_resumeLPDS                                     
20005ed9  PowerCC3200_sleepPolicy                                    
2000a475  Power_getConstraintMask                                    
2000a481  Power_getDependencyCount                                   
20009d75  Power_idleFunc                                             
20008479  Power_init                                                 
20009ae5  Power_registerNotify                                       
2000974d  Power_setConstraint                                        
2000908d  Power_setDependency                                        
20007c11  Power_sleep                                                
UNDEFED   SHT$$INIT_ARRAY$$Base                                      
UNDEFED   SHT$$INIT_ARRAY$$Limit                                     
2000a58b  UtilsDelay                                                 
00000000  __ASM__                                                    
2000d13c  __CIOBUF_                                                  
0000006e  __ISA__                                                    
00000081  __PLAT__                                                   
2000da7c  __STACK_END                                                
00000300  __STACK_SIZE                                               
000000a8  __TARG__                                                   
2000dd8c  __TI_CINIT_Base                                            
2000dd9c  __TI_CINIT_Limit                                           
2000dd84  __TI_Handler_Table_Base                                    
2000dd8c  __TI_Handler_Table_Limit                                   
20007439  __TI_auto_init                                             
2000d6bc  __TI_cleanup_ptr                                           
2000a437  __TI_decompress_none                                       
2000a5a1  __TI_decompress_rle24                                      
2000d6c0  __TI_dtors_ptr                                             
2000d6c4  __TI_enable_exit_profile_output                            
ffffffff  __TI_pprof_out_hndl                                        
ffffffff  __TI_prof_data_size                                        
ffffffff  __TI_prof_data_start                                       
2000801b  __TI_readmsg                                               
2000da80  __TI_static_base__                                         
20007fe9  __TI_writemsg                                              
000000cd  __TRDR__                                                   
2000774f  __aeabi_idiv0                                              
2000a0f1  __aeabi_lmul                                               
20007b97  __aeabi_memclr                                             
20007b97  __aeabi_memclr4                                            
20007b97  __aeabi_memclr8                                            
20007579  __aeabi_memcpy                                             
20007579  __aeabi_memcpy4                                            
20007579  __aeabi_memcpy8                                            
20007b99  __aeabi_memset                                             
20007b99  __aeabi_memset4                                            
20007b99  __aeabi_memset8                                            
200090cd  __aeabi_uidiv                                              
200090cd  __aeabi_uidivmod                                           
2000593d  __aeabi_uldivmod                                           
ffffffff  __binit__                                                  
ffffffff  __c_args__                                                 
2000d77c  __stack                                                    
2000a0d9  _args_main                                                 
20008e2d  _c_int00                                                   
2000d6ec  _lock                                                      
2000a27f  _nop                                                       
2000a277  _register_lock                                             
2000a271  _register_unlock                                           
2000d6f0  _unlock                                                    
2000852d  abort                                                      
ffffffff  binit                                                      
200088b5  copy_in                                                    
20008535  exit                                                       
2000d6fc  gpioCallbackFunctions                                      
2000d6c8  gpioPinConfigs                                             
2000a25d  heartBeatFxn                                               
2000c03c  inPinTypes                                                 
20006fd9  main                                                       
2000d75c  main_func_sp                                               
20007579  memcpy                                                     
20007b9f  memset                                                     
2000a3c9  osi_TaskDisable                                            
2000a359  osi_start                                                  
2000c04a  outPinStrengths                                            
2000c042  outPinTypes                                                
2000a285  strcpy                                                     
[...]
2000a379  ti_sysbios_knl_Task_SupportProxy_swap__E                   
2000a381  ti_sysbios_knl_Task_swapReturn                             
2000a389  ti_sysbios_gates_GateMutex_Instance_finalize__E            
2000a399  ti_sysbios_knl_Semaphore_Instance_finalize__E              
2000a3a9  ti_sysbios_knl_Swi_disable__E                              
2000a3b9  ti_sysbios_knl_Task_Object__get__S                         
2000a3c9  osi_TaskDisable                                            
2000a3c9  ti_sysbios_knl_Task_disable__E                             
2000a3d9  xdc_runtime_Gate_leaveSystem__E                            
2000a3e9  xdc_runtime_Memory_free__E                                 
2000a3f9  xdc_runtime_SysMin_ready__E                                
2000a3f9  xdc_runtime_System_SupportProxy_ready__E                   
2000a409  xdc_runtime_System_vsnprintf__E                            
2000a419  xdc_runtime_Text_visitRope__I                              
2000a429  HwiP_Params_init                                           
2000a437  __TI_decompress_none                                       
2000a449  ti_sysbios_knl_Idle_loop__E                                
2000a459  ti_sysbios_knl_Queue_empty__E                              
2000a467  CPUwfi                                                     
2000a475  Power_getConstraintMask                                    
2000a481  Power_getDependencyCount                                   
2000a48d  ti_sysbios_family_arm_m3_Hwi_Params__init__S               
2000a48d  ti_sysbios_hal_Hwi_HwiProxy_Params__init__S                
2000a499  ti_sysbios_family_arm_m3_Hwi_disableFxn__E                 
2000a499  ti_sysbios_hal_Hwi_HwiProxy_disable__E                     
2000a4a9  ti_sysbios_family_arm_m3_TaskSupport_checkStack__E         
2000a4a9  ti_sysbios_knl_Task_SupportProxy_checkStack__E             
2000a4b9  ti_sysbios_family_arm_m3_TaskSupport_getStackAlignment__E  
2000a4b9  ti_sysbios_knl_Task_SupportProxy_getStackAlignment__E      
2000a4c9  ti_sysbios_gates_GateHwi_enter__E                          
2000a4d9  ClockP_getSystemTicks                                      
2000a4d9  ti_sysbios_knl_Clock_getTicks__E                           
2000a4e9  ti_sysbios_knl_Clock_setTicks__E                           
2000a4f9  ti_sysbios_knl_Clock_tickStart__E                          
2000a509  ti_sysbios_knl_Clock_tickStop__E                           
2000a515  ti_sysbios_knl_Queue_Object__get__S                        
2000a521  ti_sysbios_knl_Task_Params__init__S                        
2000a52d  xdc_runtime_Error_init__E                                  
2000a539  xdc_runtime_Gate_enterSystem__E                            
2000a545  xdc_runtime_Memory_calloc__E                               
2000a551  xdc_runtime_Memory_getMaxDefaultTypeAlign__E               
2000a55d  List_empty                                                 
2000a567  xdc_runtime_Memory_HeapProxy_alloc__E                      
2000a571  xdc_runtime_Memory_HeapProxy_free__E                       
2000a57b  CC3200_LAUNCHXL_initGPIO                                   
2000a583  PRCMSleepEnter                                             
2000a58b  UtilsDelay                                                 
2000a591  ti_sysbios_family_arm_m3_Hwi_doSwiRestore__I               
2000a599  ti_sysbios_family_arm_m3_Hwi_startup__E                    
2000a599  ti_sysbios_hal_Hwi_HwiProxy_startup__E                     
2000a5a1  __TI_decompress_rle24                                      
2000a5a9  HwiP_restore                                               
2000a5a9  ti_sysbios_family_arm_m3_Hwi_restoreFxn__E                 
2000a5a9  ti_sysbios_hal_Hwi_HwiProxy_restore__E                     
2000a5b1  ti_sysbios_gates_GateHwi_leave__E                          
2000a5b9  ti_sysbios_heaps_HeapMem_isBlocking__E                     
2000a5c1  ti_sysbios_knl_Queue_Instance_init__E                      
2000a5c7  xdc_runtime_System_Module_startup__E                       
2000a5d1  ti_sysbios_family_arm_m3_Timer_getMaxTicks__E              
2000a5d9  ti_sysbios_gates_GateHwi_query__E                          
2000a5d9  xdc_runtime_Main_Module_GateProxy_query__E                 
2000a5d9  xdc_runtime_System_Module_GateProxy_query__E               
2000a5e1  ti_sysbios_BIOS_RtsGateProxy_query__E                      
2000a5e1  ti_sysbios_gates_GateMutex_query__E                        
2000a5e1  ti_sysbios_heaps_HeapMem_Module_GateProxy_query__E         
2000a5e9  ti_sysbios_knl_Task_startup__E                             
2000a5f1  ti_sysbios_gates_GateHwi_Instance_init__E                  
2000a5f9  ti_sysbios_knl_Clock_logTick__E                            
2000a5fc  xdc_runtime_Text_charTab__A                                
2000bd6d  ti_sysbios_knl_Clock_tickMode__C                           
2000bd6e  ti_sysbios_family_arm_m3_Hwi_Module__id__C                 
2000bf18  xdc_runtime_Text_nodeTab__A                                
2000c000  ti_sysbios_knl_Task_Object__PARAMS__C                      
2000c03c  inPinTypes                                                 
2000c042  outPinTypes                                                
2000c04a  outPinStrengths                                            
2000c070  ti_sysbios_family_arm_m3_Hwi_Object__PARAMS__C             
2000c0ca  ti_sysbios_family_arm_m3_Timer_Module__id__C               
2000c0cc  PowerCC3200_config                                         
2000c0f4  ti_sysbios_heaps_HeapMem_Module__FXNS__C                   
2000c11c  ti_sysbios_gates_GateHwi_Module__FXNS__C                   
2000c140  ti_sysbios_gates_GateMutex_Module__FXNS__C                 
2000c164  ti_sysbios_heaps_HeapMem_Object__PARAMS__C                 
2000c188  ti_sysbios_knl_Semaphore_Object__PARAMS__C                 
2000c1ac  ti_sysbios_family_arm_m3_Hwi_Object__DESC__C               
2000c1cc  ti_sysbios_gates_GateHwi_Object__DESC__C                   
2000c1ec  ti_sysbios_gates_GateMutex_Object__DESC__C                 
2000c20c  ti_sysbios_heaps_HeapMem_Object__DESC__C                   
2000c22c  ti_sysbios_knl_Queue_Object__DESC__C                       
2000c24c  ti_sysbios_knl_Semaphore_Object__DESC__C                   
2000c26c  ti_sysbios_knl_Task_Object__DESC__C                        
2000c28c  xdc_runtime_Startup_sfxnTab__A                             
2000c2ac  ti_sysbios_gates_GateHwi_Object__PARAMS__C                 
2000c2c4  ti_sysbios_gates_GateMutex_Object__PARAMS__C               
2000c2dc  ti_sysbios_knl_Queue_Object__PARAMS__C                     
2000c2f4  GPIOCC3200_config                                          
2000c308  xdc_runtime_Startup_sfxnRts__A                             
2000c318  xdc_runtime_Startup_firstFxns__A                           
2000c324  ti_sysbios_family_arm_m3_Hwi_excHookFuncs__A               
2000c32c  ti_sysbios_knl_Idle_funcList__A                            
2000c334  ti_sysbios_knl_Idle_funcList__C                            
2000c33c  xdc_runtime_Startup_firstFxns__C                           
2000c344  xdc_runtime_Startup_lastFxns__C                            
2000c34c  ti_sysbios_family_arm_m3_Hwi_E_NMI__C                      
2000c350  ti_sysbios_family_arm_m3_Hwi_E_alreadyDefined__C           
2000c354  ti_sysbios_family_arm_m3_Hwi_E_busFault__C                 
2000c358  ti_sysbios_family_arm_m3_Hwi_E_debugMon__C                 
2000c35c  ti_sysbios_family_arm_m3_Hwi_E_hardFault__C                
2000c360  ti_sysbios_family_arm_m3_Hwi_E_memFault__C                 
2000c364  ti_sysbios_family_arm_m3_Hwi_E_noIsr__C                    
2000c368  ti_sysbios_family_arm_m3_Hwi_E_reserved__C                 
2000c36c  ti_sysbios_family_arm_m3_Hwi_E_svCall__C                   
2000c370  ti_sysbios_family_arm_m3_Hwi_E_usageFault__C               
2000c374  ti_sysbios_family_arm_m3_Hwi_NUM_INTERRUPTS__C             
2000c378  ti_sysbios_family_arm_m3_Hwi_Object__count__C              
2000c37c  ti_sysbios_family_arm_m3_Hwi_ccr__C                        
2000c380  ti_sysbios_family_arm_m3_Hwi_excHandlerFunc__C             
2000c384  ti_sysbios_family_arm_m3_Hwi_excHookFuncs__C               
2000c388  ti_sysbios_family_arm_m3_Hwi_nullIsrFunc__C                
2000c38c  ti_sysbios_family_arm_m3_Hwi_priGroup__C                   
2000c390  ti_sysbios_family_arm_m3_TaskSupport_stackAlignment__C     
2000c394  ti_sysbios_family_arm_m3_Timer_E_cannotSupport__C          
2000c398  ti_sysbios_family_arm_m3_Timer_startupNeeded__C            
2000c39c  ti_sysbios_gates_GateMutex_A_badContext__C                 
2000c3a0  ti_sysbios_gates_GateMutex_Instance_State_sem__O           
2000c3a4  ti_sysbios_gates_GateMutex_Module__diagsEnabled__C         
2000c3a8  ti_sysbios_gates_GateMutex_Module__diagsIncluded__C        
2000c3ac  ti_sysbios_gates_GateMutex_Module__diagsMask__C            
2000c3b0  ti_sysbios_hal_Hwi_E_stackOverflow__C                      
2000c3b4  ti_sysbios_heaps_HeapMem_A_align__C                        
2000c3b8  ti_sysbios_heaps_HeapMem_A_heapSize__C                     
2000c3bc  ti_sysbios_heaps_HeapMem_A_invalidFree__C                  
2000c3c0  ti_sysbios_heaps_HeapMem_A_zeroBlock__C                    
2000c3c4  ti_sysbios_heaps_HeapMem_E_memory__C                       
2000c3c8  ti_sysbios_heaps_HeapMem_Module__diagsEnabled__C           
2000c3cc  ti_sysbios_heaps_HeapMem_Module__diagsIncluded__C          
2000c3d0  ti_sysbios_heaps_HeapMem_Module__diagsMask__C              
2000c3d4  ti_sysbios_heaps_HeapMem_Module__gateObj__C                
2000c3d8  ti_sysbios_heaps_HeapMem_Object__count__C                  
2000c3dc  ti_sysbios_heaps_HeapMem_reqAlign__C                       
2000c3e0  ti_sysbios_knl_Clock_Module_State_clockQ__O                
2000c3e4  ti_sysbios_knl_Clock_tickPeriod__C                         
2000c3e8  ti_sysbios_knl_Semaphore_A_badContext__C                   
2000c3ec  ti_sysbios_knl_Semaphore_A_noEvents__C                     
2000c3f0  ti_sysbios_knl_Semaphore_A_overflow__C                     
2000c3f4  ti_sysbios_knl_Semaphore_A_pendTaskDisabled__C             
2000c3f8  ti_sysbios_knl_Semaphore_Instance_State_pendQ__O           
2000c3fc  ti_sysbios_knl_Semaphore_Module__diagsEnabled__C           
2000c400  ti_sysbios_knl_Semaphore_Module__diagsIncluded__C          
2000c404  ti_sysbios_knl_Semaphore_Module__diagsMask__C              
2000c408  ti_sysbios_knl_Swi_Object__count__C                        
2000c40c  ti_sysbios_knl_Task_A_badPriority__C                       
2000c410  ti_sysbios_knl_Task_A_badTaskState__C                      
2000c414  ti_sysbios_knl_Task_A_badThreadType__C                     
2000c418  ti_sysbios_knl_Task_A_badTimeout__C                        
2000c41c  ti_sysbios_knl_Task_A_noPendElem__C                        
2000c420  ti_sysbios_knl_Task_A_sleepTaskDisabled__C                 
2000c424  ti_sysbios_knl_Task_E_spOutOfBounds__C                     
2000c428  ti_sysbios_knl_Task_E_stackOverflow__C                     
2000c42c  ti_sysbios_knl_Task_Module_State_inactiveQ__O              
2000c430  ti_sysbios_knl_Task_Module__diagsEnabled__C                
2000c434  ti_sysbios_knl_Task_Module__diagsIncluded__C               
2000c438  ti_sysbios_knl_Task_Module__diagsMask__C                   
2000c43c  ti_sysbios_knl_Task_Object__count__C                       
2000c440  ti_sysbios_knl_Task_allBlockedFunc__C                      
2000c444  ti_sysbios_knl_Task_defaultStackHeap__C                    
2000c448  ti_sysbios_knl_Task_defaultStackSize__C                    
2000c44c  ti_sysbios_knl_Task_numConstructedTasks__C                 
2000c450  xdc_runtime_Assert_E_assertFailed__C                       
2000c454  xdc_runtime_Core_A_initializedParams__C                    
2000c458  xdc_runtime_Core_Module__diagsEnabled__C                   
2000c45c  xdc_runtime_Core_Module__diagsIncluded__C                  
2000c460  xdc_runtime_Core_Module__diagsMask__C                      
2000c464  xdc_runtime_Error_E_memory__C                              
2000c468  xdc_runtime_Error_Module__diagsEnabled__C                  
2000c46c  xdc_runtime_Error_Module__diagsIncluded__C                 
2000c470  xdc_runtime_Error_Module__diagsMask__C                     
2000c474  xdc_runtime_Error_Module__loggerFxn8__C                    
2000c478  xdc_runtime_Error_Module__loggerObj__C                     
2000c47c  xdc_runtime_Error_policyFxn__C                             
2000c480  xdc_runtime_Error_raiseHook__C                             
2000c484  xdc_runtime_IGateProvider_Interface__BASE__C               
2000c488  xdc_runtime_IHeap_Interface__BASE__C                       
2000c48c  xdc_runtime_IModule_Interface__BASE__C                     
2000c490  xdc_runtime_Log_L_error__C                                 
2000c494  xdc_runtime_Memory_defaultHeapInstance__C                  
2000c498  xdc_runtime_Startup_execImpl__C                            
2000c49c  xdc_runtime_Startup_maxPasses__C                           
2000c4a0  xdc_runtime_Startup_sfxnRts__C                             
2000c4a4  xdc_runtime_Startup_sfxnTab__C                             
2000c4a8  xdc_runtime_SysMin_bufSize__C                              
2000c4ac  xdc_runtime_SysMin_outputFunc__C                           
2000c4b0  xdc_runtime_System_Module__gateObj__C                      
2000c4b4  xdc_runtime_System_abortFxn__C                             
2000c4b8  xdc_runtime_System_exitFxn__C                              
2000c4bc  xdc_runtime_System_extendFxn__C                            
2000c4c0  xdc_runtime_System_maxAtexitHandlers__C                    
2000c4c4  xdc_runtime_Text_charTab__C                                
2000c4c8  xdc_runtime_Text_nameEmpty__C                              
2000c4cc  xdc_runtime_Text_nameStatic__C                             
2000c4d0  xdc_runtime_Text_nameUnknown__C                            
2000c4d4  xdc_runtime_Text_nodeTab__C                                
2000c4d8  xdc_runtime_Text_visitRopeFxn__C                           
2000c4dc  ti_sysbios_gates_GateMutex_Module__id__C                   
2000c4de  ti_sysbios_hal_Hwi_Module__id__C                           
2000c4e0  ti_sysbios_heaps_HeapMem_Module__id__C                     
2000c4e2  ti_sysbios_knl_Semaphore_Module__id__C                     
2000c4e4  ti_sysbios_knl_Task_Module__id__C                          
2000c4e6  xdc_runtime_Core_Module__id__C                             
2000c4e8  xdc_runtime_Error_Module__loggerDefined__C                 
2000c4ea  xdc_runtime_Error_maxDepth__C                              
2000c4ec  xdc_runtime_Memory_Module__id__C                           
2000c4ee  xdc_runtime_SysMin_flushAtExit__C                          
2000c4f0  xdc_runtime_Text_charCnt__C                                
2000c4f2  xdc_runtime_Text_isLoaded__C                               
2000c4f4  xdc_runtime_Text_registryModsLastId__C                     
2000c4f6  xdc_runtime_Text_unnamedModsLastId__C                      
2000c4f8  ti_sysbios_knl_Clock_tickSource__C                         
2000c4f9  xdc_runtime_Error_policy__C                                
2000c500  ti_sysbios_heaps_HeapMem_Instance_State_0_buf__A           
2000c900  ti_sysbios_family_arm_m3_Hwi_dispatchTable                 
2000cc10  ti_sysbios_knl_Task_Instance_State_0_stack__A              
2000ce10  task0Stack                                                 
2000d010  PowerCC3200_contextSave                                    
2000d13c  __CIOBUF_                                                  
2000d25c  xdc_runtime_SysMin_Module_State_0_outbuf__A                
2000d2dc  task0Struct                                                
2000d370  ti_sysbios_knl_Swi_Module_State_0_readyQ__A                
2000d3f0  ti_sysbios_knl_Task_Module_State_0_readyQ__A               
2000d470  PowerCC3200_module                                         
2000d4c4  ti_sysbios_knl_Task_Object__table__V                       
2000d510  ti_sysbios_knl_Task_Module__state__V                       
2000d554  ti_sysbios_gates_GateMutex_Object__table__V                
2000d58c  ti_sysbios_family_arm_m3_Hwi_Module__state__V              
2000d5c0  ti_sysbios_family_arm_m3_Timer_Object__table__V            
2000d5f0  ti_sysbios_knl_Swi_Object__table__V                        
2000d620  ti_sysbios_knl_Clock_Module__state__V                      
2000d64c  ti_sysbios_BIOS_Module__state__V                           
2000d670  ti_sysbios_knl_Swi_Module__state__V                        
2000d68c  ti_sysbios_family_arm_m3_Hwi_Object__table__V              
2000d6a4  ti_sysbios_heaps_HeapMem_Object__table__V                  
2000d6bc  __TI_cleanup_ptr                                           
2000d6c0  __TI_dtors_ptr                                             
2000d6c4  __TI_enable_exit_profile_output                            
2000d6c8  gpioPinConfigs                                             
2000d6d4  ti_sysbios_family_arm_m3_Timer_Module__state__V            
2000d6e0  xdc_runtime_SysMin_Module__state__V                        
2000d6ec  _lock                                                      
2000d6f0  _unlock                                                    
2000d6fc  gpioCallbackFunctions                                      
2000d704  ti_sysbios_family_arm_m3_Hwi_Module__root__V               
2000d70c  ti_sysbios_gates_GateHwi_Module__root__V                   
2000d714  ti_sysbios_gates_GateMutex_Module__root__V                 
2000d71c  ti_sysbios_heaps_HeapMem_Module__root__V                   
2000d724  ti_sysbios_knl_Queue_Module__root__V                       
2000d72c  ti_sysbios_knl_Semaphore_Module__root__V                   
2000d734  ti_sysbios_knl_Task_Module__root__V                        
2000d73c  xdc_runtime_Registry_Module__state__V                      
2000d744  xdc_runtime_Startup_Module__state__V                       
2000d74c  xdc_runtime_System_Module_State_0_atexitHandlers__A        
2000d754  xdc_runtime_System_Module__state__V                        
2000d75c  main_func_sp                                               
2000d760  ti_sysbios_family_arm_m3_Hwi_Module_State_0_excContext__A  
2000d764  ti_sysbios_family_arm_m3_Hwi_Module_State_0_excStack__A    
2000d768  ti_sysbios_gates_GateHwi_Object__table__V                  
2000d76c  ti_sysbios_knl_Task_Module_State_0_idleTask__A             
2000d770  xdc_runtime_Memory_Module__state__V                        
2000d774  ti_sysbios_family_arm_m3_Hwi_Module_State_0_excActive__A   
2000d776  xdc_runtime_Error_Module__state__V                         
2000d77c  __stack                                                    
2000da7c  __STACK_END                                                
2000da80  __TI_static_base__                                         
2000dd84  __TI_Handler_Table_Base                                    
2000dd8c  __TI_CINIT_Base                                            
2000dd8c  __TI_Handler_Table_Limit                                   
2000dd9c  __TI_CINIT_Limit                                           
e000e000  ti_sysbios_family_arm_m3_Hwi_nvic                          
ffffffff  __TI_pprof_out_hndl                                        
ffffffff  __TI_prof_data_size                                        
ffffffff  __TI_prof_data_start                                       
ffffffff  __binit__                                                  
ffffffff  __c_args__                                                 
ffffffff  binit                                                      
UNDEFED   SHT$$INIT_ARRAY$$Base                                      
UNDEFED   SHT$$INIT_ARRAY$$Limit                                     

[604 symbols]
